[job] sys=trig3d benchmark=fn_d_all_t seed=3 host=cn2107 gpu=0 start=2026-06-21T22:26:14-05:00
MainProcess| 2026-06-21 22:26:31,293,293 multiprocessing INFO STARTING NEW RUN ==========
MainProcess| 2026-06-21 22:26:31,294,294 multiprocessing INFO SEE LOG AT : ./logs/all_Lyapunov_test_dso-fn_d_all_t_01_log.txt
MainProcess| 2026-06-21 22:26:31,294,294 multiprocessing INFO See log at : ./logs/all_Lyapunov_test_dso-fn_d_all_t_01_log.txt
MainProcess| 2026-06-21 22:26:31,300,300 multiprocessing INFO               variables expression                                                                               train_spec test_spec function_set
name                                                                                                                                              
fn_d_all_t_5          3  0*x1+0*x2  {"x1":{"U":[-1.5,1.5,15000]}, "x2":{"U":[-1.5,1.5,15000]}, "x3":{"U":[-1.5,1.5,15000]}}      None         Koza
              variables expression                                                                               train_spec test_spec function_set
name                                                                                                                                              
fn_d_all_t_5          3  0*x1+0*x2  {"x1":{"U":[-1.5,1.5,15000]}, "x2":{"U":[-1.5,1.5,15000]}, "x3":{"U":[-1.5,1.5,15000]}}      None         Koza

-- BUILDING DATASET START -----------
Benchmark path                 : /users/9/chen8596/LyaDis/repro/runs/trig3d/libs/sd3/dso/dso/task/regression/benchmarks_bkup_1.csv
Generated data for benchmark   : fn_d_all_t_5
-- BUILDING DATASET END -------------

Function set                   : Koza --> ['add', 'sub', 'mul', 'sin', 'cos', 'n2']

MainProcess| 2026-06-21 22:26:31,375,375 multiprocessing INFO [BASELINE_TESTING NOW] dataset=fn_d_all_t_5 	| baseline=transformer 	| seed=3 	| data_samples=15000 	| noise=0.0
MainProcess| 2026-06-21 22:26:31,392,392 multiprocessing INFO [RUN SETTINGS]: test_dataset=fn_d_all_t_5  batch_outer_datasets=24 pre_train=False load_pre_trained_path= priority_queue_training=True gp_meld=True model=TransformerTreeEncoderController train_path= risk_seeking_pg_train=True
[RUN SETTINGS]: test_dataset=fn_d_all_t_5  batch_outer_datasets=24 pre_train=False load_pre_trained_path= priority_queue_training=True gp_meld=True model=TransformerTreeEncoderController train_path= risk_seeking_pg_train=True
MainProcess| 2026-06-21 22:26:31,445,445 multiprocessing INFO Running model : TransformerTreeEncoderController
Running model : TransformerTreeEncoderController

-- BUILDING DATASET START -----------
Benchmark path                 : /users/9/chen8596/LyaDis/repro/runs/trig3d/libs/sd3/dso/dso/task/regression/benchmarks_bkup_1.csv
Generated data for benchmark   : fn_d_all_t_5
-- BUILDING DATASET END -------------

Function set                   : Koza --> ['add', 'sub', 'mul', 'sin', 'cos', 'n2']

MainProcess| 2026-06-21 22:26:31,451,451 multiprocessing INFO Function set: ['x1', 'x2', 'x3', 'add', 'sub', 'mul', 'sin', 'cos', 'n2']

-- BUILDING DATASET START -----------
Benchmark path                 : /users/9/chen8596/LyaDis/repro/runs/trig3d/libs/sd3/dso/dso/task/regression/benchmarks_bkup_1.csv
Generated data for benchmark   : fn_d_all_t_5
-- BUILDING DATASET END -------------

Function set                   : Koza --> ['add', 'sub', 'mul', 'sin', 'cos', 'n2']

-- BUILDING PRIOR START -------------
WARNING: Skipping invalid 'RelationalConstraint' with arguments {'targets': [], 'effectors': [], 'relationship': None}. Reason: Prior disabled.
WARNING: Skipping invalid 'RepeatConstraint' with arguments {'tokens': 'const', 'min_': None, 'max_': 5}. Reason: Uses Tokens not in the Library.
WARNING: Skipping invalid 'InverseUnaryConstraint' with arguments {}. Reason: There are no inverse unary Token pairs in the Library.
WARNING: Skipping invalid 'ConstConstraint' with arguments {}. Reason: Prior disabled.
WARNING: Skipping invalid 'NoInputsConstraint' with arguments {}. Reason: All terminal tokens are input variables, so allsequences will have an input variable.
WARNING: Skipping invalid 'UniformArityPrior' with arguments {}. Reason: Prior disabled.
LengthConstraint: Sequences have minimum length 4.
                  Sequences have maximum length 12.
TrigConstraint: [sin, cos] cannot be a descendant of [sin, cos].
SoftLengthPrior: No description available.
-- BUILDING PRIOR END ---------------

MainProcess| 2026-06-21 22:26:31,849,849 multiprocessing INFO Transformer overwriting hidden size to input_dim 128
Transformer overwriting hidden size to input_dim 128
MainProcess| 2026-06-21 22:26:32,104,104 multiprocessing INFO Encoder params: {'sinuisodal_embeddings': False, 'dec_pf_dim': 32, 'dec_layers': 1, 'dim_hidden': 128, 'lr': 0.0001, 'dropout': 0, 'num_features': 1, 'ln': True, 'N_p': 0, 'num_inds': 64, 'activation': 'relu', 'bit16': False, 'norm': True, 'linear': True, 'input_normalization': False, 'src_pad_idx': 0, 'trg_pad_idx': 0, 'length_eq': 20, 'n_l_enc': 3, 'mean': 0.5, 'std': 0.5, 'dim_input': 64, 'num_heads': 2, 'output_dim': 10}
Encoder params: {'sinuisodal_embeddings': False, 'dec_pf_dim': 32, 'dec_layers': 1, 'dim_hidden': 128, 'lr': 0.0001, 'dropout': 0, 'num_features': 1, 'ln': True, 'N_p': 0, 'num_inds': 64, 'activation': 'relu', 'bit16': False, 'norm': True, 'linear': True, 'input_normalization': False, 'src_pad_idx': 0, 'trg_pad_idx': 0, 'length_eq': 20, 'n_l_enc': 3, 'mean': 0.5, 'std': 0.5, 'dim_input': 64, 'num_heads': 2, 'output_dim': 10}
MainProcess| 2026-06-21 22:26:32,122,122 multiprocessing INFO TransformerTreeEncoderController parameters: 4034323 	 | trainable : 4034323
TransformerTreeEncoderController parameters: 4034323 	 | trainable : 4034323
MainProcess| 2026-06-21 22:26:32,196,196 multiprocessing INFO GP CONFIG : {'verbose': False, 'generations': 35, 'p_crossover': 0.5, 'p_mutate': 0.5, 'tournament_size': 7, 'train_n': 50, 'mutate_tree_max': 3}
GP CONFIG : {'verbose': False, 'generations': 35, 'p_crossover': 0.5, 'p_mutate': 0.5, 'tournament_size': 7, 'train_n': 50, 'mutate_tree_max': 3}
MainProcess| 2026-06-21 22:26:32,407,407 multiprocessing INFO config: {'experiment': {'logdir': './log', 'seed': 13, 'timestamp': '2026-06-21-222631', 'task_name': 'fn_d_all_t_5', 'save_path': './log/fn_d_all_t_5_2026-06-21-222631_3'}, 'task': {'task_type': 'regression', 'dataset': 'fn_d_all_t_5', 'function_set': ['add', 'sub', 'mul', 'sin', 'cos', 'n2'], 'metric': 'lyapunov_risk', 'metric_params': [1.0], 'extra_metric_test': None, 'extra_metric_test_params': [], 'threshold': 1e-12, 'protected': False, 'reward_noise': 0.0, 'reward_noise_type': 'r', 'normalize_variance': False, 'decision_tree_threshold_set': []}, 'training': {'n_epochs': None, 'n_samples': 2000000, 'batch_size': 500, 'epsilon': 0.1, 'baseline': 'R_e', 'alpha': 0.5, 'b_jumpstart': False, 'n_cores_batch': 1, 'complexity': 'token', 'const_optimizer': 'scipy', 'const_params': {'method': 'L-BFGS-B', 'options': {'gtol': 0.001}}, 'verbose': True, 'debug': 0, 'early_stopping': True, 'hof': 100, 'use_memory': False, 'memory_capacity': 1000.0, 'warm_start': None, 'memory_threshold': None, 'save_all_epoch': False, 'save_summary': False, 'save_positional_entropy': False, 'save_pareto_front': True, 'save_cache': False, 'save_cache_r_min': 0.9, 'save_freq': 1, 'save_token_count': False}, 'state_manager': {'observe_action': False, 'observe_parent': True, 'observe_sibling': True, 'observe_dangling': False, 'embedding': True, 'embedding_size': 64}, 'controller': {'max_length': 64, 'cell': 'lstm', 'num_layers': 1, 'num_units': 64, 'initializer': 'zeros', 'learning_rate': 0.0003, 'optimizer': 'adam', 'entropy_weight': 0.005, 'entropy_gamma': 0.8, 'pqt': True, 'pqt_k': 10, 'pqt_batch_size': 1, 'pqt_weight': 200.0, 'pqt_use_pg': False, 'summary': False, 'rl_weight': 1.0}, 'gp_meld': {'generations': 35, 'p_crossover': 0.5, 'p_mutate': 0.5, 'tournament_size': 7, 'train_n': 50, 'mutate_tree_max': 3}, 'prior': {'relational': {'targets': [], 'effectors': [], 'relationship': None}, 'length': {'min_': 4, 'max_': 12}, 'repeat': {'tokens': 'const', 'min_': None, 'max_': 5}, 'inverse': {}, 'trig': {}, 'const': {}, 'no_inputs': {}, 'uniform_arity': {}, 'soft_length': {'loc': 10, 'scale': 5}}, 'postprocess': {'show_count': 5, 'save_plots': True}, 'model': 'TransformerTreeEncoderController', 'function_names_str': 'x1,x2,x3,add,sub,mul,sin,cos,n2', 'nesymres_train_config': {'architecture': {'sinuisodal_embeddings': False, 'dec_pf_dim': 32, 'dec_layers': 1, 'dim_hidden': 128, 'lr': 0.0001, 'dropout': 0, 'num_features': 1, 'ln': True, 'N_p': 0, 'num_inds': 64, 'activation': 'relu', 'bit16': False, 'norm': True, 'linear': True, 'input_normalization': False, 'src_pad_idx': 0, 'trg_pad_idx': 0, 'length_eq': 20, 'n_l_enc': 3, 'mean': 0.5, 'std': 0.5, 'dim_input': 64, 'num_heads': 2, 'output_dim': 10}}}

-- BUILDING DATASET START -----------
Benchmark path                 : /users/9/chen8596/LyaDis/repro/runs/trig3d/libs/sd3/dso/dso/task/regression/benchmarks_bkup_1.csv
Generated data for benchmark   : fn_d_all_t_5
-- BUILDING DATASET END -------------

Function set                   : Koza --> ['add', 'sub', 'mul', 'sin', 'cos', 'n2']

-- RUNNING EPOCHS START -------------
torch.Size([500, 32])
/users/9/chen8596/miniconda3/envs/alfd/lib/python3.9/site-packages/torch/nn/functional.py:4999: UserWarning: Support for mismatched key_padding_mask and attn_mask is deprecated. Use same type for both instead.
  warnings.warn(
/users/9/chen8596/miniconda3/envs/alfd/lib/python3.9/site-packages/torch/nn/functional.py:4999: UserWarning: Support for mismatched key_padding_mask and attn_mask is deprecated. Use same type for both instead.
  warnings.warn(
/users/9/chen8596/miniconda3/envs/alfd/lib/python3.9/site-packages/torch/nn/functional.py:4999: UserWarning: Support for mismatched key_padding_mask and attn_mask is deprecated. Use same type for both instead.
  warnings.warn(
MainProcess| 2026-06-21 22:26:53,060,60 multiprocessing INFO Genetic Porgramming Runtime 16.450730979908258
Genetic Porgramming Runtime 16.450730979908258

=========================PGD Collection Starts=========================

MainProcess| 2026-06-21 22:26:53,908,908 multiprocessing INFO created temp directory /tmp/pymp-cjjvfodd
SpawnPoolWorker-5| 2026-06-21 22:26:59,254,254 multiprocessing INFO STARTING NEW RUN ==========
SpawnPoolWorker-5| 2026-06-21 22:26:59,254,254 multiprocessing INFO SEE LOG AT : ./logs/all_Lyapunov_test_dso-fn_d_all_t_01_log.txt
SpawnPoolWorker-1| 2026-06-21 22:26:59,254,254 multiprocessing INFO STARTING NEW RUN ==========
SpawnPoolWorker-5| 2026-06-21 22:26:59,254,254 multiprocessing INFO See log at : ./logs/all_Lyapunov_test_dso-fn_d_all_t_01_log.txt
SpawnPoolWorker-1| 2026-06-21 22:26:59,254,254 multiprocessing INFO SEE LOG AT : ./logs/all_Lyapunov_test_dso-fn_d_all_t_01_log.txt
SpawnPoolWorker-1| 2026-06-21 22:26:59,254,254 multiprocessing INFO See log at : ./logs/all_Lyapunov_test_dso-fn_d_all_t_01_log.txt
SpawnPoolWorker-1| 2026-06-21 22:26:59,256,256 multiprocessing INFO child process calling self.run()
SpawnPoolWorker-5| 2026-06-21 22:26:59,256,256 multiprocessing INFO child process calling self.run()
SpawnPoolWorker-7| 2026-06-21 22:26:59,261,261 multiprocessing INFO STARTING NEW RUN ==========
SpawnPoolWorker-7| 2026-06-21 22:26:59,261,261 multiprocessing INFO SEE LOG AT : ./logs/all_Lyapunov_test_dso-fn_d_all_t_01_log.txt
SpawnPoolWorker-7| 2026-06-21 22:26:59,261,261 multiprocessing INFO See log at : ./logs/all_Lyapunov_test_dso-fn_d_all_t_01_log.txt
SpawnPoolWorker-7| 2026-06-21 22:26:59,263,263 multiprocessing INFO child process calling self.run()
SpawnPoolWorker-4| 2026-06-21 22:26:59,264,264 multiprocessing INFO STARTING NEW RUN ==========
SpawnPoolWorker-4| 2026-06-21 22:26:59,265,265 multiprocessing INFO SEE LOG AT : ./logs/all_Lyapunov_test_dso-fn_d_all_t_01_log.txt
SpawnPoolWorker-4| 2026-06-21 22:26:59,265,265 multiprocessing INFO See log at : ./logs/all_Lyapunov_test_dso-fn_d_all_t_01_log.txt
SpawnPoolWorker-4| 2026-06-21 22:26:59,266,266 multiprocessing INFO child process calling self.run()
SpawnPoolWorker-3| 2026-06-21 22:26:59,272,272 multiprocessing INFO STARTING NEW RUN ==========
SpawnPoolWorker-10| 2026-06-21 22:26:59,272,272 multiprocessing INFO STARTING NEW RUN ==========
SpawnPoolWorker-3| 2026-06-21 22:26:59,272,272 multiprocessing INFO SEE LOG AT : ./logs/all_Lyapunov_test_dso-fn_d_all_t_01_log.txt
SpawnPoolWorker-10| 2026-06-21 22:26:59,272,272 multiprocessing INFO SEE LOG AT : ./logs/all_Lyapunov_test_dso-fn_d_all_t_01_log.txt
SpawnPoolWorker-6| 2026-06-21 22:26:59,272,272 multiprocessing INFO STARTING NEW RUN ==========
SpawnPoolWorker-10| 2026-06-21 22:26:59,272,272 multiprocessing INFO See log at : ./logs/all_Lyapunov_test_dso-fn_d_all_t_01_log.txt
SpawnPoolWorker-3| 2026-06-21 22:26:59,272,272 multiprocessing INFO See log at : ./logs/all_Lyapunov_test_dso-fn_d_all_t_01_log.txt
SpawnPoolWorker-6| 2026-06-21 22:26:59,272,272 multiprocessing INFO SEE LOG AT : ./logs/all_Lyapunov_test_dso-fn_d_all_t_01_log.txt
SpawnPoolWorker-6| 2026-06-21 22:26:59,272,272 multiprocessing INFO See log at : ./logs/all_Lyapunov_test_dso-fn_d_all_t_01_log.txt
SpawnPoolWorker-10| 2026-06-21 22:26:59,274,274 multiprocessing INFO child process calling self.run()
SpawnPoolWorker-3| 2026-06-21 22:26:59,274,274 multiprocessing INFO child process calling self.run()
SpawnPoolWorker-6| 2026-06-21 22:26:59,275,275 multiprocessing INFO child process calling self.run()
SpawnPoolWorker-9| 2026-06-21 22:26:59,278,278 multiprocessing INFO STARTING NEW RUN ==========
SpawnPoolWorker-2| 2026-06-21 22:26:59,278,278 multiprocessing INFO STARTING NEW RUN ==========
SpawnPoolWorker-8| 2026-06-21 22:26:59,278,278 multiprocessing INFO STARTING NEW RUN ==========
SpawnPoolWorker-9| 2026-06-21 22:26:59,279,279 multiprocessing INFO SEE LOG AT : ./logs/all_Lyapunov_test_dso-fn_d_all_t_01_log.txt
SpawnPoolWorker-2| 2026-06-21 22:26:59,279,279 multiprocessing INFO SEE LOG AT : ./logs/all_Lyapunov_test_dso-fn_d_all_t_01_log.txt
SpawnPoolWorker-9| 2026-06-21 22:26:59,279,279 multiprocessing INFO See log at : ./logs/all_Lyapunov_test_dso-fn_d_all_t_01_log.txt
SpawnPoolWorker-8| 2026-06-21 22:26:59,279,279 multiprocessing INFO SEE LOG AT : ./logs/all_Lyapunov_test_dso-fn_d_all_t_01_log.txt
SpawnPoolWorker-2| 2026-06-21 22:26:59,279,279 multiprocessing INFO See log at : ./logs/all_Lyapunov_test_dso-fn_d_all_t_01_log.txt
SpawnPoolWorker-8| 2026-06-21 22:26:59,279,279 multiprocessing INFO See log at : ./logs/all_Lyapunov_test_dso-fn_d_all_t_01_log.txt
SpawnPoolWorker-2| 2026-06-21 22:26:59,280,280 multiprocessing INFO child process calling self.run()
SpawnPoolWorker-8| 2026-06-21 22:26:59,280,280 multiprocessing INFO child process calling self.run()
SpawnPoolWorker-9| 2026-06-21 22:26:59,280,280 multiprocessing INFO child process calling self.run()
(3000,)

===================Collect 3000 Examples===================

Epsilon 0.1
500
(550,)
(550,)
(55,)
Number of Programs for Minimization: 28
SpawnPoolWorker-20| 2026-06-21 22:27:42,603,603 multiprocessing INFO STARTING NEW RUN ==========
SpawnPoolWorker-20| 2026-06-21 22:27:42,603,603 multiprocessing INFO SEE LOG AT : ./logs/all_Lyapunov_test_dso-fn_d_all_t_01_log.txt
SpawnPoolWorker-20| 2026-06-21 22:27:42,603,603 multiprocessing INFO See log at : ./logs/all_Lyapunov_test_dso-fn_d_all_t_01_log.txt
SpawnPoolWorker-20| 2026-06-21 22:27:42,608,608 multiprocessing INFO child process calling self.run()
SpawnPoolWorker-27| 2026-06-21 22:27:42,661,661 multiprocessing INFO STARTING NEW RUN ==========
SpawnPoolWorker-27| 2026-06-21 22:27:42,661,661 multiprocessing INFO SEE LOG AT : ./logs/all_Lyapunov_test_dso-fn_d_all_t_01_log.txt
SpawnPoolWorker-27| 2026-06-21 22:27:42,661,661 multiprocessing INFO See log at : ./logs/all_Lyapunov_test_dso-fn_d_all_t_01_log.txt
SpawnPoolWorker-27| 2026-06-21 22:27:42,664,664 multiprocessing INFO child process calling self.run()
SpawnPoolWorker-16| 2026-06-21 22:27:42,665,665 multiprocessing INFO STARTING NEW RUN ==========
SpawnPoolWorker-16| 2026-06-21 22:27:42,665,665 multiprocessing INFO SEE LOG AT : ./logs/all_Lyapunov_test_dso-fn_d_all_t_01_log.txt
SpawnPoolWorker-16| 2026-06-21 22:27:42,665,665 multiprocessing INFO See log at : ./logs/all_Lyapunov_test_dso-fn_d_all_t_01_log.txt
SpawnPoolWorker-16| 2026-06-21 22:27:42,668,668 multiprocessing INFO child process calling self.run()
SpawnPoolWorker-28| 2026-06-21 22:27:43,080,80 multiprocessing INFO STARTING NEW RUN ==========
SpawnPoolWorker-28| 2026-06-21 22:27:43,080,80 multiprocessing INFO SEE LOG AT : ./logs/all_Lyapunov_test_dso-fn_d_all_t_01_log.txt
SpawnPoolWorker-28| 2026-06-21 22:27:43,080,80 multiprocessing INFO See log at : ./logs/all_Lyapunov_test_dso-fn_d_all_t_01_log.txt
SpawnPoolWorker-28| 2026-06-21 22:27:43,083,83 multiprocessing INFO child process calling self.run()
SpawnPoolWorker-19| 2026-06-21 22:27:43,392,392 multiprocessing INFO STARTING NEW RUN ==========
SpawnPoolWorker-19| 2026-06-21 22:27:43,392,392 multiprocessing INFO SEE LOG AT : ./logs/all_Lyapunov_test_dso-fn_d_all_t_01_log.txt
SpawnPoolWorker-19| 2026-06-21 22:27:43,392,392 multiprocessing INFO See log at : ./logs/all_Lyapunov_test_dso-fn_d_all_t_01_log.txt
SpawnPoolWorker-19| 2026-06-21 22:27:43,394,394 multiprocessing INFO child process calling self.run()
SpawnPoolWorker-21| 2026-06-21 22:27:43,687,687 multiprocessing INFO STARTING NEW RUN ==========
SpawnPoolWorker-21| 2026-06-21 22:27:43,687,687 multiprocessing INFO SEE LOG AT : ./logs/all_Lyapunov_test_dso-fn_d_all_t_01_log.txt
SpawnPoolWorker-21| 2026-06-21 22:27:43,687,687 multiprocessing INFO See log at : ./logs/all_Lyapunov_test_dso-fn_d_all_t_01_log.txt
SpawnPoolWorker-21| 2026-06-21 22:27:43,696,696 multiprocessing INFO child process calling self.run()
SpawnPoolWorker-11| 2026-06-21 22:27:43,753,753 multiprocessing INFO STARTING NEW RUN ==========
SpawnPoolWorker-11| 2026-06-21 22:27:43,753,753 multiprocessing INFO SEE LOG AT : ./logs/all_Lyapunov_test_dso-fn_d_all_t_01_log.txt
SpawnPoolWorker-11| 2026-06-21 22:27:43,753,753 multiprocessing INFO See log at : ./logs/all_Lyapunov_test_dso-fn_d_all_t_01_log.txt
SpawnPoolWorker-11| 2026-06-21 22:27:43,756,756 multiprocessing INFO child process calling self.run()
SpawnPoolWorker-22| 2026-06-21 22:27:43,903,903 multiprocessing INFO STARTING NEW RUN ==========
SpawnPoolWorker-22| 2026-06-21 22:27:43,904,904 multiprocessing INFO SEE LOG AT : ./logs/all_Lyapunov_test_dso-fn_d_all_t_01_log.txt
SpawnPoolWorker-22| 2026-06-21 22:27:43,904,904 multiprocessing INFO See log at : ./logs/all_Lyapunov_test_dso-fn_d_all_t_01_log.txt
SpawnPoolWorker-22| 2026-06-21 22:27:43,908,908 multiprocessing INFO child process calling self.run()
SpawnPoolWorker-34| 2026-06-21 22:27:43,981,981 multiprocessing INFO STARTING NEW RUN ==========
SpawnPoolWorker-34| 2026-06-21 22:27:43,981,981 multiprocessing INFO SEE LOG AT : ./logs/all_Lyapunov_test_dso-fn_d_all_t_01_log.txt
SpawnPoolWorker-34| 2026-06-21 22:27:43,981,981 multiprocessing INFO See log at : ./logs/all_Lyapunov_test_dso-fn_d_all_t_01_log.txt
SpawnPoolWorker-34| 2026-06-21 22:27:43,983,983 multiprocessing INFO child process calling self.run()
SpawnPoolWorker-26| 2026-06-21 22:27:44,286,286 multiprocessing INFO STARTING NEW RUN ==========
SpawnPoolWorker-26| 2026-06-21 22:27:44,287,287 multiprocessing INFO SEE LOG AT : ./logs/all_Lyapunov_test_dso-fn_d_all_t_01_log.txt
SpawnPoolWorker-26| 2026-06-21 22:27:44,287,287 multiprocessing INFO See log at : ./logs/all_Lyapunov_test_dso-fn_d_all_t_01_log.txt
SpawnPoolWorker-26| 2026-06-21 22:27:44,290,290 multiprocessing INFO child process calling self.run()
SpawnPoolWorker-29| 2026-06-21 22:27:44,290,290 multiprocessing INFO STARTING NEW RUN ==========
SpawnPoolWorker-29| 2026-06-21 22:27:44,290,290 multiprocessing INFO SEE LOG AT : ./logs/all_Lyapunov_test_dso-fn_d_all_t_01_log.txt
SpawnPoolWorker-29| 2026-06-21 22:27:44,290,290 multiprocessing INFO See log at : ./logs/all_Lyapunov_test_dso-fn_d_all_t_01_log.txt
SpawnPoolWorker-29| 2026-06-21 22:27:44,293,293 multiprocessing INFO child process calling self.run()
SpawnPoolWorker-24| 2026-06-21 22:27:44,339,339 multiprocessing INFO STARTING NEW RUN ==========
SpawnPoolWorker-24| 2026-06-21 22:27:44,339,339 multiprocessing INFO SEE LOG AT : ./logs/all_Lyapunov_test_dso-fn_d_all_t_01_log.txt
SpawnPoolWorker-24| 2026-06-21 22:27:44,339,339 multiprocessing INFO See log at : ./logs/all_Lyapunov_test_dso-fn_d_all_t_01_log.txt
SpawnPoolWorker-24| 2026-06-21 22:27:44,341,341 multiprocessing INFO child process calling self.run()
SpawnPoolWorker-30| 2026-06-21 22:27:44,364,364 multiprocessing INFO STARTING NEW RUN ==========
SpawnPoolWorker-30| 2026-06-21 22:27:44,365,365 multiprocessing INFO SEE LOG AT : ./logs/all_Lyapunov_test_dso-fn_d_all_t_01_log.txt
SpawnPoolWorker-30| 2026-06-21 22:27:44,365,365 multiprocessing INFO See log at : ./logs/all_Lyapunov_test_dso-fn_d_all_t_01_log.txt
SpawnPoolWorker-30| 2026-06-21 22:27:44,367,367 multiprocessing INFO child process calling self.run()
SpawnPoolWorker-33| 2026-06-21 22:27:44,457,457 multiprocessing INFO STARTING NEW RUN ==========
SpawnPoolWorker-33| 2026-06-21 22:27:44,457,457 multiprocessing INFO SEE LOG AT : ./logs/all_Lyapunov_test_dso-fn_d_all_t_01_log.txt
SpawnPoolWorker-33| 2026-06-21 22:27:44,457,457 multiprocessing INFO See log at : ./logs/all_Lyapunov_test_dso-fn_d_all_t_01_log.txt
SpawnPoolWorker-33| 2026-06-21 22:27:44,458,458 multiprocessing INFO child process calling self.run()
SpawnPoolWorker-17| 2026-06-21 22:27:44,459,459 multiprocessing INFO STARTING NEW RUN ==========
SpawnPoolWorker-17| 2026-06-21 22:27:44,459,459 multiprocessing INFO SEE LOG AT : ./logs/all_Lyapunov_test_dso-fn_d_all_t_01_log.txt
SpawnPoolWorker-17| 2026-06-21 22:27:44,459,459 multiprocessing INFO See log at : ./logs/all_Lyapunov_test_dso-fn_d_all_t_01_log.txt
SpawnPoolWorker-17| 2026-06-21 22:27:44,461,461 multiprocessing INFO child process calling self.run()
SpawnPoolWorker-19| 2026-06-21 22:27:44,470,470 multiprocessing INFO process shutting down
SpawnPoolWorker-28| 2026-06-21 22:27:44,470,470 multiprocessing INFO process shutting down
SpawnPoolWorker-16| 2026-06-21 22:27:44,470,470 multiprocessing INFO process shutting down
SpawnPoolWorker-26| 2026-06-21 22:27:44,470,470 multiprocessing INFO process shutting down
SpawnPoolWorker-19| 2026-06-21 22:27:44,470,470 multiprocessing INFO process exiting with exitcode 0
SpawnPoolWorker-28| 2026-06-21 22:27:44,470,470 multiprocessing INFO process exiting with exitcode 0
SpawnPoolWorker-16| 2026-06-21 22:27:44,470,470 multiprocessing INFO process exiting with exitcode 0
SpawnPoolWorker-34| 2026-06-21 22:27:44,470,470 multiprocessing INFO process shutting down
SpawnPoolWorker-11| 2026-06-21 22:27:44,470,470 multiprocessing INFO process shutting down
SpawnPoolWorker-24| 2026-06-21 22:27:44,470,470 multiprocessing INFO process shutting down
SpawnPoolWorker-27| 2026-06-21 22:27:44,470,470 multiprocessing INFO process shutting down
SpawnPoolWorker-30| 2026-06-21 22:27:44,470,470 multiprocessing INFO process shutting down
SpawnPoolWorker-21| 2026-06-21 22:27:44,471,471 multiprocessing INFO process shutting down
SpawnPoolWorker-33| 2026-06-21 22:27:44,471,471 multiprocessing INFO process shutting down
SpawnPoolWorker-29| 2026-06-21 22:27:44,471,471 multiprocessing INFO process shutting down
SpawnPoolWorker-20| 2026-06-21 22:27:44,471,471 multiprocessing INFO process shutting down
SpawnPoolWorker-17| 2026-06-21 22:27:44,471,471 multiprocessing INFO process shutting down
SpawnPoolWorker-34| 2026-06-21 22:27:44,473,473 multiprocessing INFO process exiting with exitcode 0
SpawnPoolWorker-24| 2026-06-21 22:27:44,473,473 multiprocessing INFO process exiting with exitcode 0
SpawnPoolWorker-30| 2026-06-21 22:27:44,477,477 multiprocessing INFO process exiting with exitcode 0
28
(22025, 3)
(22025,)
(22025, 3)
(22025,)

=======================Successfully Added (7025, 3) Counter Examples=======================

Number of valid equations: 5. Program should stopped
x2**2 + sin(x1 + x2)**2 - cos(x3)**2
[x2**2 + sin(x1 + x2)**2 - cos(x3)**2, x2**2 + sin(x1 + x2)**2 - cos(x3)**2, x2**2 + sin(x1)**2 - cos(x3)**2, x2**2 + sin(x1)**2 - cos(x3), x2**2 + sin(x1)**2 - cos(x3)]
MainProcess| 2026-06-21 22:44:02,674,674 multiprocessing INFO Number of valid equations: 5. Program should stopped
Number of valid equations: 5. Program should stopped
MainProcess| 2026-06-21 22:44:02,675,675 multiprocessing INFO x2**2 + sin(x1 + x2)**2 - cos(x3)**2
x2**2 + sin(x1 + x2)**2 - cos(x3)**2
MainProcess| 2026-06-21 22:44:02,677,677 multiprocessing INFO [x2**2 + sin(x1 + x2)**2 - cos(x3)**2, x2**2 + sin(x1 + x2)**2 - cos(x3)**2, x2**2 + sin(x1)**2 - cos(x3)**2, x2**2 + sin(x1)**2 - cos(x3), x2**2 + sin(x1)**2 - cos(x3)]
[x2**2 + sin(x1 + x2)**2 - cos(x3)**2, x2**2 + sin(x1 + x2)**2 - cos(x3)**2, x2**2 + sin(x1)**2 - cos(x3)**2, x2**2 + sin(x1)**2 - cos(x3), x2**2 + sin(x1)**2 - cos(x3)]
(55, 32)
/users/9/chen8596/miniconda3/envs/alfd/lib/python3.9/site-packages/torch/nn/functional.py:4999: UserWarning: Support for mismatched key_padding_mask and attn_mask is deprecated. Use same type for both instead.
  warnings.warn(
/users/9/chen8596/LyaDis/repro/runs/trig3d/utils/train.py:971: RuntimeWarning: divide by zero encountered in divide
  error = np.abs(((y_hat - y) / y))
/users/9/chen8596/.local/lib/python3.9/site-packages/scipy/stats/_stats_py.py:4424: ConstantInputWarning: An input array is constant; the correlation coefficient is not defined.
  warnings.warn(stats.ConstantInputWarning(msg))
MainProcess| 2026-06-21 22:44:03,020,20 multiprocessing INFO [Test epoch=0001]  nevals=13719 	| train_loss=4449.95117 	| eqs_invalid %=0.00 	| r_best=0.99778 	| quantile=0.79115 	| r_quantile_mean=0.97109 	| r_raw_sum=107.96905 	|  r_raw_mean=0.45175 	| r2=nan 	| acc_iid=0.00000 	| acc_ood=0.00000 	| nmse_test=0.0 	| true_equation_set_count=0 	| s/it=1050.55587
[Test epoch=0001]  nevals=13719 	| train_loss=4449.95117 	| eqs_invalid %=0.00 	| r_best=0.99778 	| quantile=0.79115 	| r_quantile_mean=0.97109 	| r_raw_sum=107.96905 	|  r_raw_mean=0.45175 	| r2=nan 	| acc_iid=0.00000 	| acc_ood=0.00000 	| nmse_test=0.0 	| true_equation_set_count=0 	| s/it=1050.55587
MainProcess| 2026-06-21 22:44:03,020,20 multiprocessing INFO [00:00:17:30.60] Training epoch 1/4000, current best R: 0.9978
[00:00:17:30.60] Training epoch 1/4000, current best R: 0.9978
MainProcess| 2026-06-21 22:44:03,020,20 multiprocessing INFO 
	** New best

	** New best
MainProcess| 2026-06-21 22:44:03,020,20 multiprocessing INFO 	Reward: 0.9977776555040325
	Reward: 0.9977776555040325
MainProcess| 2026-06-21 22:44:03,020,20 multiprocessing INFO 	Count Off-policy: 1
	Count Off-policy: 1
MainProcess| 2026-06-21 22:44:03,020,20 multiprocessing INFO 	Count On-policy: 0
	Count On-policy: 0
MainProcess| 2026-06-21 22:44:03,020,20 multiprocessing INFO 	Originally on Policy: False
	Originally on Policy: False
MainProcess| 2026-06-21 22:44:03,020,20 multiprocessing INFO 	Invalid: False
	Invalid: False
MainProcess| 2026-06-21 22:44:03,020,20 multiprocessing INFO 	Traversal: add,sub,n2,x2,n2,cos,x3,n2,sin,add,x1,x2
	Traversal: add,sub,n2,x2,n2,cos,x3,n2,sin,add,x1,x2
MainProcess| 2026-06-21 22:44:03,020,20 multiprocessing INFO 	Expression:
	Expression:
MainProcess| 2026-06-21 22:44:03,022,22 multiprocessing INFO 
	    2      2               2    
	  x₂  + sin (x₁ + x₂) - cos (x₃)


	    2      2               2    
	  x₂  + sin (x₁ + x₂) - cos (x₃)

MainProcess| 2026-06-21 22:44:03,022,22 multiprocessing INFO [00:00:17:30.60] Early stopping criteria met; breaking early.
[00:00:17:30.60] Early stopping criteria met; breaking early.
MainProcess| 2026-06-21 22:44:03,022,22 multiprocessing INFO -- RUNNING EPOCHS END ---------------

-- RUNNING EPOCHS END ---------------

MainProcess| 2026-06-21 22:44:03,022,22 multiprocessing INFO -- EVALUATION START ----------------
-- EVALUATION START ----------------
Saving Hall of Fame to ./log/fn_d_all_t_5_2026-06-21-222631_3/dso_fn_d_all_t_5_13_hof.csv
Saving Pareto Front to ./log/fn_d_all_t_5_2026-06-21-222631_3/dso_fn_d_all_t_5_13_pf.csv
MainProcess| 2026-06-21 22:44:03,384,384 multiprocessing INFO 
Priority queue entry 0:

Priority queue entry 0:
MainProcess| 2026-06-21 22:44:03,384,384 multiprocessing INFO 	Reward: 0.9977776555040325
	Reward: 0.9977776555040325
MainProcess| 2026-06-21 22:44:03,384,384 multiprocessing INFO 	Count Off-policy: 1
	Count Off-policy: 1
MainProcess| 2026-06-21 22:44:03,384,384 multiprocessing INFO 	Count On-policy: 0
	Count On-policy: 0
MainProcess| 2026-06-21 22:44:03,384,384 multiprocessing INFO 	Originally on Policy: False
	Originally on Policy: False
MainProcess| 2026-06-21 22:44:03,384,384 multiprocessing INFO 	Invalid: False
	Invalid: False
MainProcess| 2026-06-21 22:44:03,384,384 multiprocessing INFO 	Traversal: add,sub,n2,x2,n2,cos,x3,n2,sin,add,x1,x2
	Traversal: add,sub,n2,x2,n2,cos,x3,n2,sin,add,x1,x2
MainProcess| 2026-06-21 22:44:03,384,384 multiprocessing INFO 	Expression:
	Expression:
MainProcess| 2026-06-21 22:44:03,385,385 multiprocessing INFO 
	    2      2               2    
	  x₂  + sin (x₁ + x₂) - cos (x₃)


	    2      2               2    
	  x₂  + sin (x₁ + x₂) - cos (x₃)

MainProcess| 2026-06-21 22:44:03,385,385 multiprocessing INFO -- EVALUATION END ------------------
-- EVALUATION END ------------------
MainProcess| 2026-06-21 22:44:03,388,388 multiprocessing INFO == TRAINING SEED 13 END ==============
== TRAINING SEED 13 END ==============
MainProcess| 2026-06-21 22:44:03,388,388 multiprocessing INFO 
== POST-PROCESS START =================

== POST-PROCESS START =================
MainProcess| 2026-06-21 22:44:03,388,388 multiprocessing INFO -- LOADING LOGS START ----------------
-- LOADING LOGS START ----------------
MainProcess| 2026-06-21 22:44:03,439,439 multiprocessing INFO Successfully loaded Hall of Fame data
Successfully loaded Hall of Fame data
MainProcess| 2026-06-21 22:44:05,787,787 multiprocessing INFO Successfully loaded Pareto Front data
Successfully loaded Pareto Front data
MainProcess| 2026-06-21 22:44:05,788,788 multiprocessing INFO *** WARNING:
*** WARNING:
MainProcess| 2026-06-21 22:44:05,788,788 multiprocessing INFO     --> Can't load summary: [Errno 2] No such file or directory: './log/fn_d_all_t_5_2026-06-21-222631_3/summary.csv'
    --> Can't load summary: [Errno 2] No such file or directory: './log/fn_d_all_t_5_2026-06-21-222631_3/summary.csv'
MainProcess| 2026-06-21 22:44:05,788,788 multiprocessing INFO -- LOADING LOGS END ------------------
-- LOADING LOGS END ------------------
MainProcess| 2026-06-21 22:44:05,788,788 multiprocessing INFO 
-- ANALYZING LOG START --------------

-- ANALYZING LOG START --------------
MainProcess| 2026-06-21 22:44:05,788,788 multiprocessing INFO Task_____________regression
Task_____________regression
MainProcess| 2026-06-21 22:44:05,788,788 multiprocessing INFO Source path______./log/fn_d_all_t_5_2026-06-21-222631_3
Source path______./log/fn_d_all_t_5_2026-06-21-222631_3
MainProcess| 2026-06-21 22:44:05,788,788 multiprocessing INFO Runs_____________N/A
Runs_____________N/A
MainProcess| 2026-06-21 22:44:05,788,788 multiprocessing INFO Max Samples/run__2000000
Max Samples/run__2000000
MainProcess| 2026-06-21 22:44:05,788,788 multiprocessing INFO Found issues:
Found issues:
MainProcess| 2026-06-21 22:44:05,788,788 multiprocessing INFO   0
  0
MainProcess| 2026-06-21 22:44:05,788,788 multiprocessing INFO Hall of Fame (Top 5 of 100)____
Hall of Fame (Top 5 of 100)____
MainProcess| 2026-06-21 22:44:05,788,788 multiprocessing INFO     0: S=013 R=0.998183 <-- [x2**2 + sin(x1 + x2)**2 - cos(x3)**2]
    0: S=013 R=0.998183 <-- [x2**2 + sin(x1 + x2)**2 - cos(x3)**2]
MainProcess| 2026-06-21 22:44:05,789,789 multiprocessing INFO     1: S=013 R=0.998183 <-- [x2**2 + sin(x1 + x2)**2 - cos(x3)**2]
    1: S=013 R=0.998183 <-- [x2**2 + sin(x1 + x2)**2 - cos(x3)**2]
MainProcess| 2026-06-21 22:44:05,789,789 multiprocessing INFO     2: S=013 R=0.997778 <-- [x2**2 + sin(x1 + x2)**2 - cos(x3)**2]
    2: S=013 R=0.997778 <-- [x2**2 + sin(x1 + x2)**2 - cos(x3)**2]
MainProcess| 2026-06-21 22:44:05,789,789 multiprocessing INFO     3: S=013 R=0.997778 <-- [x2**2 + sin(x1 + x2)**2 - cos(x3)**2]
    3: S=013 R=0.997778 <-- [x2**2 + sin(x1 + x2)**2 - cos(x3)**2]
MainProcess| 2026-06-21 22:44:05,789,789 multiprocessing INFO     4: S=013 R=0.996395 <-- [x2**2 + sin(x1)**2 - cos(x3)**2]
    4: S=013 R=0.996395 <-- [x2**2 + sin(x1)**2 - cos(x3)**2]
MainProcess| 2026-06-21 22:44:05,789,789 multiprocessing INFO Pareto Front (5 of 9)____
Pareto Front (5 of 9)____
MainProcess| 2026-06-21 22:44:05,790,790 multiprocessing INFO     0: S=013 R=0.998183 C=14.00 <-- [x2**2 + sin(x1 + x2)**2 - cos(x3)**2]
    0: S=013 R=0.998183 C=14.00 <-- [x2**2 + sin(x1 + x2)**2 - cos(x3)**2]
MainProcess| 2026-06-21 22:44:05,790,790 multiprocessing INFO     1: S=013 R=0.996395 C=12.00 <-- [x2**2 + sin(x1)**2 - cos(x3)**2]
    1: S=013 R=0.996395 C=12.00 <-- [x2**2 + sin(x1)**2 - cos(x3)**2]
MainProcess| 2026-06-21 22:44:05,790,790 multiprocessing INFO     2: S=013 R=0.994822 C=11.00 <-- [x2**2 + sin(x1)**2 - cos(x3)]
    2: S=013 R=0.994822 C=11.00 <-- [x2**2 + sin(x1)**2 - cos(x3)]
MainProcess| 2026-06-21 22:44:05,791,791 multiprocessing INFO     3: S=013 R=0.977116 C=10.00 <-- [x1**2 + x2**2 - cos(x3)**2]
    3: S=013 R=0.977116 C=10.00 <-- [x1**2 + x2**2 - cos(x3)**2]
MainProcess| 2026-06-21 22:44:05,791,791 multiprocessing INFO     4: S=013 R=0.971809 C=9.00 <-- [x1**2 + x2**2 - cos(x3)]
    4: S=013 R=0.971809 C=9.00 <-- [x1**2 + x2**2 - cos(x3)]
MainProcess| 2026-06-21 22:44:05,791,791 multiprocessing INFO -- ANALYZING LOG END ----------------
-- ANALYZING LOG END ----------------
MainProcess| 2026-06-21 22:44:05,791,791 multiprocessing INFO == POST-PROCESS END ===================
== POST-PROCESS END ===================
MainProcess| 2026-06-21 22:44:05,793,793 multiprocessing INFO [TEST RESULT] {'seed': 3, 'r': 0.9977776555040325, 'nmse_test': 0.0, 'nmse_test_noiseless': 0.0, 'success': True, 'expression': '[x2**2 + sin(x1 + x2)**2 - cos(x3)**2]', 'traversal': 'add,sub,n2,x2,n2,cos,x3,n2,sin,add,x1,x2', 'program': add,sub,n2,x2,n2,cos,x3,n2,sin,add,x1,x2, 'n_epochs': 1, 'n_samples': 13719, 'n_cached': 2876, 't': 1050.9740571975708, 'baseline': 'transformer', 'run_seed': 3, 'dataset': 'fn_d_all_t_5'}
[TEST RESULT] {'seed': 3, 'r': 0.9977776555040325, 'nmse_test': 0.0, 'nmse_test_noiseless': 0.0, 'success': True, 'expression': '[x2**2 + sin(x1 + x2)**2 - cos(x3)**2]', 'traversal': 'add,sub,n2,x2,n2,cos,x3,n2,sin,add,x1,x2', 'program': add,sub,n2,x2,n2,cos,x3,n2,sin,add,x1,x2, 'n_epochs': 1, 'n_samples': 13719, 'n_cached': 2876, 't': 1050.9740571975708, 'baseline': 'transformer', 'run_seed': 3, 'dataset': 'fn_d_all_t_5'}
MainProcess| 2026-06-21 22:44:05,793,793 multiprocessing INFO INFO: Completed run 1 of 1 in 1051 s | LATEST TEST_RESULT {'seed': 3, 'r': 0.9977776555040325, 'nmse_test': 0.0, 'nmse_test_noiseless': 0.0, 'success': True, 'expression': '[x2**2 + sin(x1 + x2)**2 - cos(x3)**2]', 'traversal': 'add,sub,n2,x2,n2,cos,x3,n2,sin,add,x1,x2', 'program': add,sub,n2,x2,n2,cos,x3,n2,sin,add,x1,x2, 'n_epochs': 1, 'n_samples': 13719, 'n_cached': 2876, 't': 1050.9740571975708, 'baseline': 'transformer', 'run_seed': 3, 'dataset': 'fn_d_all_t_5'}
INFO: Completed run 1 of 1 in 1051 s | LATEST TEST_RESULT {'seed': 3, 'r': 0.9977776555040325, 'nmse_test': 0.0, 'nmse_test_noiseless': 0.0, 'success': True, 'expression': '[x2**2 + sin(x1 + x2)**2 - cos(x3)**2]', 'traversal': 'add,sub,n2,x2,n2,cos,x3,n2,sin,add,x1,x2', 'program': add,sub,n2,x2,n2,cos,x3,n2,sin,add,x1,x2, 'n_epochs': 1, 'n_samples': 13719, 'n_cached': 2876, 't': 1050.9740571975708, 'baseline': 'transformer', 'run_seed': 3, 'dataset': 'fn_d_all_t_5'}
MainProcess| 2026-06-21 22:44:05,793,793 multiprocessing INFO Fin.
MainProcess| 2026-06-21 22:44:05,794,794 multiprocessing INFO process shutting down
[job] done sys=trig3d seed=3 end=2026-06-21T22:44:06-05:00
