[job] sys=poly3dB benchmark=fn_d_all_d seed=3 host=aga26 gpu=0 start=2026-06-22T03:11:28-05:00
MainProcess| 2026-06-22 03:11:35,968,968 multiprocessing INFO STARTING NEW RUN ==========
MainProcess| 2026-06-22 03:11:35,969,969 multiprocessing INFO SEE LOG AT : ./logs/all_Lyapunov_test_dso-fn_d_all_d_01_log.txt
MainProcess| 2026-06-22 03:11:35,969,969 multiprocessing INFO See log at : ./logs/all_Lyapunov_test_dso-fn_d_all_d_01_log.txt
MainProcess| 2026-06-22 03:11:35,971,971 multiprocessing INFO               variables expression                                                                   train_spec test_spec function_set
name                                                                                                                                  
fn_d_all_d_5          3  0*x1+0*x2  {"x1":{"U":[-1,1,15000]}, "x2":{"U":[-1,1,15000]}, "x3":{"U":[-1,1,15000]}}      None         Koza
              variables expression                                                                   train_spec test_spec function_set
name                                                                                                                                  
fn_d_all_d_5          3  0*x1+0*x2  {"x1":{"U":[-1,1,15000]}, "x2":{"U":[-1,1,15000]}, "x3":{"U":[-1,1,15000]}}      None         Koza

-- BUILDING DATASET START -----------
Benchmark path                 : /users/9/chen8596/LyaDis/repro/runs/poly3dB/libs/sd3/dso/dso/task/regression/benchmarks_bkup_1.csv
Generated data for benchmark   : fn_d_all_d_5
-- BUILDING DATASET END -------------

Function set                   : Koza --> ['add', 'sub', 'mul', 'sin', 'cos', 'n2']

MainProcess| 2026-06-22 03:11:36,065,65 multiprocessing INFO [BASELINE_TESTING NOW] dataset=fn_d_all_d_5 	| baseline=transformer 	| seed=3 	| data_samples=15000 	| noise=0.0
MainProcess| 2026-06-22 03:11:36,072,72 multiprocessing INFO [RUN SETTINGS]: test_dataset=fn_d_all_d_5  batch_outer_datasets=24 pre_train=False load_pre_trained_path= priority_queue_training=True gp_meld=True model=TransformerTreeEncoderController train_path= risk_seeking_pg_train=True
[RUN SETTINGS]: test_dataset=fn_d_all_d_5  batch_outer_datasets=24 pre_train=False load_pre_trained_path= priority_queue_training=True gp_meld=True model=TransformerTreeEncoderController train_path= risk_seeking_pg_train=True
MainProcess| 2026-06-22 03:11:36,138,138 multiprocessing INFO Running model : TransformerTreeEncoderController
Running model : TransformerTreeEncoderController

-- BUILDING DATASET START -----------
Benchmark path                 : /users/9/chen8596/LyaDis/repro/runs/poly3dB/libs/sd3/dso/dso/task/regression/benchmarks_bkup_1.csv
Generated data for benchmark   : fn_d_all_d_5
-- BUILDING DATASET END -------------

Function set                   : Koza --> ['add', 'sub', 'mul', 'sin', 'cos', 'n2']

MainProcess| 2026-06-22 03:11:36,145,145 multiprocessing INFO Function set: ['x1', 'x2', 'x3', 'add', 'sub', 'mul', 'sin', 'cos', 'n2']

-- BUILDING DATASET START -----------
Benchmark path                 : /users/9/chen8596/LyaDis/repro/runs/poly3dB/libs/sd3/dso/dso/task/regression/benchmarks_bkup_1.csv
Generated data for benchmark   : fn_d_all_d_5
-- BUILDING DATASET END -------------

Function set                   : Koza --> ['add', 'sub', 'mul', 'sin', 'cos', 'n2']

-- BUILDING PRIOR START -------------
WARNING: Skipping invalid 'RelationalConstraint' with arguments {'targets': [], 'effectors': [], 'relationship': None}. Reason: Prior disabled.
WARNING: Skipping invalid 'RepeatConstraint' with arguments {'tokens': 'const', 'min_': None, 'max_': 5}. Reason: Uses Tokens not in the Library.
WARNING: Skipping invalid 'InverseUnaryConstraint' with arguments {}. Reason: There are no inverse unary Token pairs in the Library.
WARNING: Skipping invalid 'ConstConstraint' with arguments {}. Reason: Prior disabled.
WARNING: Skipping invalid 'NoInputsConstraint' with arguments {}. Reason: All terminal tokens are input variables, so allsequences will have an input variable.
WARNING: Skipping invalid 'UniformArityPrior' with arguments {}. Reason: Prior disabled.
LengthConstraint: Sequences have minimum length 6.
                  Sequences have maximum length 18.
TrigConstraint: [sin, cos] cannot be a descendant of [sin, cos].
SoftLengthPrior: No description available.
-- BUILDING PRIOR END ---------------

MainProcess| 2026-06-22 03:11:36,522,522 multiprocessing INFO Transformer overwriting hidden size to input_dim 128
Transformer overwriting hidden size to input_dim 128
MainProcess| 2026-06-22 03:11:36,599,599 multiprocessing INFO Encoder params: {'sinuisodal_embeddings': False, 'dec_pf_dim': 32, 'dec_layers': 1, 'dim_hidden': 128, 'lr': 0.0001, 'dropout': 0, 'num_features': 1, 'ln': True, 'N_p': 0, 'num_inds': 64, 'activation': 'relu', 'bit16': False, 'norm': True, 'linear': True, 'input_normalization': False, 'src_pad_idx': 0, 'trg_pad_idx': 0, 'length_eq': 20, 'n_l_enc': 3, 'mean': 0.5, 'std': 0.5, 'dim_input': 64, 'num_heads': 2, 'output_dim': 10}
Encoder params: {'sinuisodal_embeddings': False, 'dec_pf_dim': 32, 'dec_layers': 1, 'dim_hidden': 128, 'lr': 0.0001, 'dropout': 0, 'num_features': 1, 'ln': True, 'N_p': 0, 'num_inds': 64, 'activation': 'relu', 'bit16': False, 'norm': True, 'linear': True, 'input_normalization': False, 'src_pad_idx': 0, 'trg_pad_idx': 0, 'length_eq': 20, 'n_l_enc': 3, 'mean': 0.5, 'std': 0.5, 'dim_input': 64, 'num_heads': 2, 'output_dim': 10}
MainProcess| 2026-06-22 03:11:36,734,734 multiprocessing INFO TransformerTreeEncoderController parameters: 4034407 	 | trainable : 4034407
TransformerTreeEncoderController parameters: 4034407 	 | trainable : 4034407
MainProcess| 2026-06-22 03:11:36,809,809 multiprocessing INFO GP CONFIG : {'verbose': False, 'generations': 35, 'p_crossover': 0.5, 'p_mutate': 0.5, 'tournament_size': 7, 'train_n': 50, 'mutate_tree_max': 3}
GP CONFIG : {'verbose': False, 'generations': 35, 'p_crossover': 0.5, 'p_mutate': 0.5, 'tournament_size': 7, 'train_n': 50, 'mutate_tree_max': 3}
MainProcess| 2026-06-22 03:11:36,902,902 multiprocessing INFO config: {'experiment': {'logdir': './log', 'seed': 13, 'timestamp': '2026-06-22-031136', 'task_name': 'fn_d_all_d_5', 'save_path': './log/fn_d_all_d_5_2026-06-22-031136_3'}, 'task': {'task_type': 'regression', 'dataset': 'fn_d_all_d_5', 'function_set': ['add', 'sub', 'mul', 'sin', 'cos', 'n2'], 'metric': 'lyapunov_risk', 'metric_params': [1.0], 'extra_metric_test': None, 'extra_metric_test_params': [], 'threshold': 1e-12, 'protected': False, 'reward_noise': 0.0, 'reward_noise_type': 'r', 'normalize_variance': False, 'decision_tree_threshold_set': []}, 'training': {'n_epochs': None, 'n_samples': 2000000, 'batch_size': 500, 'epsilon': 0.1, 'baseline': 'R_e', 'alpha': 0.5, 'b_jumpstart': False, 'n_cores_batch': 1, 'complexity': 'token', 'const_optimizer': 'scipy', 'const_params': {'method': 'L-BFGS-B', 'options': {'gtol': 0.001}}, 'verbose': True, 'debug': 0, 'early_stopping': True, 'hof': 100, 'use_memory': False, 'memory_capacity': 1000.0, 'warm_start': None, 'memory_threshold': None, 'save_all_epoch': False, 'save_summary': False, 'save_positional_entropy': False, 'save_pareto_front': True, 'save_cache': False, 'save_cache_r_min': 0.9, 'save_freq': 1, 'save_token_count': False}, 'state_manager': {'observe_action': False, 'observe_parent': True, 'observe_sibling': True, 'observe_dangling': False, 'embedding': True, 'embedding_size': 64}, 'controller': {'max_length': 64, 'cell': 'lstm', 'num_layers': 1, 'num_units': 64, 'initializer': 'zeros', 'learning_rate': 0.0003, 'optimizer': 'adam', 'entropy_weight': 0.005, 'entropy_gamma': 0.8, 'pqt': True, 'pqt_k': 10, 'pqt_batch_size': 1, 'pqt_weight': 200.0, 'pqt_use_pg': False, 'summary': False, 'rl_weight': 1.0}, 'gp_meld': {'generations': 35, 'p_crossover': 0.5, 'p_mutate': 0.5, 'tournament_size': 7, 'train_n': 50, 'mutate_tree_max': 3}, 'prior': {'relational': {'targets': [], 'effectors': [], 'relationship': None}, 'length': {'min_': 6, 'max_': 18}, 'repeat': {'tokens': 'const', 'min_': None, 'max_': 5}, 'inverse': {}, 'trig': {}, 'const': {}, 'no_inputs': {}, 'uniform_arity': {}, 'soft_length': {'loc': 14, 'scale': 5}}, 'postprocess': {'show_count': 5, 'save_plots': True}, 'model': 'TransformerTreeEncoderController', 'function_names_str': 'x1,x2,x3,add,sub,mul,sin,cos,n2', 'nesymres_train_config': {'architecture': {'sinuisodal_embeddings': False, 'dec_pf_dim': 32, 'dec_layers': 1, 'dim_hidden': 128, 'lr': 0.0001, 'dropout': 0, 'num_features': 1, 'ln': True, 'N_p': 0, 'num_inds': 64, 'activation': 'relu', 'bit16': False, 'norm': True, 'linear': True, 'input_normalization': False, 'src_pad_idx': 0, 'trg_pad_idx': 0, 'length_eq': 20, 'n_l_enc': 3, 'mean': 0.5, 'std': 0.5, 'dim_input': 64, 'num_heads': 2, 'output_dim': 10}}}

-- BUILDING DATASET START -----------
Benchmark path                 : /users/9/chen8596/LyaDis/repro/runs/poly3dB/libs/sd3/dso/dso/task/regression/benchmarks_bkup_1.csv
Generated data for benchmark   : fn_d_all_d_5
-- BUILDING DATASET END -------------

Function set                   : Koza --> ['add', 'sub', 'mul', 'sin', 'cos', 'n2']

-- RUNNING EPOCHS START -------------
torch.Size([500, 46])
/users/9/chen8596/miniconda3/envs/alfd/lib/python3.9/site-packages/torch/nn/functional.py:4999: UserWarning: Support for mismatched key_padding_mask and attn_mask is deprecated. Use same type for both instead.
  warnings.warn(
/users/9/chen8596/miniconda3/envs/alfd/lib/python3.9/site-packages/torch/nn/functional.py:4999: UserWarning: Support for mismatched key_padding_mask and attn_mask is deprecated. Use same type for both instead.
  warnings.warn(
/users/9/chen8596/miniconda3/envs/alfd/lib/python3.9/site-packages/torch/nn/functional.py:4999: UserWarning: Support for mismatched key_padding_mask and attn_mask is deprecated. Use same type for both instead.
  warnings.warn(
MainProcess| 2026-06-22 03:12:27,306,306 multiprocessing INFO Genetic Porgramming Runtime 46.91450800700113
Genetic Porgramming Runtime 46.91450800700113

=========================PGD Collection Starts=========================

MainProcess| 2026-06-22 03:12:28,391,391 multiprocessing INFO created temp directory /tmp/pymp-_7x6jqga
SpawnPoolWorker-9| 2026-06-22 03:12:32,503,503 multiprocessing INFO STARTING NEW RUN ==========
SpawnPoolWorker-6| 2026-06-22 03:12:32,503,503 multiprocessing INFO STARTING NEW RUN ==========
SpawnPoolWorker-2| 2026-06-22 03:12:32,503,503 multiprocessing INFO STARTING NEW RUN ==========
SpawnPoolWorker-6| 2026-06-22 03:12:32,503,503 multiprocessing INFO SEE LOG AT : ./logs/all_Lyapunov_test_dso-fn_d_all_d_01_log.txt
SpawnPoolWorker-9| 2026-06-22 03:12:32,503,503 multiprocessing INFO SEE LOG AT : ./logs/all_Lyapunov_test_dso-fn_d_all_d_01_log.txt
SpawnPoolWorker-2| 2026-06-22 03:12:32,503,503 multiprocessing INFO SEE LOG AT : ./logs/all_Lyapunov_test_dso-fn_d_all_d_01_log.txt
SpawnPoolWorker-6| 2026-06-22 03:12:32,503,503 multiprocessing INFO See log at : ./logs/all_Lyapunov_test_dso-fn_d_all_d_01_log.txt
SpawnPoolWorker-9| 2026-06-22 03:12:32,503,503 multiprocessing INFO See log at : ./logs/all_Lyapunov_test_dso-fn_d_all_d_01_log.txt
SpawnPoolWorker-2| 2026-06-22 03:12:32,503,503 multiprocessing INFO See log at : ./logs/all_Lyapunov_test_dso-fn_d_all_d_01_log.txt
SpawnPoolWorker-6| 2026-06-22 03:12:32,505,505 multiprocessing INFO child process calling self.run()
SpawnPoolWorker-9| 2026-06-22 03:12:32,505,505 multiprocessing INFO child process calling self.run()
SpawnPoolWorker-2| 2026-06-22 03:12:32,505,505 multiprocessing INFO child process calling self.run()
SpawnPoolWorker-3| 2026-06-22 03:12:32,508,508 multiprocessing INFO STARTING NEW RUN ==========
SpawnPoolWorker-5| 2026-06-22 03:12:32,508,508 multiprocessing INFO STARTING NEW RUN ==========
SpawnPoolWorker-3| 2026-06-22 03:12:32,509,509 multiprocessing INFO SEE LOG AT : ./logs/all_Lyapunov_test_dso-fn_d_all_d_01_log.txt
SpawnPoolWorker-5| 2026-06-22 03:12:32,509,509 multiprocessing INFO SEE LOG AT : ./logs/all_Lyapunov_test_dso-fn_d_all_d_01_log.txt
SpawnPoolWorker-3| 2026-06-22 03:12:32,509,509 multiprocessing INFO See log at : ./logs/all_Lyapunov_test_dso-fn_d_all_d_01_log.txt
SpawnPoolWorker-5| 2026-06-22 03:12:32,509,509 multiprocessing INFO See log at : ./logs/all_Lyapunov_test_dso-fn_d_all_d_01_log.txt
SpawnPoolWorker-5| 2026-06-22 03:12:32,510,510 multiprocessing INFO child process calling self.run()
SpawnPoolWorker-3| 2026-06-22 03:12:32,510,510 multiprocessing INFO child process calling self.run()
SpawnPoolWorker-8| 2026-06-22 03:12:32,519,519 multiprocessing INFO STARTING NEW RUN ==========
SpawnPoolWorker-8| 2026-06-22 03:12:32,519,519 multiprocessing INFO SEE LOG AT : ./logs/all_Lyapunov_test_dso-fn_d_all_d_01_log.txt
SpawnPoolWorker-8| 2026-06-22 03:12:32,519,519 multiprocessing INFO See log at : ./logs/all_Lyapunov_test_dso-fn_d_all_d_01_log.txt
SpawnPoolWorker-8| 2026-06-22 03:12:32,520,520 multiprocessing INFO child process calling self.run()
SpawnPoolWorker-4| 2026-06-22 03:12:32,559,559 multiprocessing INFO STARTING NEW RUN ==========
SpawnPoolWorker-4| 2026-06-22 03:12:32,559,559 multiprocessing INFO SEE LOG AT : ./logs/all_Lyapunov_test_dso-fn_d_all_d_01_log.txt
SpawnPoolWorker-4| 2026-06-22 03:12:32,559,559 multiprocessing INFO See log at : ./logs/all_Lyapunov_test_dso-fn_d_all_d_01_log.txt
SpawnPoolWorker-7| 2026-06-22 03:12:32,561,561 multiprocessing INFO STARTING NEW RUN ==========
SpawnPoolWorker-7| 2026-06-22 03:12:32,561,561 multiprocessing INFO SEE LOG AT : ./logs/all_Lyapunov_test_dso-fn_d_all_d_01_log.txt
SpawnPoolWorker-7| 2026-06-22 03:12:32,561,561 multiprocessing INFO See log at : ./logs/all_Lyapunov_test_dso-fn_d_all_d_01_log.txt
SpawnPoolWorker-4| 2026-06-22 03:12:32,562,562 multiprocessing INFO child process calling self.run()
SpawnPoolWorker-7| 2026-06-22 03:12:32,564,564 multiprocessing INFO child process calling self.run()
SpawnPoolWorker-10| 2026-06-22 03:12:32,618,618 multiprocessing INFO STARTING NEW RUN ==========
SpawnPoolWorker-10| 2026-06-22 03:12:32,618,618 multiprocessing INFO SEE LOG AT : ./logs/all_Lyapunov_test_dso-fn_d_all_d_01_log.txt
SpawnPoolWorker-10| 2026-06-22 03:12:32,619,619 multiprocessing INFO See log at : ./logs/all_Lyapunov_test_dso-fn_d_all_d_01_log.txt
SpawnPoolWorker-10| 2026-06-22 03:12:32,620,620 multiprocessing INFO child process calling self.run()
SpawnPoolWorker-1| 2026-06-22 03:12:32,629,629 multiprocessing INFO STARTING NEW RUN ==========
SpawnPoolWorker-1| 2026-06-22 03:12:32,629,629 multiprocessing INFO SEE LOG AT : ./logs/all_Lyapunov_test_dso-fn_d_all_d_01_log.txt
SpawnPoolWorker-1| 2026-06-22 03:12:32,630,630 multiprocessing INFO See log at : ./logs/all_Lyapunov_test_dso-fn_d_all_d_01_log.txt
SpawnPoolWorker-1| 2026-06-22 03:12:32,631,631 multiprocessing INFO child process calling self.run()
SpawnPoolWorker-1| 2026-06-22 03:14:03,319,319 multiprocessing INFO process shutting down
SpawnPoolWorker-9| 2026-06-22 03:14:03,319,319 multiprocessing INFO process shutting down
SpawnPoolWorker-7| 2026-06-22 03:14:03,319,319 multiprocessing INFO process shutting down
SpawnPoolWorker-8| 2026-06-22 03:14:03,320,320 multiprocessing INFO process shutting down
SpawnPoolWorker-9| 2026-06-22 03:14:03,321,321 multiprocessing INFO process exiting with exitcode 0
(3000,)

===================Collect 3000 Examples===================

Epsilon 0.1
500
(550,)
(550,)
(55,)
Number of Programs for Minimization: 29
SpawnPoolWorker-20| 2026-06-22 03:14:38,584,584 multiprocessing INFO STARTING NEW RUN ==========
SpawnPoolWorker-20| 2026-06-22 03:14:38,584,584 multiprocessing INFO SEE LOG AT : ./logs/all_Lyapunov_test_dso-fn_d_all_d_01_log.txt
SpawnPoolWorker-20| 2026-06-22 03:14:38,584,584 multiprocessing INFO See log at : ./logs/all_Lyapunov_test_dso-fn_d_all_d_01_log.txt
SpawnPoolWorker-20| 2026-06-22 03:14:38,605,605 multiprocessing INFO child process calling self.run()
SpawnPoolWorker-32| 2026-06-22 03:14:38,702,702 multiprocessing INFO STARTING NEW RUN ==========
SpawnPoolWorker-32| 2026-06-22 03:14:38,703,703 multiprocessing INFO SEE LOG AT : ./logs/all_Lyapunov_test_dso-fn_d_all_d_01_log.txt
SpawnPoolWorker-32| 2026-06-22 03:14:38,703,703 multiprocessing INFO See log at : ./logs/all_Lyapunov_test_dso-fn_d_all_d_01_log.txt
SpawnPoolWorker-32| 2026-06-22 03:14:38,711,711 multiprocessing INFO child process calling self.run()
SpawnPoolWorker-25| 2026-06-22 03:14:38,937,937 multiprocessing INFO STARTING NEW RUN ==========
SpawnPoolWorker-25| 2026-06-22 03:14:38,937,937 multiprocessing INFO SEE LOG AT : ./logs/all_Lyapunov_test_dso-fn_d_all_d_01_log.txt
SpawnPoolWorker-25| 2026-06-22 03:14:38,937,937 multiprocessing INFO See log at : ./logs/all_Lyapunov_test_dso-fn_d_all_d_01_log.txt
SpawnPoolWorker-25| 2026-06-22 03:14:38,948,948 multiprocessing INFO child process calling self.run()
SpawnPoolWorker-28| 2026-06-22 03:14:38,961,961 multiprocessing INFO STARTING NEW RUN ==========
SpawnPoolWorker-28| 2026-06-22 03:14:38,961,961 multiprocessing INFO SEE LOG AT : ./logs/all_Lyapunov_test_dso-fn_d_all_d_01_log.txt
SpawnPoolWorker-28| 2026-06-22 03:14:38,961,961 multiprocessing INFO See log at : ./logs/all_Lyapunov_test_dso-fn_d_all_d_01_log.txt
SpawnPoolWorker-28| 2026-06-22 03:14:38,969,969 multiprocessing INFO child process calling self.run()
SpawnPoolWorker-12| 2026-06-22 03:14:39,061,61 multiprocessing INFO STARTING NEW RUN ==========
SpawnPoolWorker-12| 2026-06-22 03:14:39,062,62 multiprocessing INFO SEE LOG AT : ./logs/all_Lyapunov_test_dso-fn_d_all_d_01_log.txt
SpawnPoolWorker-12| 2026-06-22 03:14:39,062,62 multiprocessing INFO See log at : ./logs/all_Lyapunov_test_dso-fn_d_all_d_01_log.txt
SpawnPoolWorker-12| 2026-06-22 03:14:39,066,66 multiprocessing INFO child process calling self.run()
SpawnPoolWorker-15| 2026-06-22 03:14:39,136,136 multiprocessing INFO STARTING NEW RUN ==========
SpawnPoolWorker-15| 2026-06-22 03:14:39,136,136 multiprocessing INFO SEE LOG AT : ./logs/all_Lyapunov_test_dso-fn_d_all_d_01_log.txt
SpawnPoolWorker-15| 2026-06-22 03:14:39,136,136 multiprocessing INFO See log at : ./logs/all_Lyapunov_test_dso-fn_d_all_d_01_log.txt
SpawnPoolWorker-15| 2026-06-22 03:14:39,154,154 multiprocessing INFO child process calling self.run()
SpawnPoolWorker-23| 2026-06-22 03:14:39,312,312 multiprocessing INFO STARTING NEW RUN ==========
SpawnPoolWorker-23| 2026-06-22 03:14:39,312,312 multiprocessing INFO SEE LOG AT : ./logs/all_Lyapunov_test_dso-fn_d_all_d_01_log.txt
SpawnPoolWorker-23| 2026-06-22 03:14:39,312,312 multiprocessing INFO See log at : ./logs/all_Lyapunov_test_dso-fn_d_all_d_01_log.txt
SpawnPoolWorker-23| 2026-06-22 03:14:39,333,333 multiprocessing INFO child process calling self.run()
SpawnPoolWorker-18| 2026-06-22 03:14:39,371,371 multiprocessing INFO STARTING NEW RUN ==========
SpawnPoolWorker-18| 2026-06-22 03:14:39,371,371 multiprocessing INFO SEE LOG AT : ./logs/all_Lyapunov_test_dso-fn_d_all_d_01_log.txt
SpawnPoolWorker-18| 2026-06-22 03:14:39,371,371 multiprocessing INFO See log at : ./logs/all_Lyapunov_test_dso-fn_d_all_d_01_log.txt
SpawnPoolWorker-18| 2026-06-22 03:14:39,382,382 multiprocessing INFO child process calling self.run()
SpawnPoolWorker-26| 2026-06-22 03:14:39,492,492 multiprocessing INFO STARTING NEW RUN ==========
SpawnPoolWorker-26| 2026-06-22 03:14:39,492,492 multiprocessing INFO SEE LOG AT : ./logs/all_Lyapunov_test_dso-fn_d_all_d_01_log.txt
SpawnPoolWorker-26| 2026-06-22 03:14:39,492,492 multiprocessing INFO See log at : ./logs/all_Lyapunov_test_dso-fn_d_all_d_01_log.txt
SpawnPoolWorker-26| 2026-06-22 03:14:39,502,502 multiprocessing INFO child process calling self.run()
SpawnPoolWorker-14| 2026-06-22 03:14:39,509,509 multiprocessing INFO STARTING NEW RUN ==========
SpawnPoolWorker-14| 2026-06-22 03:14:39,510,510 multiprocessing INFO SEE LOG AT : ./logs/all_Lyapunov_test_dso-fn_d_all_d_01_log.txt
SpawnPoolWorker-14| 2026-06-22 03:14:39,510,510 multiprocessing INFO See log at : ./logs/all_Lyapunov_test_dso-fn_d_all_d_01_log.txt
SpawnPoolWorker-14| 2026-06-22 03:14:39,521,521 multiprocessing INFO child process calling self.run()
SpawnPoolWorker-29| 2026-06-22 03:14:39,528,528 multiprocessing INFO STARTING NEW RUN ==========
SpawnPoolWorker-29| 2026-06-22 03:14:39,529,529 multiprocessing INFO SEE LOG AT : ./logs/all_Lyapunov_test_dso-fn_d_all_d_01_log.txt
SpawnPoolWorker-29| 2026-06-22 03:14:39,529,529 multiprocessing INFO See log at : ./logs/all_Lyapunov_test_dso-fn_d_all_d_01_log.txt
SpawnPoolWorker-29| 2026-06-22 03:14:39,547,547 multiprocessing INFO child process calling self.run()
SpawnPoolWorker-11| 2026-06-22 03:14:39,609,609 multiprocessing INFO STARTING NEW RUN ==========
SpawnPoolWorker-11| 2026-06-22 03:14:39,609,609 multiprocessing INFO SEE LOG AT : ./logs/all_Lyapunov_test_dso-fn_d_all_d_01_log.txt
SpawnPoolWorker-11| 2026-06-22 03:14:39,609,609 multiprocessing INFO See log at : ./logs/all_Lyapunov_test_dso-fn_d_all_d_01_log.txt
SpawnPoolWorker-16| 2026-06-22 03:14:39,623,623 multiprocessing INFO STARTING NEW RUN ==========
SpawnPoolWorker-16| 2026-06-22 03:14:39,623,623 multiprocessing INFO SEE LOG AT : ./logs/all_Lyapunov_test_dso-fn_d_all_d_01_log.txt
SpawnPoolWorker-16| 2026-06-22 03:14:39,623,623 multiprocessing INFO See log at : ./logs/all_Lyapunov_test_dso-fn_d_all_d_01_log.txt
SpawnPoolWorker-11| 2026-06-22 03:14:39,626,626 multiprocessing INFO child process calling self.run()
SpawnPoolWorker-16| 2026-06-22 03:14:39,642,642 multiprocessing INFO child process calling self.run()
SpawnPoolWorker-22| 2026-06-22 03:14:39,773,773 multiprocessing INFO STARTING NEW RUN ==========
SpawnPoolWorker-22| 2026-06-22 03:14:39,773,773 multiprocessing INFO SEE LOG AT : ./logs/all_Lyapunov_test_dso-fn_d_all_d_01_log.txt
SpawnPoolWorker-22| 2026-06-22 03:14:39,773,773 multiprocessing INFO See log at : ./logs/all_Lyapunov_test_dso-fn_d_all_d_01_log.txt
SpawnPoolWorker-21| 2026-06-22 03:14:39,779,779 multiprocessing INFO STARTING NEW RUN ==========
SpawnPoolWorker-21| 2026-06-22 03:14:39,779,779 multiprocessing INFO SEE LOG AT : ./logs/all_Lyapunov_test_dso-fn_d_all_d_01_log.txt
SpawnPoolWorker-21| 2026-06-22 03:14:39,779,779 multiprocessing INFO See log at : ./logs/all_Lyapunov_test_dso-fn_d_all_d_01_log.txt
SpawnPoolWorker-22| 2026-06-22 03:14:39,782,782 multiprocessing INFO child process calling self.run()
SpawnPoolWorker-21| 2026-06-22 03:14:39,795,795 multiprocessing INFO child process calling self.run()
SpawnPoolWorker-17| 2026-06-22 03:14:40,136,136 multiprocessing INFO STARTING NEW RUN ==========
SpawnPoolWorker-17| 2026-06-22 03:14:40,136,136 multiprocessing INFO SEE LOG AT : ./logs/all_Lyapunov_test_dso-fn_d_all_d_01_log.txt
SpawnPoolWorker-17| 2026-06-22 03:14:40,136,136 multiprocessing INFO See log at : ./logs/all_Lyapunov_test_dso-fn_d_all_d_01_log.txt
SpawnPoolWorker-17| 2026-06-22 03:14:40,152,152 multiprocessing INFO child process calling self.run()
SpawnPoolWorker-19| 2026-06-22 03:14:40,363,363 multiprocessing INFO STARTING NEW RUN ==========
SpawnPoolWorker-19| 2026-06-22 03:14:40,363,363 multiprocessing INFO SEE LOG AT : ./logs/all_Lyapunov_test_dso-fn_d_all_d_01_log.txt
SpawnPoolWorker-19| 2026-06-22 03:14:40,363,363 multiprocessing INFO See log at : ./logs/all_Lyapunov_test_dso-fn_d_all_d_01_log.txt
SpawnPoolWorker-19| 2026-06-22 03:14:40,375,375 multiprocessing INFO child process calling self.run()
SpawnPoolWorker-35| 2026-06-22 03:14:40,508,508 multiprocessing INFO STARTING NEW RUN ==========
SpawnPoolWorker-35| 2026-06-22 03:14:40,508,508 multiprocessing INFO SEE LOG AT : ./logs/all_Lyapunov_test_dso-fn_d_all_d_01_log.txt
SpawnPoolWorker-35| 2026-06-22 03:14:40,508,508 multiprocessing INFO See log at : ./logs/all_Lyapunov_test_dso-fn_d_all_d_01_log.txt
SpawnPoolWorker-35| 2026-06-22 03:14:40,515,515 multiprocessing INFO child process calling self.run()
SpawnPoolWorker-13| 2026-06-22 03:14:40,609,609 multiprocessing INFO STARTING NEW RUN ==========
SpawnPoolWorker-13| 2026-06-22 03:14:40,609,609 multiprocessing INFO SEE LOG AT : ./logs/all_Lyapunov_test_dso-fn_d_all_d_01_log.txt
SpawnPoolWorker-13| 2026-06-22 03:14:40,609,609 multiprocessing INFO See log at : ./logs/all_Lyapunov_test_dso-fn_d_all_d_01_log.txt
SpawnPoolWorker-13| 2026-06-22 03:14:40,617,617 multiprocessing INFO child process calling self.run()
SpawnPoolWorker-34| 2026-06-22 03:14:40,792,792 multiprocessing INFO STARTING NEW RUN ==========
SpawnPoolWorker-34| 2026-06-22 03:14:40,792,792 multiprocessing INFO SEE LOG AT : ./logs/all_Lyapunov_test_dso-fn_d_all_d_01_log.txt
SpawnPoolWorker-34| 2026-06-22 03:14:40,792,792 multiprocessing INFO See log at : ./logs/all_Lyapunov_test_dso-fn_d_all_d_01_log.txt
SpawnPoolWorker-34| 2026-06-22 03:14:40,802,802 multiprocessing INFO child process calling self.run()
SpawnPoolWorker-24| 2026-06-22 03:14:40,879,879 multiprocessing INFO STARTING NEW RUN ==========
SpawnPoolWorker-24| 2026-06-22 03:14:40,879,879 multiprocessing INFO SEE LOG AT : ./logs/all_Lyapunov_test_dso-fn_d_all_d_01_log.txt
SpawnPoolWorker-24| 2026-06-22 03:14:40,879,879 multiprocessing INFO See log at : ./logs/all_Lyapunov_test_dso-fn_d_all_d_01_log.txt
SpawnPoolWorker-24| 2026-06-22 03:14:40,890,890 multiprocessing INFO child process calling self.run()
SpawnPoolWorker-36| 2026-06-22 03:14:41,017,17 multiprocessing INFO STARTING NEW RUN ==========
SpawnPoolWorker-36| 2026-06-22 03:14:41,017,17 multiprocessing INFO SEE LOG AT : ./logs/all_Lyapunov_test_dso-fn_d_all_d_01_log.txt
SpawnPoolWorker-36| 2026-06-22 03:14:41,017,17 multiprocessing INFO See log at : ./logs/all_Lyapunov_test_dso-fn_d_all_d_01_log.txt
SpawnPoolWorker-27| 2026-06-22 03:14:41,023,23 multiprocessing INFO STARTING NEW RUN ==========
SpawnPoolWorker-27| 2026-06-22 03:14:41,023,23 multiprocessing INFO SEE LOG AT : ./logs/all_Lyapunov_test_dso-fn_d_all_d_01_log.txt
SpawnPoolWorker-27| 2026-06-22 03:14:41,023,23 multiprocessing INFO See log at : ./logs/all_Lyapunov_test_dso-fn_d_all_d_01_log.txt
SpawnPoolWorker-36| 2026-06-22 03:14:41,024,24 multiprocessing INFO child process calling self.run()
SpawnPoolWorker-27| 2026-06-22 03:14:41,027,27 multiprocessing INFO child process calling self.run()
SpawnPoolWorker-30| 2026-06-22 03:14:41,479,479 multiprocessing INFO STARTING NEW RUN ==========
SpawnPoolWorker-30| 2026-06-22 03:14:41,479,479 multiprocessing INFO SEE LOG AT : ./logs/all_Lyapunov_test_dso-fn_d_all_d_01_log.txt
SpawnPoolWorker-30| 2026-06-22 03:14:41,479,479 multiprocessing INFO See log at : ./logs/all_Lyapunov_test_dso-fn_d_all_d_01_log.txt
SpawnPoolWorker-30| 2026-06-22 03:14:41,487,487 multiprocessing INFO child process calling self.run()
SpawnPoolWorker-13| 2026-06-22 03:14:41,517,517 multiprocessing INFO process shutting down
SpawnPoolWorker-13| 2026-06-22 03:14:41,517,517 multiprocessing INFO process exiting with exitcode 0
SpawnPoolWorker-26| 2026-06-22 03:14:41,518,518 multiprocessing INFO process shutting down
SpawnPoolWorker-20| 2026-06-22 03:14:41,518,518 multiprocessing INFO process shutting down
SpawnPoolWorker-32| 2026-06-22 03:14:41,518,518 multiprocessing INFO process shutting down
SpawnPoolWorker-34| 2026-06-22 03:14:41,518,518 multiprocessing INFO process shutting down
SpawnPoolWorker-11| 2026-06-22 03:14:41,518,518 multiprocessing INFO process shutting down
SpawnPoolWorker-16| 2026-06-22 03:14:41,518,518 multiprocessing INFO process shutting down
SpawnPoolWorker-24| 2026-06-22 03:14:41,519,519 multiprocessing INFO process shutting down
SpawnPoolWorker-12| 2026-06-22 03:14:41,519,519 multiprocessing INFO process shutting down
SpawnPoolWorker-15| 2026-06-22 03:14:41,519,519 multiprocessing INFO process shutting down
SpawnPoolWorker-23| 2026-06-22 03:14:41,519,519 multiprocessing INFO process shutting down
SpawnPoolWorker-29| 2026-06-22 03:14:41,519,519 multiprocessing INFO process shutting down
SpawnPoolWorker-25| 2026-06-22 03:14:41,519,519 multiprocessing INFO process shutting down
SpawnPoolWorker-21| 2026-06-22 03:14:41,519,519 multiprocessing INFO process shutting down
SpawnPoolWorker-36| 2026-06-22 03:14:41,520,520 multiprocessing INFO process shutting down
SpawnPoolWorker-27| 2026-06-22 03:14:41,520,520 multiprocessing INFO process shutting down
SpawnPoolWorker-14| 2026-06-22 03:14:41,520,520 multiprocessing INFO process shutting down
SpawnPoolWorker-28| 2026-06-22 03:14:41,520,520 multiprocessing INFO process shutting down
SpawnPoolWorker-26| 2026-06-22 03:14:41,520,520 multiprocessing INFO process exiting with exitcode 0
SpawnPoolWorker-20| 2026-06-22 03:14:41,520,520 multiprocessing INFO process exiting with exitcode 0
SpawnPoolWorker-22| 2026-06-22 03:14:41,520,520 multiprocessing INFO process shutting down
SpawnPoolWorker-14| 2026-06-22 03:14:41,520,520 multiprocessing INFO process exiting with exitcode 0
SpawnPoolWorker-18| 2026-06-22 03:14:41,520,520 multiprocessing INFO process shutting down
SpawnPoolWorker-28| 2026-06-22 03:14:41,520,520 multiprocessing INFO process exiting with exitcode 0
SpawnPoolWorker-22| 2026-06-22 03:14:41,520,520 multiprocessing INFO process exiting with exitcode 0
SpawnPoolWorker-18| 2026-06-22 03:14:41,520,520 multiprocessing INFO process exiting with exitcode 0
SpawnPoolWorker-17| 2026-06-22 03:14:41,521,521 multiprocessing INFO process shutting down
SpawnPoolWorker-30| 2026-06-22 03:14:41,521,521 multiprocessing INFO process shutting down
SpawnPoolWorker-19| 2026-06-22 03:14:41,521,521 multiprocessing INFO process shutting down
SpawnPoolWorker-35| 2026-06-22 03:14:41,522,522 multiprocessing INFO process shutting down
SpawnPoolWorker-32| 2026-06-22 03:14:41,522,522 multiprocessing INFO process exiting with exitcode 0
SpawnPoolWorker-34| 2026-06-22 03:14:41,526,526 multiprocessing INFO process exiting with exitcode 0
29
(15000, 3)
(15000,)
(15000, 3)
(15000,)

=======================Successfully Added (0,) Counter Examples=======================

Number of valid equations: 45. Program should stopped
x1**2 + 9*x2**2 + 16*x3**2
[x1**2 + 9*x2**2 + 16*x3**2, x1**2 + 9*x2**2 + 16*x3**2, 4*x1**2 + 4*x2**2 + 16*x3**2, 4*x1**2 + 4*x2**2 + 16*x3**2, 4*x1**2 + 4*x2**2 + 16*x3**2, 4*x1**2 + 9*x2**2 + 9*x3**2, 4*x1**2 + 9*x2**2 + 9*x3**2, x1**2 + 9*x2**2 + 9*x3**2, x1**2 + 9*x2**2 + 9*x3**2, x1**2 + 9*x3**2 + (2*x2 + sin(x2))**2, x1**2 + 4*x2**2 + 16*x3**2, x1**2 + 4*x2**2 + 16*x3**2, x1**2 + 4*x2**2 + (3*x3 + sin(x3))**2, x1**2 + 16*x3**2 + (2*x2 + x3)**2, x1**2 + 16*x3**2 + (2*x2 + x3)**2, x1**2 + 16*x3**2 + (2*x2 + x3)**2, x1**2 + 9*x2**2 + (x2 + 3*x3)**2, x1**2 + 9*x2**2 + (x2 + 3*x3)**2, x1**2 + 9*x2**2 + (x2 + 3*x3)**2, x1**2 + 9*x2**2 + (x2 + 3*x3)**2, x1**2 + 9*x2**2 + (x2 + 3*x3)**2, 9*x1**2 + 4*x2**2 + 9*x3**2, x1**4 + 9*x2**2 + 9*x3**2, x1**4 + 4*x2**2 + 16*x3**2, x1**4 + 4*x2**2 + 16*x3**2, 4*x1**2 + 4*x2**2 + 9*x3**2, 4*x1**2 + 4*x2**2 + 9*x3**2, 4*x1**2 + 9*x3**2 + (x2 + sin(x2))**2, 4*x1**2 + 4*x2**2 + (2*x3 + sin(x3))**2, 4*x1**2 + 4*x2**2 + (2*x3 + sin(x3))**2, 4*x1**2 + 4*x2**2 + (2*x3 + sin(x3))**2, x1**2 + 5*x2**2 + 9*x3**2, x1**2 + 5*x2**2 + 9*x3**2, x1**2 + 5*x2**2 + 9*x3**2, x1**2 + 4*x2**2 + 9*x3**2 + sin(x2**2), x1**2 + 4*x2**2 + 9*x3**2 + sin(x2)**2, x1**2 + x2**2 + 9*x3**2 + (x2 + sin(x2))**2, x1**2 + x2**2 + 9*x3**2 + (x2 + sin(x2))**2, x1**2 + 5*x2**2 + (2*x3 + sin(x3))**2, x1**2 + 5*x2**2 + (2*x3 + sin(x3))**2, x1**2 + 5*x2**2 + (2*x3 + sin(x3))**2, x1**2 + x2**2 + 9*x3**2 + sin(2*x2)**2, 5*x2**2 + 9*x3**2 + sin(x1**2), x1**2 + 5*x2**2 + (x3 + sin(2*x3))**2, 5*x2**2 + 9*x3**2 + sin(x1)**2]
MainProcess| 2026-06-22 05:52:20,241,241 multiprocessing INFO Number of valid equations: 45. Program should stopped
Number of valid equations: 45. Program should stopped
MainProcess| 2026-06-22 05:52:20,242,242 multiprocessing INFO x1**2 + 9*x2**2 + 16*x3**2
x1**2 + 9*x2**2 + 16*x3**2
MainProcess| 2026-06-22 05:52:20,242,242 multiprocessing INFO [x1**2 + 9*x2**2 + 16*x3**2, x1**2 + 9*x2**2 + 16*x3**2, 4*x1**2 + 4*x2**2 + 16*x3**2, 4*x1**2 + 4*x2**2 + 16*x3**2, 4*x1**2 + 4*x2**2 + 16*x3**2, 4*x1**2 + 9*x2**2 + 9*x3**2, 4*x1**2 + 9*x2**2 + 9*x3**2, x1**2 + 9*x2**2 + 9*x3**2, x1**2 + 9*x2**2 + 9*x3**2, x1**2 + 9*x3**2 + (2*x2 + sin(x2))**2, x1**2 + 4*x2**2 + 16*x3**2, x1**2 + 4*x2**2 + 16*x3**2, x1**2 + 4*x2**2 + (3*x3 + sin(x3))**2, x1**2 + 16*x3**2 + (2*x2 + x3)**2, x1**2 + 16*x3**2 + (2*x2 + x3)**2, x1**2 + 16*x3**2 + (2*x2 + x3)**2, x1**2 + 9*x2**2 + (x2 + 3*x3)**2, x1**2 + 9*x2**2 + (x2 + 3*x3)**2, x1**2 + 9*x2**2 + (x2 + 3*x3)**2, x1**2 + 9*x2**2 + (x2 + 3*x3)**2, x1**2 + 9*x2**2 + (x2 + 3*x3)**2, 9*x1**2 + 4*x2**2 + 9*x3**2, x1**4 + 9*x2**2 + 9*x3**2, x1**4 + 4*x2**2 + 16*x3**2, x1**4 + 4*x2**2 + 16*x3**2, 4*x1**2 + 4*x2**2 + 9*x3**2, 4*x1**2 + 4*x2**2 + 9*x3**2, 4*x1**2 + 9*x3**2 + (x2 + sin(x2))**2, 4*x1**2 + 4*x2**2 + (2*x3 + sin(x3))**2, 4*x1**2 + 4*x2**2 + (2*x3 + sin(x3))**2, 4*x1**2 + 4*x2**2 + (2*x3 + sin(x3))**2, x1**2 + 5*x2**2 + 9*x3**2, x1**2 + 5*x2**2 + 9*x3**2, x1**2 + 5*x2**2 + 9*x3**2, x1**2 + 4*x2**2 + 9*x3**2 + sin(x2**2), x1**2 + 4*x2**2 + 9*x3**2 + sin(x2)**2, x1**2 + x2**2 + 9*x3**2 + (x2 + sin(x2))**2, x1**2 + x2**2 + 9*x3**2 + (x2 + sin(x2))**2, x1**2 + 5*x2**2 + (2*x3 + sin(x3))**2, x1**2 + 5*x2**2 + (2*x3 + sin(x3))**2, x1**2 + 5*x2**2 + (2*x3 + sin(x3))**2, x1**2 + x2**2 + 9*x3**2 + sin(2*x2)**2, 5*x2**2 + 9*x3**2 + sin(x1**2), x1**2 + 5*x2**2 + (x3 + sin(2*x3))**2, 5*x2**2 + 9*x3**2 + sin(x1)**2]
[x1**2 + 9*x2**2 + 16*x3**2, x1**2 + 9*x2**2 + 16*x3**2, 4*x1**2 + 4*x2**2 + 16*x3**2, 4*x1**2 + 4*x2**2 + 16*x3**2, 4*x1**2 + 4*x2**2 + 16*x3**2, 4*x1**2 + 9*x2**2 + 9*x3**2, 4*x1**2 + 9*x2**2 + 9*x3**2, x1**2 + 9*x2**2 + 9*x3**2, x1**2 + 9*x2**2 + 9*x3**2, x1**2 + 9*x3**2 + (2*x2 + sin(x2))**2, x1**2 + 4*x2**2 + 16*x3**2, x1**2 + 4*x2**2 + 16*x3**2, x1**2 + 4*x2**2 + (3*x3 + sin(x3))**2, x1**2 + 16*x3**2 + (2*x2 + x3)**2, x1**2 + 16*x3**2 + (2*x2 + x3)**2, x1**2 + 16*x3**2 + (2*x2 + x3)**2, x1**2 + 9*x2**2 + (x2 + 3*x3)**2, x1**2 + 9*x2**2 + (x2 + 3*x3)**2, x1**2 + 9*x2**2 + (x2 + 3*x3)**2, x1**2 + 9*x2**2 + (x2 + 3*x3)**2, x1**2 + 9*x2**2 + (x2 + 3*x3)**2, 9*x1**2 + 4*x2**2 + 9*x3**2, x1**4 + 9*x2**2 + 9*x3**2, x1**4 + 4*x2**2 + 16*x3**2, x1**4 + 4*x2**2 + 16*x3**2, 4*x1**2 + 4*x2**2 + 9*x3**2, 4*x1**2 + 4*x2**2 + 9*x3**2, 4*x1**2 + 9*x3**2 + (x2 + sin(x2))**2, 4*x1**2 + 4*x2**2 + (2*x3 + sin(x3))**2, 4*x1**2 + 4*x2**2 + (2*x3 + sin(x3))**2, 4*x1**2 + 4*x2**2 + (2*x3 + sin(x3))**2, x1**2 + 5*x2**2 + 9*x3**2, x1**2 + 5*x2**2 + 9*x3**2, x1**2 + 5*x2**2 + 9*x3**2, x1**2 + 4*x2**2 + 9*x3**2 + sin(x2**2), x1**2 + 4*x2**2 + 9*x3**2 + sin(x2)**2, x1**2 + x2**2 + 9*x3**2 + (x2 + sin(x2))**2, x1**2 + x2**2 + 9*x3**2 + (x2 + sin(x2))**2, x1**2 + 5*x2**2 + (2*x3 + sin(x3))**2, x1**2 + 5*x2**2 + (2*x3 + sin(x3))**2, x1**2 + 5*x2**2 + (2*x3 + sin(x3))**2, x1**2 + x2**2 + 9*x3**2 + sin(2*x2)**2, 5*x2**2 + 9*x3**2 + sin(x1**2), x1**2 + 5*x2**2 + (x3 + sin(2*x3))**2, 5*x2**2 + 9*x3**2 + sin(x1)**2]
(55, 46)
/users/9/chen8596/miniconda3/envs/alfd/lib/python3.9/site-packages/torch/nn/functional.py:4999: UserWarning: Support for mismatched key_padding_mask and attn_mask is deprecated. Use same type for both instead.
  warnings.warn(
/users/9/chen8596/LyaDis/repro/runs/poly3dB/utils/train.py:971: RuntimeWarning: divide by zero encountered in divide
  error = np.abs(((y_hat - y) / y))
/users/9/chen8596/.local/lib/python3.9/site-packages/scipy/stats/_stats_py.py:4424: ConstantInputWarning: An input array is constant; the correlation coefficient is not defined.
  warnings.warn(stats.ConstantInputWarning(msg))
MainProcess| 2026-06-22 05:52:20,725,725 multiprocessing INFO [Test epoch=0001]  nevals=13824 	| train_loss=7400.10840 	| eqs_invalid %=0.55 	| r_best=0.99963 	| quantile=0.88650 	| r_quantile_mean=0.99197 	| r_raw_sum=120.90629 	|  r_raw_mean=0.33400 	| r2=nan 	| acc_iid=0.00000 	| acc_ood=0.00000 	| nmse_test=0.0 	| true_equation_set_count=0 	| s/it=9643.79112
[Test epoch=0001]  nevals=13824 	| train_loss=7400.10840 	| eqs_invalid %=0.55 	| r_best=0.99963 	| quantile=0.88650 	| r_quantile_mean=0.99197 	| r_raw_sum=120.90629 	|  r_raw_mean=0.33400 	| r2=nan 	| acc_iid=0.00000 	| acc_ood=0.00000 	| nmse_test=0.0 	| true_equation_set_count=0 	| s/it=9643.79112
MainProcess| 2026-06-22 05:52:20,725,725 multiprocessing INFO [00:02:40:43.81] Training epoch 1/4000, current best R: 0.9996
[00:02:40:43.81] Training epoch 1/4000, current best R: 0.9996
MainProcess| 2026-06-22 05:52:20,725,725 multiprocessing INFO 
	** New best

	** New best
MainProcess| 2026-06-22 05:52:20,725,725 multiprocessing INFO 	Reward: 0.9996250528467887
	Reward: 0.9996250528467887
MainProcess| 2026-06-22 05:52:20,725,725 multiprocessing INFO 	Count Off-policy: 1
	Count Off-policy: 1
MainProcess| 2026-06-22 05:52:20,725,725 multiprocessing INFO 	Count On-policy: 0
	Count On-policy: 0
MainProcess| 2026-06-22 05:52:20,725,725 multiprocessing INFO 	Originally on Policy: False
	Originally on Policy: False
MainProcess| 2026-06-22 05:52:20,725,725 multiprocessing INFO 	Invalid: False
	Invalid: False
MainProcess| 2026-06-22 05:52:20,725,725 multiprocessing INFO 	Traversal: add,add,n2,x1,n2,add,x2,add,x2,x2,n2,add,add,x3,add,x3,x3,x3
	Traversal: add,add,n2,x1,n2,add,x2,add,x2,x2,n2,add,add,x3,add,x3,x3,x3
MainProcess| 2026-06-22 05:52:20,726,726 multiprocessing INFO 	Expression:
	Expression:
MainProcess| 2026-06-22 05:52:20,826,826 multiprocessing INFO 
	    2       2        2
	  x₁  + 9⋅x₂  + 16⋅x₃ 


	    2       2        2
	  x₁  + 9⋅x₂  + 16⋅x₃ 

MainProcess| 2026-06-22 05:52:20,826,826 multiprocessing INFO [00:02:40:43.91] Early stopping criteria met; breaking early.
[00:02:40:43.91] Early stopping criteria met; breaking early.
MainProcess| 2026-06-22 05:52:20,826,826 multiprocessing INFO -- RUNNING EPOCHS END ---------------

-- RUNNING EPOCHS END ---------------

MainProcess| 2026-06-22 05:52:20,826,826 multiprocessing INFO -- EVALUATION START ----------------
-- EVALUATION START ----------------
Saving Hall of Fame to ./log/fn_d_all_d_5_2026-06-22-031136_3/dso_fn_d_all_d_5_13_hof.csv
Saving Pareto Front to ./log/fn_d_all_d_5_2026-06-22-031136_3/dso_fn_d_all_d_5_13_pf.csv
Invalid expressions: 3 of 13824 (0.0%).
Error type counts:
  square: 3 (100.0%)
Error node counts:
  underflow: 3 (100.0%)
MainProcess| 2026-06-22 05:52:21,370,370 multiprocessing INFO 
Priority queue entry 0:

Priority queue entry 0:
MainProcess| 2026-06-22 05:52:21,370,370 multiprocessing INFO 	Reward: 0.9996250528467887
	Reward: 0.9996250528467887
MainProcess| 2026-06-22 05:52:21,370,370 multiprocessing INFO 	Count Off-policy: 1
	Count Off-policy: 1
MainProcess| 2026-06-22 05:52:21,371,371 multiprocessing INFO 	Count On-policy: 0
	Count On-policy: 0
MainProcess| 2026-06-22 05:52:21,371,371 multiprocessing INFO 	Originally on Policy: False
	Originally on Policy: False
MainProcess| 2026-06-22 05:52:21,371,371 multiprocessing INFO 	Invalid: False
	Invalid: False
MainProcess| 2026-06-22 05:52:21,371,371 multiprocessing INFO 	Traversal: add,add,n2,x1,n2,add,x2,add,x2,x2,n2,add,add,x3,add,x3,x3,x3
	Traversal: add,add,n2,x1,n2,add,x2,add,x2,x2,n2,add,add,x3,add,x3,x3,x3
MainProcess| 2026-06-22 05:52:21,371,371 multiprocessing INFO 	Expression:
	Expression:
MainProcess| 2026-06-22 05:52:21,371,371 multiprocessing INFO 
	    2       2        2
	  x₁  + 9⋅x₂  + 16⋅x₃ 


	    2       2        2
	  x₁  + 9⋅x₂  + 16⋅x₃ 

MainProcess| 2026-06-22 05:52:21,372,372 multiprocessing INFO -- EVALUATION END ------------------
-- EVALUATION END ------------------
MainProcess| 2026-06-22 05:52:21,373,373 multiprocessing INFO == TRAINING SEED 13 END ==============
== TRAINING SEED 13 END ==============
MainProcess| 2026-06-22 05:52:21,374,374 multiprocessing INFO 
== POST-PROCESS START =================

== POST-PROCESS START =================
MainProcess| 2026-06-22 05:52:21,374,374 multiprocessing INFO -- LOADING LOGS START ----------------
-- LOADING LOGS START ----------------
MainProcess| 2026-06-22 05:52:21,419,419 multiprocessing INFO Successfully loaded Hall of Fame data
Successfully loaded Hall of Fame data
MainProcess| 2026-06-22 05:52:23,111,111 multiprocessing INFO Successfully loaded Pareto Front data
Successfully loaded Pareto Front data
MainProcess| 2026-06-22 05:52:23,111,111 multiprocessing INFO *** WARNING:
*** WARNING:
MainProcess| 2026-06-22 05:52:23,111,111 multiprocessing INFO     --> Can't load summary: [Errno 2] No such file or directory: './log/fn_d_all_d_5_2026-06-22-031136_3/summary.csv'
    --> Can't load summary: [Errno 2] No such file or directory: './log/fn_d_all_d_5_2026-06-22-031136_3/summary.csv'
MainProcess| 2026-06-22 05:52:23,112,112 multiprocessing INFO -- LOADING LOGS END ------------------
-- LOADING LOGS END ------------------
MainProcess| 2026-06-22 05:52:23,112,112 multiprocessing INFO 
-- ANALYZING LOG START --------------

-- ANALYZING LOG START --------------
MainProcess| 2026-06-22 05:52:23,112,112 multiprocessing INFO Task_____________regression
Task_____________regression
MainProcess| 2026-06-22 05:52:23,112,112 multiprocessing INFO Source path______./log/fn_d_all_d_5_2026-06-22-031136_3
Source path______./log/fn_d_all_d_5_2026-06-22-031136_3
MainProcess| 2026-06-22 05:52:23,112,112 multiprocessing INFO Runs_____________N/A
Runs_____________N/A
MainProcess| 2026-06-22 05:52:23,112,112 multiprocessing INFO Max Samples/run__2000000
Max Samples/run__2000000
MainProcess| 2026-06-22 05:52:23,112,112 multiprocessing INFO Found issues:
Found issues:
MainProcess| 2026-06-22 05:52:23,112,112 multiprocessing INFO   0
  0
MainProcess| 2026-06-22 05:52:23,112,112 multiprocessing INFO Hall of Fame (Top 5 of 100)____
Hall of Fame (Top 5 of 100)____
MainProcess| 2026-06-22 05:52:23,113,113 multiprocessing INFO     0: S=013 R=0.999775 <-- [x1**2 + 9*x2**2 + 16*x3**2]
    0: S=013 R=0.999775 <-- [x1**2 + 9*x2**2 + 16*x3**2]
MainProcess| 2026-06-22 05:52:23,113,113 multiprocessing INFO     1: S=013 R=0.999775 <-- [x1**2 + 9*x2**2 + 16*x3**2]
    1: S=013 R=0.999775 <-- [x1**2 + 9*x2**2 + 16*x3**2]
MainProcess| 2026-06-22 05:52:23,114,114 multiprocessing INFO     2: S=013 R=0.999712 <-- [4*x1**2 + 4*x2**2 + 16*x3**2]
    2: S=013 R=0.999712 <-- [4*x1**2 + 4*x2**2 + 16*x3**2]
MainProcess| 2026-06-22 05:52:23,114,114 multiprocessing INFO     3: S=013 R=0.999712 <-- [4*x1**2 + 4*x2**2 + 16*x3**2]
    3: S=013 R=0.999712 <-- [4*x1**2 + 4*x2**2 + 16*x3**2]
MainProcess| 2026-06-22 05:52:23,115,115 multiprocessing INFO     4: S=013 R=0.999712 <-- [4*x1**2 + 4*x2**2 + 16*x3**2]
    4: S=013 R=0.999712 <-- [4*x1**2 + 4*x2**2 + 16*x3**2]
MainProcess| 2026-06-22 05:52:23,115,115 multiprocessing INFO Pareto Front (5 of 8)____
Pareto Front (5 of 8)____
MainProcess| 2026-06-22 05:52:23,115,115 multiprocessing INFO     0: S=013 R=0.999775 C=18.00 <-- [x1**2 + 9*x2**2 + 16*x3**2]
    0: S=013 R=0.999775 C=18.00 <-- [x1**2 + 9*x2**2 + 16*x3**2]
MainProcess| 2026-06-22 05:52:23,116,116 multiprocessing INFO     1: S=013 R=0.999684 C=16.00 <-- [x1**2 + 9*x2**2 + 9*x3**2]
    1: S=013 R=0.999684 C=16.00 <-- [x1**2 + 9*x2**2 + 9*x3**2]
MainProcess| 2026-06-22 05:52:23,117,117 multiprocessing INFO     2: S=013 R=0.999545 C=14.00 <-- [x1**2 + 4*x2**2 + 9*x3**2]
    2: S=013 R=0.999545 C=14.00 <-- [x1**2 + 4*x2**2 + 9*x3**2]
MainProcess| 2026-06-22 05:52:23,117,117 multiprocessing INFO     3: S=013 R=0.999303 C=12.00 <-- [x1**2 + 4*x2**2 + 4*x3**2]
    3: S=013 R=0.999303 C=12.00 <-- [x1**2 + 4*x2**2 + 4*x3**2]
MainProcess| 2026-06-22 05:52:23,118,118 multiprocessing INFO     4: S=013 R=0.998727 C=10.00 <-- [x1**2 + x2**2 + 4*x3**2]
    4: S=013 R=0.998727 C=10.00 <-- [x1**2 + x2**2 + 4*x3**2]
MainProcess| 2026-06-22 05:52:23,118,118 multiprocessing INFO -- ANALYZING LOG END ----------------
-- ANALYZING LOG END ----------------
MainProcess| 2026-06-22 05:52:23,118,118 multiprocessing INFO == POST-PROCESS END ===================
== POST-PROCESS END ===================
MainProcess| 2026-06-22 05:52:23,120,120 multiprocessing INFO [TEST RESULT] {'seed': 3, 'r': 0.9996250528467887, 'nmse_test': 0.0, 'nmse_test_noiseless': 0.0, 'success': True, 'expression': '[x1**2 + 9*x2**2 + 16*x3**2]', 'traversal': 'add,add,n2,x1,n2,add,x2,add,x2,x2,n2,add,add,x3,add,x3,x3,x3', 'program': add,add,n2,x1,n2,add,x2,add,x2,x2,n2,add,add,x3,add,x3,x3,x3, 'error_square': 3, 'error_node_underflow': 3, 'n_epochs': 1, 'n_samples': 13824, 'n_cached': 5361, 't': 9644.46191239357, 'baseline': 'transformer', 'run_seed': 3, 'dataset': 'fn_d_all_d_5'}
[TEST RESULT] {'seed': 3, 'r': 0.9996250528467887, 'nmse_test': 0.0, 'nmse_test_noiseless': 0.0, 'success': True, 'expression': '[x1**2 + 9*x2**2 + 16*x3**2]', 'traversal': 'add,add,n2,x1,n2,add,x2,add,x2,x2,n2,add,add,x3,add,x3,x3,x3', 'program': add,add,n2,x1,n2,add,x2,add,x2,x2,n2,add,add,x3,add,x3,x3,x3, 'error_square': 3, 'error_node_underflow': 3, 'n_epochs': 1, 'n_samples': 13824, 'n_cached': 5361, 't': 9644.46191239357, 'baseline': 'transformer', 'run_seed': 3, 'dataset': 'fn_d_all_d_5'}
MainProcess| 2026-06-22 05:52:23,120,120 multiprocessing INFO INFO: Completed run 1 of 1 in 9644 s | LATEST TEST_RESULT {'seed': 3, 'r': 0.9996250528467887, 'nmse_test': 0.0, 'nmse_test_noiseless': 0.0, 'success': True, 'expression': '[x1**2 + 9*x2**2 + 16*x3**2]', 'traversal': 'add,add,n2,x1,n2,add,x2,add,x2,x2,n2,add,add,x3,add,x3,x3,x3', 'program': add,add,n2,x1,n2,add,x2,add,x2,x2,n2,add,add,x3,add,x3,x3,x3, 'error_square': 3, 'error_node_underflow': 3, 'n_epochs': 1, 'n_samples': 13824, 'n_cached': 5361, 't': 9644.46191239357, 'baseline': 'transformer', 'run_seed': 3, 'dataset': 'fn_d_all_d_5'}
INFO: Completed run 1 of 1 in 9644 s | LATEST TEST_RESULT {'seed': 3, 'r': 0.9996250528467887, 'nmse_test': 0.0, 'nmse_test_noiseless': 0.0, 'success': True, 'expression': '[x1**2 + 9*x2**2 + 16*x3**2]', 'traversal': 'add,add,n2,x1,n2,add,x2,add,x2,x2,n2,add,add,x3,add,x3,x3,x3', 'program': add,add,n2,x1,n2,add,x2,add,x2,x2,n2,add,add,x3,add,x3,x3,x3, 'error_square': 3, 'error_node_underflow': 3, 'n_epochs': 1, 'n_samples': 13824, 'n_cached': 5361, 't': 9644.46191239357, 'baseline': 'transformer', 'run_seed': 3, 'dataset': 'fn_d_all_d_5'}
MainProcess| 2026-06-22 05:52:23,120,120 multiprocessing INFO Fin.
MainProcess| 2026-06-22 05:52:23,121,121 multiprocessing INFO process shutting down
[job] done sys=poly3dB seed=3 end=2026-06-22T05:52:24-05:00
