[job] sys=poly3dB benchmark=fn_d_all_d seed=5 host=e8 gpu=0 start=2026-06-22T03:54:44-05:00
MainProcess| 2026-06-22 03:54:49,190,190 multiprocessing INFO STARTING NEW RUN ==========
MainProcess| 2026-06-22 03:54:49,191,191 multiprocessing INFO SEE LOG AT : ./logs/all_Lyapunov_test_dso-fn_d_all_d_01_log.txt
MainProcess| 2026-06-22 03:54:49,191,191 multiprocessing INFO See log at : ./logs/all_Lyapunov_test_dso-fn_d_all_d_01_log.txt
MainProcess| 2026-06-22 03:54:49,192,192 multiprocessing INFO               variables expression                                                                   train_spec test_spec function_set
name                                                                                                                                  
fn_d_all_d_5          3  0*x1+0*x2  {"x1":{"U":[-1,1,15000]}, "x2":{"U":[-1,1,15000]}, "x3":{"U":[-1,1,15000]}}      None         Koza
              variables expression                                                                   train_spec test_spec function_set
name                                                                                                                                  
fn_d_all_d_5          3  0*x1+0*x2  {"x1":{"U":[-1,1,15000]}, "x2":{"U":[-1,1,15000]}, "x3":{"U":[-1,1,15000]}}      None         Koza

-- BUILDING DATASET START -----------
Benchmark path                 : /users/9/chen8596/LyaDis/repro/runs/poly3dB/libs/sd3/dso/dso/task/regression/benchmarks_bkup_1.csv
Generated data for benchmark   : fn_d_all_d_5
-- BUILDING DATASET END -------------

Function set                   : Koza --> ['add', 'sub', 'mul', 'sin', 'cos', 'n2']

MainProcess| 2026-06-22 03:54:49,244,244 multiprocessing INFO [BASELINE_TESTING NOW] dataset=fn_d_all_d_5 	| baseline=transformer 	| seed=5 	| data_samples=15000 	| noise=0.0
MainProcess| 2026-06-22 03:54:49,248,248 multiprocessing INFO [RUN SETTINGS]: test_dataset=fn_d_all_d_5  batch_outer_datasets=24 pre_train=False load_pre_trained_path= priority_queue_training=True gp_meld=True model=TransformerTreeEncoderController train_path= risk_seeking_pg_train=True
[RUN SETTINGS]: test_dataset=fn_d_all_d_5  batch_outer_datasets=24 pre_train=False load_pre_trained_path= priority_queue_training=True gp_meld=True model=TransformerTreeEncoderController train_path= risk_seeking_pg_train=True
MainProcess| 2026-06-22 03:54:49,280,280 multiprocessing INFO Running model : TransformerTreeEncoderController
Running model : TransformerTreeEncoderController

-- BUILDING DATASET START -----------
Benchmark path                 : /users/9/chen8596/LyaDis/repro/runs/poly3dB/libs/sd3/dso/dso/task/regression/benchmarks_bkup_1.csv
Generated data for benchmark   : fn_d_all_d_5
-- BUILDING DATASET END -------------

Function set                   : Koza --> ['add', 'sub', 'mul', 'sin', 'cos', 'n2']

MainProcess| 2026-06-22 03:54:49,285,285 multiprocessing INFO Function set: ['x1', 'x2', 'x3', 'add', 'sub', 'mul', 'sin', 'cos', 'n2']

-- BUILDING DATASET START -----------
Benchmark path                 : /users/9/chen8596/LyaDis/repro/runs/poly3dB/libs/sd3/dso/dso/task/regression/benchmarks_bkup_1.csv
Generated data for benchmark   : fn_d_all_d_5
-- BUILDING DATASET END -------------

Function set                   : Koza --> ['add', 'sub', 'mul', 'sin', 'cos', 'n2']

-- BUILDING PRIOR START -------------
WARNING: Skipping invalid 'RelationalConstraint' with arguments {'targets': [], 'effectors': [], 'relationship': None}. Reason: Prior disabled.
WARNING: Skipping invalid 'RepeatConstraint' with arguments {'tokens': 'const', 'min_': None, 'max_': 5}. Reason: Uses Tokens not in the Library.
WARNING: Skipping invalid 'InverseUnaryConstraint' with arguments {}. Reason: There are no inverse unary Token pairs in the Library.
WARNING: Skipping invalid 'ConstConstraint' with arguments {}. Reason: Prior disabled.
WARNING: Skipping invalid 'NoInputsConstraint' with arguments {}. Reason: All terminal tokens are input variables, so allsequences will have an input variable.
WARNING: Skipping invalid 'UniformArityPrior' with arguments {}. Reason: Prior disabled.
LengthConstraint: Sequences have minimum length 6.
                  Sequences have maximum length 18.
TrigConstraint: [sin, cos] cannot be a descendant of [sin, cos].
SoftLengthPrior: No description available.
-- BUILDING PRIOR END ---------------

MainProcess| 2026-06-22 03:54:49,531,531 multiprocessing INFO Transformer overwriting hidden size to input_dim 128
Transformer overwriting hidden size to input_dim 128
MainProcess| 2026-06-22 03:54:49,637,637 multiprocessing INFO Encoder params: {'sinuisodal_embeddings': False, 'dec_pf_dim': 32, 'dec_layers': 1, 'dim_hidden': 128, 'lr': 0.0001, 'dropout': 0, 'num_features': 1, 'ln': True, 'N_p': 0, 'num_inds': 64, 'activation': 'relu', 'bit16': False, 'norm': True, 'linear': True, 'input_normalization': False, 'src_pad_idx': 0, 'trg_pad_idx': 0, 'length_eq': 20, 'n_l_enc': 3, 'mean': 0.5, 'std': 0.5, 'dim_input': 64, 'num_heads': 2, 'output_dim': 10}
Encoder params: {'sinuisodal_embeddings': False, 'dec_pf_dim': 32, 'dec_layers': 1, 'dim_hidden': 128, 'lr': 0.0001, 'dropout': 0, 'num_features': 1, 'ln': True, 'N_p': 0, 'num_inds': 64, 'activation': 'relu', 'bit16': False, 'norm': True, 'linear': True, 'input_normalization': False, 'src_pad_idx': 0, 'trg_pad_idx': 0, 'length_eq': 20, 'n_l_enc': 3, 'mean': 0.5, 'std': 0.5, 'dim_input': 64, 'num_heads': 2, 'output_dim': 10}
MainProcess| 2026-06-22 03:54:49,646,646 multiprocessing INFO TransformerTreeEncoderController parameters: 4034407 	 | trainable : 4034407
TransformerTreeEncoderController parameters: 4034407 	 | trainable : 4034407
MainProcess| 2026-06-22 03:54:49,723,723 multiprocessing INFO GP CONFIG : {'verbose': False, 'generations': 35, 'p_crossover': 0.5, 'p_mutate': 0.5, 'tournament_size': 7, 'train_n': 50, 'mutate_tree_max': 3}
GP CONFIG : {'verbose': False, 'generations': 35, 'p_crossover': 0.5, 'p_mutate': 0.5, 'tournament_size': 7, 'train_n': 50, 'mutate_tree_max': 3}
MainProcess| 2026-06-22 03:54:49,773,773 multiprocessing INFO config: {'experiment': {'logdir': './log', 'seed': 13, 'timestamp': '2026-06-22-035449', 'task_name': 'fn_d_all_d_5', 'save_path': './log/fn_d_all_d_5_2026-06-22-035449_5'}, 'task': {'task_type': 'regression', 'dataset': 'fn_d_all_d_5', 'function_set': ['add', 'sub', 'mul', 'sin', 'cos', 'n2'], 'metric': 'lyapunov_risk', 'metric_params': [1.0], 'extra_metric_test': None, 'extra_metric_test_params': [], 'threshold': 1e-12, 'protected': False, 'reward_noise': 0.0, 'reward_noise_type': 'r', 'normalize_variance': False, 'decision_tree_threshold_set': []}, 'training': {'n_epochs': None, 'n_samples': 2000000, 'batch_size': 500, 'epsilon': 0.1, 'baseline': 'R_e', 'alpha': 0.5, 'b_jumpstart': False, 'n_cores_batch': 1, 'complexity': 'token', 'const_optimizer': 'scipy', 'const_params': {'method': 'L-BFGS-B', 'options': {'gtol': 0.001}}, 'verbose': True, 'debug': 0, 'early_stopping': True, 'hof': 100, 'use_memory': False, 'memory_capacity': 1000.0, 'warm_start': None, 'memory_threshold': None, 'save_all_epoch': False, 'save_summary': False, 'save_positional_entropy': False, 'save_pareto_front': True, 'save_cache': False, 'save_cache_r_min': 0.9, 'save_freq': 1, 'save_token_count': False}, 'state_manager': {'observe_action': False, 'observe_parent': True, 'observe_sibling': True, 'observe_dangling': False, 'embedding': True, 'embedding_size': 64}, 'controller': {'max_length': 64, 'cell': 'lstm', 'num_layers': 1, 'num_units': 64, 'initializer': 'zeros', 'learning_rate': 0.0003, 'optimizer': 'adam', 'entropy_weight': 0.005, 'entropy_gamma': 0.8, 'pqt': True, 'pqt_k': 10, 'pqt_batch_size': 1, 'pqt_weight': 200.0, 'pqt_use_pg': False, 'summary': False, 'rl_weight': 1.0}, 'gp_meld': {'generations': 35, 'p_crossover': 0.5, 'p_mutate': 0.5, 'tournament_size': 7, 'train_n': 50, 'mutate_tree_max': 3}, 'prior': {'relational': {'targets': [], 'effectors': [], 'relationship': None}, 'length': {'min_': 6, 'max_': 18}, 'repeat': {'tokens': 'const', 'min_': None, 'max_': 5}, 'inverse': {}, 'trig': {}, 'const': {}, 'no_inputs': {}, 'uniform_arity': {}, 'soft_length': {'loc': 14, 'scale': 5}}, 'postprocess': {'show_count': 5, 'save_plots': True}, 'model': 'TransformerTreeEncoderController', 'function_names_str': 'x1,x2,x3,add,sub,mul,sin,cos,n2', 'nesymres_train_config': {'architecture': {'sinuisodal_embeddings': False, 'dec_pf_dim': 32, 'dec_layers': 1, 'dim_hidden': 128, 'lr': 0.0001, 'dropout': 0, 'num_features': 1, 'ln': True, 'N_p': 0, 'num_inds': 64, 'activation': 'relu', 'bit16': False, 'norm': True, 'linear': True, 'input_normalization': False, 'src_pad_idx': 0, 'trg_pad_idx': 0, 'length_eq': 20, 'n_l_enc': 3, 'mean': 0.5, 'std': 0.5, 'dim_input': 64, 'num_heads': 2, 'output_dim': 10}}}

-- BUILDING DATASET START -----------
Benchmark path                 : /users/9/chen8596/LyaDis/repro/runs/poly3dB/libs/sd3/dso/dso/task/regression/benchmarks_bkup_1.csv
Generated data for benchmark   : fn_d_all_d_5
-- BUILDING DATASET END -------------

Function set                   : Koza --> ['add', 'sub', 'mul', 'sin', 'cos', 'n2']

-- RUNNING EPOCHS START -------------
torch.Size([500, 46])
/users/9/chen8596/miniconda3/envs/alfd/lib/python3.9/site-packages/torch/nn/functional.py:4999: UserWarning: Support for mismatched key_padding_mask and attn_mask is deprecated. Use same type for both instead.
  warnings.warn(
/users/9/chen8596/miniconda3/envs/alfd/lib/python3.9/site-packages/torch/nn/functional.py:4999: UserWarning: Support for mismatched key_padding_mask and attn_mask is deprecated. Use same type for both instead.
  warnings.warn(
/users/9/chen8596/miniconda3/envs/alfd/lib/python3.9/site-packages/torch/nn/functional.py:4999: UserWarning: Support for mismatched key_padding_mask and attn_mask is deprecated. Use same type for both instead.
  warnings.warn(
MainProcess| 2026-06-22 03:55:33,396,396 multiprocessing INFO Genetic Porgramming Runtime 41.53938492294401
Genetic Porgramming Runtime 41.53938492294401

=========================PGD Collection Starts=========================

MainProcess| 2026-06-22 03:55:34,098,98 multiprocessing INFO created temp directory /tmp/pymp-ibd85nob
SpawnPoolWorker-4| 2026-06-22 03:55:36,951,951 multiprocessing INFO STARTING NEW RUN ==========
SpawnPoolWorker-2| 2026-06-22 03:55:36,951,951 multiprocessing INFO STARTING NEW RUN ==========
SpawnPoolWorker-9| 2026-06-22 03:55:36,951,951 multiprocessing INFO STARTING NEW RUN ==========
SpawnPoolWorker-4| 2026-06-22 03:55:36,952,952 multiprocessing INFO SEE LOG AT : ./logs/all_Lyapunov_test_dso-fn_d_all_d_01_log.txt
SpawnPoolWorker-2| 2026-06-22 03:55:36,952,952 multiprocessing INFO SEE LOG AT : ./logs/all_Lyapunov_test_dso-fn_d_all_d_01_log.txt
SpawnPoolWorker-9| 2026-06-22 03:55:36,952,952 multiprocessing INFO SEE LOG AT : ./logs/all_Lyapunov_test_dso-fn_d_all_d_01_log.txt
SpawnPoolWorker-4| 2026-06-22 03:55:36,952,952 multiprocessing INFO See log at : ./logs/all_Lyapunov_test_dso-fn_d_all_d_01_log.txt
SpawnPoolWorker-2| 2026-06-22 03:55:36,952,952 multiprocessing INFO See log at : ./logs/all_Lyapunov_test_dso-fn_d_all_d_01_log.txt
SpawnPoolWorker-9| 2026-06-22 03:55:36,952,952 multiprocessing INFO See log at : ./logs/all_Lyapunov_test_dso-fn_d_all_d_01_log.txt
SpawnPoolWorker-4| 2026-06-22 03:55:36,953,953 multiprocessing INFO child process calling self.run()
SpawnPoolWorker-2| 2026-06-22 03:55:36,953,953 multiprocessing INFO child process calling self.run()
SpawnPoolWorker-9| 2026-06-22 03:55:36,953,953 multiprocessing INFO child process calling self.run()
SpawnPoolWorker-1| 2026-06-22 03:55:36,985,985 multiprocessing INFO STARTING NEW RUN ==========
SpawnPoolWorker-3| 2026-06-22 03:55:36,985,985 multiprocessing INFO STARTING NEW RUN ==========
SpawnPoolWorker-1| 2026-06-22 03:55:36,985,985 multiprocessing INFO SEE LOG AT : ./logs/all_Lyapunov_test_dso-fn_d_all_d_01_log.txt
SpawnPoolWorker-3| 2026-06-22 03:55:36,985,985 multiprocessing INFO SEE LOG AT : ./logs/all_Lyapunov_test_dso-fn_d_all_d_01_log.txt
SpawnPoolWorker-1| 2026-06-22 03:55:36,985,985 multiprocessing INFO See log at : ./logs/all_Lyapunov_test_dso-fn_d_all_d_01_log.txt
SpawnPoolWorker-3| 2026-06-22 03:55:36,985,985 multiprocessing INFO See log at : ./logs/all_Lyapunov_test_dso-fn_d_all_d_01_log.txt
SpawnPoolWorker-1| 2026-06-22 03:55:36,986,986 multiprocessing INFO child process calling self.run()
SpawnPoolWorker-3| 2026-06-22 03:55:36,986,986 multiprocessing INFO child process calling self.run()
SpawnPoolWorker-6| 2026-06-22 03:55:37,024,24 multiprocessing INFO STARTING NEW RUN ==========
SpawnPoolWorker-6| 2026-06-22 03:55:37,024,24 multiprocessing INFO SEE LOG AT : ./logs/all_Lyapunov_test_dso-fn_d_all_d_01_log.txt
SpawnPoolWorker-6| 2026-06-22 03:55:37,024,24 multiprocessing INFO See log at : ./logs/all_Lyapunov_test_dso-fn_d_all_d_01_log.txt
SpawnPoolWorker-6| 2026-06-22 03:55:37,026,26 multiprocessing INFO child process calling self.run()
SpawnPoolWorker-7| 2026-06-22 03:55:37,040,40 multiprocessing INFO STARTING NEW RUN ==========
SpawnPoolWorker-7| 2026-06-22 03:55:37,040,40 multiprocessing INFO SEE LOG AT : ./logs/all_Lyapunov_test_dso-fn_d_all_d_01_log.txt
SpawnPoolWorker-7| 2026-06-22 03:55:37,040,40 multiprocessing INFO See log at : ./logs/all_Lyapunov_test_dso-fn_d_all_d_01_log.txt
SpawnPoolWorker-7| 2026-06-22 03:55:37,041,41 multiprocessing INFO child process calling self.run()
SpawnPoolWorker-8| 2026-06-22 03:55:37,042,42 multiprocessing INFO STARTING NEW RUN ==========
SpawnPoolWorker-8| 2026-06-22 03:55:37,042,42 multiprocessing INFO SEE LOG AT : ./logs/all_Lyapunov_test_dso-fn_d_all_d_01_log.txt
SpawnPoolWorker-8| 2026-06-22 03:55:37,042,42 multiprocessing INFO See log at : ./logs/all_Lyapunov_test_dso-fn_d_all_d_01_log.txt
SpawnPoolWorker-8| 2026-06-22 03:55:37,043,43 multiprocessing INFO child process calling self.run()
SpawnPoolWorker-5| 2026-06-22 03:55:37,052,52 multiprocessing INFO STARTING NEW RUN ==========
SpawnPoolWorker-5| 2026-06-22 03:55:37,052,52 multiprocessing INFO SEE LOG AT : ./logs/all_Lyapunov_test_dso-fn_d_all_d_01_log.txt
SpawnPoolWorker-5| 2026-06-22 03:55:37,052,52 multiprocessing INFO See log at : ./logs/all_Lyapunov_test_dso-fn_d_all_d_01_log.txt
SpawnPoolWorker-5| 2026-06-22 03:55:37,053,53 multiprocessing INFO child process calling self.run()
SpawnPoolWorker-10| 2026-06-22 03:55:37,072,72 multiprocessing INFO STARTING NEW RUN ==========
SpawnPoolWorker-10| 2026-06-22 03:55:37,072,72 multiprocessing INFO SEE LOG AT : ./logs/all_Lyapunov_test_dso-fn_d_all_d_01_log.txt
SpawnPoolWorker-10| 2026-06-22 03:55:37,072,72 multiprocessing INFO See log at : ./logs/all_Lyapunov_test_dso-fn_d_all_d_01_log.txt
SpawnPoolWorker-10| 2026-06-22 03:55:37,073,73 multiprocessing INFO child process calling self.run()
SpawnPoolWorker-6| 2026-06-22 03:57:06,342,342 multiprocessing INFO process shutting down
SpawnPoolWorker-3| 2026-06-22 03:57:06,342,342 multiprocessing INFO process shutting down
SpawnPoolWorker-4| 2026-06-22 03:57:06,343,343 multiprocessing INFO process shutting down
SpawnPoolWorker-8| 2026-06-22 03:57:06,342,342 multiprocessing INFO process shutting down
SpawnPoolWorker-9| 2026-06-22 03:57:06,343,343 multiprocessing INFO process shutting down
SpawnPoolWorker-10| 2026-06-22 03:57:06,343,343 multiprocessing INFO process shutting down
SpawnPoolWorker-8| 2026-06-22 03:57:06,344,344 multiprocessing INFO process exiting with exitcode 0
SpawnPoolWorker-10| 2026-06-22 03:57:06,344,344 multiprocessing INFO process exiting with exitcode 0
(3000,)

===================Collect 3000 Examples===================

Epsilon 0.1
500
(550,)
(550,)
(55,)
Number of Programs for Minimization: 28
SpawnPoolWorker-11| 2026-06-22 03:57:40,546,546 multiprocessing INFO STARTING NEW RUN ==========
SpawnPoolWorker-11| 2026-06-22 03:57:40,546,546 multiprocessing INFO SEE LOG AT : ./logs/all_Lyapunov_test_dso-fn_d_all_d_01_log.txt
SpawnPoolWorker-11| 2026-06-22 03:57:40,546,546 multiprocessing INFO See log at : ./logs/all_Lyapunov_test_dso-fn_d_all_d_01_log.txt
SpawnPoolWorker-11| 2026-06-22 03:57:40,576,576 multiprocessing INFO child process calling self.run()
SpawnPoolWorker-18| 2026-06-22 03:57:40,779,779 multiprocessing INFO STARTING NEW RUN ==========
SpawnPoolWorker-18| 2026-06-22 03:57:40,779,779 multiprocessing INFO SEE LOG AT : ./logs/all_Lyapunov_test_dso-fn_d_all_d_01_log.txt
SpawnPoolWorker-18| 2026-06-22 03:57:40,779,779 multiprocessing INFO See log at : ./logs/all_Lyapunov_test_dso-fn_d_all_d_01_log.txt
SpawnPoolWorker-18| 2026-06-22 03:57:40,787,787 multiprocessing INFO child process calling self.run()
SpawnPoolWorker-15| 2026-06-22 03:57:41,311,311 multiprocessing INFO STARTING NEW RUN ==========
SpawnPoolWorker-15| 2026-06-22 03:57:41,311,311 multiprocessing INFO SEE LOG AT : ./logs/all_Lyapunov_test_dso-fn_d_all_d_01_log.txt
SpawnPoolWorker-15| 2026-06-22 03:57:41,311,311 multiprocessing INFO See log at : ./logs/all_Lyapunov_test_dso-fn_d_all_d_01_log.txt
SpawnPoolWorker-15| 2026-06-22 03:57:41,328,328 multiprocessing INFO child process calling self.run()
SpawnPoolWorker-16| 2026-06-22 03:57:41,594,594 multiprocessing INFO STARTING NEW RUN ==========
SpawnPoolWorker-16| 2026-06-22 03:57:41,594,594 multiprocessing INFO SEE LOG AT : ./logs/all_Lyapunov_test_dso-fn_d_all_d_01_log.txt
SpawnPoolWorker-16| 2026-06-22 03:57:41,594,594 multiprocessing INFO See log at : ./logs/all_Lyapunov_test_dso-fn_d_all_d_01_log.txt
SpawnPoolWorker-16| 2026-06-22 03:57:41,598,598 multiprocessing INFO child process calling self.run()
SpawnPoolWorker-19| 2026-06-22 03:57:42,849,849 multiprocessing INFO STARTING NEW RUN ==========
SpawnPoolWorker-19| 2026-06-22 03:57:42,849,849 multiprocessing INFO SEE LOG AT : ./logs/all_Lyapunov_test_dso-fn_d_all_d_01_log.txt
SpawnPoolWorker-19| 2026-06-22 03:57:42,849,849 multiprocessing INFO See log at : ./logs/all_Lyapunov_test_dso-fn_d_all_d_01_log.txt
SpawnPoolWorker-19| 2026-06-22 03:57:42,853,853 multiprocessing INFO child process calling self.run()
SpawnPoolWorker-20| 2026-06-22 03:57:42,859,859 multiprocessing INFO STARTING NEW RUN ==========
SpawnPoolWorker-20| 2026-06-22 03:57:42,860,860 multiprocessing INFO SEE LOG AT : ./logs/all_Lyapunov_test_dso-fn_d_all_d_01_log.txt
SpawnPoolWorker-20| 2026-06-22 03:57:42,860,860 multiprocessing INFO See log at : ./logs/all_Lyapunov_test_dso-fn_d_all_d_01_log.txt
SpawnPoolWorker-13| 2026-06-22 03:57:42,876,876 multiprocessing INFO STARTING NEW RUN ==========
SpawnPoolWorker-13| 2026-06-22 03:57:42,876,876 multiprocessing INFO SEE LOG AT : ./logs/all_Lyapunov_test_dso-fn_d_all_d_01_log.txt
SpawnPoolWorker-13| 2026-06-22 03:57:42,876,876 multiprocessing INFO See log at : ./logs/all_Lyapunov_test_dso-fn_d_all_d_01_log.txt
SpawnPoolWorker-20| 2026-06-22 03:57:42,878,878 multiprocessing INFO child process calling self.run()
SpawnPoolWorker-13| 2026-06-22 03:57:42,891,891 multiprocessing INFO child process calling self.run()
SpawnPoolWorker-26| 2026-06-22 03:57:42,908,908 multiprocessing INFO STARTING NEW RUN ==========
SpawnPoolWorker-26| 2026-06-22 03:57:42,908,908 multiprocessing INFO SEE LOG AT : ./logs/all_Lyapunov_test_dso-fn_d_all_d_01_log.txt
SpawnPoolWorker-26| 2026-06-22 03:57:42,908,908 multiprocessing INFO See log at : ./logs/all_Lyapunov_test_dso-fn_d_all_d_01_log.txt
SpawnPoolWorker-26| 2026-06-22 03:57:42,920,920 multiprocessing INFO child process calling self.run()
SpawnPoolWorker-12| 2026-06-22 03:57:43,017,17 multiprocessing INFO STARTING NEW RUN ==========
SpawnPoolWorker-12| 2026-06-22 03:57:43,017,17 multiprocessing INFO SEE LOG AT : ./logs/all_Lyapunov_test_dso-fn_d_all_d_01_log.txt
SpawnPoolWorker-12| 2026-06-22 03:57:43,017,17 multiprocessing INFO See log at : ./logs/all_Lyapunov_test_dso-fn_d_all_d_01_log.txt
SpawnPoolWorker-12| 2026-06-22 03:57:43,033,33 multiprocessing INFO child process calling self.run()
SpawnPoolWorker-29| 2026-06-22 03:57:43,181,181 multiprocessing INFO STARTING NEW RUN ==========
SpawnPoolWorker-29| 2026-06-22 03:57:43,181,181 multiprocessing INFO SEE LOG AT : ./logs/all_Lyapunov_test_dso-fn_d_all_d_01_log.txt
SpawnPoolWorker-29| 2026-06-22 03:57:43,181,181 multiprocessing INFO See log at : ./logs/all_Lyapunov_test_dso-fn_d_all_d_01_log.txt
SpawnPoolWorker-29| 2026-06-22 03:57:43,193,193 multiprocessing INFO child process calling self.run()
SpawnPoolWorker-17| 2026-06-22 03:57:43,205,205 multiprocessing INFO STARTING NEW RUN ==========
SpawnPoolWorker-17| 2026-06-22 03:57:43,205,205 multiprocessing INFO SEE LOG AT : ./logs/all_Lyapunov_test_dso-fn_d_all_d_01_log.txt
SpawnPoolWorker-17| 2026-06-22 03:57:43,205,205 multiprocessing INFO See log at : ./logs/all_Lyapunov_test_dso-fn_d_all_d_01_log.txt
SpawnPoolWorker-17| 2026-06-22 03:57:43,228,228 multiprocessing INFO child process calling self.run()
SpawnPoolWorker-23| 2026-06-22 03:57:43,271,271 multiprocessing INFO STARTING NEW RUN ==========
SpawnPoolWorker-23| 2026-06-22 03:57:43,271,271 multiprocessing INFO SEE LOG AT : ./logs/all_Lyapunov_test_dso-fn_d_all_d_01_log.txt
SpawnPoolWorker-23| 2026-06-22 03:57:43,271,271 multiprocessing INFO See log at : ./logs/all_Lyapunov_test_dso-fn_d_all_d_01_log.txt
SpawnPoolWorker-28| 2026-06-22 03:57:43,272,272 multiprocessing INFO STARTING NEW RUN ==========
SpawnPoolWorker-28| 2026-06-22 03:57:43,272,272 multiprocessing INFO SEE LOG AT : ./logs/all_Lyapunov_test_dso-fn_d_all_d_01_log.txt
SpawnPoolWorker-28| 2026-06-22 03:57:43,272,272 multiprocessing INFO See log at : ./logs/all_Lyapunov_test_dso-fn_d_all_d_01_log.txt
SpawnPoolWorker-23| 2026-06-22 03:57:43,286,286 multiprocessing INFO child process calling self.run()
SpawnPoolWorker-28| 2026-06-22 03:57:43,297,297 multiprocessing INFO child process calling self.run()
SpawnPoolWorker-45| 2026-06-22 03:57:43,450,450 multiprocessing INFO STARTING NEW RUN ==========
SpawnPoolWorker-45| 2026-06-22 03:57:43,450,450 multiprocessing INFO SEE LOG AT : ./logs/all_Lyapunov_test_dso-fn_d_all_d_01_log.txt
SpawnPoolWorker-45| 2026-06-22 03:57:43,450,450 multiprocessing INFO See log at : ./logs/all_Lyapunov_test_dso-fn_d_all_d_01_log.txt
SpawnPoolWorker-45| 2026-06-22 03:57:43,473,473 multiprocessing INFO child process calling self.run()
SpawnPoolWorker-24| 2026-06-22 03:57:43,625,625 multiprocessing INFO STARTING NEW RUN ==========
SpawnPoolWorker-24| 2026-06-22 03:57:43,625,625 multiprocessing INFO SEE LOG AT : ./logs/all_Lyapunov_test_dso-fn_d_all_d_01_log.txt
SpawnPoolWorker-24| 2026-06-22 03:57:43,625,625 multiprocessing INFO See log at : ./logs/all_Lyapunov_test_dso-fn_d_all_d_01_log.txt
SpawnPoolWorker-24| 2026-06-22 03:57:43,647,647 multiprocessing INFO child process calling self.run()
SpawnPoolWorker-14| 2026-06-22 03:57:43,718,718 multiprocessing INFO STARTING NEW RUN ==========
SpawnPoolWorker-14| 2026-06-22 03:57:43,718,718 multiprocessing INFO SEE LOG AT : ./logs/all_Lyapunov_test_dso-fn_d_all_d_01_log.txt
SpawnPoolWorker-14| 2026-06-22 03:57:43,718,718 multiprocessing INFO See log at : ./logs/all_Lyapunov_test_dso-fn_d_all_d_01_log.txt
SpawnPoolWorker-14| 2026-06-22 03:57:43,748,748 multiprocessing INFO child process calling self.run()
SpawnPoolWorker-25| 2026-06-22 03:57:43,789,789 multiprocessing INFO STARTING NEW RUN ==========
SpawnPoolWorker-25| 2026-06-22 03:57:43,789,789 multiprocessing INFO SEE LOG AT : ./logs/all_Lyapunov_test_dso-fn_d_all_d_01_log.txt
SpawnPoolWorker-25| 2026-06-22 03:57:43,789,789 multiprocessing INFO See log at : ./logs/all_Lyapunov_test_dso-fn_d_all_d_01_log.txt
SpawnPoolWorker-27| 2026-06-22 03:57:43,789,789 multiprocessing INFO STARTING NEW RUN ==========
SpawnPoolWorker-27| 2026-06-22 03:57:43,789,789 multiprocessing INFO SEE LOG AT : ./logs/all_Lyapunov_test_dso-fn_d_all_d_01_log.txt
SpawnPoolWorker-27| 2026-06-22 03:57:43,789,789 multiprocessing INFO See log at : ./logs/all_Lyapunov_test_dso-fn_d_all_d_01_log.txt
SpawnPoolWorker-27| 2026-06-22 03:57:43,798,798 multiprocessing INFO child process calling self.run()
SpawnPoolWorker-25| 2026-06-22 03:57:43,806,806 multiprocessing INFO child process calling self.run()
SpawnPoolWorker-22| 2026-06-22 03:57:43,951,951 multiprocessing INFO STARTING NEW RUN ==========
SpawnPoolWorker-22| 2026-06-22 03:57:43,951,951 multiprocessing INFO SEE LOG AT : ./logs/all_Lyapunov_test_dso-fn_d_all_d_01_log.txt
SpawnPoolWorker-22| 2026-06-22 03:57:43,951,951 multiprocessing INFO See log at : ./logs/all_Lyapunov_test_dso-fn_d_all_d_01_log.txt
SpawnPoolWorker-22| 2026-06-22 03:57:43,960,960 multiprocessing INFO child process calling self.run()
SpawnPoolWorker-21| 2026-06-22 03:57:44,320,320 multiprocessing INFO STARTING NEW RUN ==========
SpawnPoolWorker-21| 2026-06-22 03:57:44,321,321 multiprocessing INFO SEE LOG AT : ./logs/all_Lyapunov_test_dso-fn_d_all_d_01_log.txt
SpawnPoolWorker-21| 2026-06-22 03:57:44,321,321 multiprocessing INFO See log at : ./logs/all_Lyapunov_test_dso-fn_d_all_d_01_log.txt
SpawnPoolWorker-21| 2026-06-22 03:57:44,332,332 multiprocessing INFO child process calling self.run()
SpawnPoolWorker-35| 2026-06-22 03:57:44,880,880 multiprocessing INFO STARTING NEW RUN ==========
SpawnPoolWorker-35| 2026-06-22 03:57:44,880,880 multiprocessing INFO SEE LOG AT : ./logs/all_Lyapunov_test_dso-fn_d_all_d_01_log.txt
SpawnPoolWorker-35| 2026-06-22 03:57:44,880,880 multiprocessing INFO See log at : ./logs/all_Lyapunov_test_dso-fn_d_all_d_01_log.txt
SpawnPoolWorker-35| 2026-06-22 03:57:44,890,890 multiprocessing INFO child process calling self.run()
SpawnPoolWorker-30| 2026-06-22 03:57:44,916,916 multiprocessing INFO STARTING NEW RUN ==========
SpawnPoolWorker-30| 2026-06-22 03:57:44,916,916 multiprocessing INFO SEE LOG AT : ./logs/all_Lyapunov_test_dso-fn_d_all_d_01_log.txt
SpawnPoolWorker-30| 2026-06-22 03:57:44,916,916 multiprocessing INFO See log at : ./logs/all_Lyapunov_test_dso-fn_d_all_d_01_log.txt
SpawnPoolWorker-30| 2026-06-22 03:57:44,928,928 multiprocessing INFO child process calling self.run()
SpawnPoolWorker-32| 2026-06-22 03:57:45,261,261 multiprocessing INFO STARTING NEW RUN ==========
SpawnPoolWorker-32| 2026-06-22 03:57:45,261,261 multiprocessing INFO SEE LOG AT : ./logs/all_Lyapunov_test_dso-fn_d_all_d_01_log.txt
SpawnPoolWorker-32| 2026-06-22 03:57:45,261,261 multiprocessing INFO See log at : ./logs/all_Lyapunov_test_dso-fn_d_all_d_01_log.txt
SpawnPoolWorker-32| 2026-06-22 03:57:45,276,276 multiprocessing INFO child process calling self.run()
SpawnPoolWorker-36| 2026-06-22 03:57:45,668,668 multiprocessing INFO STARTING NEW RUN ==========
SpawnPoolWorker-36| 2026-06-22 03:57:45,668,668 multiprocessing INFO SEE LOG AT : ./logs/all_Lyapunov_test_dso-fn_d_all_d_01_log.txt
SpawnPoolWorker-36| 2026-06-22 03:57:45,668,668 multiprocessing INFO See log at : ./logs/all_Lyapunov_test_dso-fn_d_all_d_01_log.txt
SpawnPoolWorker-36| 2026-06-22 03:57:45,689,689 multiprocessing INFO child process calling self.run()
SpawnPoolWorker-37| 2026-06-22 03:57:46,036,36 multiprocessing INFO STARTING NEW RUN ==========
SpawnPoolWorker-37| 2026-06-22 03:57:46,036,36 multiprocessing INFO SEE LOG AT : ./logs/all_Lyapunov_test_dso-fn_d_all_d_01_log.txt
SpawnPoolWorker-37| 2026-06-22 03:57:46,036,36 multiprocessing INFO See log at : ./logs/all_Lyapunov_test_dso-fn_d_all_d_01_log.txt
SpawnPoolWorker-33| 2026-06-22 03:57:46,039,39 multiprocessing INFO STARTING NEW RUN ==========
SpawnPoolWorker-33| 2026-06-22 03:57:46,039,39 multiprocessing INFO SEE LOG AT : ./logs/all_Lyapunov_test_dso-fn_d_all_d_01_log.txt
SpawnPoolWorker-33| 2026-06-22 03:57:46,039,39 multiprocessing INFO See log at : ./logs/all_Lyapunov_test_dso-fn_d_all_d_01_log.txt
SpawnPoolWorker-37| 2026-06-22 03:57:46,045,45 multiprocessing INFO child process calling self.run()
SpawnPoolWorker-33| 2026-06-22 03:57:46,054,54 multiprocessing INFO child process calling self.run()
SpawnPoolWorker-38| 2026-06-22 03:57:46,097,97 multiprocessing INFO STARTING NEW RUN ==========
SpawnPoolWorker-38| 2026-06-22 03:57:46,097,97 multiprocessing INFO SEE LOG AT : ./logs/all_Lyapunov_test_dso-fn_d_all_d_01_log.txt
SpawnPoolWorker-38| 2026-06-22 03:57:46,097,97 multiprocessing INFO See log at : ./logs/all_Lyapunov_test_dso-fn_d_all_d_01_log.txt
SpawnPoolWorker-38| 2026-06-22 03:57:46,117,117 multiprocessing INFO child process calling self.run()
SpawnPoolWorker-34| 2026-06-22 03:57:46,268,268 multiprocessing INFO STARTING NEW RUN ==========
SpawnPoolWorker-34| 2026-06-22 03:57:46,268,268 multiprocessing INFO SEE LOG AT : ./logs/all_Lyapunov_test_dso-fn_d_all_d_01_log.txt
SpawnPoolWorker-34| 2026-06-22 03:57:46,268,268 multiprocessing INFO See log at : ./logs/all_Lyapunov_test_dso-fn_d_all_d_01_log.txt
SpawnPoolWorker-34| 2026-06-22 03:57:46,279,279 multiprocessing INFO child process calling self.run()
SpawnPoolWorker-16| 2026-06-22 03:57:46,748,748 multiprocessing INFO process shutting down
SpawnPoolWorker-16| 2026-06-22 03:57:46,749,749 multiprocessing INFO process exiting with exitcode 0
SpawnPoolWorker-20| 2026-06-22 03:57:46,749,749 multiprocessing INFO process shutting down
SpawnPoolWorker-15| 2026-06-22 03:57:46,749,749 multiprocessing INFO process shutting down
SpawnPoolWorker-26| 2026-06-22 03:57:46,749,749 multiprocessing INFO process shutting down
SpawnPoolWorker-19| 2026-06-22 03:57:46,750,750 multiprocessing INFO process shutting down
SpawnPoolWorker-11| 2026-06-22 03:57:46,750,750 multiprocessing INFO process shutting down
SpawnPoolWorker-17| 2026-06-22 03:57:46,750,750 multiprocessing INFO process shutting down
SpawnPoolWorker-28| 2026-06-22 03:57:46,750,750 multiprocessing INFO process shutting down
SpawnPoolWorker-12| 2026-06-22 03:57:46,750,750 multiprocessing INFO process shutting down
SpawnPoolWorker-13| 2026-06-22 03:57:46,750,750 multiprocessing INFO process shutting down
SpawnPoolWorker-32| 2026-06-22 03:57:46,750,750 multiprocessing INFO process shutting down
SpawnPoolWorker-29| 2026-06-22 03:57:46,751,751 multiprocessing INFO process shutting down
SpawnPoolWorker-20| 2026-06-22 03:57:46,751,751 multiprocessing INFO process exiting with exitcode 0
SpawnPoolWorker-29| 2026-06-22 03:57:46,751,751 multiprocessing INFO process exiting with exitcode 0
SpawnPoolWorker-45| 2026-06-22 03:57:46,751,751 multiprocessing INFO process shutting down
SpawnPoolWorker-24| 2026-06-22 03:57:46,751,751 multiprocessing INFO process shutting down
SpawnPoolWorker-14| 2026-06-22 03:57:46,752,752 multiprocessing INFO process shutting down
SpawnPoolWorker-36| 2026-06-22 03:57:46,752,752 multiprocessing INFO process shutting down
SpawnPoolWorker-27| 2026-06-22 03:57:46,752,752 multiprocessing INFO process shutting down
SpawnPoolWorker-18| 2026-06-22 03:57:46,752,752 multiprocessing INFO process shutting down
SpawnPoolWorker-22| 2026-06-22 03:57:46,752,752 multiprocessing INFO process shutting down
SpawnPoolWorker-25| 2026-06-22 03:57:46,752,752 multiprocessing INFO process shutting down
SpawnPoolWorker-37| 2026-06-22 03:57:46,753,753 multiprocessing INFO process shutting down
SpawnPoolWorker-15| 2026-06-22 03:57:46,753,753 multiprocessing INFO process exiting with exitcode 0
SpawnPoolWorker-33| 2026-06-22 03:57:46,753,753 multiprocessing INFO process shutting down
SpawnPoolWorker-37| 2026-06-22 03:57:46,753,753 multiprocessing INFO process exiting with exitcode 0
SpawnPoolWorker-33| 2026-06-22 03:57:46,753,753 multiprocessing INFO process exiting with exitcode 0
SpawnPoolWorker-30| 2026-06-22 03:57:46,753,753 multiprocessing INFO process shutting down
SpawnPoolWorker-38| 2026-06-22 03:57:46,756,756 multiprocessing INFO process shutting down
SpawnPoolWorker-34| 2026-06-22 03:57:46,756,756 multiprocessing INFO process shutting down
SpawnPoolWorker-26| 2026-06-22 03:57:46,757,757 multiprocessing INFO process exiting with exitcode 0
SpawnPoolWorker-21| 2026-06-22 03:57:46,758,758 multiprocessing INFO process shutting down
SpawnPoolWorker-19| 2026-06-22 03:57:46,758,758 multiprocessing INFO process exiting with exitcode 0
SpawnPoolWorker-35| 2026-06-22 03:57:46,765,765 multiprocessing INFO process shutting down
SpawnPoolWorker-35| 2026-06-22 03:57:46,765,765 multiprocessing INFO process exiting with exitcode 0
28
(15000, 3)
(15000,)
(15000, 3)
(15000,)

=======================Successfully Added (0,) Counter Examples=======================

[2026-06-22T06:24:11.468] error: *** JOB 11510873 ON e8 CANCELLED AT 2026-06-22T06:24:11 DUE to SIGNAL Terminated ***
