[job] sys=poly3dB benchmark=fn_d_all_d seed=2 host=aga22 gpu=0 start=2026-06-21T23:04:01-05:00
MainProcess| 2026-06-21 23:04:08,176,176 multiprocessing INFO STARTING NEW RUN ==========
MainProcess| 2026-06-21 23:04:08,177,177 multiprocessing INFO SEE LOG AT : ./logs/all_Lyapunov_test_dso-fn_d_all_d_01_log.txt
MainProcess| 2026-06-21 23:04:08,177,177 multiprocessing INFO See log at : ./logs/all_Lyapunov_test_dso-fn_d_all_d_01_log.txt
MainProcess| 2026-06-21 23:04:08,180,180 multiprocessing INFO               variables expression                                                                   train_spec test_spec function_set
name                                                                                                                                  
fn_d_all_d_5          3  0*x1+0*x2  {"x1":{"U":[-1,1,15000]}, "x2":{"U":[-1,1,15000]}, "x3":{"U":[-1,1,15000]}}      None         Koza
              variables expression                                                                   train_spec test_spec function_set
name                                                                                                                                  
fn_d_all_d_5          3  0*x1+0*x2  {"x1":{"U":[-1,1,15000]}, "x2":{"U":[-1,1,15000]}, "x3":{"U":[-1,1,15000]}}      None         Koza

-- BUILDING DATASET START -----------
Benchmark path                 : /users/9/chen8596/LyaDis/repro/runs/poly3dB/libs/sd3/dso/dso/task/regression/benchmarks_bkup_1.csv
Generated data for benchmark   : fn_d_all_d_5
-- BUILDING DATASET END -------------

Function set                   : Koza --> ['add', 'sub', 'mul', 'sin', 'cos', 'n2']

MainProcess| 2026-06-21 23:04:08,269,269 multiprocessing INFO [BASELINE_TESTING NOW] dataset=fn_d_all_d_5 	| baseline=transformer 	| seed=2 	| data_samples=15000 	| noise=0.0
MainProcess| 2026-06-21 23:04:08,278,278 multiprocessing INFO [RUN SETTINGS]: test_dataset=fn_d_all_d_5  batch_outer_datasets=24 pre_train=False load_pre_trained_path= priority_queue_training=True gp_meld=True model=TransformerTreeEncoderController train_path= risk_seeking_pg_train=True
[RUN SETTINGS]: test_dataset=fn_d_all_d_5  batch_outer_datasets=24 pre_train=False load_pre_trained_path= priority_queue_training=True gp_meld=True model=TransformerTreeEncoderController train_path= risk_seeking_pg_train=True
MainProcess| 2026-06-21 23:04:08,339,339 multiprocessing INFO Running model : TransformerTreeEncoderController
Running model : TransformerTreeEncoderController

-- BUILDING DATASET START -----------
Benchmark path                 : /users/9/chen8596/LyaDis/repro/runs/poly3dB/libs/sd3/dso/dso/task/regression/benchmarks_bkup_1.csv
Generated data for benchmark   : fn_d_all_d_5
-- BUILDING DATASET END -------------

Function set                   : Koza --> ['add', 'sub', 'mul', 'sin', 'cos', 'n2']

MainProcess| 2026-06-21 23:04:08,345,345 multiprocessing INFO Function set: ['x1', 'x2', 'x3', 'add', 'sub', 'mul', 'sin', 'cos', 'n2']

-- BUILDING DATASET START -----------
Benchmark path                 : /users/9/chen8596/LyaDis/repro/runs/poly3dB/libs/sd3/dso/dso/task/regression/benchmarks_bkup_1.csv
Generated data for benchmark   : fn_d_all_d_5
-- BUILDING DATASET END -------------

Function set                   : Koza --> ['add', 'sub', 'mul', 'sin', 'cos', 'n2']

-- BUILDING PRIOR START -------------
WARNING: Skipping invalid 'RelationalConstraint' with arguments {'targets': [], 'effectors': [], 'relationship': None}. Reason: Prior disabled.
WARNING: Skipping invalid 'RepeatConstraint' with arguments {'tokens': 'const', 'min_': None, 'max_': 5}. Reason: Uses Tokens not in the Library.
WARNING: Skipping invalid 'InverseUnaryConstraint' with arguments {}. Reason: There are no inverse unary Token pairs in the Library.
WARNING: Skipping invalid 'ConstConstraint' with arguments {}. Reason: Prior disabled.
WARNING: Skipping invalid 'NoInputsConstraint' with arguments {}. Reason: All terminal tokens are input variables, so allsequences will have an input variable.
WARNING: Skipping invalid 'UniformArityPrior' with arguments {}. Reason: Prior disabled.
LengthConstraint: Sequences have minimum length 6.
                  Sequences have maximum length 18.
TrigConstraint: [sin, cos] cannot be a descendant of [sin, cos].
SoftLengthPrior: No description available.
-- BUILDING PRIOR END ---------------

MainProcess| 2026-06-21 23:04:08,660,660 multiprocessing INFO Transformer overwriting hidden size to input_dim 128
Transformer overwriting hidden size to input_dim 128
MainProcess| 2026-06-21 23:04:08,902,902 multiprocessing INFO Encoder params: {'sinuisodal_embeddings': False, 'dec_pf_dim': 32, 'dec_layers': 1, 'dim_hidden': 128, 'lr': 0.0001, 'dropout': 0, 'num_features': 1, 'ln': True, 'N_p': 0, 'num_inds': 64, 'activation': 'relu', 'bit16': False, 'norm': True, 'linear': True, 'input_normalization': False, 'src_pad_idx': 0, 'trg_pad_idx': 0, 'length_eq': 20, 'n_l_enc': 3, 'mean': 0.5, 'std': 0.5, 'dim_input': 64, 'num_heads': 2, 'output_dim': 10}
Encoder params: {'sinuisodal_embeddings': False, 'dec_pf_dim': 32, 'dec_layers': 1, 'dim_hidden': 128, 'lr': 0.0001, 'dropout': 0, 'num_features': 1, 'ln': True, 'N_p': 0, 'num_inds': 64, 'activation': 'relu', 'bit16': False, 'norm': True, 'linear': True, 'input_normalization': False, 'src_pad_idx': 0, 'trg_pad_idx': 0, 'length_eq': 20, 'n_l_enc': 3, 'mean': 0.5, 'std': 0.5, 'dim_input': 64, 'num_heads': 2, 'output_dim': 10}
MainProcess| 2026-06-21 23:04:09,074,74 multiprocessing INFO TransformerTreeEncoderController parameters: 4034407 	 | trainable : 4034407
TransformerTreeEncoderController parameters: 4034407 	 | trainable : 4034407
MainProcess| 2026-06-21 23:04:09,133,133 multiprocessing INFO GP CONFIG : {'verbose': False, 'generations': 35, 'p_crossover': 0.5, 'p_mutate': 0.5, 'tournament_size': 7, 'train_n': 50, 'mutate_tree_max': 3}
GP CONFIG : {'verbose': False, 'generations': 35, 'p_crossover': 0.5, 'p_mutate': 0.5, 'tournament_size': 7, 'train_n': 50, 'mutate_tree_max': 3}
MainProcess| 2026-06-21 23:04:09,221,221 multiprocessing INFO config: {'experiment': {'logdir': './log', 'seed': 13, 'timestamp': '2026-06-21-230408', 'task_name': 'fn_d_all_d_5', 'save_path': './log/fn_d_all_d_5_2026-06-21-230408_2'}, 'task': {'task_type': 'regression', 'dataset': 'fn_d_all_d_5', 'function_set': ['add', 'sub', 'mul', 'sin', 'cos', 'n2'], 'metric': 'lyapunov_risk', 'metric_params': [1.0], 'extra_metric_test': None, 'extra_metric_test_params': [], 'threshold': 1e-12, 'protected': False, 'reward_noise': 0.0, 'reward_noise_type': 'r', 'normalize_variance': False, 'decision_tree_threshold_set': []}, 'training': {'n_epochs': None, 'n_samples': 2000000, 'batch_size': 500, 'epsilon': 0.1, 'baseline': 'R_e', 'alpha': 0.5, 'b_jumpstart': False, 'n_cores_batch': 1, 'complexity': 'token', 'const_optimizer': 'scipy', 'const_params': {'method': 'L-BFGS-B', 'options': {'gtol': 0.001}}, 'verbose': True, 'debug': 0, 'early_stopping': True, 'hof': 100, 'use_memory': False, 'memory_capacity': 1000.0, 'warm_start': None, 'memory_threshold': None, 'save_all_epoch': False, 'save_summary': False, 'save_positional_entropy': False, 'save_pareto_front': True, 'save_cache': False, 'save_cache_r_min': 0.9, 'save_freq': 1, 'save_token_count': False}, 'state_manager': {'observe_action': False, 'observe_parent': True, 'observe_sibling': True, 'observe_dangling': False, 'embedding': True, 'embedding_size': 64}, 'controller': {'max_length': 64, 'cell': 'lstm', 'num_layers': 1, 'num_units': 64, 'initializer': 'zeros', 'learning_rate': 0.0003, 'optimizer': 'adam', 'entropy_weight': 0.005, 'entropy_gamma': 0.8, 'pqt': True, 'pqt_k': 10, 'pqt_batch_size': 1, 'pqt_weight': 200.0, 'pqt_use_pg': False, 'summary': False, 'rl_weight': 1.0}, 'gp_meld': {'generations': 35, 'p_crossover': 0.5, 'p_mutate': 0.5, 'tournament_size': 7, 'train_n': 50, 'mutate_tree_max': 3}, 'prior': {'relational': {'targets': [], 'effectors': [], 'relationship': None}, 'length': {'min_': 6, 'max_': 18}, 'repeat': {'tokens': 'const', 'min_': None, 'max_': 5}, 'inverse': {}, 'trig': {}, 'const': {}, 'no_inputs': {}, 'uniform_arity': {}, 'soft_length': {'loc': 14, 'scale': 5}}, 'postprocess': {'show_count': 5, 'save_plots': True}, 'model': 'TransformerTreeEncoderController', 'function_names_str': 'x1,x2,x3,add,sub,mul,sin,cos,n2', 'nesymres_train_config': {'architecture': {'sinuisodal_embeddings': False, 'dec_pf_dim': 32, 'dec_layers': 1, 'dim_hidden': 128, 'lr': 0.0001, 'dropout': 0, 'num_features': 1, 'ln': True, 'N_p': 0, 'num_inds': 64, 'activation': 'relu', 'bit16': False, 'norm': True, 'linear': True, 'input_normalization': False, 'src_pad_idx': 0, 'trg_pad_idx': 0, 'length_eq': 20, 'n_l_enc': 3, 'mean': 0.5, 'std': 0.5, 'dim_input': 64, 'num_heads': 2, 'output_dim': 10}}}

-- BUILDING DATASET START -----------
Benchmark path                 : /users/9/chen8596/LyaDis/repro/runs/poly3dB/libs/sd3/dso/dso/task/regression/benchmarks_bkup_1.csv
Generated data for benchmark   : fn_d_all_d_5
-- BUILDING DATASET END -------------

Function set                   : Koza --> ['add', 'sub', 'mul', 'sin', 'cos', 'n2']

-- RUNNING EPOCHS START -------------
torch.Size([500, 46])
/users/9/chen8596/miniconda3/envs/alfd/lib/python3.9/site-packages/torch/nn/functional.py:4999: UserWarning: Support for mismatched key_padding_mask and attn_mask is deprecated. Use same type for both instead.
  warnings.warn(
/users/9/chen8596/miniconda3/envs/alfd/lib/python3.9/site-packages/torch/nn/functional.py:4999: UserWarning: Support for mismatched key_padding_mask and attn_mask is deprecated. Use same type for both instead.
  warnings.warn(
/users/9/chen8596/miniconda3/envs/alfd/lib/python3.9/site-packages/torch/nn/functional.py:4999: UserWarning: Support for mismatched key_padding_mask and attn_mask is deprecated. Use same type for both instead.
  warnings.warn(
MainProcess| 2026-06-21 23:05:37,806,806 multiprocessing INFO Genetic Porgramming Runtime 85.4270028549945
Genetic Porgramming Runtime 85.4270028549945

=========================PGD Collection Starts=========================

MainProcess| 2026-06-21 23:05:39,171,171 multiprocessing INFO created temp directory /tmp/pymp-9p0wmzzt
SpawnPoolWorker-2| 2026-06-21 23:05:43,345,345 multiprocessing INFO STARTING NEW RUN ==========
SpawnPoolWorker-5| 2026-06-21 23:05:43,345,345 multiprocessing INFO STARTING NEW RUN ==========
SpawnPoolWorker-2| 2026-06-21 23:05:43,345,345 multiprocessing INFO SEE LOG AT : ./logs/all_Lyapunov_test_dso-fn_d_all_d_01_log.txt
SpawnPoolWorker-5| 2026-06-21 23:05:43,345,345 multiprocessing INFO SEE LOG AT : ./logs/all_Lyapunov_test_dso-fn_d_all_d_01_log.txt
SpawnPoolWorker-2| 2026-06-21 23:05:43,345,345 multiprocessing INFO See log at : ./logs/all_Lyapunov_test_dso-fn_d_all_d_01_log.txt
SpawnPoolWorker-5| 2026-06-21 23:05:43,345,345 multiprocessing INFO See log at : ./logs/all_Lyapunov_test_dso-fn_d_all_d_01_log.txt
SpawnPoolWorker-1| 2026-06-21 23:05:43,346,346 multiprocessing INFO STARTING NEW RUN ==========
SpawnPoolWorker-1| 2026-06-21 23:05:43,346,346 multiprocessing INFO SEE LOG AT : ./logs/all_Lyapunov_test_dso-fn_d_all_d_01_log.txt
SpawnPoolWorker-1| 2026-06-21 23:05:43,346,346 multiprocessing INFO See log at : ./logs/all_Lyapunov_test_dso-fn_d_all_d_01_log.txt
SpawnPoolWorker-5| 2026-06-21 23:05:43,348,348 multiprocessing INFO child process calling self.run()
SpawnPoolWorker-2| 2026-06-21 23:05:43,348,348 multiprocessing INFO child process calling self.run()
SpawnPoolWorker-1| 2026-06-21 23:05:43,351,351 multiprocessing INFO child process calling self.run()
SpawnPoolWorker-8| 2026-06-21 23:05:43,370,370 multiprocessing INFO STARTING NEW RUN ==========
SpawnPoolWorker-8| 2026-06-21 23:05:43,370,370 multiprocessing INFO SEE LOG AT : ./logs/all_Lyapunov_test_dso-fn_d_all_d_01_log.txt
SpawnPoolWorker-8| 2026-06-21 23:05:43,370,370 multiprocessing INFO See log at : ./logs/all_Lyapunov_test_dso-fn_d_all_d_01_log.txt
SpawnPoolWorker-4| 2026-06-21 23:05:43,371,371 multiprocessing INFO STARTING NEW RUN ==========
SpawnPoolWorker-4| 2026-06-21 23:05:43,371,371 multiprocessing INFO SEE LOG AT : ./logs/all_Lyapunov_test_dso-fn_d_all_d_01_log.txt
SpawnPoolWorker-4| 2026-06-21 23:05:43,371,371 multiprocessing INFO See log at : ./logs/all_Lyapunov_test_dso-fn_d_all_d_01_log.txt
SpawnPoolWorker-8| 2026-06-21 23:05:43,373,373 multiprocessing INFO child process calling self.run()
SpawnPoolWorker-4| 2026-06-21 23:05:43,377,377 multiprocessing INFO child process calling self.run()
SpawnPoolWorker-3| 2026-06-21 23:05:43,450,450 multiprocessing INFO STARTING NEW RUN ==========
SpawnPoolWorker-3| 2026-06-21 23:05:43,450,450 multiprocessing INFO SEE LOG AT : ./logs/all_Lyapunov_test_dso-fn_d_all_d_01_log.txt
SpawnPoolWorker-3| 2026-06-21 23:05:43,450,450 multiprocessing INFO See log at : ./logs/all_Lyapunov_test_dso-fn_d_all_d_01_log.txt
SpawnPoolWorker-3| 2026-06-21 23:05:43,453,453 multiprocessing INFO child process calling self.run()
SpawnPoolWorker-6| 2026-06-21 23:05:43,562,562 multiprocessing INFO STARTING NEW RUN ==========
SpawnPoolWorker-6| 2026-06-21 23:05:43,562,562 multiprocessing INFO SEE LOG AT : ./logs/all_Lyapunov_test_dso-fn_d_all_d_01_log.txt
SpawnPoolWorker-6| 2026-06-21 23:05:43,562,562 multiprocessing INFO See log at : ./logs/all_Lyapunov_test_dso-fn_d_all_d_01_log.txt
SpawnPoolWorker-6| 2026-06-21 23:05:43,564,564 multiprocessing INFO child process calling self.run()
SpawnPoolWorker-10| 2026-06-21 23:05:43,564,564 multiprocessing INFO STARTING NEW RUN ==========
SpawnPoolWorker-10| 2026-06-21 23:05:43,565,565 multiprocessing INFO SEE LOG AT : ./logs/all_Lyapunov_test_dso-fn_d_all_d_01_log.txt
SpawnPoolWorker-10| 2026-06-21 23:05:43,565,565 multiprocessing INFO See log at : ./logs/all_Lyapunov_test_dso-fn_d_all_d_01_log.txt
SpawnPoolWorker-10| 2026-06-21 23:05:43,567,567 multiprocessing INFO child process calling self.run()
SpawnPoolWorker-9| 2026-06-21 23:05:43,581,581 multiprocessing INFO STARTING NEW RUN ==========
SpawnPoolWorker-9| 2026-06-21 23:05:43,582,582 multiprocessing INFO SEE LOG AT : ./logs/all_Lyapunov_test_dso-fn_d_all_d_01_log.txt
SpawnPoolWorker-9| 2026-06-21 23:05:43,582,582 multiprocessing INFO See log at : ./logs/all_Lyapunov_test_dso-fn_d_all_d_01_log.txt
SpawnPoolWorker-9| 2026-06-21 23:05:43,583,583 multiprocessing INFO child process calling self.run()
SpawnPoolWorker-7| 2026-06-21 23:05:43,648,648 multiprocessing INFO STARTING NEW RUN ==========
SpawnPoolWorker-7| 2026-06-21 23:05:43,648,648 multiprocessing INFO SEE LOG AT : ./logs/all_Lyapunov_test_dso-fn_d_all_d_01_log.txt
SpawnPoolWorker-7| 2026-06-21 23:05:43,648,648 multiprocessing INFO See log at : ./logs/all_Lyapunov_test_dso-fn_d_all_d_01_log.txt
SpawnPoolWorker-7| 2026-06-21 23:05:43,650,650 multiprocessing INFO child process calling self.run()
SpawnPoolWorker-7| 2026-06-21 23:07:07,389,389 multiprocessing INFO process shutting down
SpawnPoolWorker-8| 2026-06-21 23:07:07,389,389 multiprocessing INFO process shutting down
SpawnPoolWorker-9| 2026-06-21 23:07:07,390,390 multiprocessing INFO process shutting down
SpawnPoolWorker-6| 2026-06-21 23:07:07,389,389 multiprocessing INFO process shutting down
(3000,)

===================Collect 3000 Examples===================

Epsilon 0.1
500
(550,)
(550,)
(55,)
Number of Programs for Minimization: 50
SpawnPoolWorker-20| 2026-06-21 23:07:38,702,702 multiprocessing INFO STARTING NEW RUN ==========
SpawnPoolWorker-20| 2026-06-21 23:07:38,702,702 multiprocessing INFO SEE LOG AT : ./logs/all_Lyapunov_test_dso-fn_d_all_d_01_log.txt
SpawnPoolWorker-20| 2026-06-21 23:07:38,702,702 multiprocessing INFO See log at : ./logs/all_Lyapunov_test_dso-fn_d_all_d_01_log.txt
SpawnPoolWorker-20| 2026-06-21 23:07:38,718,718 multiprocessing INFO child process calling self.run()
SpawnPoolWorker-17| 2026-06-21 23:07:39,483,483 multiprocessing INFO STARTING NEW RUN ==========
SpawnPoolWorker-17| 2026-06-21 23:07:39,483,483 multiprocessing INFO SEE LOG AT : ./logs/all_Lyapunov_test_dso-fn_d_all_d_01_log.txt
SpawnPoolWorker-17| 2026-06-21 23:07:39,483,483 multiprocessing INFO See log at : ./logs/all_Lyapunov_test_dso-fn_d_all_d_01_log.txt
SpawnPoolWorker-17| 2026-06-21 23:07:39,485,485 multiprocessing INFO child process calling self.run()
SpawnPoolWorker-27| 2026-06-21 23:07:39,898,898 multiprocessing INFO STARTING NEW RUN ==========
SpawnPoolWorker-27| 2026-06-21 23:07:39,898,898 multiprocessing INFO SEE LOG AT : ./logs/all_Lyapunov_test_dso-fn_d_all_d_01_log.txt
SpawnPoolWorker-27| 2026-06-21 23:07:39,898,898 multiprocessing INFO See log at : ./logs/all_Lyapunov_test_dso-fn_d_all_d_01_log.txt
SpawnPoolWorker-27| 2026-06-21 23:07:39,915,915 multiprocessing INFO child process calling self.run()
SpawnPoolWorker-18| 2026-06-21 23:07:40,182,182 multiprocessing INFO STARTING NEW RUN ==========
SpawnPoolWorker-18| 2026-06-21 23:07:40,182,182 multiprocessing INFO SEE LOG AT : ./logs/all_Lyapunov_test_dso-fn_d_all_d_01_log.txt
SpawnPoolWorker-18| 2026-06-21 23:07:40,183,183 multiprocessing INFO See log at : ./logs/all_Lyapunov_test_dso-fn_d_all_d_01_log.txt
SpawnPoolWorker-18| 2026-06-21 23:07:40,188,188 multiprocessing INFO child process calling self.run()
SpawnPoolWorker-25| 2026-06-21 23:07:40,681,681 multiprocessing INFO STARTING NEW RUN ==========
SpawnPoolWorker-25| 2026-06-21 23:07:40,682,682 multiprocessing INFO SEE LOG AT : ./logs/all_Lyapunov_test_dso-fn_d_all_d_01_log.txt
SpawnPoolWorker-25| 2026-06-21 23:07:40,682,682 multiprocessing INFO See log at : ./logs/all_Lyapunov_test_dso-fn_d_all_d_01_log.txt
SpawnPoolWorker-25| 2026-06-21 23:07:40,692,692 multiprocessing INFO child process calling self.run()
SpawnPoolWorker-19| 2026-06-21 23:07:41,316,316 multiprocessing INFO STARTING NEW RUN ==========
SpawnPoolWorker-19| 2026-06-21 23:07:41,316,316 multiprocessing INFO SEE LOG AT : ./logs/all_Lyapunov_test_dso-fn_d_all_d_01_log.txt
SpawnPoolWorker-19| 2026-06-21 23:07:41,316,316 multiprocessing INFO See log at : ./logs/all_Lyapunov_test_dso-fn_d_all_d_01_log.txt
SpawnPoolWorker-19| 2026-06-21 23:07:41,322,322 multiprocessing INFO child process calling self.run()
SpawnPoolWorker-41| 2026-06-21 23:07:41,428,428 multiprocessing INFO STARTING NEW RUN ==========
SpawnPoolWorker-41| 2026-06-21 23:07:41,428,428 multiprocessing INFO SEE LOG AT : ./logs/all_Lyapunov_test_dso-fn_d_all_d_01_log.txt
SpawnPoolWorker-41| 2026-06-21 23:07:41,428,428 multiprocessing INFO See log at : ./logs/all_Lyapunov_test_dso-fn_d_all_d_01_log.txt
SpawnPoolWorker-41| 2026-06-21 23:07:41,444,444 multiprocessing INFO child process calling self.run()
SpawnPoolWorker-34| 2026-06-21 23:07:41,504,504 multiprocessing INFO STARTING NEW RUN ==========
SpawnPoolWorker-34| 2026-06-21 23:07:41,504,504 multiprocessing INFO SEE LOG AT : ./logs/all_Lyapunov_test_dso-fn_d_all_d_01_log.txt
SpawnPoolWorker-34| 2026-06-21 23:07:41,504,504 multiprocessing INFO See log at : ./logs/all_Lyapunov_test_dso-fn_d_all_d_01_log.txt
SpawnPoolWorker-34| 2026-06-21 23:07:41,510,510 multiprocessing INFO child process calling self.run()
SpawnPoolWorker-51| 2026-06-21 23:07:41,665,665 multiprocessing INFO STARTING NEW RUN ==========
SpawnPoolWorker-51| 2026-06-21 23:07:41,665,665 multiprocessing INFO SEE LOG AT : ./logs/all_Lyapunov_test_dso-fn_d_all_d_01_log.txt
SpawnPoolWorker-51| 2026-06-21 23:07:41,665,665 multiprocessing INFO See log at : ./logs/all_Lyapunov_test_dso-fn_d_all_d_01_log.txt
SpawnPoolWorker-51| 2026-06-21 23:07:41,673,673 multiprocessing INFO child process calling self.run()
SpawnPoolWorker-36| 2026-06-21 23:07:42,021,21 multiprocessing INFO STARTING NEW RUN ==========
SpawnPoolWorker-36| 2026-06-21 23:07:42,022,22 multiprocessing INFO SEE LOG AT : ./logs/all_Lyapunov_test_dso-fn_d_all_d_01_log.txt
SpawnPoolWorker-36| 2026-06-21 23:07:42,022,22 multiprocessing INFO See log at : ./logs/all_Lyapunov_test_dso-fn_d_all_d_01_log.txt
SpawnPoolWorker-15| 2026-06-21 23:07:42,030,30 multiprocessing INFO STARTING NEW RUN ==========
SpawnPoolWorker-15| 2026-06-21 23:07:42,030,30 multiprocessing INFO SEE LOG AT : ./logs/all_Lyapunov_test_dso-fn_d_all_d_01_log.txt
SpawnPoolWorker-15| 2026-06-21 23:07:42,030,30 multiprocessing INFO See log at : ./logs/all_Lyapunov_test_dso-fn_d_all_d_01_log.txt
SpawnPoolWorker-36| 2026-06-21 23:07:42,032,32 multiprocessing INFO child process calling self.run()
SpawnPoolWorker-15| 2026-06-21 23:07:42,035,35 multiprocessing INFO child process calling self.run()
SpawnPoolWorker-40| 2026-06-21 23:07:42,070,70 multiprocessing INFO STARTING NEW RUN ==========
SpawnPoolWorker-40| 2026-06-21 23:07:42,070,70 multiprocessing INFO SEE LOG AT : ./logs/all_Lyapunov_test_dso-fn_d_all_d_01_log.txt
SpawnPoolWorker-40| 2026-06-21 23:07:42,070,70 multiprocessing INFO See log at : ./logs/all_Lyapunov_test_dso-fn_d_all_d_01_log.txt
SpawnPoolWorker-40| 2026-06-21 23:07:42,087,87 multiprocessing INFO child process calling self.run()
SpawnPoolWorker-24| 2026-06-21 23:07:42,220,220 multiprocessing INFO STARTING NEW RUN ==========
SpawnPoolWorker-24| 2026-06-21 23:07:42,220,220 multiprocessing INFO SEE LOG AT : ./logs/all_Lyapunov_test_dso-fn_d_all_d_01_log.txt
SpawnPoolWorker-24| 2026-06-21 23:07:42,220,220 multiprocessing INFO See log at : ./logs/all_Lyapunov_test_dso-fn_d_all_d_01_log.txt
SpawnPoolWorker-24| 2026-06-21 23:07:42,223,223 multiprocessing INFO child process calling self.run()
SpawnPoolWorker-16| 2026-06-21 23:07:42,263,263 multiprocessing INFO STARTING NEW RUN ==========
SpawnPoolWorker-16| 2026-06-21 23:07:42,264,264 multiprocessing INFO SEE LOG AT : ./logs/all_Lyapunov_test_dso-fn_d_all_d_01_log.txt
SpawnPoolWorker-16| 2026-06-21 23:07:42,264,264 multiprocessing INFO See log at : ./logs/all_Lyapunov_test_dso-fn_d_all_d_01_log.txt
SpawnPoolWorker-16| 2026-06-21 23:07:42,270,270 multiprocessing INFO child process calling self.run()
SpawnPoolWorker-26| 2026-06-21 23:07:42,419,419 multiprocessing INFO STARTING NEW RUN ==========
SpawnPoolWorker-26| 2026-06-21 23:07:42,419,419 multiprocessing INFO SEE LOG AT : ./logs/all_Lyapunov_test_dso-fn_d_all_d_01_log.txt
SpawnPoolWorker-26| 2026-06-21 23:07:42,419,419 multiprocessing INFO See log at : ./logs/all_Lyapunov_test_dso-fn_d_all_d_01_log.txt
SpawnPoolWorker-26| 2026-06-21 23:07:42,426,426 multiprocessing INFO child process calling self.run()
SpawnPoolWorker-30| 2026-06-21 23:07:42,590,590 multiprocessing INFO STARTING NEW RUN ==========
SpawnPoolWorker-30| 2026-06-21 23:07:42,590,590 multiprocessing INFO SEE LOG AT : ./logs/all_Lyapunov_test_dso-fn_d_all_d_01_log.txt
SpawnPoolWorker-30| 2026-06-21 23:07:42,590,590 multiprocessing INFO See log at : ./logs/all_Lyapunov_test_dso-fn_d_all_d_01_log.txt
SpawnPoolWorker-30| 2026-06-21 23:07:42,612,612 multiprocessing INFO child process calling self.run()
SpawnPoolWorker-48| 2026-06-21 23:07:43,252,252 multiprocessing INFO STARTING NEW RUN ==========
SpawnPoolWorker-48| 2026-06-21 23:07:43,252,252 multiprocessing INFO SEE LOG AT : ./logs/all_Lyapunov_test_dso-fn_d_all_d_01_log.txt
SpawnPoolWorker-48| 2026-06-21 23:07:43,252,252 multiprocessing INFO See log at : ./logs/all_Lyapunov_test_dso-fn_d_all_d_01_log.txt
SpawnPoolWorker-28| 2026-06-21 23:07:43,254,254 multiprocessing INFO STARTING NEW RUN ==========
SpawnPoolWorker-28| 2026-06-21 23:07:43,254,254 multiprocessing INFO SEE LOG AT : ./logs/all_Lyapunov_test_dso-fn_d_all_d_01_log.txt
SpawnPoolWorker-28| 2026-06-21 23:07:43,254,254 multiprocessing INFO See log at : ./logs/all_Lyapunov_test_dso-fn_d_all_d_01_log.txt
SpawnPoolWorker-48| 2026-06-21 23:07:43,256,256 multiprocessing INFO child process calling self.run()
SpawnPoolWorker-28| 2026-06-21 23:07:43,266,266 multiprocessing INFO child process calling self.run()
SpawnPoolWorker-22| 2026-06-21 23:07:43,403,403 multiprocessing INFO STARTING NEW RUN ==========
SpawnPoolWorker-22| 2026-06-21 23:07:43,403,403 multiprocessing INFO SEE LOG AT : ./logs/all_Lyapunov_test_dso-fn_d_all_d_01_log.txt
SpawnPoolWorker-22| 2026-06-21 23:07:43,403,403 multiprocessing INFO See log at : ./logs/all_Lyapunov_test_dso-fn_d_all_d_01_log.txt
SpawnPoolWorker-22| 2026-06-21 23:07:43,413,413 multiprocessing INFO child process calling self.run()
SpawnPoolWorker-58| 2026-06-21 23:07:43,531,531 multiprocessing INFO STARTING NEW RUN ==========
SpawnPoolWorker-58| 2026-06-21 23:07:43,531,531 multiprocessing INFO SEE LOG AT : ./logs/all_Lyapunov_test_dso-fn_d_all_d_01_log.txt
SpawnPoolWorker-58| 2026-06-21 23:07:43,531,531 multiprocessing INFO See log at : ./logs/all_Lyapunov_test_dso-fn_d_all_d_01_log.txt
SpawnPoolWorker-58| 2026-06-21 23:07:43,547,547 multiprocessing INFO child process calling self.run()
SpawnPoolWorker-14| 2026-06-21 23:07:43,719,719 multiprocessing INFO STARTING NEW RUN ==========
SpawnPoolWorker-14| 2026-06-21 23:07:43,719,719 multiprocessing INFO SEE LOG AT : ./logs/all_Lyapunov_test_dso-fn_d_all_d_01_log.txt
SpawnPoolWorker-14| 2026-06-21 23:07:43,719,719 multiprocessing INFO See log at : ./logs/all_Lyapunov_test_dso-fn_d_all_d_01_log.txt
SpawnPoolWorker-14| 2026-06-21 23:07:43,737,737 multiprocessing INFO child process calling self.run()
SpawnPoolWorker-56| 2026-06-21 23:07:43,826,826 multiprocessing INFO STARTING NEW RUN ==========
SpawnPoolWorker-56| 2026-06-21 23:07:43,826,826 multiprocessing INFO SEE LOG AT : ./logs/all_Lyapunov_test_dso-fn_d_all_d_01_log.txt
SpawnPoolWorker-56| 2026-06-21 23:07:43,826,826 multiprocessing INFO See log at : ./logs/all_Lyapunov_test_dso-fn_d_all_d_01_log.txt
SpawnPoolWorker-56| 2026-06-21 23:07:43,832,832 multiprocessing INFO child process calling self.run()
SpawnPoolWorker-49| 2026-06-21 23:07:44,312,312 multiprocessing INFO STARTING NEW RUN ==========
SpawnPoolWorker-49| 2026-06-21 23:07:44,312,312 multiprocessing INFO SEE LOG AT : ./logs/all_Lyapunov_test_dso-fn_d_all_d_01_log.txt
SpawnPoolWorker-49| 2026-06-21 23:07:44,312,312 multiprocessing INFO See log at : ./logs/all_Lyapunov_test_dso-fn_d_all_d_01_log.txt
SpawnPoolWorker-49| 2026-06-21 23:07:44,318,318 multiprocessing INFO child process calling self.run()
SpawnPoolWorker-50| 2026-06-21 23:07:44,464,464 multiprocessing INFO STARTING NEW RUN ==========
SpawnPoolWorker-50| 2026-06-21 23:07:44,464,464 multiprocessing INFO SEE LOG AT : ./logs/all_Lyapunov_test_dso-fn_d_all_d_01_log.txt
SpawnPoolWorker-50| 2026-06-21 23:07:44,464,464 multiprocessing INFO See log at : ./logs/all_Lyapunov_test_dso-fn_d_all_d_01_log.txt
SpawnPoolWorker-43| 2026-06-21 23:07:44,466,466 multiprocessing INFO STARTING NEW RUN ==========
SpawnPoolWorker-43| 2026-06-21 23:07:44,467,467 multiprocessing INFO SEE LOG AT : ./logs/all_Lyapunov_test_dso-fn_d_all_d_01_log.txt
SpawnPoolWorker-43| 2026-06-21 23:07:44,467,467 multiprocessing INFO See log at : ./logs/all_Lyapunov_test_dso-fn_d_all_d_01_log.txt
SpawnPoolWorker-43| 2026-06-21 23:07:44,472,472 multiprocessing INFO child process calling self.run()
SpawnPoolWorker-50| 2026-06-21 23:07:44,478,478 multiprocessing INFO child process calling self.run()
SpawnPoolWorker-52| 2026-06-21 23:07:44,672,672 multiprocessing INFO STARTING NEW RUN ==========
SpawnPoolWorker-52| 2026-06-21 23:07:44,672,672 multiprocessing INFO SEE LOG AT : ./logs/all_Lyapunov_test_dso-fn_d_all_d_01_log.txt
SpawnPoolWorker-52| 2026-06-21 23:07:44,672,672 multiprocessing INFO See log at : ./logs/all_Lyapunov_test_dso-fn_d_all_d_01_log.txt
SpawnPoolWorker-52| 2026-06-21 23:07:44,679,679 multiprocessing INFO child process calling self.run()
SpawnPoolWorker-23| 2026-06-21 23:07:44,708,708 multiprocessing INFO STARTING NEW RUN ==========
SpawnPoolWorker-23| 2026-06-21 23:07:44,708,708 multiprocessing INFO SEE LOG AT : ./logs/all_Lyapunov_test_dso-fn_d_all_d_01_log.txt
SpawnPoolWorker-23| 2026-06-21 23:07:44,708,708 multiprocessing INFO See log at : ./logs/all_Lyapunov_test_dso-fn_d_all_d_01_log.txt
SpawnPoolWorker-23| 2026-06-21 23:07:44,716,716 multiprocessing INFO child process calling self.run()
SpawnPoolWorker-42| 2026-06-21 23:07:44,724,724 multiprocessing INFO STARTING NEW RUN ==========
SpawnPoolWorker-42| 2026-06-21 23:07:44,724,724 multiprocessing INFO SEE LOG AT : ./logs/all_Lyapunov_test_dso-fn_d_all_d_01_log.txt
SpawnPoolWorker-42| 2026-06-21 23:07:44,724,724 multiprocessing INFO See log at : ./logs/all_Lyapunov_test_dso-fn_d_all_d_01_log.txt
SpawnPoolWorker-33| 2026-06-21 23:07:44,726,726 multiprocessing INFO STARTING NEW RUN ==========
SpawnPoolWorker-33| 2026-06-21 23:07:44,727,727 multiprocessing INFO SEE LOG AT : ./logs/all_Lyapunov_test_dso-fn_d_all_d_01_log.txt
SpawnPoolWorker-33| 2026-06-21 23:07:44,727,727 multiprocessing INFO See log at : ./logs/all_Lyapunov_test_dso-fn_d_all_d_01_log.txt
SpawnPoolWorker-42| 2026-06-21 23:07:44,732,732 multiprocessing INFO child process calling self.run()
SpawnPoolWorker-33| 2026-06-21 23:07:44,734,734 multiprocessing INFO child process calling self.run()
SpawnPoolWorker-12| 2026-06-21 23:07:45,041,41 multiprocessing INFO STARTING NEW RUN ==========
SpawnPoolWorker-12| 2026-06-21 23:07:45,041,41 multiprocessing INFO SEE LOG AT : ./logs/all_Lyapunov_test_dso-fn_d_all_d_01_log.txt
SpawnPoolWorker-12| 2026-06-21 23:07:45,041,41 multiprocessing INFO See log at : ./logs/all_Lyapunov_test_dso-fn_d_all_d_01_log.txt
SpawnPoolWorker-12| 2026-06-21 23:07:45,052,52 multiprocessing INFO child process calling self.run()
SpawnPoolWorker-29| 2026-06-21 23:07:45,164,164 multiprocessing INFO STARTING NEW RUN ==========
SpawnPoolWorker-29| 2026-06-21 23:07:45,164,164 multiprocessing INFO SEE LOG AT : ./logs/all_Lyapunov_test_dso-fn_d_all_d_01_log.txt
SpawnPoolWorker-29| 2026-06-21 23:07:45,164,164 multiprocessing INFO See log at : ./logs/all_Lyapunov_test_dso-fn_d_all_d_01_log.txt
SpawnPoolWorker-29| 2026-06-21 23:07:45,170,170 multiprocessing INFO child process calling self.run()
SpawnPoolWorker-35| 2026-06-21 23:07:45,306,306 multiprocessing INFO STARTING NEW RUN ==========
SpawnPoolWorker-35| 2026-06-21 23:07:45,306,306 multiprocessing INFO SEE LOG AT : ./logs/all_Lyapunov_test_dso-fn_d_all_d_01_log.txt
SpawnPoolWorker-35| 2026-06-21 23:07:45,306,306 multiprocessing INFO See log at : ./logs/all_Lyapunov_test_dso-fn_d_all_d_01_log.txt
SpawnPoolWorker-59| 2026-06-21 23:07:45,310,310 multiprocessing INFO STARTING NEW RUN ==========
SpawnPoolWorker-59| 2026-06-21 23:07:45,310,310 multiprocessing INFO SEE LOG AT : ./logs/all_Lyapunov_test_dso-fn_d_all_d_01_log.txt
SpawnPoolWorker-59| 2026-06-21 23:07:45,310,310 multiprocessing INFO See log at : ./logs/all_Lyapunov_test_dso-fn_d_all_d_01_log.txt
SpawnPoolWorker-35| 2026-06-21 23:07:45,315,315 multiprocessing INFO child process calling self.run()
SpawnPoolWorker-59| 2026-06-21 23:07:45,323,323 multiprocessing INFO child process calling self.run()
SpawnPoolWorker-11| 2026-06-21 23:07:45,359,359 multiprocessing INFO STARTING NEW RUN ==========
SpawnPoolWorker-11| 2026-06-21 23:07:45,360,360 multiprocessing INFO SEE LOG AT : ./logs/all_Lyapunov_test_dso-fn_d_all_d_01_log.txt
SpawnPoolWorker-11| 2026-06-21 23:07:45,360,360 multiprocessing INFO See log at : ./logs/all_Lyapunov_test_dso-fn_d_all_d_01_log.txt
SpawnPoolWorker-11| 2026-06-21 23:07:45,371,371 multiprocessing INFO child process calling self.run()
SpawnPoolWorker-38| 2026-06-21 23:07:45,484,484 multiprocessing INFO STARTING NEW RUN ==========
SpawnPoolWorker-38| 2026-06-21 23:07:45,484,484 multiprocessing INFO SEE LOG AT : ./logs/all_Lyapunov_test_dso-fn_d_all_d_01_log.txt
SpawnPoolWorker-38| 2026-06-21 23:07:45,484,484 multiprocessing INFO See log at : ./logs/all_Lyapunov_test_dso-fn_d_all_d_01_log.txt
SpawnPoolWorker-38| 2026-06-21 23:07:45,493,493 multiprocessing INFO child process calling self.run()
SpawnPoolWorker-39| 2026-06-21 23:07:45,614,614 multiprocessing INFO STARTING NEW RUN ==========
SpawnPoolWorker-39| 2026-06-21 23:07:45,614,614 multiprocessing INFO SEE LOG AT : ./logs/all_Lyapunov_test_dso-fn_d_all_d_01_log.txt
SpawnPoolWorker-39| 2026-06-21 23:07:45,614,614 multiprocessing INFO See log at : ./logs/all_Lyapunov_test_dso-fn_d_all_d_01_log.txt
SpawnPoolWorker-39| 2026-06-21 23:07:45,616,616 multiprocessing INFO child process calling self.run()
SpawnPoolWorker-15| 2026-06-21 23:07:45,802,802 multiprocessing INFO process shutting down
SpawnPoolWorker-15| 2026-06-21 23:07:45,802,802 multiprocessing INFO process exiting with exitcode 0
SpawnPoolWorker-16| 2026-06-21 23:07:45,803,803 multiprocessing INFO process shutting down
SpawnPoolWorker-43| 2026-06-21 23:07:45,803,803 multiprocessing INFO process shutting down
SpawnPoolWorker-50| 2026-06-21 23:07:45,803,803 multiprocessing INFO process shutting down
SpawnPoolWorker-28| 2026-06-21 23:07:45,803,803 multiprocessing INFO process shutting down
SpawnPoolWorker-34| 2026-06-21 23:07:45,803,803 multiprocessing INFO process shutting down
SpawnPoolWorker-52| 2026-06-21 23:07:45,803,803 multiprocessing INFO process shutting down
SpawnPoolWorker-23| 2026-06-21 23:07:45,804,804 multiprocessing INFO process shutting down
SpawnPoolWorker-36| 2026-06-21 23:07:45,803,803 multiprocessing INFO process shutting down
SpawnPoolWorker-42| 2026-06-21 23:07:45,804,804 multiprocessing INFO process shutting down
SpawnPoolWorker-16| 2026-06-21 23:07:45,804,804 multiprocessing INFO process exiting with exitcode 0
SpawnPoolWorker-33| 2026-06-21 23:07:45,804,804 multiprocessing INFO process shutting down
SpawnPoolWorker-42| 2026-06-21 23:07:45,804,804 multiprocessing INFO process exiting with exitcode 0
SpawnPoolWorker-33| 2026-06-21 23:07:45,804,804 multiprocessing INFO process exiting with exitcode 0
SpawnPoolWorker-27| 2026-06-21 23:07:45,808,808 multiprocessing INFO process shutting down
SpawnPoolWorker-18| 2026-06-21 23:07:45,808,808 multiprocessing INFO process shutting down
SpawnPoolWorker-30| 2026-06-21 23:07:45,808,808 multiprocessing INFO process shutting down
SpawnPoolWorker-48| 2026-06-21 23:07:45,809,809 multiprocessing INFO process shutting down
SpawnPoolWorker-12| 2026-06-21 23:07:45,809,809 multiprocessing INFO process shutting down
SpawnPoolWorker-43| 2026-06-21 23:07:45,810,810 multiprocessing INFO process exiting with exitcode 0
SpawnPoolWorker-22| 2026-06-21 23:07:45,810,810 multiprocessing INFO process shutting down
SpawnPoolWorker-41| 2026-06-21 23:07:45,810,810 multiprocessing INFO process shutting down
SpawnPoolWorker-58| 2026-06-21 23:07:45,811,811 multiprocessing INFO process shutting down
SpawnPoolWorker-22| 2026-06-21 23:07:45,811,811 multiprocessing INFO process exiting with exitcode 0
SpawnPoolWorker-29| 2026-06-21 23:07:45,811,811 multiprocessing INFO process shutting down
SpawnPoolWorker-58| 2026-06-21 23:07:45,811,811 multiprocessing INFO process exiting with exitcode 0
SpawnPoolWorker-41| 2026-06-21 23:07:45,811,811 multiprocessing INFO process exiting with exitcode 0
SpawnPoolWorker-14| 2026-06-21 23:07:45,811,811 multiprocessing INFO process shutting down
SpawnPoolWorker-51| 2026-06-21 23:07:45,811,811 multiprocessing INFO process shutting down
SpawnPoolWorker-20| 2026-06-21 23:07:45,811,811 multiprocessing INFO process shutting down
SpawnPoolWorker-35| 2026-06-21 23:07:45,812,812 multiprocessing INFO process shutting down
SpawnPoolWorker-26| 2026-06-21 23:07:45,812,812 multiprocessing INFO process shutting down
SpawnPoolWorker-59| 2026-06-21 23:07:45,812,812 multiprocessing INFO process shutting down
SpawnPoolWorker-25| 2026-06-21 23:07:45,812,812 multiprocessing INFO process shutting down
SpawnPoolWorker-49| 2026-06-21 23:07:45,815,815 multiprocessing INFO process shutting down
SpawnPoolWorker-11| 2026-06-21 23:07:45,815,815 multiprocessing INFO process shutting down
SpawnPoolWorker-11| 2026-06-21 23:07:45,816,816 multiprocessing INFO process exiting with exitcode 0
SpawnPoolWorker-50| 2026-06-21 23:07:45,816,816 multiprocessing INFO process exiting with exitcode 0
SpawnPoolWorker-28| 2026-06-21 23:07:45,816,816 multiprocessing INFO process exiting with exitcode 0
SpawnPoolWorker-17| 2026-06-21 23:07:45,816,816 multiprocessing INFO process shutting down
SpawnPoolWorker-24| 2026-06-21 23:07:45,816,816 multiprocessing INFO process shutting down
SpawnPoolWorker-40| 2026-06-21 23:07:45,816,816 multiprocessing INFO process shutting down
SpawnPoolWorker-38| 2026-06-21 23:07:45,817,817 multiprocessing INFO process shutting down
SpawnPoolWorker-56| 2026-06-21 23:07:45,817,817 multiprocessing INFO process shutting down
SpawnPoolWorker-39| 2026-06-21 23:07:45,817,817 multiprocessing INFO process shutting down
SpawnPoolWorker-52| 2026-06-21 23:07:45,821,821 multiprocessing INFO process exiting with exitcode 0
SpawnPoolWorker-34| 2026-06-21 23:07:45,821,821 multiprocessing INFO process exiting with exitcode 0
SpawnPoolWorker-23| 2026-06-21 23:07:45,828,828 multiprocessing INFO process exiting with exitcode 0
50
(15000, 3)
(15000,)
(15000, 3)
(15000,)

=======================Successfully Added (0,) Counter Examples=======================

Number of valid equations: 18. Program should stopped
x1**2 - ((cos(x2) + cos(x3**2))**16 + cos(x3))**4
[x1**2 - ((cos(x2) + cos(x3**2))**16 + cos(x3))**4, x1**2*x3**2 - ((cos(x1**2) + cos(x2))**4 + cos(x3))**4, x1**2 - ((cos(x2)**2 + cos(x2) + cos(x3))**2 + cos(x3))**4, x1**2 - (16*cos(x2)**4 + cos(x3))**4, x1**2 + x2 - (cos(x2) + cos(x3))**32, x1**2 - (9*cos(x2)**2 + cos(x3))**4, x1**2 - (x3**2 + (2*cos(x2) + cos(x3))**2)**4, x1**2 - (2*cos(x2) + cos(x3))**8, x1**2 - 6561*cos(x2)**8*cos(x3)**4, -((cos(x2) + cos(x3**2))**4 + cos(x3))**4 + cos(x1*x3), x1**2 - ((2*cos(x2) + cos(x3))**4 + cos(x3))**4, x1**2 + x3**2 - (cos(x2) + cos(x3**2))**32, -((cos(x1) + 4*cos(x2)**2)**2 + cos(x3))**4 + cos(x1), x1**2 - ((cos(x1**2) + cos(x2))**4 + cos(x3))**4, x1**2 - (2*cos(x2) + cos(x3))**8*cos(x3)**4, x1**2 + x2 - (cos(x2) + cos(x3**2))**32, x1**2 - ((cos(x2) + cos(x3**2))**4 + cos(x3))**4, x1**2 - ((2*cos(x2) + cos(x3))**2 + cos(x3))**4]
MainProcess| 2026-06-22 01:48:26,427,427 multiprocessing INFO Number of valid equations: 18. Program should stopped
Number of valid equations: 18. Program should stopped
MainProcess| 2026-06-22 01:48:26,427,427 multiprocessing INFO x1**2 - ((cos(x2) + cos(x3**2))**16 + cos(x3))**4
x1**2 - ((cos(x2) + cos(x3**2))**16 + cos(x3))**4
MainProcess| 2026-06-22 01:48:26,428,428 multiprocessing INFO [x1**2 - ((cos(x2) + cos(x3**2))**16 + cos(x3))**4, x1**2*x3**2 - ((cos(x1**2) + cos(x2))**4 + cos(x3))**4, x1**2 - ((cos(x2)**2 + cos(x2) + cos(x3))**2 + cos(x3))**4, x1**2 - (16*cos(x2)**4 + cos(x3))**4, x1**2 + x2 - (cos(x2) + cos(x3))**32, x1**2 - (9*cos(x2)**2 + cos(x3))**4, x1**2 - (x3**2 + (2*cos(x2) + cos(x3))**2)**4, x1**2 - (2*cos(x2) + cos(x3))**8, x1**2 - 6561*cos(x2)**8*cos(x3)**4, -((cos(x2) + cos(x3**2))**4 + cos(x3))**4 + cos(x1*x3), x1**2 - ((2*cos(x2) + cos(x3))**4 + cos(x3))**4, x1**2 + x3**2 - (cos(x2) + cos(x3**2))**32, -((cos(x1) + 4*cos(x2)**2)**2 + cos(x3))**4 + cos(x1), x1**2 - ((cos(x1**2) + cos(x2))**4 + cos(x3))**4, x1**2 - (2*cos(x2) + cos(x3))**8*cos(x3)**4, x1**2 + x2 - (cos(x2) + cos(x3**2))**32, x1**2 - ((cos(x2) + cos(x3**2))**4 + cos(x3))**4, x1**2 - ((2*cos(x2) + cos(x3))**2 + cos(x3))**4]
[x1**2 - ((cos(x2) + cos(x3**2))**16 + cos(x3))**4, x1**2*x3**2 - ((cos(x1**2) + cos(x2))**4 + cos(x3))**4, x1**2 - ((cos(x2)**2 + cos(x2) + cos(x3))**2 + cos(x3))**4, x1**2 - (16*cos(x2)**4 + cos(x3))**4, x1**2 + x2 - (cos(x2) + cos(x3))**32, x1**2 - (9*cos(x2)**2 + cos(x3))**4, x1**2 - (x3**2 + (2*cos(x2) + cos(x3))**2)**4, x1**2 - (2*cos(x2) + cos(x3))**8, x1**2 - 6561*cos(x2)**8*cos(x3)**4, -((cos(x2) + cos(x3**2))**4 + cos(x3))**4 + cos(x1*x3), x1**2 - ((2*cos(x2) + cos(x3))**4 + cos(x3))**4, x1**2 + x3**2 - (cos(x2) + cos(x3**2))**32, -((cos(x1) + 4*cos(x2)**2)**2 + cos(x3))**4 + cos(x1), x1**2 - ((cos(x1**2) + cos(x2))**4 + cos(x3))**4, x1**2 - (2*cos(x2) + cos(x3))**8*cos(x3)**4, x1**2 + x2 - (cos(x2) + cos(x3**2))**32, x1**2 - ((cos(x2) + cos(x3**2))**4 + cos(x3))**4, x1**2 - ((2*cos(x2) + cos(x3))**2 + cos(x3))**4]
(55, 46)
/users/9/chen8596/miniconda3/envs/alfd/lib/python3.9/site-packages/torch/nn/functional.py:4999: UserWarning: Support for mismatched key_padding_mask and attn_mask is deprecated. Use same type for both instead.
  warnings.warn(
/users/9/chen8596/LyaDis/repro/runs/poly3dB/utils/train.py:971: RuntimeWarning: divide by zero encountered in divide
  error = np.abs(((y_hat - y) / y))
/users/9/chen8596/.local/lib/python3.9/site-packages/scipy/stats/_stats_py.py:4424: ConstantInputWarning: An input array is constant; the correlation coefficient is not defined.
  warnings.warn(stats.ConstantInputWarning(msg))
MainProcess| 2026-06-22 01:48:26,881,881 multiprocessing INFO [Test epoch=0001]  nevals=13779 	| train_loss=6121.49902 	| eqs_invalid %=0.36 	| r_best=1.00000 	| quantile=0.72817 	| r_quantile_mean=0.98391 	| r_raw_sum=90.35745 	|  r_raw_mean=0.27548 	| r2=nan 	| acc_iid=0.00000 	| acc_ood=0.00000 	| nmse_test=0.0 	| true_equation_set_count=0 	| s/it=9857.63475
[Test epoch=0001]  nevals=13779 	| train_loss=6121.49902 	| eqs_invalid %=0.36 	| r_best=1.00000 	| quantile=0.72817 	| r_quantile_mean=0.98391 	| r_raw_sum=90.35745 	|  r_raw_mean=0.27548 	| r2=nan 	| acc_iid=0.00000 	| acc_ood=0.00000 	| nmse_test=0.0 	| true_equation_set_count=0 	| s/it=9857.63475
MainProcess| 2026-06-22 01:48:26,881,881 multiprocessing INFO [00:02:44:17.65] Training epoch 1/4000, current best R: 1.0000
[00:02:44:17.65] Training epoch 1/4000, current best R: 1.0000
MainProcess| 2026-06-22 01:48:26,881,881 multiprocessing INFO 
	** New best

	** New best
MainProcess| 2026-06-22 01:48:26,881,881 multiprocessing INFO 	Reward: 1.0
	Reward: 1.0
MainProcess| 2026-06-22 01:48:26,881,881 multiprocessing INFO 	Count Off-policy: 1
	Count Off-policy: 1
MainProcess| 2026-06-22 01:48:26,881,881 multiprocessing INFO 	Count On-policy: 0
	Count On-policy: 0
MainProcess| 2026-06-22 01:48:26,881,881 multiprocessing INFO 	Originally on Policy: False
	Originally on Policy: False
MainProcess| 2026-06-22 01:48:26,882,882 multiprocessing INFO 	Invalid: False
	Invalid: False
MainProcess| 2026-06-22 01:48:26,882,882 multiprocessing INFO 	Traversal: sub,n2,x1,n2,n2,add,cos,x3,n2,n2,n2,n2,add,cos,n2,x3,cos,x2
	Traversal: sub,n2,x1,n2,n2,add,cos,x3,n2,n2,n2,n2,add,cos,n2,x3,cos,x2
MainProcess| 2026-06-22 01:48:26,882,882 multiprocessing INFO 	Expression:
	Expression:
MainProcess| 2026-06-22 01:48:26,883,883 multiprocessing INFO 
	                                          4
	        ⎛                    16          ⎞ 
	    2   ⎜⎛             ⎛  2⎞⎞            ⎟ 
	  x₁  - ⎝⎝cos(x₂) + cos⎝x₃ ⎠⎠   + cos(x₃)⎠ 


	                                          4
	        ⎛                    16          ⎞ 
	    2   ⎜⎛             ⎛  2⎞⎞            ⎟ 
	  x₁  - ⎝⎝cos(x₂) + cos⎝x₃ ⎠⎠   + cos(x₃)⎠ 

MainProcess| 2026-06-22 01:48:26,883,883 multiprocessing INFO [00:02:44:17.65] Early stopping criteria met; breaking early.
[00:02:44:17.65] Early stopping criteria met; breaking early.
MainProcess| 2026-06-22 01:48:26,883,883 multiprocessing INFO -- RUNNING EPOCHS END ---------------

-- RUNNING EPOCHS END ---------------

MainProcess| 2026-06-22 01:48:26,883,883 multiprocessing INFO -- EVALUATION START ----------------
-- EVALUATION START ----------------
Saving Hall of Fame to ./log/fn_d_all_d_5_2026-06-21-230408_2/dso_fn_d_all_d_5_13_hof.csv
Saving Pareto Front to ./log/fn_d_all_d_5_2026-06-21-230408_2/dso_fn_d_all_d_5_13_pf.csv
Invalid expressions: 6 of 13779 (0.0%).
Error type counts:
  square: 6 (100.0%)
Error node counts:
  underflow: 6 (100.0%)
MainProcess| 2026-06-22 01:48:28,250,250 multiprocessing INFO 
Priority queue entry 0:

Priority queue entry 0:
MainProcess| 2026-06-22 01:48:28,250,250 multiprocessing INFO 	Reward: 1.0
	Reward: 1.0
MainProcess| 2026-06-22 01:48:28,250,250 multiprocessing INFO 	Count Off-policy: 1
	Count Off-policy: 1
MainProcess| 2026-06-22 01:48:28,250,250 multiprocessing INFO 	Count On-policy: 0
	Count On-policy: 0
MainProcess| 2026-06-22 01:48:28,250,250 multiprocessing INFO 	Originally on Policy: False
	Originally on Policy: False
MainProcess| 2026-06-22 01:48:28,250,250 multiprocessing INFO 	Invalid: False
	Invalid: False
MainProcess| 2026-06-22 01:48:28,250,250 multiprocessing INFO 	Traversal: sub,n2,x1,n2,n2,add,cos,x3,n2,n2,n2,n2,add,cos,n2,x3,cos,x2
	Traversal: sub,n2,x1,n2,n2,add,cos,x3,n2,n2,n2,n2,add,cos,n2,x3,cos,x2
MainProcess| 2026-06-22 01:48:28,250,250 multiprocessing INFO 	Expression:
	Expression:
MainProcess| 2026-06-22 01:48:28,252,252 multiprocessing INFO 
	                                          4
	        ⎛                    16          ⎞ 
	    2   ⎜⎛             ⎛  2⎞⎞            ⎟ 
	  x₁  - ⎝⎝cos(x₂) + cos⎝x₃ ⎠⎠   + cos(x₃)⎠ 


	                                          4
	        ⎛                    16          ⎞ 
	    2   ⎜⎛             ⎛  2⎞⎞            ⎟ 
	  x₁  - ⎝⎝cos(x₂) + cos⎝x₃ ⎠⎠   + cos(x₃)⎠ 

MainProcess| 2026-06-22 01:48:28,252,252 multiprocessing INFO -- EVALUATION END ------------------
-- EVALUATION END ------------------
MainProcess| 2026-06-22 01:48:28,255,255 multiprocessing INFO == TRAINING SEED 13 END ==============
== TRAINING SEED 13 END ==============
MainProcess| 2026-06-22 01:48:28,255,255 multiprocessing INFO 
== POST-PROCESS START =================

== POST-PROCESS START =================
MainProcess| 2026-06-22 01:48:28,255,255 multiprocessing INFO -- LOADING LOGS START ----------------
-- LOADING LOGS START ----------------
MainProcess| 2026-06-22 01:48:28,301,301 multiprocessing INFO Successfully loaded Hall of Fame data
Successfully loaded Hall of Fame data
MainProcess| 2026-06-22 01:48:29,833,833 multiprocessing INFO Successfully loaded Pareto Front data
Successfully loaded Pareto Front data
MainProcess| 2026-06-22 01:48:29,833,833 multiprocessing INFO *** WARNING:
*** WARNING:
MainProcess| 2026-06-22 01:48:29,833,833 multiprocessing INFO     --> Can't load summary: [Errno 2] No such file or directory: './log/fn_d_all_d_5_2026-06-21-230408_2/summary.csv'
    --> Can't load summary: [Errno 2] No such file or directory: './log/fn_d_all_d_5_2026-06-21-230408_2/summary.csv'
MainProcess| 2026-06-22 01:48:29,833,833 multiprocessing INFO -- LOADING LOGS END ------------------
-- LOADING LOGS END ------------------
MainProcess| 2026-06-22 01:48:29,833,833 multiprocessing INFO 
-- ANALYZING LOG START --------------

-- ANALYZING LOG START --------------
MainProcess| 2026-06-22 01:48:29,833,833 multiprocessing INFO Task_____________regression
Task_____________regression
MainProcess| 2026-06-22 01:48:29,833,833 multiprocessing INFO Source path______./log/fn_d_all_d_5_2026-06-21-230408_2
Source path______./log/fn_d_all_d_5_2026-06-21-230408_2
MainProcess| 2026-06-22 01:48:29,833,833 multiprocessing INFO Runs_____________N/A
Runs_____________N/A
MainProcess| 2026-06-22 01:48:29,833,833 multiprocessing INFO Max Samples/run__2000000
Max Samples/run__2000000
MainProcess| 2026-06-22 01:48:29,833,833 multiprocessing INFO Found issues:
Found issues:
MainProcess| 2026-06-22 01:48:29,833,833 multiprocessing INFO   0
  0
MainProcess| 2026-06-22 01:48:29,833,833 multiprocessing INFO Hall of Fame (Top 5 of 100)____
Hall of Fame (Top 5 of 100)____
MainProcess| 2026-06-22 01:48:29,834,834 multiprocessing INFO     0: S=013 R=1.000000 <-- [x1**2 + x2 - ((cos(x2) + cos(x3**2))**2 + cos(x3))**8]
    0: S=013 R=1.000000 <-- [x1**2 + x2 - ((cos(x2) + cos(x3**2))**2 + cos(x3))**8]
MainProcess| 2026-06-22 01:48:29,834,834 multiprocessing INFO     1: S=013 R=1.000000 <-- [x3**2 - (((cos(x2) + cos(x3))**2 + cos(x1))**2 + cos(x1))**4]
    1: S=013 R=1.000000 <-- [x3**2 - (((cos(x2) + cos(x3))**2 + cos(x1))**2 + cos(x1))**4]
MainProcess| 2026-06-22 01:48:29,835,835 multiprocessing INFO     2: S=013 R=1.000000 <-- [x1**2 + x2 - ((cos(x1)**2 + cos(x2))**2 + cos(x3))**8]
    2: S=013 R=1.000000 <-- [x1**2 + x2 - ((cos(x1)**2 + cos(x2))**2 + cos(x3))**8]
MainProcess| 2026-06-22 01:48:29,835,835 multiprocessing INFO     3: S=013 R=1.000000 <-- [x1**2 - ((cos(x2) + cos(x3**2))**4 + cos(x3))**4]
    3: S=013 R=1.000000 <-- [x1**2 - ((cos(x2) + cos(x3**2))**4 + cos(x3))**4]
MainProcess| 2026-06-22 01:48:29,835,835 multiprocessing INFO     4: S=013 R=1.000000 <-- [x1 - (((cos(x2) + cos(x3**2))**2 + cos(x1))**2 + cos(x3))**4]
    4: S=013 R=1.000000 <-- [x1 - (((cos(x2) + cos(x3**2))**2 + cos(x1))**2 + cos(x3))**4]
MainProcess| 2026-06-22 01:48:29,835,835 multiprocessing INFO Pareto Front (5 of 8)____
Pareto Front (5 of 8)____
MainProcess| 2026-06-22 01:48:29,836,836 multiprocessing INFO     0: S=013 R=1.000000 C=14.00 <-- [x1 - (cos(x2) + cos(x3))**32]
    0: S=013 R=1.000000 C=14.00 <-- [x1 - (cos(x2) + cos(x3))**32]
MainProcess| 2026-06-22 01:48:29,836,836 multiprocessing INFO     1: S=013 R=0.999988 C=13.00 <-- [x1**2 - (cos(x2) + cos(x3))**8]
    1: S=013 R=0.999988 C=13.00 <-- [x1**2 - (cos(x2) + cos(x3))**8]
MainProcess| 2026-06-22 01:48:29,837,837 multiprocessing INFO     2: S=013 R=0.999827 C=12.00 <-- [x1**2 - (cos(x2) + cos(x3))**4]
    2: S=013 R=0.999827 C=12.00 <-- [x1**2 - (cos(x2) + cos(x3))**4]
MainProcess| 2026-06-22 01:48:29,837,837 multiprocessing INFO     3: S=013 R=0.998636 C=11.00 <-- [x1**2 - (cos(x2) + cos(x3))**2]
    3: S=013 R=0.998636 C=11.00 <-- [x1**2 - (cos(x2) + cos(x3))**2]
MainProcess| 2026-06-22 01:48:29,837,837 multiprocessing INFO     4: S=013 R=0.997417 C=10.00 <-- [x1**2 + x3**2 - cos(x2)**2]
    4: S=013 R=0.997417 C=10.00 <-- [x1**2 + x3**2 - cos(x2)**2]
MainProcess| 2026-06-22 01:48:29,838,838 multiprocessing INFO -- ANALYZING LOG END ----------------
-- ANALYZING LOG END ----------------
MainProcess| 2026-06-22 01:48:29,838,838 multiprocessing INFO == POST-PROCESS END ===================
== POST-PROCESS END ===================
MainProcess| 2026-06-22 01:48:29,839,839 multiprocessing INFO [TEST RESULT] {'seed': 2, 'r': 1.0, 'nmse_test': 0.0, 'nmse_test_noiseless': 0.0, 'success': True, 'expression': '[x1**2 - ((cos(x2) + cos(x3**2))**16 + cos(x3))**4]', 'traversal': 'sub,n2,x1,n2,n2,add,cos,x3,n2,n2,n2,n2,add,cos,n2,x3,cos,x2', 'program': sub,n2,x1,n2,n2,add,cos,x3,n2,n2,n2,n2,add,cos,n2,x3,cos,x2, 'error_square': 6, 'error_node_underflow': 6, 'n_epochs': 1, 'n_samples': 13779, 'n_cached': 6673, 't': 9859.025839567184, 'baseline': 'transformer', 'run_seed': 2, 'dataset': 'fn_d_all_d_5'}
[TEST RESULT] {'seed': 2, 'r': 1.0, 'nmse_test': 0.0, 'nmse_test_noiseless': 0.0, 'success': True, 'expression': '[x1**2 - ((cos(x2) + cos(x3**2))**16 + cos(x3))**4]', 'traversal': 'sub,n2,x1,n2,n2,add,cos,x3,n2,n2,n2,n2,add,cos,n2,x3,cos,x2', 'program': sub,n2,x1,n2,n2,add,cos,x3,n2,n2,n2,n2,add,cos,n2,x3,cos,x2, 'error_square': 6, 'error_node_underflow': 6, 'n_epochs': 1, 'n_samples': 13779, 'n_cached': 6673, 't': 9859.025839567184, 'baseline': 'transformer', 'run_seed': 2, 'dataset': 'fn_d_all_d_5'}
MainProcess| 2026-06-22 01:48:29,840,840 multiprocessing INFO INFO: Completed run 1 of 1 in 9859 s | LATEST TEST_RESULT {'seed': 2, 'r': 1.0, 'nmse_test': 0.0, 'nmse_test_noiseless': 0.0, 'success': True, 'expression': '[x1**2 - ((cos(x2) + cos(x3**2))**16 + cos(x3))**4]', 'traversal': 'sub,n2,x1,n2,n2,add,cos,x3,n2,n2,n2,n2,add,cos,n2,x3,cos,x2', 'program': sub,n2,x1,n2,n2,add,cos,x3,n2,n2,n2,n2,add,cos,n2,x3,cos,x2, 'error_square': 6, 'error_node_underflow': 6, 'n_epochs': 1, 'n_samples': 13779, 'n_cached': 6673, 't': 9859.025839567184, 'baseline': 'transformer', 'run_seed': 2, 'dataset': 'fn_d_all_d_5'}
INFO: Completed run 1 of 1 in 9859 s | LATEST TEST_RESULT {'seed': 2, 'r': 1.0, 'nmse_test': 0.0, 'nmse_test_noiseless': 0.0, 'success': True, 'expression': '[x1**2 - ((cos(x2) + cos(x3**2))**16 + cos(x3))**4]', 'traversal': 'sub,n2,x1,n2,n2,add,cos,x3,n2,n2,n2,n2,add,cos,n2,x3,cos,x2', 'program': sub,n2,x1,n2,n2,add,cos,x3,n2,n2,n2,n2,add,cos,n2,x3,cos,x2, 'error_square': 6, 'error_node_underflow': 6, 'n_epochs': 1, 'n_samples': 13779, 'n_cached': 6673, 't': 9859.025839567184, 'baseline': 'transformer', 'run_seed': 2, 'dataset': 'fn_d_all_d_5'}
MainProcess| 2026-06-22 01:48:29,840,840 multiprocessing INFO Fin.
MainProcess| 2026-06-22 01:48:29,840,840 multiprocessing INFO process shutting down
[job] done sys=poly3dB seed=2 end=2026-06-22T01:48:31-05:00
