[job] sys=poly3dB benchmark=fn_d_all_d seed=4 host=aga04 gpu=0 start=2026-06-22T03:39:28-05:00
MainProcess| 2026-06-22 03:39:35,423,423 multiprocessing INFO STARTING NEW RUN ==========
MainProcess| 2026-06-22 03:39:35,423,423 multiprocessing INFO SEE LOG AT : ./logs/all_Lyapunov_test_dso-fn_d_all_d_01_log.txt
MainProcess| 2026-06-22 03:39:35,423,423 multiprocessing INFO See log at : ./logs/all_Lyapunov_test_dso-fn_d_all_d_01_log.txt
MainProcess| 2026-06-22 03:39:35,426,426 multiprocessing INFO               variables expression                                                                   train_spec test_spec function_set
name                                                                                                                                  
fn_d_all_d_5          3  0*x1+0*x2  {"x1":{"U":[-1,1,15000]}, "x2":{"U":[-1,1,15000]}, "x3":{"U":[-1,1,15000]}}      None         Koza
              variables expression                                                                   train_spec test_spec function_set
name                                                                                                                                  
fn_d_all_d_5          3  0*x1+0*x2  {"x1":{"U":[-1,1,15000]}, "x2":{"U":[-1,1,15000]}, "x3":{"U":[-1,1,15000]}}      None         Koza

-- BUILDING DATASET START -----------
Benchmark path                 : /users/9/chen8596/LyaDis/repro/runs/poly3dB/libs/sd3/dso/dso/task/regression/benchmarks_bkup_1.csv
Generated data for benchmark   : fn_d_all_d_5
-- BUILDING DATASET END -------------

Function set                   : Koza --> ['add', 'sub', 'mul', 'sin', 'cos', 'n2']

MainProcess| 2026-06-22 03:39:35,536,536 multiprocessing INFO [BASELINE_TESTING NOW] dataset=fn_d_all_d_5 	| baseline=transformer 	| seed=4 	| data_samples=15000 	| noise=0.0
MainProcess| 2026-06-22 03:39:35,540,540 multiprocessing INFO [RUN SETTINGS]: test_dataset=fn_d_all_d_5  batch_outer_datasets=24 pre_train=False load_pre_trained_path= priority_queue_training=True gp_meld=True model=TransformerTreeEncoderController train_path= risk_seeking_pg_train=True
[RUN SETTINGS]: test_dataset=fn_d_all_d_5  batch_outer_datasets=24 pre_train=False load_pre_trained_path= priority_queue_training=True gp_meld=True model=TransformerTreeEncoderController train_path= risk_seeking_pg_train=True
MainProcess| 2026-06-22 03:39:35,607,607 multiprocessing INFO Running model : TransformerTreeEncoderController
Running model : TransformerTreeEncoderController

-- BUILDING DATASET START -----------
Benchmark path                 : /users/9/chen8596/LyaDis/repro/runs/poly3dB/libs/sd3/dso/dso/task/regression/benchmarks_bkup_1.csv
Generated data for benchmark   : fn_d_all_d_5
-- BUILDING DATASET END -------------

Function set                   : Koza --> ['add', 'sub', 'mul', 'sin', 'cos', 'n2']

MainProcess| 2026-06-22 03:39:35,614,614 multiprocessing INFO Function set: ['x1', 'x2', 'x3', 'add', 'sub', 'mul', 'sin', 'cos', 'n2']

-- BUILDING DATASET START -----------
Benchmark path                 : /users/9/chen8596/LyaDis/repro/runs/poly3dB/libs/sd3/dso/dso/task/regression/benchmarks_bkup_1.csv
Generated data for benchmark   : fn_d_all_d_5
-- BUILDING DATASET END -------------

Function set                   : Koza --> ['add', 'sub', 'mul', 'sin', 'cos', 'n2']

-- BUILDING PRIOR START -------------
WARNING: Skipping invalid 'RelationalConstraint' with arguments {'targets': [], 'effectors': [], 'relationship': None}. Reason: Prior disabled.
WARNING: Skipping invalid 'RepeatConstraint' with arguments {'tokens': 'const', 'min_': None, 'max_': 5}. Reason: Uses Tokens not in the Library.
WARNING: Skipping invalid 'InverseUnaryConstraint' with arguments {}. Reason: There are no inverse unary Token pairs in the Library.
WARNING: Skipping invalid 'ConstConstraint' with arguments {}. Reason: Prior disabled.
WARNING: Skipping invalid 'NoInputsConstraint' with arguments {}. Reason: All terminal tokens are input variables, so allsequences will have an input variable.
WARNING: Skipping invalid 'UniformArityPrior' with arguments {}. Reason: Prior disabled.
LengthConstraint: Sequences have minimum length 6.
                  Sequences have maximum length 18.
TrigConstraint: [sin, cos] cannot be a descendant of [sin, cos].
SoftLengthPrior: No description available.
-- BUILDING PRIOR END ---------------

MainProcess| 2026-06-22 03:39:35,930,930 multiprocessing INFO Transformer overwriting hidden size to input_dim 128
Transformer overwriting hidden size to input_dim 128
MainProcess| 2026-06-22 03:39:35,995,995 multiprocessing INFO Encoder params: {'sinuisodal_embeddings': False, 'dec_pf_dim': 32, 'dec_layers': 1, 'dim_hidden': 128, 'lr': 0.0001, 'dropout': 0, 'num_features': 1, 'ln': True, 'N_p': 0, 'num_inds': 64, 'activation': 'relu', 'bit16': False, 'norm': True, 'linear': True, 'input_normalization': False, 'src_pad_idx': 0, 'trg_pad_idx': 0, 'length_eq': 20, 'n_l_enc': 3, 'mean': 0.5, 'std': 0.5, 'dim_input': 64, 'num_heads': 2, 'output_dim': 10}
Encoder params: {'sinuisodal_embeddings': False, 'dec_pf_dim': 32, 'dec_layers': 1, 'dim_hidden': 128, 'lr': 0.0001, 'dropout': 0, 'num_features': 1, 'ln': True, 'N_p': 0, 'num_inds': 64, 'activation': 'relu', 'bit16': False, 'norm': True, 'linear': True, 'input_normalization': False, 'src_pad_idx': 0, 'trg_pad_idx': 0, 'length_eq': 20, 'n_l_enc': 3, 'mean': 0.5, 'std': 0.5, 'dim_input': 64, 'num_heads': 2, 'output_dim': 10}
MainProcess| 2026-06-22 03:39:36,155,155 multiprocessing INFO TransformerTreeEncoderController parameters: 4034407 	 | trainable : 4034407
TransformerTreeEncoderController parameters: 4034407 	 | trainable : 4034407
MainProcess| 2026-06-22 03:39:36,217,217 multiprocessing INFO GP CONFIG : {'verbose': False, 'generations': 35, 'p_crossover': 0.5, 'p_mutate': 0.5, 'tournament_size': 7, 'train_n': 50, 'mutate_tree_max': 3}
GP CONFIG : {'verbose': False, 'generations': 35, 'p_crossover': 0.5, 'p_mutate': 0.5, 'tournament_size': 7, 'train_n': 50, 'mutate_tree_max': 3}
MainProcess| 2026-06-22 03:39:36,301,301 multiprocessing INFO config: {'experiment': {'logdir': './log', 'seed': 13, 'timestamp': '2026-06-22-033935', 'task_name': 'fn_d_all_d_5', 'save_path': './log/fn_d_all_d_5_2026-06-22-033935_4'}, 'task': {'task_type': 'regression', 'dataset': 'fn_d_all_d_5', 'function_set': ['add', 'sub', 'mul', 'sin', 'cos', 'n2'], 'metric': 'lyapunov_risk', 'metric_params': [1.0], 'extra_metric_test': None, 'extra_metric_test_params': [], 'threshold': 1e-12, 'protected': False, 'reward_noise': 0.0, 'reward_noise_type': 'r', 'normalize_variance': False, 'decision_tree_threshold_set': []}, 'training': {'n_epochs': None, 'n_samples': 2000000, 'batch_size': 500, 'epsilon': 0.1, 'baseline': 'R_e', 'alpha': 0.5, 'b_jumpstart': False, 'n_cores_batch': 1, 'complexity': 'token', 'const_optimizer': 'scipy', 'const_params': {'method': 'L-BFGS-B', 'options': {'gtol': 0.001}}, 'verbose': True, 'debug': 0, 'early_stopping': True, 'hof': 100, 'use_memory': False, 'memory_capacity': 1000.0, 'warm_start': None, 'memory_threshold': None, 'save_all_epoch': False, 'save_summary': False, 'save_positional_entropy': False, 'save_pareto_front': True, 'save_cache': False, 'save_cache_r_min': 0.9, 'save_freq': 1, 'save_token_count': False}, 'state_manager': {'observe_action': False, 'observe_parent': True, 'observe_sibling': True, 'observe_dangling': False, 'embedding': True, 'embedding_size': 64}, 'controller': {'max_length': 64, 'cell': 'lstm', 'num_layers': 1, 'num_units': 64, 'initializer': 'zeros', 'learning_rate': 0.0003, 'optimizer': 'adam', 'entropy_weight': 0.005, 'entropy_gamma': 0.8, 'pqt': True, 'pqt_k': 10, 'pqt_batch_size': 1, 'pqt_weight': 200.0, 'pqt_use_pg': False, 'summary': False, 'rl_weight': 1.0}, 'gp_meld': {'generations': 35, 'p_crossover': 0.5, 'p_mutate': 0.5, 'tournament_size': 7, 'train_n': 50, 'mutate_tree_max': 3}, 'prior': {'relational': {'targets': [], 'effectors': [], 'relationship': None}, 'length': {'min_': 6, 'max_': 18}, 'repeat': {'tokens': 'const', 'min_': None, 'max_': 5}, 'inverse': {}, 'trig': {}, 'const': {}, 'no_inputs': {}, 'uniform_arity': {}, 'soft_length': {'loc': 14, 'scale': 5}}, 'postprocess': {'show_count': 5, 'save_plots': True}, 'model': 'TransformerTreeEncoderController', 'function_names_str': 'x1,x2,x3,add,sub,mul,sin,cos,n2', 'nesymres_train_config': {'architecture': {'sinuisodal_embeddings': False, 'dec_pf_dim': 32, 'dec_layers': 1, 'dim_hidden': 128, 'lr': 0.0001, 'dropout': 0, 'num_features': 1, 'ln': True, 'N_p': 0, 'num_inds': 64, 'activation': 'relu', 'bit16': False, 'norm': True, 'linear': True, 'input_normalization': False, 'src_pad_idx': 0, 'trg_pad_idx': 0, 'length_eq': 20, 'n_l_enc': 3, 'mean': 0.5, 'std': 0.5, 'dim_input': 64, 'num_heads': 2, 'output_dim': 10}}}

-- BUILDING DATASET START -----------
Benchmark path                 : /users/9/chen8596/LyaDis/repro/runs/poly3dB/libs/sd3/dso/dso/task/regression/benchmarks_bkup_1.csv
Generated data for benchmark   : fn_d_all_d_5
-- BUILDING DATASET END -------------

Function set                   : Koza --> ['add', 'sub', 'mul', 'sin', 'cos', 'n2']

-- RUNNING EPOCHS START -------------
torch.Size([500, 46])
/users/9/chen8596/miniconda3/envs/alfd/lib/python3.9/site-packages/torch/nn/functional.py:4999: UserWarning: Support for mismatched key_padding_mask and attn_mask is deprecated. Use same type for both instead.
  warnings.warn(
/users/9/chen8596/miniconda3/envs/alfd/lib/python3.9/site-packages/torch/nn/functional.py:4999: UserWarning: Support for mismatched key_padding_mask and attn_mask is deprecated. Use same type for both instead.
  warnings.warn(
/users/9/chen8596/miniconda3/envs/alfd/lib/python3.9/site-packages/torch/nn/functional.py:4999: UserWarning: Support for mismatched key_padding_mask and attn_mask is deprecated. Use same type for both instead.
  warnings.warn(
MainProcess| 2026-06-22 03:40:36,413,413 multiprocessing INFO Genetic Porgramming Runtime 56.95727826500024
Genetic Porgramming Runtime 56.95727826500024

=========================PGD Collection Starts=========================

MainProcess| 2026-06-22 03:40:37,255,255 multiprocessing INFO created temp directory /tmp/pymp-uw275_9c
SpawnPoolWorker-6| 2026-06-22 03:40:42,573,573 multiprocessing INFO STARTING NEW RUN ==========
SpawnPoolWorker-6| 2026-06-22 03:40:42,573,573 multiprocessing INFO SEE LOG AT : ./logs/all_Lyapunov_test_dso-fn_d_all_d_01_log.txt
SpawnPoolWorker-6| 2026-06-22 03:40:42,573,573 multiprocessing INFO See log at : ./logs/all_Lyapunov_test_dso-fn_d_all_d_01_log.txt
SpawnPoolWorker-6| 2026-06-22 03:40:42,576,576 multiprocessing INFO child process calling self.run()
SpawnPoolWorker-8| 2026-06-22 03:40:42,577,577 multiprocessing INFO STARTING NEW RUN ==========
SpawnPoolWorker-8| 2026-06-22 03:40:42,577,577 multiprocessing INFO SEE LOG AT : ./logs/all_Lyapunov_test_dso-fn_d_all_d_01_log.txt
SpawnPoolWorker-8| 2026-06-22 03:40:42,577,577 multiprocessing INFO See log at : ./logs/all_Lyapunov_test_dso-fn_d_all_d_01_log.txt
SpawnPoolWorker-5| 2026-06-22 03:40:42,577,577 multiprocessing INFO STARTING NEW RUN ==========
SpawnPoolWorker-5| 2026-06-22 03:40:42,577,577 multiprocessing INFO SEE LOG AT : ./logs/all_Lyapunov_test_dso-fn_d_all_d_01_log.txt
SpawnPoolWorker-5| 2026-06-22 03:40:42,577,577 multiprocessing INFO See log at : ./logs/all_Lyapunov_test_dso-fn_d_all_d_01_log.txt
SpawnPoolWorker-8| 2026-06-22 03:40:42,578,578 multiprocessing INFO child process calling self.run()
SpawnPoolWorker-5| 2026-06-22 03:40:42,579,579 multiprocessing INFO child process calling self.run()
SpawnPoolWorker-9| 2026-06-22 03:40:42,582,582 multiprocessing INFO STARTING NEW RUN ==========
SpawnPoolWorker-9| 2026-06-22 03:40:42,582,582 multiprocessing INFO SEE LOG AT : ./logs/all_Lyapunov_test_dso-fn_d_all_d_01_log.txt
SpawnPoolWorker-9| 2026-06-22 03:40:42,583,583 multiprocessing INFO See log at : ./logs/all_Lyapunov_test_dso-fn_d_all_d_01_log.txt
SpawnPoolWorker-9| 2026-06-22 03:40:42,584,584 multiprocessing INFO child process calling self.run()
SpawnPoolWorker-7| 2026-06-22 03:40:42,589,589 multiprocessing INFO STARTING NEW RUN ==========
SpawnPoolWorker-7| 2026-06-22 03:40:42,589,589 multiprocessing INFO SEE LOG AT : ./logs/all_Lyapunov_test_dso-fn_d_all_d_01_log.txt
SpawnPoolWorker-7| 2026-06-22 03:40:42,589,589 multiprocessing INFO See log at : ./logs/all_Lyapunov_test_dso-fn_d_all_d_01_log.txt
SpawnPoolWorker-10| 2026-06-22 03:40:42,589,589 multiprocessing INFO STARTING NEW RUN ==========
SpawnPoolWorker-10| 2026-06-22 03:40:42,589,589 multiprocessing INFO SEE LOG AT : ./logs/all_Lyapunov_test_dso-fn_d_all_d_01_log.txt
SpawnPoolWorker-10| 2026-06-22 03:40:42,589,589 multiprocessing INFO See log at : ./logs/all_Lyapunov_test_dso-fn_d_all_d_01_log.txt
SpawnPoolWorker-7| 2026-06-22 03:40:42,591,591 multiprocessing INFO child process calling self.run()
SpawnPoolWorker-10| 2026-06-22 03:40:42,592,592 multiprocessing INFO child process calling self.run()
SpawnPoolWorker-3| 2026-06-22 03:40:42,593,593 multiprocessing INFO STARTING NEW RUN ==========
SpawnPoolWorker-2| 2026-06-22 03:40:42,593,593 multiprocessing INFO STARTING NEW RUN ==========
SpawnPoolWorker-3| 2026-06-22 03:40:42,593,593 multiprocessing INFO SEE LOG AT : ./logs/all_Lyapunov_test_dso-fn_d_all_d_01_log.txt
SpawnPoolWorker-2| 2026-06-22 03:40:42,593,593 multiprocessing INFO SEE LOG AT : ./logs/all_Lyapunov_test_dso-fn_d_all_d_01_log.txt
SpawnPoolWorker-3| 2026-06-22 03:40:42,593,593 multiprocessing INFO See log at : ./logs/all_Lyapunov_test_dso-fn_d_all_d_01_log.txt
SpawnPoolWorker-2| 2026-06-22 03:40:42,593,593 multiprocessing INFO See log at : ./logs/all_Lyapunov_test_dso-fn_d_all_d_01_log.txt
SpawnPoolWorker-2| 2026-06-22 03:40:42,596,596 multiprocessing INFO child process calling self.run()
SpawnPoolWorker-3| 2026-06-22 03:40:42,597,597 multiprocessing INFO child process calling self.run()
SpawnPoolWorker-4| 2026-06-22 03:40:42,600,600 multiprocessing INFO STARTING NEW RUN ==========
SpawnPoolWorker-4| 2026-06-22 03:40:42,600,600 multiprocessing INFO SEE LOG AT : ./logs/all_Lyapunov_test_dso-fn_d_all_d_01_log.txt
SpawnPoolWorker-4| 2026-06-22 03:40:42,600,600 multiprocessing INFO See log at : ./logs/all_Lyapunov_test_dso-fn_d_all_d_01_log.txt
SpawnPoolWorker-4| 2026-06-22 03:40:42,604,604 multiprocessing INFO child process calling self.run()
SpawnPoolWorker-1| 2026-06-22 03:40:42,659,659 multiprocessing INFO STARTING NEW RUN ==========
SpawnPoolWorker-1| 2026-06-22 03:40:42,659,659 multiprocessing INFO SEE LOG AT : ./logs/all_Lyapunov_test_dso-fn_d_all_d_01_log.txt
SpawnPoolWorker-1| 2026-06-22 03:40:42,659,659 multiprocessing INFO See log at : ./logs/all_Lyapunov_test_dso-fn_d_all_d_01_log.txt
SpawnPoolWorker-1| 2026-06-22 03:40:42,662,662 multiprocessing INFO child process calling self.run()
SpawnPoolWorker-4| 2026-06-22 03:42:03,144,144 multiprocessing INFO process shutting down
SpawnPoolWorker-6| 2026-06-22 03:42:03,144,144 multiprocessing INFO process shutting down
SpawnPoolWorker-7| 2026-06-22 03:42:03,144,144 multiprocessing INFO process shutting down
SpawnPoolWorker-5| 2026-06-22 03:42:03,144,144 multiprocessing INFO process shutting down
(3000,)

===================Collect 3000 Examples===================

Epsilon 0.1
500
(550,)
(550,)
(55,)
Number of Programs for Minimization: 29
SpawnPoolWorker-47| 2026-06-22 03:42:32,489,489 multiprocessing INFO STARTING NEW RUN ==========
SpawnPoolWorker-47| 2026-06-22 03:42:32,489,489 multiprocessing INFO SEE LOG AT : ./logs/all_Lyapunov_test_dso-fn_d_all_d_01_log.txt
SpawnPoolWorker-47| 2026-06-22 03:42:32,489,489 multiprocessing INFO See log at : ./logs/all_Lyapunov_test_dso-fn_d_all_d_01_log.txt
SpawnPoolWorker-47| 2026-06-22 03:42:32,512,512 multiprocessing INFO child process calling self.run()
SpawnPoolWorker-23| 2026-06-22 03:42:32,984,984 multiprocessing INFO STARTING NEW RUN ==========
SpawnPoolWorker-23| 2026-06-22 03:42:32,984,984 multiprocessing INFO SEE LOG AT : ./logs/all_Lyapunov_test_dso-fn_d_all_d_01_log.txt
SpawnPoolWorker-23| 2026-06-22 03:42:32,984,984 multiprocessing INFO See log at : ./logs/all_Lyapunov_test_dso-fn_d_all_d_01_log.txt
SpawnPoolWorker-23| 2026-06-22 03:42:32,989,989 multiprocessing INFO child process calling self.run()
SpawnPoolWorker-51| 2026-06-22 03:42:33,190,190 multiprocessing INFO STARTING NEW RUN ==========
SpawnPoolWorker-51| 2026-06-22 03:42:33,190,190 multiprocessing INFO SEE LOG AT : ./logs/all_Lyapunov_test_dso-fn_d_all_d_01_log.txt
SpawnPoolWorker-51| 2026-06-22 03:42:33,190,190 multiprocessing INFO See log at : ./logs/all_Lyapunov_test_dso-fn_d_all_d_01_log.txt
SpawnPoolWorker-51| 2026-06-22 03:42:33,193,193 multiprocessing INFO child process calling self.run()
SpawnPoolWorker-34| 2026-06-22 03:42:33,677,677 multiprocessing INFO STARTING NEW RUN ==========
SpawnPoolWorker-34| 2026-06-22 03:42:33,677,677 multiprocessing INFO SEE LOG AT : ./logs/all_Lyapunov_test_dso-fn_d_all_d_01_log.txt
SpawnPoolWorker-34| 2026-06-22 03:42:33,677,677 multiprocessing INFO See log at : ./logs/all_Lyapunov_test_dso-fn_d_all_d_01_log.txt
SpawnPoolWorker-34| 2026-06-22 03:42:33,691,691 multiprocessing INFO child process calling self.run()
SpawnPoolWorker-57| 2026-06-22 03:42:34,667,667 multiprocessing INFO STARTING NEW RUN ==========
SpawnPoolWorker-57| 2026-06-22 03:42:34,667,667 multiprocessing INFO SEE LOG AT : ./logs/all_Lyapunov_test_dso-fn_d_all_d_01_log.txt
SpawnPoolWorker-57| 2026-06-22 03:42:34,667,667 multiprocessing INFO See log at : ./logs/all_Lyapunov_test_dso-fn_d_all_d_01_log.txt
SpawnPoolWorker-57| 2026-06-22 03:42:34,672,672 multiprocessing INFO child process calling self.run()
SpawnPoolWorker-42| 2026-06-22 03:42:34,678,678 multiprocessing INFO STARTING NEW RUN ==========
SpawnPoolWorker-42| 2026-06-22 03:42:34,678,678 multiprocessing INFO SEE LOG AT : ./logs/all_Lyapunov_test_dso-fn_d_all_d_01_log.txt
SpawnPoolWorker-42| 2026-06-22 03:42:34,678,678 multiprocessing INFO See log at : ./logs/all_Lyapunov_test_dso-fn_d_all_d_01_log.txt
SpawnPoolWorker-42| 2026-06-22 03:42:34,681,681 multiprocessing INFO child process calling self.run()
SpawnPoolWorker-26| 2026-06-22 03:42:34,686,686 multiprocessing INFO STARTING NEW RUN ==========
SpawnPoolWorker-26| 2026-06-22 03:42:34,687,687 multiprocessing INFO SEE LOG AT : ./logs/all_Lyapunov_test_dso-fn_d_all_d_01_log.txt
SpawnPoolWorker-26| 2026-06-22 03:42:34,687,687 multiprocessing INFO See log at : ./logs/all_Lyapunov_test_dso-fn_d_all_d_01_log.txt
SpawnPoolWorker-26| 2026-06-22 03:42:34,693,693 multiprocessing INFO child process calling self.run()
SpawnPoolWorker-31| 2026-06-22 03:42:35,128,128 multiprocessing INFO STARTING NEW RUN ==========
SpawnPoolWorker-31| 2026-06-22 03:42:35,128,128 multiprocessing INFO SEE LOG AT : ./logs/all_Lyapunov_test_dso-fn_d_all_d_01_log.txt
SpawnPoolWorker-31| 2026-06-22 03:42:35,128,128 multiprocessing INFO See log at : ./logs/all_Lyapunov_test_dso-fn_d_all_d_01_log.txt
SpawnPoolWorker-31| 2026-06-22 03:42:35,141,141 multiprocessing INFO child process calling self.run()
SpawnPoolWorker-48| 2026-06-22 03:42:35,594,594 multiprocessing INFO STARTING NEW RUN ==========
SpawnPoolWorker-48| 2026-06-22 03:42:35,594,594 multiprocessing INFO SEE LOG AT : ./logs/all_Lyapunov_test_dso-fn_d_all_d_01_log.txt
SpawnPoolWorker-48| 2026-06-22 03:42:35,594,594 multiprocessing INFO See log at : ./logs/all_Lyapunov_test_dso-fn_d_all_d_01_log.txt
SpawnPoolWorker-48| 2026-06-22 03:42:35,608,608 multiprocessing INFO child process calling self.run()
SpawnPoolWorker-29| 2026-06-22 03:42:35,768,768 multiprocessing INFO STARTING NEW RUN ==========
SpawnPoolWorker-29| 2026-06-22 03:42:35,768,768 multiprocessing INFO SEE LOG AT : ./logs/all_Lyapunov_test_dso-fn_d_all_d_01_log.txt
SpawnPoolWorker-29| 2026-06-22 03:42:35,768,768 multiprocessing INFO See log at : ./logs/all_Lyapunov_test_dso-fn_d_all_d_01_log.txt
SpawnPoolWorker-29| 2026-06-22 03:42:35,793,793 multiprocessing INFO child process calling self.run()
SpawnPoolWorker-38| 2026-06-22 03:42:35,814,814 multiprocessing INFO STARTING NEW RUN ==========
SpawnPoolWorker-38| 2026-06-22 03:42:35,818,818 multiprocessing INFO SEE LOG AT : ./logs/all_Lyapunov_test_dso-fn_d_all_d_01_log.txt
SpawnPoolWorker-38| 2026-06-22 03:42:35,818,818 multiprocessing INFO See log at : ./logs/all_Lyapunov_test_dso-fn_d_all_d_01_log.txt
SpawnPoolWorker-16| 2026-06-22 03:42:35,822,822 multiprocessing INFO STARTING NEW RUN ==========
SpawnPoolWorker-16| 2026-06-22 03:42:35,822,822 multiprocessing INFO SEE LOG AT : ./logs/all_Lyapunov_test_dso-fn_d_all_d_01_log.txt
SpawnPoolWorker-16| 2026-06-22 03:42:35,822,822 multiprocessing INFO See log at : ./logs/all_Lyapunov_test_dso-fn_d_all_d_01_log.txt
SpawnPoolWorker-16| 2026-06-22 03:42:35,824,824 multiprocessing INFO child process calling self.run()
SpawnPoolWorker-38| 2026-06-22 03:42:35,829,829 multiprocessing INFO child process calling self.run()
SpawnPoolWorker-25| 2026-06-22 03:42:35,861,861 multiprocessing INFO STARTING NEW RUN ==========
SpawnPoolWorker-25| 2026-06-22 03:42:35,861,861 multiprocessing INFO SEE LOG AT : ./logs/all_Lyapunov_test_dso-fn_d_all_d_01_log.txt
SpawnPoolWorker-25| 2026-06-22 03:42:35,861,861 multiprocessing INFO See log at : ./logs/all_Lyapunov_test_dso-fn_d_all_d_01_log.txt
SpawnPoolWorker-25| 2026-06-22 03:42:35,874,874 multiprocessing INFO child process calling self.run()
SpawnPoolWorker-32| 2026-06-22 03:42:36,054,54 multiprocessing INFO STARTING NEW RUN ==========
SpawnPoolWorker-32| 2026-06-22 03:42:36,054,54 multiprocessing INFO SEE LOG AT : ./logs/all_Lyapunov_test_dso-fn_d_all_d_01_log.txt
SpawnPoolWorker-32| 2026-06-22 03:42:36,054,54 multiprocessing INFO See log at : ./logs/all_Lyapunov_test_dso-fn_d_all_d_01_log.txt
SpawnPoolWorker-32| 2026-06-22 03:42:36,058,58 multiprocessing INFO child process calling self.run()
SpawnPoolWorker-55| 2026-06-22 03:42:36,264,264 multiprocessing INFO STARTING NEW RUN ==========
SpawnPoolWorker-55| 2026-06-22 03:42:36,264,264 multiprocessing INFO SEE LOG AT : ./logs/all_Lyapunov_test_dso-fn_d_all_d_01_log.txt
SpawnPoolWorker-55| 2026-06-22 03:42:36,264,264 multiprocessing INFO See log at : ./logs/all_Lyapunov_test_dso-fn_d_all_d_01_log.txt
SpawnPoolWorker-27| 2026-06-22 03:42:36,268,268 multiprocessing INFO STARTING NEW RUN ==========
SpawnPoolWorker-27| 2026-06-22 03:42:36,268,268 multiprocessing INFO SEE LOG AT : ./logs/all_Lyapunov_test_dso-fn_d_all_d_01_log.txt
SpawnPoolWorker-27| 2026-06-22 03:42:36,268,268 multiprocessing INFO See log at : ./logs/all_Lyapunov_test_dso-fn_d_all_d_01_log.txt
SpawnPoolWorker-55| 2026-06-22 03:42:36,269,269 multiprocessing INFO child process calling self.run()
SpawnPoolWorker-27| 2026-06-22 03:42:36,273,273 multiprocessing INFO child process calling self.run()
SpawnPoolWorker-43| 2026-06-22 03:42:36,361,361 multiprocessing INFO STARTING NEW RUN ==========
SpawnPoolWorker-43| 2026-06-22 03:42:36,362,362 multiprocessing INFO SEE LOG AT : ./logs/all_Lyapunov_test_dso-fn_d_all_d_01_log.txt
SpawnPoolWorker-43| 2026-06-22 03:42:36,362,362 multiprocessing INFO See log at : ./logs/all_Lyapunov_test_dso-fn_d_all_d_01_log.txt
SpawnPoolWorker-43| 2026-06-22 03:42:36,365,365 multiprocessing INFO child process calling self.run()
SpawnPoolWorker-53| 2026-06-22 03:42:36,410,410 multiprocessing INFO STARTING NEW RUN ==========
SpawnPoolWorker-53| 2026-06-22 03:42:36,410,410 multiprocessing INFO SEE LOG AT : ./logs/all_Lyapunov_test_dso-fn_d_all_d_01_log.txt
SpawnPoolWorker-53| 2026-06-22 03:42:36,410,410 multiprocessing INFO See log at : ./logs/all_Lyapunov_test_dso-fn_d_all_d_01_log.txt
SpawnPoolWorker-53| 2026-06-22 03:42:36,413,413 multiprocessing INFO child process calling self.run()
SpawnPoolWorker-69| 2026-06-22 03:42:36,414,414 multiprocessing INFO STARTING NEW RUN ==========
SpawnPoolWorker-69| 2026-06-22 03:42:36,414,414 multiprocessing INFO SEE LOG AT : ./logs/all_Lyapunov_test_dso-fn_d_all_d_01_log.txt
SpawnPoolWorker-69| 2026-06-22 03:42:36,414,414 multiprocessing INFO See log at : ./logs/all_Lyapunov_test_dso-fn_d_all_d_01_log.txt
SpawnPoolWorker-69| 2026-06-22 03:42:36,416,416 multiprocessing INFO child process calling self.run()
SpawnPoolWorker-14| 2026-06-22 03:42:36,575,575 multiprocessing INFO STARTING NEW RUN ==========
SpawnPoolWorker-14| 2026-06-22 03:42:36,575,575 multiprocessing INFO SEE LOG AT : ./logs/all_Lyapunov_test_dso-fn_d_all_d_01_log.txt
SpawnPoolWorker-14| 2026-06-22 03:42:36,575,575 multiprocessing INFO See log at : ./logs/all_Lyapunov_test_dso-fn_d_all_d_01_log.txt
SpawnPoolWorker-14| 2026-06-22 03:42:36,586,586 multiprocessing INFO child process calling self.run()
SpawnPoolWorker-50| 2026-06-22 03:42:36,628,628 multiprocessing INFO STARTING NEW RUN ==========
SpawnPoolWorker-50| 2026-06-22 03:42:36,628,628 multiprocessing INFO SEE LOG AT : ./logs/all_Lyapunov_test_dso-fn_d_all_d_01_log.txt
SpawnPoolWorker-50| 2026-06-22 03:42:36,628,628 multiprocessing INFO See log at : ./logs/all_Lyapunov_test_dso-fn_d_all_d_01_log.txt
SpawnPoolWorker-50| 2026-06-22 03:42:36,635,635 multiprocessing INFO child process calling self.run()
SpawnPoolWorker-33| 2026-06-22 03:42:36,737,737 multiprocessing INFO STARTING NEW RUN ==========
SpawnPoolWorker-33| 2026-06-22 03:42:36,738,738 multiprocessing INFO SEE LOG AT : ./logs/all_Lyapunov_test_dso-fn_d_all_d_01_log.txt
SpawnPoolWorker-33| 2026-06-22 03:42:36,738,738 multiprocessing INFO See log at : ./logs/all_Lyapunov_test_dso-fn_d_all_d_01_log.txt
SpawnPoolWorker-33| 2026-06-22 03:42:36,740,740 multiprocessing INFO child process calling self.run()
SpawnPoolWorker-41| 2026-06-22 03:42:36,838,838 multiprocessing INFO STARTING NEW RUN ==========
SpawnPoolWorker-41| 2026-06-22 03:42:36,838,838 multiprocessing INFO SEE LOG AT : ./logs/all_Lyapunov_test_dso-fn_d_all_d_01_log.txt
SpawnPoolWorker-41| 2026-06-22 03:42:36,838,838 multiprocessing INFO See log at : ./logs/all_Lyapunov_test_dso-fn_d_all_d_01_log.txt
SpawnPoolWorker-41| 2026-06-22 03:42:36,846,846 multiprocessing INFO child process calling self.run()
SpawnPoolWorker-12| 2026-06-22 03:42:36,869,869 multiprocessing INFO STARTING NEW RUN ==========
SpawnPoolWorker-12| 2026-06-22 03:42:36,869,869 multiprocessing INFO SEE LOG AT : ./logs/all_Lyapunov_test_dso-fn_d_all_d_01_log.txt
SpawnPoolWorker-12| 2026-06-22 03:42:36,869,869 multiprocessing INFO See log at : ./logs/all_Lyapunov_test_dso-fn_d_all_d_01_log.txt
SpawnPoolWorker-12| 2026-06-22 03:42:36,876,876 multiprocessing INFO child process calling self.run()
SpawnPoolWorker-35| 2026-06-22 03:42:36,957,957 multiprocessing INFO STARTING NEW RUN ==========
SpawnPoolWorker-35| 2026-06-22 03:42:36,957,957 multiprocessing INFO SEE LOG AT : ./logs/all_Lyapunov_test_dso-fn_d_all_d_01_log.txt
SpawnPoolWorker-35| 2026-06-22 03:42:36,957,957 multiprocessing INFO See log at : ./logs/all_Lyapunov_test_dso-fn_d_all_d_01_log.txt
SpawnPoolWorker-35| 2026-06-22 03:42:36,960,960 multiprocessing INFO child process calling self.run()
SpawnPoolWorker-15| 2026-06-22 03:42:37,003,3 multiprocessing INFO STARTING NEW RUN ==========
SpawnPoolWorker-15| 2026-06-22 03:42:37,003,3 multiprocessing INFO SEE LOG AT : ./logs/all_Lyapunov_test_dso-fn_d_all_d_01_log.txt
SpawnPoolWorker-15| 2026-06-22 03:42:37,003,3 multiprocessing INFO See log at : ./logs/all_Lyapunov_test_dso-fn_d_all_d_01_log.txt
SpawnPoolWorker-52| 2026-06-22 03:42:37,005,5 multiprocessing INFO STARTING NEW RUN ==========
SpawnPoolWorker-52| 2026-06-22 03:42:37,006,6 multiprocessing INFO SEE LOG AT : ./logs/all_Lyapunov_test_dso-fn_d_all_d_01_log.txt
SpawnPoolWorker-52| 2026-06-22 03:42:37,006,6 multiprocessing INFO See log at : ./logs/all_Lyapunov_test_dso-fn_d_all_d_01_log.txt
SpawnPoolWorker-15| 2026-06-22 03:42:37,006,6 multiprocessing INFO child process calling self.run()
SpawnPoolWorker-52| 2026-06-22 03:42:37,010,10 multiprocessing INFO child process calling self.run()
SpawnPoolWorker-18| 2026-06-22 03:42:37,204,204 multiprocessing INFO STARTING NEW RUN ==========
SpawnPoolWorker-18| 2026-06-22 03:42:37,204,204 multiprocessing INFO SEE LOG AT : ./logs/all_Lyapunov_test_dso-fn_d_all_d_01_log.txt
SpawnPoolWorker-18| 2026-06-22 03:42:37,204,204 multiprocessing INFO See log at : ./logs/all_Lyapunov_test_dso-fn_d_all_d_01_log.txt
SpawnPoolWorker-18| 2026-06-22 03:42:37,210,210 multiprocessing INFO child process calling self.run()
SpawnPoolWorker-46| 2026-06-22 03:42:37,231,231 multiprocessing INFO STARTING NEW RUN ==========
SpawnPoolWorker-46| 2026-06-22 03:42:37,231,231 multiprocessing INFO SEE LOG AT : ./logs/all_Lyapunov_test_dso-fn_d_all_d_01_log.txt
SpawnPoolWorker-46| 2026-06-22 03:42:37,231,231 multiprocessing INFO See log at : ./logs/all_Lyapunov_test_dso-fn_d_all_d_01_log.txt
SpawnPoolWorker-46| 2026-06-22 03:42:37,233,233 multiprocessing INFO child process calling self.run()
SpawnPoolWorker-22| 2026-06-22 03:42:37,252,252 multiprocessing INFO STARTING NEW RUN ==========
SpawnPoolWorker-22| 2026-06-22 03:42:37,252,252 multiprocessing INFO SEE LOG AT : ./logs/all_Lyapunov_test_dso-fn_d_all_d_01_log.txt
SpawnPoolWorker-22| 2026-06-22 03:42:37,252,252 multiprocessing INFO See log at : ./logs/all_Lyapunov_test_dso-fn_d_all_d_01_log.txt
SpawnPoolWorker-22| 2026-06-22 03:42:37,261,261 multiprocessing INFO child process calling self.run()
SpawnPoolWorker-56| 2026-06-22 03:42:37,272,272 multiprocessing INFO STARTING NEW RUN ==========
SpawnPoolWorker-56| 2026-06-22 03:42:37,273,273 multiprocessing INFO SEE LOG AT : ./logs/all_Lyapunov_test_dso-fn_d_all_d_01_log.txt
SpawnPoolWorker-56| 2026-06-22 03:42:37,273,273 multiprocessing INFO See log at : ./logs/all_Lyapunov_test_dso-fn_d_all_d_01_log.txt
SpawnPoolWorker-56| 2026-06-22 03:42:37,274,274 multiprocessing INFO child process calling self.run()
SpawnPoolWorker-17| 2026-06-22 03:42:37,384,384 multiprocessing INFO STARTING NEW RUN ==========
SpawnPoolWorker-17| 2026-06-22 03:42:37,384,384 multiprocessing INFO SEE LOG AT : ./logs/all_Lyapunov_test_dso-fn_d_all_d_01_log.txt
SpawnPoolWorker-17| 2026-06-22 03:42:37,384,384 multiprocessing INFO See log at : ./logs/all_Lyapunov_test_dso-fn_d_all_d_01_log.txt
SpawnPoolWorker-11| 2026-06-22 03:42:37,391,391 multiprocessing INFO STARTING NEW RUN ==========
SpawnPoolWorker-11| 2026-06-22 03:42:37,391,391 multiprocessing INFO SEE LOG AT : ./logs/all_Lyapunov_test_dso-fn_d_all_d_01_log.txt
SpawnPoolWorker-11| 2026-06-22 03:42:37,391,391 multiprocessing INFO See log at : ./logs/all_Lyapunov_test_dso-fn_d_all_d_01_log.txt
SpawnPoolWorker-11| 2026-06-22 03:42:37,393,393 multiprocessing INFO child process calling self.run()
SpawnPoolWorker-17| 2026-06-22 03:42:37,394,394 multiprocessing INFO child process calling self.run()
SpawnPoolWorker-66| 2026-06-22 03:42:37,421,421 multiprocessing INFO STARTING NEW RUN ==========
SpawnPoolWorker-66| 2026-06-22 03:42:37,421,421 multiprocessing INFO SEE LOG AT : ./logs/all_Lyapunov_test_dso-fn_d_all_d_01_log.txt
SpawnPoolWorker-66| 2026-06-22 03:42:37,421,421 multiprocessing INFO See log at : ./logs/all_Lyapunov_test_dso-fn_d_all_d_01_log.txt
SpawnPoolWorker-66| 2026-06-22 03:42:37,427,427 multiprocessing INFO child process calling self.run()
SpawnPoolWorker-40| 2026-06-22 03:42:37,446,446 multiprocessing INFO STARTING NEW RUN ==========
SpawnPoolWorker-40| 2026-06-22 03:42:37,447,447 multiprocessing INFO SEE LOG AT : ./logs/all_Lyapunov_test_dso-fn_d_all_d_01_log.txt
SpawnPoolWorker-40| 2026-06-22 03:42:37,447,447 multiprocessing INFO See log at : ./logs/all_Lyapunov_test_dso-fn_d_all_d_01_log.txt
SpawnPoolWorker-40| 2026-06-22 03:42:37,452,452 multiprocessing INFO child process calling self.run()
SpawnPoolWorker-20| 2026-06-22 03:42:37,454,454 multiprocessing INFO STARTING NEW RUN ==========
SpawnPoolWorker-20| 2026-06-22 03:42:37,454,454 multiprocessing INFO SEE LOG AT : ./logs/all_Lyapunov_test_dso-fn_d_all_d_01_log.txt
SpawnPoolWorker-20| 2026-06-22 03:42:37,454,454 multiprocessing INFO See log at : ./logs/all_Lyapunov_test_dso-fn_d_all_d_01_log.txt
SpawnPoolWorker-20| 2026-06-22 03:42:37,460,460 multiprocessing INFO child process calling self.run()
SpawnPoolWorker-19| 2026-06-22 03:42:37,503,503 multiprocessing INFO STARTING NEW RUN ==========
SpawnPoolWorker-19| 2026-06-22 03:42:37,503,503 multiprocessing INFO SEE LOG AT : ./logs/all_Lyapunov_test_dso-fn_d_all_d_01_log.txt
SpawnPoolWorker-19| 2026-06-22 03:42:37,503,503 multiprocessing INFO See log at : ./logs/all_Lyapunov_test_dso-fn_d_all_d_01_log.txt
SpawnPoolWorker-28| 2026-06-22 03:42:37,512,512 multiprocessing INFO STARTING NEW RUN ==========
SpawnPoolWorker-28| 2026-06-22 03:42:37,512,512 multiprocessing INFO SEE LOG AT : ./logs/all_Lyapunov_test_dso-fn_d_all_d_01_log.txt
SpawnPoolWorker-28| 2026-06-22 03:42:37,512,512 multiprocessing INFO See log at : ./logs/all_Lyapunov_test_dso-fn_d_all_d_01_log.txt
SpawnPoolWorker-19| 2026-06-22 03:42:37,513,513 multiprocessing INFO child process calling self.run()
SpawnPoolWorker-28| 2026-06-22 03:42:37,532,532 multiprocessing INFO child process calling self.run()
SpawnPoolWorker-60| 2026-06-22 03:42:37,543,543 multiprocessing INFO STARTING NEW RUN ==========
SpawnPoolWorker-60| 2026-06-22 03:42:37,546,546 multiprocessing INFO SEE LOG AT : ./logs/all_Lyapunov_test_dso-fn_d_all_d_01_log.txt
SpawnPoolWorker-60| 2026-06-22 03:42:37,546,546 multiprocessing INFO See log at : ./logs/all_Lyapunov_test_dso-fn_d_all_d_01_log.txt
SpawnPoolWorker-60| 2026-06-22 03:42:37,548,548 multiprocessing INFO child process calling self.run()
SpawnPoolWorker-74| 2026-06-22 03:42:37,599,599 multiprocessing INFO STARTING NEW RUN ==========
SpawnPoolWorker-74| 2026-06-22 03:42:37,599,599 multiprocessing INFO SEE LOG AT : ./logs/all_Lyapunov_test_dso-fn_d_all_d_01_log.txt
SpawnPoolWorker-74| 2026-06-22 03:42:37,599,599 multiprocessing INFO See log at : ./logs/all_Lyapunov_test_dso-fn_d_all_d_01_log.txt
SpawnPoolWorker-74| 2026-06-22 03:42:37,600,600 multiprocessing INFO child process calling self.run()
SpawnPoolWorker-43| 2026-06-22 03:42:37,605,605 multiprocessing INFO process shutting down
SpawnPoolWorker-53| 2026-06-22 03:42:37,605,605 multiprocessing INFO process shutting down
SpawnPoolWorker-43| 2026-06-22 03:42:37,605,605 multiprocessing INFO process exiting with exitcode 0
SpawnPoolWorker-53| 2026-06-22 03:42:37,606,606 multiprocessing INFO process exiting with exitcode 0
SpawnPoolWorker-69| 2026-06-22 03:42:37,606,606 multiprocessing INFO process shutting down
SpawnPoolWorker-47| 2026-06-22 03:42:37,606,606 multiprocessing INFO process shutting down
SpawnPoolWorker-14| 2026-06-22 03:42:37,606,606 multiprocessing INFO process shutting down
SpawnPoolWorker-50| 2026-06-22 03:42:37,607,607 multiprocessing INFO process shutting down
SpawnPoolWorker-42| 2026-06-22 03:42:37,607,607 multiprocessing INFO process shutting down
SpawnPoolWorker-55| 2026-06-22 03:42:37,607,607 multiprocessing INFO process shutting down
SpawnPoolWorker-33| 2026-06-22 03:42:37,608,608 multiprocessing INFO process shutting down
SpawnPoolWorker-34| 2026-06-22 03:42:37,608,608 multiprocessing INFO process shutting down
SpawnPoolWorker-51| 2026-06-22 03:42:37,608,608 multiprocessing INFO process shutting down
SpawnPoolWorker-41| 2026-06-22 03:42:37,608,608 multiprocessing INFO process shutting down
SpawnPoolWorker-12| 2026-06-22 03:42:37,609,609 multiprocessing INFO process shutting down
SpawnPoolWorker-27| 2026-06-22 03:42:37,609,609 multiprocessing INFO process shutting down
SpawnPoolWorker-35| 2026-06-22 03:42:37,609,609 multiprocessing INFO process shutting down
SpawnPoolWorker-26| 2026-06-22 03:42:37,609,609 multiprocessing INFO process shutting down
SpawnPoolWorker-15| 2026-06-22 03:42:37,609,609 multiprocessing INFO process shutting down
SpawnPoolWorker-52| 2026-06-22 03:42:37,610,610 multiprocessing INFO process shutting down
SpawnPoolWorker-69| 2026-06-22 03:42:37,610,610 multiprocessing INFO process exiting with exitcode 0
SpawnPoolWorker-31| 2026-06-22 03:42:37,610,610 multiprocessing INFO process shutting down
SpawnPoolWorker-16| 2026-06-22 03:42:37,610,610 multiprocessing INFO process shutting down
SpawnPoolWorker-52| 2026-06-22 03:42:37,610,610 multiprocessing INFO process exiting with exitcode 0
SpawnPoolWorker-23| 2026-06-22 03:42:37,610,610 multiprocessing INFO process shutting down
SpawnPoolWorker-57| 2026-06-22 03:42:37,611,611 multiprocessing INFO process shutting down
SpawnPoolWorker-18| 2026-06-22 03:42:37,611,611 multiprocessing INFO process shutting down
SpawnPoolWorker-29| 2026-06-22 03:42:37,611,611 multiprocessing INFO process shutting down
SpawnPoolWorker-46| 2026-06-22 03:42:37,612,612 multiprocessing INFO process shutting down
SpawnPoolWorker-56| 2026-06-22 03:42:37,612,612 multiprocessing INFO process shutting down
SpawnPoolWorker-11| 2026-06-22 03:42:37,612,612 multiprocessing INFO process shutting down
SpawnPoolWorker-25| 2026-06-22 03:42:37,612,612 multiprocessing INFO process shutting down
SpawnPoolWorker-48| 2026-06-22 03:42:37,612,612 multiprocessing INFO process shutting down
SpawnPoolWorker-22| 2026-06-22 03:42:37,612,612 multiprocessing INFO process shutting down
SpawnPoolWorker-17| 2026-06-22 03:42:37,613,613 multiprocessing INFO process shutting down
SpawnPoolWorker-31| 2026-06-22 03:42:37,613,613 multiprocessing INFO process exiting with exitcode 0
SpawnPoolWorker-66| 2026-06-22 03:42:37,613,613 multiprocessing INFO process shutting down
SpawnPoolWorker-66| 2026-06-22 03:42:37,617,617 multiprocessing INFO process exiting with exitcode 0
SpawnPoolWorker-40| 2026-06-22 03:42:37,617,617 multiprocessing INFO process shutting down
SpawnPoolWorker-47| 2026-06-22 03:42:37,617,617 multiprocessing INFO process exiting with exitcode 0
SpawnPoolWorker-40| 2026-06-22 03:42:37,617,617 multiprocessing INFO process exiting with exitcode 0
SpawnPoolWorker-20| 2026-06-22 03:42:37,617,617 multiprocessing INFO process shutting down
SpawnPoolWorker-19| 2026-06-22 03:42:37,617,617 multiprocessing INFO process shutting down
SpawnPoolWorker-28| 2026-06-22 03:42:37,618,618 multiprocessing INFO process shutting down
SpawnPoolWorker-38| 2026-06-22 03:42:37,617,617 multiprocessing INFO process shutting down
SpawnPoolWorker-60| 2026-06-22 03:42:37,618,618 multiprocessing INFO process shutting down
SpawnPoolWorker-74| 2026-06-22 03:42:37,618,618 multiprocessing INFO process shutting down
29
(15000, 3)
(15000,)
(15000, 3)
(15000,)

=======================Successfully Added (0,) Counter Examples=======================

[2026-06-22T06:24:11.463] error: *** JOB 11510886 ON aga04 CANCELLED AT 2026-06-22T06:24:11 DUE to SIGNAL Terminated ***
