[job] sys=poly6d benchmark=fn_d_all_m seed=2 host=cn2104 gpu=0 start=2026-06-22T06:24:54-05:00
MainProcess| 2026-06-22 06:24:59,532,532 multiprocessing INFO STARTING NEW RUN ==========
MainProcess| 2026-06-22 06:24:59,533,533 multiprocessing INFO SEE LOG AT : ./logs/all_Lyapunov_test_dso-fn_d_all_m_01_log.txt
MainProcess| 2026-06-22 06:24:59,533,533 multiprocessing INFO See log at : ./logs/all_Lyapunov_test_dso-fn_d_all_m_01_log.txt
MainProcess| 2026-06-22 06:24:59,536,536 multiprocessing INFO               variables           expression                                                                                                                                                                  train_spec test_spec function_set
name                                                                                                                                                                                                                                           
fn_d_all_m_5          6  0*x1+0*x2+0*x3+0*x4  {"x1":{"U":[-1.0,1.0,50000]}, "x2":{"U":[-1.0,1.0,50000]},"x3":{"U":[-1.0,1.0,50000]},"x4":{"U":[-1.0,1.0,50000]},"x5":{"U":[-1.0,1.0,50000]},"x6":{"U":[-1.0,1.0,50000]}}      None         Koza
              variables           expression                                                                                                                                                                  train_spec test_spec function_set
name                                                                                                                                                                                                                                           
fn_d_all_m_5          6  0*x1+0*x2+0*x3+0*x4  {"x1":{"U":[-1.0,1.0,50000]}, "x2":{"U":[-1.0,1.0,50000]},"x3":{"U":[-1.0,1.0,50000]},"x4":{"U":[-1.0,1.0,50000]},"x5":{"U":[-1.0,1.0,50000]},"x6":{"U":[-1.0,1.0,50000]}}      None         Koza

-- BUILDING DATASET START -----------
Benchmark path                 : /users/9/chen8596/LyaDis/repro/runs/poly6d/libs/sd3/dso/dso/task/regression/benchmarks_bkup_1.csv
Generated data for benchmark   : fn_d_all_m_5
-- BUILDING DATASET END -------------

Function set                   : Koza --> ['add', 'sub', 'mul', 'sin', 'cos', 'n2']

MainProcess| 2026-06-22 06:24:59,623,623 multiprocessing INFO [BASELINE_TESTING NOW] dataset=fn_d_all_m_5 	| baseline=transformer 	| seed=2 	| data_samples=50000 	| noise=0.0
MainProcess| 2026-06-22 06:24:59,629,629 multiprocessing INFO [RUN SETTINGS]: test_dataset=fn_d_all_m_5  batch_outer_datasets=24 pre_train=False load_pre_trained_path= priority_queue_training=True gp_meld=True model=TransformerTreeEncoderController train_path= risk_seeking_pg_train=True
[RUN SETTINGS]: test_dataset=fn_d_all_m_5  batch_outer_datasets=24 pre_train=False load_pre_trained_path= priority_queue_training=True gp_meld=True model=TransformerTreeEncoderController train_path= risk_seeking_pg_train=True
MainProcess| 2026-06-22 06:24:59,681,681 multiprocessing INFO Running model : TransformerTreeEncoderController
Running model : TransformerTreeEncoderController

-- BUILDING DATASET START -----------
Benchmark path                 : /users/9/chen8596/LyaDis/repro/runs/poly6d/libs/sd3/dso/dso/task/regression/benchmarks_bkup_1.csv
Generated data for benchmark   : fn_d_all_m_5
-- BUILDING DATASET END -------------

Function set                   : Koza --> ['add', 'sub', 'mul', 'sin', 'cos', 'n2']

MainProcess| 2026-06-22 06:24:59,700,700 multiprocessing INFO Function set: ['x1', 'x2', 'x3', 'x4', 'x5', 'x6', 'add', 'sub', 'mul', 'sin', 'cos', 'n2']

-- BUILDING DATASET START -----------
Benchmark path                 : /users/9/chen8596/LyaDis/repro/runs/poly6d/libs/sd3/dso/dso/task/regression/benchmarks_bkup_1.csv
Generated data for benchmark   : fn_d_all_m_5
-- BUILDING DATASET END -------------

Function set                   : Koza --> ['add', 'sub', 'mul', 'sin', 'cos', 'n2']

-- BUILDING PRIOR START -------------
WARNING: Skipping invalid 'RelationalConstraint' with arguments {'targets': [], 'effectors': [], 'relationship': None}. Reason: Prior disabled.
WARNING: Skipping invalid 'RepeatConstraint' with arguments {'tokens': 'const', 'min_': None, 'max_': 5}. Reason: Uses Tokens not in the Library.
WARNING: Skipping invalid 'InverseUnaryConstraint' with arguments {}. Reason: There are no inverse unary Token pairs in the Library.
WARNING: Skipping invalid 'ConstConstraint' with arguments {}. Reason: Prior disabled.
WARNING: Skipping invalid 'NoInputsConstraint' with arguments {}. Reason: All terminal tokens are input variables, so allsequences will have an input variable.
WARNING: Skipping invalid 'UniformArityPrior' with arguments {}. Reason: Prior disabled.
LengthConstraint: Sequences have minimum length 12.
                  Sequences have maximum length 19.
TrigConstraint: [sin, cos] cannot be a descendant of [sin, cos].
SoftLengthPrior: No description available.
-- BUILDING PRIOR END ---------------

MainProcess| 2026-06-22 06:24:59,904,904 multiprocessing INFO Transformer overwriting hidden size to input_dim 128
Transformer overwriting hidden size to input_dim 128
MainProcess| 2026-06-22 06:25:00,048,48 multiprocessing INFO Encoder params: {'sinuisodal_embeddings': False, 'dec_pf_dim': 32, 'dec_layers': 1, 'dim_hidden': 128, 'lr': 0.0001, 'dropout': 0, 'num_features': 1, 'ln': True, 'N_p': 0, 'num_inds': 64, 'activation': 'relu', 'bit16': False, 'norm': True, 'linear': True, 'input_normalization': False, 'src_pad_idx': 0, 'trg_pad_idx': 0, 'length_eq': 20, 'n_l_enc': 3, 'mean': 0.5, 'std': 0.5, 'dim_input': 64, 'num_heads': 2, 'output_dim': 10}
Encoder params: {'sinuisodal_embeddings': False, 'dec_pf_dim': 32, 'dec_layers': 1, 'dim_hidden': 128, 'lr': 0.0001, 'dropout': 0, 'num_features': 1, 'ln': True, 'N_p': 0, 'num_inds': 64, 'activation': 'relu', 'bit16': False, 'norm': True, 'linear': True, 'input_normalization': False, 'src_pad_idx': 0, 'trg_pad_idx': 0, 'length_eq': 20, 'n_l_enc': 3, 'mean': 0.5, 'std': 0.5, 'dim_input': 64, 'num_heads': 2, 'output_dim': 10}
MainProcess| 2026-06-22 06:25:00,064,64 multiprocessing INFO TransformerTreeEncoderController parameters: 4036960 	 | trainable : 4036960
TransformerTreeEncoderController parameters: 4036960 	 | trainable : 4036960
MainProcess| 2026-06-22 06:25:00,122,122 multiprocessing INFO GP CONFIG : {'verbose': False, 'generations': 35, 'p_crossover': 0.5, 'p_mutate': 0.5, 'tournament_size': 7, 'train_n': 50, 'mutate_tree_max': 3}
GP CONFIG : {'verbose': False, 'generations': 35, 'p_crossover': 0.5, 'p_mutate': 0.5, 'tournament_size': 7, 'train_n': 50, 'mutate_tree_max': 3}
MainProcess| 2026-06-22 06:25:00,199,199 multiprocessing INFO config: {'experiment': {'logdir': './log', 'seed': 13, 'timestamp': '2026-06-22-062459', 'task_name': 'fn_d_all_m_5', 'save_path': './log/fn_d_all_m_5_2026-06-22-062459_2'}, 'task': {'task_type': 'regression', 'dataset': 'fn_d_all_m_5', 'function_set': ['add', 'sub', 'mul', 'sin', 'cos', 'n2'], 'metric': 'lyapunov_risk', 'metric_params': [1.0], 'extra_metric_test': None, 'extra_metric_test_params': [], 'threshold': 1e-12, 'protected': False, 'reward_noise': 0.0, 'reward_noise_type': 'r', 'normalize_variance': False, 'decision_tree_threshold_set': []}, 'training': {'n_epochs': None, 'n_samples': 2000000, 'batch_size': 500, 'epsilon': 0.1, 'baseline': 'R_e', 'alpha': 0.5, 'b_jumpstart': False, 'n_cores_batch': 1, 'complexity': 'token', 'const_optimizer': 'scipy', 'const_params': {'method': 'L-BFGS-B', 'options': {'gtol': 0.001}}, 'verbose': True, 'debug': 0, 'early_stopping': True, 'hof': 100, 'use_memory': False, 'memory_capacity': 1000.0, 'warm_start': None, 'memory_threshold': None, 'save_all_epoch': False, 'save_summary': False, 'save_positional_entropy': False, 'save_pareto_front': True, 'save_cache': False, 'save_cache_r_min': 0.9, 'save_freq': 1, 'save_token_count': False}, 'state_manager': {'observe_action': False, 'observe_parent': True, 'observe_sibling': True, 'observe_dangling': False, 'embedding': True, 'embedding_size': 64}, 'controller': {'max_length': 64, 'cell': 'lstm', 'num_layers': 1, 'num_units': 64, 'initializer': 'zeros', 'learning_rate': 0.0003, 'optimizer': 'adam', 'entropy_weight': 0.005, 'entropy_gamma': 0.8, 'pqt': True, 'pqt_k': 10, 'pqt_batch_size': 1, 'pqt_weight': 200.0, 'pqt_use_pg': False, 'summary': False, 'rl_weight': 1.0}, 'gp_meld': {'generations': 35, 'p_crossover': 0.5, 'p_mutate': 0.5, 'tournament_size': 7, 'train_n': 50, 'mutate_tree_max': 3}, 'prior': {'relational': {'targets': [], 'effectors': [], 'relationship': None}, 'length': {'min_': 12, 'max_': 19}, 'repeat': {'tokens': 'const', 'min_': None, 'max_': 5}, 'inverse': {}, 'trig': {}, 'const': {}, 'no_inputs': {}, 'uniform_arity': {}, 'soft_length': {'loc': 15, 'scale': 5}}, 'postprocess': {'show_count': 5, 'save_plots': True}, 'model': 'TransformerTreeEncoderController', 'function_names_str': 'x1,x2,x3,x4,x5,x6,add,sub,mul,sin,cos,n2', 'nesymres_train_config': {'architecture': {'sinuisodal_embeddings': False, 'dec_pf_dim': 32, 'dec_layers': 1, 'dim_hidden': 128, 'lr': 0.0001, 'dropout': 0, 'num_features': 1, 'ln': True, 'N_p': 0, 'num_inds': 64, 'activation': 'relu', 'bit16': False, 'norm': True, 'linear': True, 'input_normalization': False, 'src_pad_idx': 0, 'trg_pad_idx': 0, 'length_eq': 20, 'n_l_enc': 3, 'mean': 0.5, 'std': 0.5, 'dim_input': 64, 'num_heads': 2, 'output_dim': 10}}}

-- BUILDING DATASET START -----------
Benchmark path                 : /users/9/chen8596/LyaDis/repro/runs/poly6d/libs/sd3/dso/dso/task/regression/benchmarks_bkup_1.csv
Generated data for benchmark   : fn_d_all_m_5
-- BUILDING DATASET END -------------

Function set                   : Koza --> ['add', 'sub', 'mul', 'sin', 'cos', 'n2']

-- RUNNING EPOCHS START -------------
torch.Size([500, 123])
/users/9/chen8596/miniconda3/envs/alfd/lib/python3.9/site-packages/torch/nn/functional.py:4999: UserWarning: Support for mismatched key_padding_mask and attn_mask is deprecated. Use same type for both instead.
  warnings.warn(
/users/9/chen8596/miniconda3/envs/alfd/lib/python3.9/site-packages/torch/nn/functional.py:4999: UserWarning: Support for mismatched key_padding_mask and attn_mask is deprecated. Use same type for both instead.
  warnings.warn(
/users/9/chen8596/miniconda3/envs/alfd/lib/python3.9/site-packages/torch/nn/functional.py:4999: UserWarning: Support for mismatched key_padding_mask and attn_mask is deprecated. Use same type for both instead.
  warnings.warn(
MainProcess| 2026-06-22 06:25:46,952,952 multiprocessing INFO Genetic Porgramming Runtime 43.50250460579991
Genetic Porgramming Runtime 43.50250460579991

=========================PGD Collection Starts=========================

MainProcess| 2026-06-22 06:25:47,807,807 multiprocessing INFO created temp directory /tmp/pymp-ho3lv0rs
SpawnPoolWorker-9| 2026-06-22 06:25:51,335,335 multiprocessing INFO STARTING NEW RUN ==========
SpawnPoolWorker-9| 2026-06-22 06:25:51,335,335 multiprocessing INFO SEE LOG AT : ./logs/all_Lyapunov_test_dso-fn_d_all_m_01_log.txt
SpawnPoolWorker-9| 2026-06-22 06:25:51,335,335 multiprocessing INFO See log at : ./logs/all_Lyapunov_test_dso-fn_d_all_m_01_log.txt
SpawnPoolWorker-9| 2026-06-22 06:25:51,337,337 multiprocessing INFO child process calling self.run()
SpawnPoolWorker-8| 2026-06-22 06:25:51,337,337 multiprocessing INFO STARTING NEW RUN ==========
SpawnPoolWorker-11| 2026-06-22 06:25:51,337,337 multiprocessing INFO STARTING NEW RUN ==========
SpawnPoolWorker-3| 2026-06-22 06:25:51,337,337 multiprocessing INFO STARTING NEW RUN ==========
SpawnPoolWorker-16| 2026-06-22 06:25:51,337,337 multiprocessing INFO STARTING NEW RUN ==========
SpawnPoolWorker-8| 2026-06-22 06:25:51,337,337 multiprocessing INFO SEE LOG AT : ./logs/all_Lyapunov_test_dso-fn_d_all_m_01_log.txt
SpawnPoolWorker-11| 2026-06-22 06:25:51,337,337 multiprocessing INFO SEE LOG AT : ./logs/all_Lyapunov_test_dso-fn_d_all_m_01_log.txt
SpawnPoolWorker-3| 2026-06-22 06:25:51,337,337 multiprocessing INFO SEE LOG AT : ./logs/all_Lyapunov_test_dso-fn_d_all_m_01_log.txt
SpawnPoolWorker-8| 2026-06-22 06:25:51,337,337 multiprocessing INFO See log at : ./logs/all_Lyapunov_test_dso-fn_d_all_m_01_log.txt
SpawnPoolWorker-11| 2026-06-22 06:25:51,337,337 multiprocessing INFO See log at : ./logs/all_Lyapunov_test_dso-fn_d_all_m_01_log.txt
SpawnPoolWorker-16| 2026-06-22 06:25:51,337,337 multiprocessing INFO SEE LOG AT : ./logs/all_Lyapunov_test_dso-fn_d_all_m_01_log.txt
SpawnPoolWorker-3| 2026-06-22 06:25:51,338,338 multiprocessing INFO See log at : ./logs/all_Lyapunov_test_dso-fn_d_all_m_01_log.txt
SpawnPoolWorker-16| 2026-06-22 06:25:51,338,338 multiprocessing INFO See log at : ./logs/all_Lyapunov_test_dso-fn_d_all_m_01_log.txt
SpawnPoolWorker-11| 2026-06-22 06:25:51,339,339 multiprocessing INFO child process calling self.run()
SpawnPoolWorker-8| 2026-06-22 06:25:51,339,339 multiprocessing INFO child process calling self.run()
SpawnPoolWorker-3| 2026-06-22 06:25:51,339,339 multiprocessing INFO child process calling self.run()
SpawnPoolWorker-16| 2026-06-22 06:25:51,339,339 multiprocessing INFO child process calling self.run()
SpawnPoolWorker-13| 2026-06-22 06:25:51,340,340 multiprocessing INFO STARTING NEW RUN ==========
SpawnPoolWorker-14| 2026-06-22 06:25:51,340,340 multiprocessing INFO STARTING NEW RUN ==========
SpawnPoolWorker-15| 2026-06-22 06:25:51,340,340 multiprocessing INFO STARTING NEW RUN ==========
SpawnPoolWorker-6| 2026-06-22 06:25:51,340,340 multiprocessing INFO STARTING NEW RUN ==========
SpawnPoolWorker-12| 2026-06-22 06:25:51,340,340 multiprocessing INFO STARTING NEW RUN ==========
SpawnPoolWorker-4| 2026-06-22 06:25:51,340,340 multiprocessing INFO STARTING NEW RUN ==========
SpawnPoolWorker-13| 2026-06-22 06:25:51,340,340 multiprocessing INFO SEE LOG AT : ./logs/all_Lyapunov_test_dso-fn_d_all_m_01_log.txt
SpawnPoolWorker-14| 2026-06-22 06:25:51,340,340 multiprocessing INFO SEE LOG AT : ./logs/all_Lyapunov_test_dso-fn_d_all_m_01_log.txt
SpawnPoolWorker-13| 2026-06-22 06:25:51,340,340 multiprocessing INFO See log at : ./logs/all_Lyapunov_test_dso-fn_d_all_m_01_log.txt
SpawnPoolWorker-15| 2026-06-22 06:25:51,340,340 multiprocessing INFO SEE LOG AT : ./logs/all_Lyapunov_test_dso-fn_d_all_m_01_log.txt
SpawnPoolWorker-6| 2026-06-22 06:25:51,340,340 multiprocessing INFO SEE LOG AT : ./logs/all_Lyapunov_test_dso-fn_d_all_m_01_log.txt
SpawnPoolWorker-12| 2026-06-22 06:25:51,340,340 multiprocessing INFO SEE LOG AT : ./logs/all_Lyapunov_test_dso-fn_d_all_m_01_log.txt
SpawnPoolWorker-4| 2026-06-22 06:25:51,340,340 multiprocessing INFO SEE LOG AT : ./logs/all_Lyapunov_test_dso-fn_d_all_m_01_log.txt
SpawnPoolWorker-14| 2026-06-22 06:25:51,340,340 multiprocessing INFO See log at : ./logs/all_Lyapunov_test_dso-fn_d_all_m_01_log.txt
SpawnPoolWorker-15| 2026-06-22 06:25:51,340,340 multiprocessing INFO See log at : ./logs/all_Lyapunov_test_dso-fn_d_all_m_01_log.txt
SpawnPoolWorker-6| 2026-06-22 06:25:51,340,340 multiprocessing INFO See log at : ./logs/all_Lyapunov_test_dso-fn_d_all_m_01_log.txt
SpawnPoolWorker-12| 2026-06-22 06:25:51,340,340 multiprocessing INFO See log at : ./logs/all_Lyapunov_test_dso-fn_d_all_m_01_log.txt
SpawnPoolWorker-4| 2026-06-22 06:25:51,340,340 multiprocessing INFO See log at : ./logs/all_Lyapunov_test_dso-fn_d_all_m_01_log.txt
SpawnPoolWorker-1| 2026-06-22 06:25:51,341,341 multiprocessing INFO STARTING NEW RUN ==========
SpawnPoolWorker-7| 2026-06-22 06:25:51,341,341 multiprocessing INFO STARTING NEW RUN ==========
SpawnPoolWorker-5| 2026-06-22 06:25:51,341,341 multiprocessing INFO STARTING NEW RUN ==========
SpawnPoolWorker-2| 2026-06-22 06:25:51,341,341 multiprocessing INFO STARTING NEW RUN ==========
SpawnPoolWorker-1| 2026-06-22 06:25:51,342,342 multiprocessing INFO SEE LOG AT : ./logs/all_Lyapunov_test_dso-fn_d_all_m_01_log.txt
SpawnPoolWorker-7| 2026-06-22 06:25:51,342,342 multiprocessing INFO SEE LOG AT : ./logs/all_Lyapunov_test_dso-fn_d_all_m_01_log.txt
SpawnPoolWorker-13| 2026-06-22 06:25:51,341,341 multiprocessing INFO child process calling self.run()
SpawnPoolWorker-5| 2026-06-22 06:25:51,342,342 multiprocessing INFO SEE LOG AT : ./logs/all_Lyapunov_test_dso-fn_d_all_m_01_log.txt
SpawnPoolWorker-14| 2026-06-22 06:25:51,342,342 multiprocessing INFO child process calling self.run()
SpawnPoolWorker-12| 2026-06-22 06:25:51,342,342 multiprocessing INFO child process calling self.run()
SpawnPoolWorker-1| 2026-06-22 06:25:51,342,342 multiprocessing INFO See log at : ./logs/all_Lyapunov_test_dso-fn_d_all_m_01_log.txt
SpawnPoolWorker-7| 2026-06-22 06:25:51,342,342 multiprocessing INFO See log at : ./logs/all_Lyapunov_test_dso-fn_d_all_m_01_log.txt
SpawnPoolWorker-2| 2026-06-22 06:25:51,342,342 multiprocessing INFO SEE LOG AT : ./logs/all_Lyapunov_test_dso-fn_d_all_m_01_log.txt
SpawnPoolWorker-5| 2026-06-22 06:25:51,342,342 multiprocessing INFO See log at : ./logs/all_Lyapunov_test_dso-fn_d_all_m_01_log.txt
SpawnPoolWorker-2| 2026-06-22 06:25:51,342,342 multiprocessing INFO See log at : ./logs/all_Lyapunov_test_dso-fn_d_all_m_01_log.txt
SpawnPoolWorker-4| 2026-06-22 06:25:51,342,342 multiprocessing INFO child process calling self.run()
SpawnPoolWorker-15| 2026-06-22 06:25:51,342,342 multiprocessing INFO child process calling self.run()
SpawnPoolWorker-6| 2026-06-22 06:25:51,342,342 multiprocessing INFO child process calling self.run()
SpawnPoolWorker-5| 2026-06-22 06:25:51,343,343 multiprocessing INFO child process calling self.run()
SpawnPoolWorker-2| 2026-06-22 06:25:51,343,343 multiprocessing INFO child process calling self.run()
SpawnPoolWorker-1| 2026-06-22 06:25:51,343,343 multiprocessing INFO child process calling self.run()
SpawnPoolWorker-7| 2026-06-22 06:25:51,343,343 multiprocessing INFO child process calling self.run()
SpawnPoolWorker-10| 2026-06-22 06:25:51,345,345 multiprocessing INFO STARTING NEW RUN ==========
SpawnPoolWorker-10| 2026-06-22 06:25:51,346,346 multiprocessing INFO SEE LOG AT : ./logs/all_Lyapunov_test_dso-fn_d_all_m_01_log.txt
SpawnPoolWorker-10| 2026-06-22 06:25:51,346,346 multiprocessing INFO See log at : ./logs/all_Lyapunov_test_dso-fn_d_all_m_01_log.txt
SpawnPoolWorker-10| 2026-06-22 06:25:51,347,347 multiprocessing INFO child process calling self.run()
SpawnPoolWorker-7| 2026-06-22 06:26:05,739,739 multiprocessing INFO process shutting down
SpawnPoolWorker-14| 2026-06-22 06:26:05,739,739 multiprocessing INFO process shutting down
SpawnPoolWorker-4| 2026-06-22 06:26:05,739,739 multiprocessing INFO process shutting down
SpawnPoolWorker-5| 2026-06-22 06:26:05,739,739 multiprocessing INFO process shutting down
SpawnPoolWorker-9| 2026-06-22 06:26:05,739,739 multiprocessing INFO process shutting down
SpawnPoolWorker-2| 2026-06-22 06:26:05,739,739 multiprocessing INFO process shutting down
SpawnPoolWorker-16| 2026-06-22 06:26:05,740,740 multiprocessing INFO process shutting down
SpawnPoolWorker-7| 2026-06-22 06:26:05,740,740 multiprocessing INFO process exiting with exitcode 0
SpawnPoolWorker-5| 2026-06-22 06:26:05,740,740 multiprocessing INFO process exiting with exitcode 0
SpawnPoolWorker-9| 2026-06-22 06:26:05,740,740 multiprocessing INFO process exiting with exitcode 0
SpawnPoolWorker-13| 2026-06-22 06:26:05,740,740 multiprocessing INFO process shutting down
SpawnPoolWorker-14| 2026-06-22 06:26:05,740,740 multiprocessing INFO process exiting with exitcode 0
SpawnPoolWorker-3| 2026-06-22 06:26:05,740,740 multiprocessing INFO process shutting down
SpawnPoolWorker-4| 2026-06-22 06:26:05,740,740 multiprocessing INFO process exiting with exitcode 0
SpawnPoolWorker-8| 2026-06-22 06:26:05,740,740 multiprocessing INFO process shutting down
SpawnPoolWorker-2| 2026-06-22 06:26:05,740,740 multiprocessing INFO process exiting with exitcode 0
SpawnPoolWorker-16| 2026-06-22 06:26:05,740,740 multiprocessing INFO process exiting with exitcode 0
SpawnPoolWorker-13| 2026-06-22 06:26:05,740,740 multiprocessing INFO process exiting with exitcode 0
SpawnPoolWorker-3| 2026-06-22 06:26:05,740,740 multiprocessing INFO process exiting with exitcode 0
SpawnPoolWorker-12| 2026-06-22 06:26:05,740,740 multiprocessing INFO process shutting down
SpawnPoolWorker-1| 2026-06-22 06:26:05,740,740 multiprocessing INFO process shutting down
SpawnPoolWorker-8| 2026-06-22 06:26:05,740,740 multiprocessing INFO process exiting with exitcode 0
SpawnPoolWorker-15| 2026-06-22 06:26:05,740,740 multiprocessing INFO process shutting down
SpawnPoolWorker-6| 2026-06-22 06:26:05,740,740 multiprocessing INFO process shutting down
(10000,)

===================Collect 10000 Examples===================

Epsilon 0.1
500
(550,)
(550,)
(55,)
Number of Programs for Minimization: 28
SpawnPoolWorker-32| 2026-06-22 06:26:15,061,61 multiprocessing INFO STARTING NEW RUN ==========
SpawnPoolWorker-32| 2026-06-22 06:26:15,061,61 multiprocessing INFO SEE LOG AT : ./logs/all_Lyapunov_test_dso-fn_d_all_m_01_log.txt
SpawnPoolWorker-32| 2026-06-22 06:26:15,062,62 multiprocessing INFO See log at : ./logs/all_Lyapunov_test_dso-fn_d_all_m_01_log.txt
SpawnPoolWorker-32| 2026-06-22 06:26:15,063,63 multiprocessing INFO child process calling self.run()
SpawnPoolWorker-21| 2026-06-22 06:26:15,063,63 multiprocessing INFO STARTING NEW RUN ==========
SpawnPoolWorker-21| 2026-06-22 06:26:15,063,63 multiprocessing INFO SEE LOG AT : ./logs/all_Lyapunov_test_dso-fn_d_all_m_01_log.txt
SpawnPoolWorker-21| 2026-06-22 06:26:15,064,64 multiprocessing INFO See log at : ./logs/all_Lyapunov_test_dso-fn_d_all_m_01_log.txt
SpawnPoolWorker-21| 2026-06-22 06:26:15,065,65 multiprocessing INFO child process calling self.run()
SpawnPoolWorker-29| 2026-06-22 06:26:15,066,66 multiprocessing INFO STARTING NEW RUN ==========
SpawnPoolWorker-27| 2026-06-22 06:26:15,067,67 multiprocessing INFO STARTING NEW RUN ==========
SpawnPoolWorker-30| 2026-06-22 06:26:15,067,67 multiprocessing INFO STARTING NEW RUN ==========
SpawnPoolWorker-29| 2026-06-22 06:26:15,067,67 multiprocessing INFO SEE LOG AT : ./logs/all_Lyapunov_test_dso-fn_d_all_m_01_log.txt
SpawnPoolWorker-27| 2026-06-22 06:26:15,067,67 multiprocessing INFO SEE LOG AT : ./logs/all_Lyapunov_test_dso-fn_d_all_m_01_log.txt
SpawnPoolWorker-30| 2026-06-22 06:26:15,067,67 multiprocessing INFO SEE LOG AT : ./logs/all_Lyapunov_test_dso-fn_d_all_m_01_log.txt
SpawnPoolWorker-29| 2026-06-22 06:26:15,067,67 multiprocessing INFO See log at : ./logs/all_Lyapunov_test_dso-fn_d_all_m_01_log.txt
SpawnPoolWorker-27| 2026-06-22 06:26:15,067,67 multiprocessing INFO See log at : ./logs/all_Lyapunov_test_dso-fn_d_all_m_01_log.txt
SpawnPoolWorker-30| 2026-06-22 06:26:15,067,67 multiprocessing INFO See log at : ./logs/all_Lyapunov_test_dso-fn_d_all_m_01_log.txt
SpawnPoolWorker-27| 2026-06-22 06:26:15,068,68 multiprocessing INFO child process calling self.run()
SpawnPoolWorker-22| 2026-06-22 06:26:15,068,68 multiprocessing INFO STARTING NEW RUN ==========
SpawnPoolWorker-20| 2026-06-22 06:26:15,068,68 multiprocessing INFO STARTING NEW RUN ==========
SpawnPoolWorker-23| 2026-06-22 06:26:15,068,68 multiprocessing INFO STARTING NEW RUN ==========
SpawnPoolWorker-28| 2026-06-22 06:26:15,068,68 multiprocessing INFO STARTING NEW RUN ==========
SpawnPoolWorker-22| 2026-06-22 06:26:15,068,68 multiprocessing INFO SEE LOG AT : ./logs/all_Lyapunov_test_dso-fn_d_all_m_01_log.txt
SpawnPoolWorker-20| 2026-06-22 06:26:15,068,68 multiprocessing INFO SEE LOG AT : ./logs/all_Lyapunov_test_dso-fn_d_all_m_01_log.txt
SpawnPoolWorker-23| 2026-06-22 06:26:15,068,68 multiprocessing INFO SEE LOG AT : ./logs/all_Lyapunov_test_dso-fn_d_all_m_01_log.txt
SpawnPoolWorker-22| 2026-06-22 06:26:15,068,68 multiprocessing INFO See log at : ./logs/all_Lyapunov_test_dso-fn_d_all_m_01_log.txt
SpawnPoolWorker-20| 2026-06-22 06:26:15,068,68 multiprocessing INFO See log at : ./logs/all_Lyapunov_test_dso-fn_d_all_m_01_log.txt
SpawnPoolWorker-28| 2026-06-22 06:26:15,068,68 multiprocessing INFO SEE LOG AT : ./logs/all_Lyapunov_test_dso-fn_d_all_m_01_log.txt
SpawnPoolWorker-29| 2026-06-22 06:26:15,069,69 multiprocessing INFO child process calling self.run()
SpawnPoolWorker-30| 2026-06-22 06:26:15,069,69 multiprocessing INFO child process calling self.run()
SpawnPoolWorker-23| 2026-06-22 06:26:15,070,70 multiprocessing INFO See log at : ./logs/all_Lyapunov_test_dso-fn_d_all_m_01_log.txt
SpawnPoolWorker-28| 2026-06-22 06:26:15,070,70 multiprocessing INFO See log at : ./logs/all_Lyapunov_test_dso-fn_d_all_m_01_log.txt
SpawnPoolWorker-31| 2026-06-22 06:26:15,070,70 multiprocessing INFO STARTING NEW RUN ==========
SpawnPoolWorker-26| 2026-06-22 06:26:15,070,70 multiprocessing INFO STARTING NEW RUN ==========
SpawnPoolWorker-17| 2026-06-22 06:26:15,070,70 multiprocessing INFO STARTING NEW RUN ==========
SpawnPoolWorker-31| 2026-06-22 06:26:15,070,70 multiprocessing INFO SEE LOG AT : ./logs/all_Lyapunov_test_dso-fn_d_all_m_01_log.txt
SpawnPoolWorker-26| 2026-06-22 06:26:15,070,70 multiprocessing INFO SEE LOG AT : ./logs/all_Lyapunov_test_dso-fn_d_all_m_01_log.txt
SpawnPoolWorker-17| 2026-06-22 06:26:15,070,70 multiprocessing INFO SEE LOG AT : ./logs/all_Lyapunov_test_dso-fn_d_all_m_01_log.txt
SpawnPoolWorker-31| 2026-06-22 06:26:15,070,70 multiprocessing INFO See log at : ./logs/all_Lyapunov_test_dso-fn_d_all_m_01_log.txt
SpawnPoolWorker-26| 2026-06-22 06:26:15,070,70 multiprocessing INFO See log at : ./logs/all_Lyapunov_test_dso-fn_d_all_m_01_log.txt
SpawnPoolWorker-17| 2026-06-22 06:26:15,070,70 multiprocessing INFO See log at : ./logs/all_Lyapunov_test_dso-fn_d_all_m_01_log.txt
SpawnPoolWorker-22| 2026-06-22 06:26:15,071,71 multiprocessing INFO child process calling self.run()
SpawnPoolWorker-20| 2026-06-22 06:26:15,071,71 multiprocessing INFO child process calling self.run()
SpawnPoolWorker-23| 2026-06-22 06:26:15,071,71 multiprocessing INFO child process calling self.run()
SpawnPoolWorker-26| 2026-06-22 06:26:15,071,71 multiprocessing INFO child process calling self.run()
SpawnPoolWorker-17| 2026-06-22 06:26:15,071,71 multiprocessing INFO child process calling self.run()
SpawnPoolWorker-31| 2026-06-22 06:26:15,071,71 multiprocessing INFO child process calling self.run()
SpawnPoolWorker-28| 2026-06-22 06:26:15,071,71 multiprocessing INFO child process calling self.run()
SpawnPoolWorker-18| 2026-06-22 06:26:15,072,72 multiprocessing INFO STARTING NEW RUN ==========
SpawnPoolWorker-25| 2026-06-22 06:26:15,072,72 multiprocessing INFO STARTING NEW RUN ==========
SpawnPoolWorker-19| 2026-06-22 06:26:15,072,72 multiprocessing INFO STARTING NEW RUN ==========
SpawnPoolWorker-24| 2026-06-22 06:26:15,072,72 multiprocessing INFO STARTING NEW RUN ==========
SpawnPoolWorker-18| 2026-06-22 06:26:15,072,72 multiprocessing INFO SEE LOG AT : ./logs/all_Lyapunov_test_dso-fn_d_all_m_01_log.txt
SpawnPoolWorker-25| 2026-06-22 06:26:15,072,72 multiprocessing INFO SEE LOG AT : ./logs/all_Lyapunov_test_dso-fn_d_all_m_01_log.txt
SpawnPoolWorker-18| 2026-06-22 06:26:15,072,72 multiprocessing INFO See log at : ./logs/all_Lyapunov_test_dso-fn_d_all_m_01_log.txt
SpawnPoolWorker-19| 2026-06-22 06:26:15,072,72 multiprocessing INFO SEE LOG AT : ./logs/all_Lyapunov_test_dso-fn_d_all_m_01_log.txt
SpawnPoolWorker-25| 2026-06-22 06:26:15,072,72 multiprocessing INFO See log at : ./logs/all_Lyapunov_test_dso-fn_d_all_m_01_log.txt
SpawnPoolWorker-24| 2026-06-22 06:26:15,072,72 multiprocessing INFO SEE LOG AT : ./logs/all_Lyapunov_test_dso-fn_d_all_m_01_log.txt
SpawnPoolWorker-19| 2026-06-22 06:26:15,072,72 multiprocessing INFO See log at : ./logs/all_Lyapunov_test_dso-fn_d_all_m_01_log.txt
SpawnPoolWorker-24| 2026-06-22 06:26:15,072,72 multiprocessing INFO See log at : ./logs/all_Lyapunov_test_dso-fn_d_all_m_01_log.txt
SpawnPoolWorker-25| 2026-06-22 06:26:15,073,73 multiprocessing INFO child process calling self.run()
SpawnPoolWorker-18| 2026-06-22 06:26:15,073,73 multiprocessing INFO child process calling self.run()
SpawnPoolWorker-19| 2026-06-22 06:26:15,073,73 multiprocessing INFO child process calling self.run()
SpawnPoolWorker-24| 2026-06-22 06:26:15,073,73 multiprocessing INFO child process calling self.run()
SpawnPoolWorker-17| 2026-06-22 06:26:16,364,364 multiprocessing INFO process shutting down
SpawnPoolWorker-28| 2026-06-22 06:26:16,364,364 multiprocessing INFO process shutting down
SpawnPoolWorker-24| 2026-06-22 06:26:16,364,364 multiprocessing INFO process shutting down
SpawnPoolWorker-17| 2026-06-22 06:26:16,364,364 multiprocessing INFO process exiting with exitcode 0
SpawnPoolWorker-28| 2026-06-22 06:26:16,364,364 multiprocessing INFO process exiting with exitcode 0
SpawnPoolWorker-24| 2026-06-22 06:26:16,364,364 multiprocessing INFO process exiting with exitcode 0
SpawnPoolWorker-20| 2026-06-22 06:26:16,365,365 multiprocessing INFO process shutting down
SpawnPoolWorker-19| 2026-06-22 06:26:16,364,364 multiprocessing INFO process shutting down
SpawnPoolWorker-31| 2026-06-22 06:26:16,365,365 multiprocessing INFO process shutting down
SpawnPoolWorker-26| 2026-06-22 06:26:16,365,365 multiprocessing INFO process shutting down
SpawnPoolWorker-32| 2026-06-22 06:26:16,365,365 multiprocessing INFO process shutting down
SpawnPoolWorker-25| 2026-06-22 06:26:16,365,365 multiprocessing INFO process shutting down
SpawnPoolWorker-23| 2026-06-22 06:26:16,365,365 multiprocessing INFO process shutting down
SpawnPoolWorker-29| 2026-06-22 06:26:16,365,365 multiprocessing INFO process shutting down
SpawnPoolWorker-22| 2026-06-22 06:26:16,365,365 multiprocessing INFO process shutting down
SpawnPoolWorker-21| 2026-06-22 06:26:16,365,365 multiprocessing INFO process shutting down
28
(100000, 6)
(100000,)
(100000, 6)
(100000,)

=======================Successfully Added (50000, 6) Counter Examples=======================


============None of the candidates fulfill the conditions. Training CONTINUES!=================

MainProcess| 2026-06-22 06:26:18,179,179 multiprocessing INFO 
============None of the candidates fulfill the conditions. Training CONTINUES!=================


============None of the candidates fulfill the conditions. Training CONTINUES!=================

(55, 123)
/users/9/chen8596/miniconda3/envs/alfd/lib/python3.9/site-packages/torch/nn/functional.py:4999: UserWarning: Support for mismatched key_padding_mask and attn_mask is deprecated. Use same type for both instead.
  warnings.warn(

==============Start Supervised Learning==============

MainProcess| 2026-06-22 06:26:21,713,713 multiprocessing INFO GP output mean: 0.8656375826866518
GP output mean: 0.8656375826866518
MainProcess| 2026-06-22 06:26:22,160,160 multiprocessing INFO GP output success rate: 0.0
GP output success rate: 0.0

==============End Supervised Learning==============

/users/9/chen8596/LyaDis/repro/runs/poly6d/utils/train.py:975: RuntimeWarning: divide by zero encountered in divide
  error = np.abs(((y_hat - y) / y))
/users/9/chen8596/.local/lib/python3.9/site-packages/scipy/stats/_stats_py.py:4424: ConstantInputWarning: An input array is constant; the correlation coefficient is not defined.
  warnings.warn(stats.ConstantInputWarning(msg))
MainProcess| 2026-06-22 06:26:23,531,531 multiprocessing INFO [Test epoch=0001]  nevals=13616 	| train_loss=9453.76270 	| eqs_invalid %=0.00 	| r_best=0.98044 	| quantile=0.41693 	| r_quantile_mean=0.89158 	| r_raw_sum=52.88999 	|  r_raw_mean=0.80136 	| r2=nan 	| acc_iid=0.00000 	| acc_ood=0.00000 	| nmse_test=0.29056061028880614 	| true_equation_set_count=0 	| s/it=83.28902
[Test epoch=0001]  nevals=13616 	| train_loss=9453.76270 	| eqs_invalid %=0.00 	| r_best=0.98044 	| quantile=0.41693 	| r_quantile_mean=0.89158 	| r_raw_sum=52.88999 	|  r_raw_mean=0.80136 	| r2=nan 	| acc_iid=0.00000 	| acc_ood=0.00000 	| nmse_test=0.29056061028880614 	| true_equation_set_count=0 	| s/it=83.28902
MainProcess| 2026-06-22 06:26:23,531,531 multiprocessing INFO [00:00:01:23.30] Training epoch 1/4000, current best R: 0.9804
[00:00:01:23.30] Training epoch 1/4000, current best R: 0.9804
MainProcess| 2026-06-22 06:26:23,531,531 multiprocessing INFO 
	** New best

	** New best
MainProcess| 2026-06-22 06:26:23,531,531 multiprocessing INFO 	Reward: 0.9804375262341392
	Reward: 0.9804375262341392
MainProcess| 2026-06-22 06:26:23,531,531 multiprocessing INFO 	Count Off-policy: 1
	Count Off-policy: 1
MainProcess| 2026-06-22 06:26:23,531,531 multiprocessing INFO 	Count On-policy: 0
	Count On-policy: 0
MainProcess| 2026-06-22 06:26:23,531,531 multiprocessing INFO 	Originally on Policy: False
	Originally on Policy: False
MainProcess| 2026-06-22 06:26:23,531,531 multiprocessing INFO 	Invalid: False
	Invalid: False
MainProcess| 2026-06-22 06:26:23,531,531 multiprocessing INFO 	Traversal: sub,n2,add,x6,x4,cos,add,add,x5,mul,x1,mul,x5,mul,x4,x6,add,x2,x3
	Traversal: sub,n2,add,x6,x4,cos,add,add,x5,mul,x1,mul,x5,mul,x4,x6,add,x2,x3
MainProcess| 2026-06-22 06:26:23,531,531 multiprocessing INFO 	Expression:
	Expression:
MainProcess| 2026-06-22 06:26:23,645,645 multiprocessing INFO 
	           2                                  
	  (x₄ + x₆)  - cos(x₁⋅x₄⋅x₅⋅x₆ + x₂ + x₃ + x₅)


	           2                                  
	  (x₄ + x₆)  - cos(x₁⋅x₄⋅x₅⋅x₆ + x₂ + x₃ + x₅)

[2026-06-22T06:26:35.967] error: *** JOB 11514933 ON cn2104 CANCELLED AT 2026-06-22T06:26:35 DUE to SIGNAL Terminated ***
