[job] sys=pendulum benchmark=fn_d_all_y seed=2 host=cn2114 gpu=0 start=2026-06-21T22:26:14-05:00
MainProcess| 2026-06-21 22:26:31,370,370 multiprocessing INFO STARTING NEW RUN ==========
MainProcess| 2026-06-21 22:26:31,371,371 multiprocessing INFO SEE LOG AT : ./logs/all_Lyapunov_test_dso-fn_d_all_y_01_log.txt
MainProcess| 2026-06-21 22:26:31,372,372 multiprocessing INFO See log at : ./logs/all_Lyapunov_test_dso-fn_d_all_y_01_log.txt
MainProcess| 2026-06-21 22:26:31,381,381 multiprocessing INFO               variables expression                                                train_spec test_spec function_set
name                                                                                                               
fn_d_all_y_5          2  0*x1+0*x2  {"x1":{"U":[-3.14,3.14,15000]}, "x2":{"U":[-6,6,15000]}}      None         Koza
              variables expression                                                train_spec test_spec function_set
name                                                                                                               
fn_d_all_y_5          2  0*x1+0*x2  {"x1":{"U":[-3.14,3.14,15000]}, "x2":{"U":[-6,6,15000]}}      None         Koza

-- BUILDING DATASET START -----------
Benchmark path                 : /users/9/chen8596/LyaDis/repro/runs/pendulum/libs/sd3/dso/dso/task/regression/benchmarks_bkup_1.csv
Generated data for benchmark   : fn_d_all_y_5
-- BUILDING DATASET END -------------

Function set                   : Koza --> ['add', 'sub', 'mul', 'sin', 'cos', 'n2']

MainProcess| 2026-06-21 22:26:31,466,466 multiprocessing INFO [BASELINE_TESTING NOW] dataset=fn_d_all_y_5 	| baseline=transformer 	| seed=2 	| data_samples=15000 	| noise=0.0
MainProcess| 2026-06-21 22:26:31,478,478 multiprocessing INFO [RUN SETTINGS]: test_dataset=fn_d_all_y_5  batch_outer_datasets=24 pre_train=False load_pre_trained_path= priority_queue_training=True gp_meld=True model=TransformerTreeEncoderController train_path= risk_seeking_pg_train=True
[RUN SETTINGS]: test_dataset=fn_d_all_y_5  batch_outer_datasets=24 pre_train=False load_pre_trained_path= priority_queue_training=True gp_meld=True model=TransformerTreeEncoderController train_path= risk_seeking_pg_train=True
MainProcess| 2026-06-21 22:26:31,531,531 multiprocessing INFO Running model : TransformerTreeEncoderController
Running model : TransformerTreeEncoderController

-- BUILDING DATASET START -----------
Benchmark path                 : /users/9/chen8596/LyaDis/repro/runs/pendulum/libs/sd3/dso/dso/task/regression/benchmarks_bkup_1.csv
Generated data for benchmark   : fn_d_all_y_5
-- BUILDING DATASET END -------------

Function set                   : Koza --> ['add', 'sub', 'mul', 'sin', 'cos', 'n2']

MainProcess| 2026-06-21 22:26:31,536,536 multiprocessing INFO Function set: ['x1', 'x2', 'add', 'sub', 'mul', 'sin', 'cos', 'n2']

-- BUILDING DATASET START -----------
Benchmark path                 : /users/9/chen8596/LyaDis/repro/runs/pendulum/libs/sd3/dso/dso/task/regression/benchmarks_bkup_1.csv
Generated data for benchmark   : fn_d_all_y_5
-- BUILDING DATASET END -------------

Function set                   : Koza --> ['add', 'sub', 'mul', 'sin', 'cos', 'n2']

-- BUILDING PRIOR START -------------
WARNING: Skipping invalid 'RelationalConstraint' with arguments {'targets': [], 'effectors': [], 'relationship': None}. Reason: Prior disabled.
WARNING: Skipping invalid 'RepeatConstraint' with arguments {'tokens': 'const', 'min_': None, 'max_': 5}. Reason: Uses Tokens not in the Library.
WARNING: Skipping invalid 'InverseUnaryConstraint' with arguments {}. Reason: There are no inverse unary Token pairs in the Library.
WARNING: Skipping invalid 'ConstConstraint' with arguments {}. Reason: Prior disabled.
WARNING: Skipping invalid 'NoInputsConstraint' with arguments {}. Reason: All terminal tokens are input variables, so allsequences will have an input variable.
WARNING: Skipping invalid 'UniformArityPrior' with arguments {}. Reason: Prior disabled.
LengthConstraint: Sequences have minimum length 10.
                  Sequences have maximum length 15.
TrigConstraint: [sin, cos] cannot be a descendant of [sin, cos].
SoftLengthPrior: No description available.
-- BUILDING PRIOR END ---------------

MainProcess| 2026-06-21 22:26:31,962,962 multiprocessing INFO Transformer overwriting hidden size to input_dim 128
Transformer overwriting hidden size to input_dim 128
MainProcess| 2026-06-21 22:26:32,302,302 multiprocessing INFO Encoder params: {'sinuisodal_embeddings': False, 'dec_pf_dim': 32, 'dec_layers': 1, 'dim_hidden': 128, 'lr': 0.0001, 'dropout': 0, 'num_features': 1, 'ln': True, 'N_p': 0, 'num_inds': 64, 'activation': 'relu', 'bit16': False, 'norm': True, 'linear': True, 'input_normalization': False, 'src_pad_idx': 0, 'trg_pad_idx': 0, 'length_eq': 20, 'n_l_enc': 3, 'mean': 0.5, 'std': 0.5, 'dim_input': 64, 'num_heads': 2, 'output_dim': 10}
Encoder params: {'sinuisodal_embeddings': False, 'dec_pf_dim': 32, 'dec_layers': 1, 'dim_hidden': 128, 'lr': 0.0001, 'dropout': 0, 'num_features': 1, 'ln': True, 'N_p': 0, 'num_inds': 64, 'activation': 'relu', 'bit16': False, 'norm': True, 'linear': True, 'input_normalization': False, 'src_pad_idx': 0, 'trg_pad_idx': 0, 'length_eq': 20, 'n_l_enc': 3, 'mean': 0.5, 'std': 0.5, 'dim_input': 64, 'num_heads': 2, 'output_dim': 10}
MainProcess| 2026-06-21 22:26:32,324,324 multiprocessing INFO TransformerTreeEncoderController parameters: 4033756 	 | trainable : 4033756
TransformerTreeEncoderController parameters: 4033756 	 | trainable : 4033756
MainProcess| 2026-06-21 22:26:32,398,398 multiprocessing INFO GP CONFIG : {'verbose': False, 'generations': 35, 'p_crossover': 0.5, 'p_mutate': 0.5, 'tournament_size': 7, 'train_n': 50, 'mutate_tree_max': 3}
GP CONFIG : {'verbose': False, 'generations': 35, 'p_crossover': 0.5, 'p_mutate': 0.5, 'tournament_size': 7, 'train_n': 50, 'mutate_tree_max': 3}
MainProcess| 2026-06-21 22:26:32,593,593 multiprocessing INFO config: {'experiment': {'logdir': './log', 'seed': 13, 'timestamp': '2026-06-21-222631', 'task_name': 'fn_d_all_y_5', 'save_path': './log/fn_d_all_y_5_2026-06-21-222631_2'}, 'task': {'task_type': 'regression', 'dataset': 'fn_d_all_y_5', 'function_set': ['add', 'sub', 'mul', 'sin', 'cos', 'n2'], 'metric': 'lyapunov_risk', 'metric_params': [1.0], 'extra_metric_test': None, 'extra_metric_test_params': [], 'threshold': 1e-12, 'protected': False, 'reward_noise': 0.0, 'reward_noise_type': 'r', 'normalize_variance': False, 'decision_tree_threshold_set': []}, 'training': {'n_epochs': None, 'n_samples': 2000000, 'batch_size': 500, 'epsilon': 0.1, 'baseline': 'R_e', 'alpha': 0.5, 'b_jumpstart': False, 'n_cores_batch': 1, 'complexity': 'token', 'const_optimizer': 'scipy', 'const_params': {'method': 'L-BFGS-B', 'options': {'gtol': 0.001}}, 'verbose': True, 'debug': 0, 'early_stopping': True, 'hof': 100, 'use_memory': False, 'memory_capacity': 1000.0, 'warm_start': None, 'memory_threshold': None, 'save_all_epoch': False, 'save_summary': False, 'save_positional_entropy': False, 'save_pareto_front': True, 'save_cache': False, 'save_cache_r_min': 0.9, 'save_freq': 1, 'save_token_count': False}, 'state_manager': {'observe_action': False, 'observe_parent': True, 'observe_sibling': True, 'observe_dangling': False, 'embedding': True, 'embedding_size': 64}, 'controller': {'max_length': 64, 'cell': 'lstm', 'num_layers': 1, 'num_units': 64, 'initializer': 'zeros', 'learning_rate': 0.0003, 'optimizer': 'adam', 'entropy_weight': 0.005, 'entropy_gamma': 0.8, 'pqt': True, 'pqt_k': 10, 'pqt_batch_size': 1, 'pqt_weight': 200.0, 'pqt_use_pg': False, 'summary': False, 'rl_weight': 1.0}, 'gp_meld': {'generations': 35, 'p_crossover': 0.5, 'p_mutate': 0.5, 'tournament_size': 7, 'train_n': 50, 'mutate_tree_max': 3}, 'prior': {'relational': {'targets': [], 'effectors': [], 'relationship': None}, 'length': {'min_': 10, 'max_': 15}, 'repeat': {'tokens': 'const', 'min_': None, 'max_': 5}, 'inverse': {}, 'trig': {}, 'const': {}, 'no_inputs': {}, 'uniform_arity': {}, 'soft_length': {'loc': 8, 'scale': 5}}, 'postprocess': {'show_count': 5, 'save_plots': True}, 'model': 'TransformerTreeEncoderController', 'function_names_str': 'x1,x2,add,sub,mul,sin,cos,n2', 'nesymres_train_config': {'architecture': {'sinuisodal_embeddings': False, 'dec_pf_dim': 32, 'dec_layers': 1, 'dim_hidden': 128, 'lr': 0.0001, 'dropout': 0, 'num_features': 1, 'ln': True, 'N_p': 0, 'num_inds': 64, 'activation': 'relu', 'bit16': False, 'norm': True, 'linear': True, 'input_normalization': False, 'src_pad_idx': 0, 'trg_pad_idx': 0, 'length_eq': 20, 'n_l_enc': 3, 'mean': 0.5, 'std': 0.5, 'dim_input': 64, 'num_heads': 2, 'output_dim': 10}}}

-- BUILDING DATASET START -----------
Benchmark path                 : /users/9/chen8596/LyaDis/repro/runs/pendulum/libs/sd3/dso/dso/task/regression/benchmarks_bkup_1.csv
Generated data for benchmark   : fn_d_all_y_5
-- BUILDING DATASET END -------------

Function set                   : Koza --> ['add', 'sub', 'mul', 'sin', 'cos', 'n2']

-- RUNNING EPOCHS START -------------
torch.Size([500, 19])
/users/9/chen8596/miniconda3/envs/alfd/lib/python3.9/site-packages/torch/nn/functional.py:4999: UserWarning: Support for mismatched key_padding_mask and attn_mask is deprecated. Use same type for both instead.
  warnings.warn(
/users/9/chen8596/miniconda3/envs/alfd/lib/python3.9/site-packages/torch/nn/functional.py:4999: UserWarning: Support for mismatched key_padding_mask and attn_mask is deprecated. Use same type for both instead.
  warnings.warn(
/users/9/chen8596/miniconda3/envs/alfd/lib/python3.9/site-packages/torch/nn/functional.py:4999: UserWarning: Support for mismatched key_padding_mask and attn_mask is deprecated. Use same type for both instead.
  warnings.warn(
MainProcess| 2026-06-21 22:27:00,262,262 multiprocessing INFO Genetic Porgramming Runtime 22.898340430110693
Genetic Porgramming Runtime 22.898340430110693

=========================PGD Collection Starts=========================

MainProcess| 2026-06-21 22:27:01,108,108 multiprocessing INFO created temp directory /tmp/pymp-bwwux6t2
SpawnPoolWorker-1| 2026-06-21 22:27:05,516,516 multiprocessing INFO STARTING NEW RUN ==========
SpawnPoolWorker-1| 2026-06-21 22:27:05,516,516 multiprocessing INFO SEE LOG AT : ./logs/all_Lyapunov_test_dso-fn_d_all_y_01_log.txt
SpawnPoolWorker-1| 2026-06-21 22:27:05,516,516 multiprocessing INFO See log at : ./logs/all_Lyapunov_test_dso-fn_d_all_y_01_log.txt
SpawnPoolWorker-8| 2026-06-21 22:27:05,516,516 multiprocessing INFO STARTING NEW RUN ==========
SpawnPoolWorker-8| 2026-06-21 22:27:05,516,516 multiprocessing INFO SEE LOG AT : ./logs/all_Lyapunov_test_dso-fn_d_all_y_01_log.txt
SpawnPoolWorker-1| 2026-06-21 22:27:05,518,518 multiprocessing INFO child process calling self.run()
SpawnPoolWorker-8| 2026-06-21 22:27:05,518,518 multiprocessing INFO See log at : ./logs/all_Lyapunov_test_dso-fn_d_all_y_01_log.txt
SpawnPoolWorker-7| 2026-06-21 22:27:05,518,518 multiprocessing INFO STARTING NEW RUN ==========
SpawnPoolWorker-9| 2026-06-21 22:27:05,518,518 multiprocessing INFO STARTING NEW RUN ==========
SpawnPoolWorker-3| 2026-06-21 22:27:05,518,518 multiprocessing INFO STARTING NEW RUN ==========
SpawnPoolWorker-2| 2026-06-21 22:27:05,518,518 multiprocessing INFO STARTING NEW RUN ==========
SpawnPoolWorker-7| 2026-06-21 22:27:05,518,518 multiprocessing INFO SEE LOG AT : ./logs/all_Lyapunov_test_dso-fn_d_all_y_01_log.txt
SpawnPoolWorker-9| 2026-06-21 22:27:05,518,518 multiprocessing INFO SEE LOG AT : ./logs/all_Lyapunov_test_dso-fn_d_all_y_01_log.txt
SpawnPoolWorker-7| 2026-06-21 22:27:05,518,518 multiprocessing INFO See log at : ./logs/all_Lyapunov_test_dso-fn_d_all_y_01_log.txt
SpawnPoolWorker-3| 2026-06-21 22:27:05,518,518 multiprocessing INFO SEE LOG AT : ./logs/all_Lyapunov_test_dso-fn_d_all_y_01_log.txt
SpawnPoolWorker-2| 2026-06-21 22:27:05,518,518 multiprocessing INFO SEE LOG AT : ./logs/all_Lyapunov_test_dso-fn_d_all_y_01_log.txt
SpawnPoolWorker-9| 2026-06-21 22:27:05,518,518 multiprocessing INFO See log at : ./logs/all_Lyapunov_test_dso-fn_d_all_y_01_log.txt
SpawnPoolWorker-3| 2026-06-21 22:27:05,518,518 multiprocessing INFO See log at : ./logs/all_Lyapunov_test_dso-fn_d_all_y_01_log.txt
SpawnPoolWorker-2| 2026-06-21 22:27:05,518,518 multiprocessing INFO See log at : ./logs/all_Lyapunov_test_dso-fn_d_all_y_01_log.txt
SpawnPoolWorker-6| 2026-06-21 22:27:05,518,518 multiprocessing INFO STARTING NEW RUN ==========
SpawnPoolWorker-6| 2026-06-21 22:27:05,519,519 multiprocessing INFO SEE LOG AT : ./logs/all_Lyapunov_test_dso-fn_d_all_y_01_log.txt
SpawnPoolWorker-6| 2026-06-21 22:27:05,519,519 multiprocessing INFO See log at : ./logs/all_Lyapunov_test_dso-fn_d_all_y_01_log.txt
SpawnPoolWorker-10| 2026-06-21 22:27:05,519,519 multiprocessing INFO STARTING NEW RUN ==========
SpawnPoolWorker-10| 2026-06-21 22:27:05,519,519 multiprocessing INFO SEE LOG AT : ./logs/all_Lyapunov_test_dso-fn_d_all_y_01_log.txt
SpawnPoolWorker-10| 2026-06-21 22:27:05,519,519 multiprocessing INFO See log at : ./logs/all_Lyapunov_test_dso-fn_d_all_y_01_log.txt
SpawnPoolWorker-8| 2026-06-21 22:27:05,519,519 multiprocessing INFO child process calling self.run()
SpawnPoolWorker-7| 2026-06-21 22:27:05,520,520 multiprocessing INFO child process calling self.run()
SpawnPoolWorker-9| 2026-06-21 22:27:05,520,520 multiprocessing INFO child process calling self.run()
SpawnPoolWorker-3| 2026-06-21 22:27:05,520,520 multiprocessing INFO child process calling self.run()
SpawnPoolWorker-2| 2026-06-21 22:27:05,520,520 multiprocessing INFO child process calling self.run()
SpawnPoolWorker-10| 2026-06-21 22:27:05,520,520 multiprocessing INFO child process calling self.run()
SpawnPoolWorker-6| 2026-06-21 22:27:05,521,521 multiprocessing INFO child process calling self.run()
SpawnPoolWorker-5| 2026-06-21 22:27:05,529,529 multiprocessing INFO STARTING NEW RUN ==========
SpawnPoolWorker-5| 2026-06-21 22:27:05,529,529 multiprocessing INFO SEE LOG AT : ./logs/all_Lyapunov_test_dso-fn_d_all_y_01_log.txt
SpawnPoolWorker-5| 2026-06-21 22:27:05,529,529 multiprocessing INFO See log at : ./logs/all_Lyapunov_test_dso-fn_d_all_y_01_log.txt
SpawnPoolWorker-5| 2026-06-21 22:27:05,531,531 multiprocessing INFO child process calling self.run()
SpawnPoolWorker-4| 2026-06-21 22:27:05,531,531 multiprocessing INFO STARTING NEW RUN ==========
SpawnPoolWorker-4| 2026-06-21 22:27:05,532,532 multiprocessing INFO SEE LOG AT : ./logs/all_Lyapunov_test_dso-fn_d_all_y_01_log.txt
SpawnPoolWorker-4| 2026-06-21 22:27:05,532,532 multiprocessing INFO See log at : ./logs/all_Lyapunov_test_dso-fn_d_all_y_01_log.txt
SpawnPoolWorker-4| 2026-06-21 22:27:05,534,534 multiprocessing INFO child process calling self.run()
(3000,)

===================Collect 3000 Examples===================

Epsilon 0.1
500
(550,)
(550,)
(55,)
Number of Programs for Minimization: 50
SpawnPoolWorker-16| 2026-06-21 22:28:09,037,37 multiprocessing INFO STARTING NEW RUN ==========
SpawnPoolWorker-16| 2026-06-21 22:28:09,045,45 multiprocessing INFO SEE LOG AT : ./logs/all_Lyapunov_test_dso-fn_d_all_y_01_log.txt
SpawnPoolWorker-16| 2026-06-21 22:28:09,045,45 multiprocessing INFO See log at : ./logs/all_Lyapunov_test_dso-fn_d_all_y_01_log.txt
SpawnPoolWorker-16| 2026-06-21 22:28:09,056,56 multiprocessing INFO child process calling self.run()
SpawnPoolWorker-13| 2026-06-21 22:28:09,281,281 multiprocessing INFO STARTING NEW RUN ==========
SpawnPoolWorker-13| 2026-06-21 22:28:09,282,282 multiprocessing INFO SEE LOG AT : ./logs/all_Lyapunov_test_dso-fn_d_all_y_01_log.txt
SpawnPoolWorker-13| 2026-06-21 22:28:09,282,282 multiprocessing INFO See log at : ./logs/all_Lyapunov_test_dso-fn_d_all_y_01_log.txt
SpawnPoolWorker-13| 2026-06-21 22:28:09,284,284 multiprocessing INFO child process calling self.run()
SpawnPoolWorker-20| 2026-06-21 22:28:09,476,476 multiprocessing INFO STARTING NEW RUN ==========
SpawnPoolWorker-20| 2026-06-21 22:28:09,476,476 multiprocessing INFO SEE LOG AT : ./logs/all_Lyapunov_test_dso-fn_d_all_y_01_log.txt
SpawnPoolWorker-20| 2026-06-21 22:28:09,476,476 multiprocessing INFO See log at : ./logs/all_Lyapunov_test_dso-fn_d_all_y_01_log.txt
SpawnPoolWorker-20| 2026-06-21 22:28:09,479,479 multiprocessing INFO child process calling self.run()
SpawnPoolWorker-18| 2026-06-21 22:28:09,525,525 multiprocessing INFO STARTING NEW RUN ==========
SpawnPoolWorker-18| 2026-06-21 22:28:09,525,525 multiprocessing INFO SEE LOG AT : ./logs/all_Lyapunov_test_dso-fn_d_all_y_01_log.txt
SpawnPoolWorker-18| 2026-06-21 22:28:09,525,525 multiprocessing INFO See log at : ./logs/all_Lyapunov_test_dso-fn_d_all_y_01_log.txt
SpawnPoolWorker-18| 2026-06-21 22:28:09,528,528 multiprocessing INFO child process calling self.run()
SpawnPoolWorker-17| 2026-06-21 22:28:09,658,658 multiprocessing INFO STARTING NEW RUN ==========
SpawnPoolWorker-17| 2026-06-21 22:28:09,658,658 multiprocessing INFO SEE LOG AT : ./logs/all_Lyapunov_test_dso-fn_d_all_y_01_log.txt
SpawnPoolWorker-17| 2026-06-21 22:28:09,658,658 multiprocessing INFO See log at : ./logs/all_Lyapunov_test_dso-fn_d_all_y_01_log.txt
SpawnPoolWorker-17| 2026-06-21 22:28:09,664,664 multiprocessing INFO child process calling self.run()
SpawnPoolWorker-28| 2026-06-21 22:28:09,735,735 multiprocessing INFO STARTING NEW RUN ==========
SpawnPoolWorker-28| 2026-06-21 22:28:09,735,735 multiprocessing INFO SEE LOG AT : ./logs/all_Lyapunov_test_dso-fn_d_all_y_01_log.txt
SpawnPoolWorker-28| 2026-06-21 22:28:09,735,735 multiprocessing INFO See log at : ./logs/all_Lyapunov_test_dso-fn_d_all_y_01_log.txt
SpawnPoolWorker-28| 2026-06-21 22:28:09,743,743 multiprocessing INFO child process calling self.run()
SpawnPoolWorker-14| 2026-06-21 22:28:09,857,857 multiprocessing INFO STARTING NEW RUN ==========
SpawnPoolWorker-14| 2026-06-21 22:28:09,857,857 multiprocessing INFO SEE LOG AT : ./logs/all_Lyapunov_test_dso-fn_d_all_y_01_log.txt
SpawnPoolWorker-14| 2026-06-21 22:28:09,857,857 multiprocessing INFO See log at : ./logs/all_Lyapunov_test_dso-fn_d_all_y_01_log.txt
SpawnPoolWorker-14| 2026-06-21 22:28:09,859,859 multiprocessing INFO child process calling self.run()
SpawnPoolWorker-15| 2026-06-21 22:28:10,075,75 multiprocessing INFO STARTING NEW RUN ==========
SpawnPoolWorker-15| 2026-06-21 22:28:10,076,76 multiprocessing INFO SEE LOG AT : ./logs/all_Lyapunov_test_dso-fn_d_all_y_01_log.txt
SpawnPoolWorker-15| 2026-06-21 22:28:10,076,76 multiprocessing INFO See log at : ./logs/all_Lyapunov_test_dso-fn_d_all_y_01_log.txt
SpawnPoolWorker-15| 2026-06-21 22:28:10,079,79 multiprocessing INFO child process calling self.run()
SpawnPoolWorker-26| 2026-06-21 22:28:10,100,100 multiprocessing INFO STARTING NEW RUN ==========
SpawnPoolWorker-26| 2026-06-21 22:28:10,100,100 multiprocessing INFO SEE LOG AT : ./logs/all_Lyapunov_test_dso-fn_d_all_y_01_log.txt
SpawnPoolWorker-26| 2026-06-21 22:28:10,100,100 multiprocessing INFO See log at : ./logs/all_Lyapunov_test_dso-fn_d_all_y_01_log.txt
SpawnPoolWorker-26| 2026-06-21 22:28:10,103,103 multiprocessing INFO child process calling self.run()
SpawnPoolWorker-27| 2026-06-21 22:28:10,136,136 multiprocessing INFO STARTING NEW RUN ==========
SpawnPoolWorker-27| 2026-06-21 22:28:10,136,136 multiprocessing INFO SEE LOG AT : ./logs/all_Lyapunov_test_dso-fn_d_all_y_01_log.txt
SpawnPoolWorker-27| 2026-06-21 22:28:10,136,136 multiprocessing INFO See log at : ./logs/all_Lyapunov_test_dso-fn_d_all_y_01_log.txt
SpawnPoolWorker-27| 2026-06-21 22:28:10,140,140 multiprocessing INFO child process calling self.run()
SpawnPoolWorker-33| 2026-06-21 22:28:10,166,166 multiprocessing INFO STARTING NEW RUN ==========
SpawnPoolWorker-33| 2026-06-21 22:28:10,166,166 multiprocessing INFO SEE LOG AT : ./logs/all_Lyapunov_test_dso-fn_d_all_y_01_log.txt
SpawnPoolWorker-33| 2026-06-21 22:28:10,166,166 multiprocessing INFO See log at : ./logs/all_Lyapunov_test_dso-fn_d_all_y_01_log.txt
SpawnPoolWorker-33| 2026-06-21 22:28:10,170,170 multiprocessing INFO child process calling self.run()
SpawnPoolWorker-23| 2026-06-21 22:28:10,255,255 multiprocessing INFO STARTING NEW RUN ==========
SpawnPoolWorker-23| 2026-06-21 22:28:10,255,255 multiprocessing INFO SEE LOG AT : ./logs/all_Lyapunov_test_dso-fn_d_all_y_01_log.txt
SpawnPoolWorker-23| 2026-06-21 22:28:10,255,255 multiprocessing INFO See log at : ./logs/all_Lyapunov_test_dso-fn_d_all_y_01_log.txt
SpawnPoolWorker-23| 2026-06-21 22:28:10,257,257 multiprocessing INFO child process calling self.run()
SpawnPoolWorker-25| 2026-06-21 22:28:10,290,290 multiprocessing INFO STARTING NEW RUN ==========
SpawnPoolWorker-25| 2026-06-21 22:28:10,291,291 multiprocessing INFO SEE LOG AT : ./logs/all_Lyapunov_test_dso-fn_d_all_y_01_log.txt
SpawnPoolWorker-25| 2026-06-21 22:28:10,291,291 multiprocessing INFO See log at : ./logs/all_Lyapunov_test_dso-fn_d_all_y_01_log.txt
SpawnPoolWorker-25| 2026-06-21 22:28:10,294,294 multiprocessing INFO child process calling self.run()
SpawnPoolWorker-30| 2026-06-21 22:28:10,413,413 multiprocessing INFO STARTING NEW RUN ==========
SpawnPoolWorker-30| 2026-06-21 22:28:10,413,413 multiprocessing INFO SEE LOG AT : ./logs/all_Lyapunov_test_dso-fn_d_all_y_01_log.txt
SpawnPoolWorker-30| 2026-06-21 22:28:10,413,413 multiprocessing INFO See log at : ./logs/all_Lyapunov_test_dso-fn_d_all_y_01_log.txt
SpawnPoolWorker-30| 2026-06-21 22:28:10,417,417 multiprocessing INFO child process calling self.run()
SpawnPoolWorker-29| 2026-06-21 22:28:10,493,493 multiprocessing INFO STARTING NEW RUN ==========
SpawnPoolWorker-29| 2026-06-21 22:28:10,493,493 multiprocessing INFO SEE LOG AT : ./logs/all_Lyapunov_test_dso-fn_d_all_y_01_log.txt
SpawnPoolWorker-29| 2026-06-21 22:28:10,493,493 multiprocessing INFO See log at : ./logs/all_Lyapunov_test_dso-fn_d_all_y_01_log.txt
SpawnPoolWorker-29| 2026-06-21 22:28:10,495,495 multiprocessing INFO child process calling self.run()
SpawnPoolWorker-34| 2026-06-21 22:28:10,574,574 multiprocessing INFO STARTING NEW RUN ==========
SpawnPoolWorker-34| 2026-06-21 22:28:10,575,575 multiprocessing INFO SEE LOG AT : ./logs/all_Lyapunov_test_dso-fn_d_all_y_01_log.txt
SpawnPoolWorker-34| 2026-06-21 22:28:10,575,575 multiprocessing INFO See log at : ./logs/all_Lyapunov_test_dso-fn_d_all_y_01_log.txt
SpawnPoolWorker-34| 2026-06-21 22:28:10,577,577 multiprocessing INFO child process calling self.run()
SpawnPoolWorker-24| 2026-06-21 22:28:10,618,618 multiprocessing INFO STARTING NEW RUN ==========
SpawnPoolWorker-24| 2026-06-21 22:28:10,618,618 multiprocessing INFO SEE LOG AT : ./logs/all_Lyapunov_test_dso-fn_d_all_y_01_log.txt
SpawnPoolWorker-24| 2026-06-21 22:28:10,618,618 multiprocessing INFO See log at : ./logs/all_Lyapunov_test_dso-fn_d_all_y_01_log.txt
SpawnPoolWorker-24| 2026-06-21 22:28:10,624,624 multiprocessing INFO child process calling self.run()
SpawnPoolWorker-21| 2026-06-21 22:28:10,784,784 multiprocessing INFO STARTING NEW RUN ==========
SpawnPoolWorker-21| 2026-06-21 22:28:10,784,784 multiprocessing INFO SEE LOG AT : ./logs/all_Lyapunov_test_dso-fn_d_all_y_01_log.txt
SpawnPoolWorker-21| 2026-06-21 22:28:10,784,784 multiprocessing INFO See log at : ./logs/all_Lyapunov_test_dso-fn_d_all_y_01_log.txt
SpawnPoolWorker-21| 2026-06-21 22:28:10,787,787 multiprocessing INFO child process calling self.run()
SpawnPoolWorker-12| 2026-06-21 22:28:11,063,63 multiprocessing INFO STARTING NEW RUN ==========
SpawnPoolWorker-12| 2026-06-21 22:28:11,063,63 multiprocessing INFO SEE LOG AT : ./logs/all_Lyapunov_test_dso-fn_d_all_y_01_log.txt
SpawnPoolWorker-12| 2026-06-21 22:28:11,063,63 multiprocessing INFO See log at : ./logs/all_Lyapunov_test_dso-fn_d_all_y_01_log.txt
SpawnPoolWorker-12| 2026-06-21 22:28:11,065,65 multiprocessing INFO child process calling self.run()
SpawnPoolWorker-31| 2026-06-21 22:28:11,114,114 multiprocessing INFO STARTING NEW RUN ==========
SpawnPoolWorker-31| 2026-06-21 22:28:11,115,115 multiprocessing INFO SEE LOG AT : ./logs/all_Lyapunov_test_dso-fn_d_all_y_01_log.txt
SpawnPoolWorker-31| 2026-06-21 22:28:11,115,115 multiprocessing INFO See log at : ./logs/all_Lyapunov_test_dso-fn_d_all_y_01_log.txt
SpawnPoolWorker-31| 2026-06-21 22:28:11,116,116 multiprocessing INFO child process calling self.run()
SpawnPoolWorker-33| 2026-06-21 22:28:11,202,202 multiprocessing INFO process shutting down
SpawnPoolWorker-33| 2026-06-21 22:28:11,202,202 multiprocessing INFO process exiting with exitcode 0
SpawnPoolWorker-23| 2026-06-21 22:28:11,202,202 multiprocessing INFO process shutting down
SpawnPoolWorker-20| 2026-06-21 22:28:11,202,202 multiprocessing INFO process shutting down
SpawnPoolWorker-24| 2026-06-21 22:28:11,202,202 multiprocessing INFO process shutting down
SpawnPoolWorker-12| 2026-06-21 22:28:11,203,203 multiprocessing INFO process shutting down
SpawnPoolWorker-14| 2026-06-21 22:28:11,202,202 multiprocessing INFO process shutting down
SpawnPoolWorker-20| 2026-06-21 22:28:11,203,203 multiprocessing INFO process exiting with exitcode 0
SpawnPoolWorker-23| 2026-06-21 22:28:11,203,203 multiprocessing INFO process exiting with exitcode 0
SpawnPoolWorker-17| 2026-06-21 22:28:11,202,202 multiprocessing INFO process shutting down
SpawnPoolWorker-31| 2026-06-21 22:28:11,203,203 multiprocessing INFO process shutting down
SpawnPoolWorker-18| 2026-06-21 22:28:11,203,203 multiprocessing INFO process shutting down
SpawnPoolWorker-30| 2026-06-21 22:28:11,203,203 multiprocessing INFO process shutting down
SpawnPoolWorker-29| 2026-06-21 22:28:11,203,203 multiprocessing INFO process shutting down
SpawnPoolWorker-21| 2026-06-21 22:28:11,203,203 multiprocessing INFO process shutting down
SpawnPoolWorker-34| 2026-06-21 22:28:11,203,203 multiprocessing INFO process shutting down
SpawnPoolWorker-28| 2026-06-21 22:28:11,203,203 multiprocessing INFO process shutting down
SpawnPoolWorker-16| 2026-06-21 22:28:11,203,203 multiprocessing INFO process shutting down
SpawnPoolWorker-25| 2026-06-21 22:28:11,203,203 multiprocessing INFO process shutting down
SpawnPoolWorker-26| 2026-06-21 22:28:11,203,203 multiprocessing INFO process shutting down
SpawnPoolWorker-13| 2026-06-21 22:28:11,204,204 multiprocessing INFO process shutting down
SpawnPoolWorker-27| 2026-06-21 22:28:11,204,204 multiprocessing INFO process shutting down
SpawnPoolWorker-15| 2026-06-21 22:28:11,204,204 multiprocessing INFO process shutting down
SpawnPoolWorker-24| 2026-06-21 22:28:11,205,205 multiprocessing INFO process exiting with exitcode 0
50
(30000, 2)
(30000,)
(30000, 2)
(30000,)

=======================Successfully Added (15000, 2) Counter Examples=======================


============None of the candidates fulfill the conditions. Training CONTINUES!=================

MainProcess| 2026-06-21 22:28:11,617,617 multiprocessing INFO 
============None of the candidates fulfill the conditions. Training CONTINUES!=================


============None of the candidates fulfill the conditions. Training CONTINUES!=================

(55, 19)
/users/9/chen8596/miniconda3/envs/alfd/lib/python3.9/site-packages/torch/nn/functional.py:4999: UserWarning: Support for mismatched key_padding_mask and attn_mask is deprecated. Use same type for both instead.
  warnings.warn(

==============Start Supervised Learning==============

MainProcess| 2026-06-21 22:28:12,880,880 multiprocessing INFO GP output mean: 0.389821507233796
GP output mean: 0.389821507233796
MainProcess| 2026-06-21 22:28:12,968,968 multiprocessing INFO GP output success rate: 0.0
GP output success rate: 0.0

==============End Supervised Learning==============

/users/9/chen8596/LyaDis/repro/runs/pendulum/utils/train.py:971: RuntimeWarning: divide by zero encountered in divide
  error = np.abs(((y_hat - y) / y))
/users/9/chen8596/.local/lib/python3.9/site-packages/scipy/stats/_stats_py.py:4424: ConstantInputWarning: An input array is constant; the correlation coefficient is not defined.
  warnings.warn(stats.ConstantInputWarning(msg))
MainProcess| 2026-06-21 22:28:14,138,138 multiprocessing INFO [Test epoch=0001]  nevals=13694 	| train_loss=5000.51270 	| eqs_invalid %=0.00 	| r_best=0.73252 	| quantile=0.34327 	| r_quantile_mean=0.65912 	| r_raw_sum=45.22988 	|  r_raw_mean=0.10494 	| r2=nan 	| acc_iid=0.00000 	| acc_ood=0.00000 	| nmse_test=1.565276623899175 	| true_equation_set_count=0 	| s/it=101.48378
[Test epoch=0001]  nevals=13694 	| train_loss=5000.51270 	| eqs_invalid %=0.00 	| r_best=0.73252 	| quantile=0.34327 	| r_quantile_mean=0.65912 	| r_raw_sum=45.22988 	|  r_raw_mean=0.10494 	| r2=nan 	| acc_iid=0.00000 	| acc_ood=0.00000 	| nmse_test=1.565276623899175 	| true_equation_set_count=0 	| s/it=101.48378
MainProcess| 2026-06-21 22:28:14,139,139 multiprocessing INFO [00:00:01:41.53] Training epoch 1/4000, current best R: 0.7325
[00:00:01:41.53] Training epoch 1/4000, current best R: 0.7325
MainProcess| 2026-06-21 22:28:14,139,139 multiprocessing INFO 
	** New best

	** New best
MainProcess| 2026-06-21 22:28:14,139,139 multiprocessing INFO 	Reward: 0.7325246903285652
	Reward: 0.7325246903285652
MainProcess| 2026-06-21 22:28:14,139,139 multiprocessing INFO 	Count Off-policy: 1
	Count Off-policy: 1
MainProcess| 2026-06-21 22:28:14,139,139 multiprocessing INFO 	Count On-policy: 0
	Count On-policy: 0
MainProcess| 2026-06-21 22:28:14,139,139 multiprocessing INFO 	Originally on Policy: False
	Originally on Policy: False
MainProcess| 2026-06-21 22:28:14,139,139 multiprocessing INFO 	Invalid: False
	Invalid: False
MainProcess| 2026-06-21 22:28:14,139,139 multiprocessing INFO 	Traversal: n2,sub,x1,sub,x2,sin,add,sub,x2,x1,n2,n2,sub,x1,x1
	Traversal: n2,sub,x1,sub,x2,sin,add,sub,x2,x1,n2,n2,sub,x1,x1
MainProcess| 2026-06-21 22:28:14,139,139 multiprocessing INFO 	Expression:
	Expression:
MainProcess| 2026-06-21 22:28:14,140,140 multiprocessing INFO 
	                          2
	  (x₁ - x₂ - sin(x₁ - x₂)) 


	                          2
	  (x₁ - x₂ - sin(x₁ - x₂)) 

MainProcess| 2026-06-21 22:28:38,235,235 multiprocessing INFO Genetic Porgramming Runtime 23.82913014292717
Genetic Porgramming Runtime 23.82913014292717

=========================PGD Collection Starts=========================

SpawnPoolWorker-40| 2026-06-21 22:28:43,197,197 multiprocessing INFO STARTING NEW RUN ==========
SpawnPoolWorker-40| 2026-06-21 22:28:43,197,197 multiprocessing INFO SEE LOG AT : ./logs/all_Lyapunov_test_dso-fn_d_all_y_01_log.txt
SpawnPoolWorker-40| 2026-06-21 22:28:43,197,197 multiprocessing INFO See log at : ./logs/all_Lyapunov_test_dso-fn_d_all_y_01_log.txt
SpawnPoolWorker-43| 2026-06-21 22:28:43,200,200 multiprocessing INFO STARTING NEW RUN ==========
SpawnPoolWorker-41| 2026-06-21 22:28:43,200,200 multiprocessing INFO STARTING NEW RUN ==========
SpawnPoolWorker-43| 2026-06-21 22:28:43,200,200 multiprocessing INFO SEE LOG AT : ./logs/all_Lyapunov_test_dso-fn_d_all_y_01_log.txt
SpawnPoolWorker-41| 2026-06-21 22:28:43,200,200 multiprocessing INFO SEE LOG AT : ./logs/all_Lyapunov_test_dso-fn_d_all_y_01_log.txt
SpawnPoolWorker-43| 2026-06-21 22:28:43,200,200 multiprocessing INFO See log at : ./logs/all_Lyapunov_test_dso-fn_d_all_y_01_log.txt
SpawnPoolWorker-41| 2026-06-21 22:28:43,200,200 multiprocessing INFO See log at : ./logs/all_Lyapunov_test_dso-fn_d_all_y_01_log.txt
SpawnPoolWorker-40| 2026-06-21 22:28:43,201,201 multiprocessing INFO child process calling self.run()
SpawnPoolWorker-43| 2026-06-21 22:28:43,201,201 multiprocessing INFO child process calling self.run()
SpawnPoolWorker-42| 2026-06-21 22:28:43,202,202 multiprocessing INFO STARTING NEW RUN ==========
SpawnPoolWorker-42| 2026-06-21 22:28:43,202,202 multiprocessing INFO SEE LOG AT : ./logs/all_Lyapunov_test_dso-fn_d_all_y_01_log.txt
SpawnPoolWorker-42| 2026-06-21 22:28:43,202,202 multiprocessing INFO See log at : ./logs/all_Lyapunov_test_dso-fn_d_all_y_01_log.txt
SpawnPoolWorker-41| 2026-06-21 22:28:43,202,202 multiprocessing INFO child process calling self.run()
SpawnPoolWorker-42| 2026-06-21 22:28:43,204,204 multiprocessing INFO child process calling self.run()
SpawnPoolWorker-39| 2026-06-21 22:28:43,204,204 multiprocessing INFO STARTING NEW RUN ==========
SpawnPoolWorker-37| 2026-06-21 22:28:43,204,204 multiprocessing INFO STARTING NEW RUN ==========
SpawnPoolWorker-39| 2026-06-21 22:28:43,204,204 multiprocessing INFO SEE LOG AT : ./logs/all_Lyapunov_test_dso-fn_d_all_y_01_log.txt
SpawnPoolWorker-37| 2026-06-21 22:28:43,204,204 multiprocessing INFO SEE LOG AT : ./logs/all_Lyapunov_test_dso-fn_d_all_y_01_log.txt
SpawnPoolWorker-39| 2026-06-21 22:28:43,204,204 multiprocessing INFO See log at : ./logs/all_Lyapunov_test_dso-fn_d_all_y_01_log.txt
SpawnPoolWorker-37| 2026-06-21 22:28:43,204,204 multiprocessing INFO See log at : ./logs/all_Lyapunov_test_dso-fn_d_all_y_01_log.txt
SpawnPoolWorker-44| 2026-06-21 22:28:43,206,206 multiprocessing INFO STARTING NEW RUN ==========
SpawnPoolWorker-44| 2026-06-21 22:28:43,206,206 multiprocessing INFO SEE LOG AT : ./logs/all_Lyapunov_test_dso-fn_d_all_y_01_log.txt
SpawnPoolWorker-44| 2026-06-21 22:28:43,206,206 multiprocessing INFO See log at : ./logs/all_Lyapunov_test_dso-fn_d_all_y_01_log.txt
SpawnPoolWorker-39| 2026-06-21 22:28:43,206,206 multiprocessing INFO child process calling self.run()
SpawnPoolWorker-37| 2026-06-21 22:28:43,206,206 multiprocessing INFO child process calling self.run()
SpawnPoolWorker-44| 2026-06-21 22:28:43,209,209 multiprocessing INFO child process calling self.run()
SpawnPoolWorker-36| 2026-06-21 22:28:43,209,209 multiprocessing INFO STARTING NEW RUN ==========
SpawnPoolWorker-36| 2026-06-21 22:28:43,209,209 multiprocessing INFO SEE LOG AT : ./logs/all_Lyapunov_test_dso-fn_d_all_y_01_log.txt
SpawnPoolWorker-36| 2026-06-21 22:28:43,209,209 multiprocessing INFO See log at : ./logs/all_Lyapunov_test_dso-fn_d_all_y_01_log.txt
SpawnPoolWorker-36| 2026-06-21 22:28:43,212,212 multiprocessing INFO child process calling self.run()
SpawnPoolWorker-35| 2026-06-21 22:28:43,235,235 multiprocessing INFO STARTING NEW RUN ==========
SpawnPoolWorker-35| 2026-06-21 22:28:43,236,236 multiprocessing INFO SEE LOG AT : ./logs/all_Lyapunov_test_dso-fn_d_all_y_01_log.txt
SpawnPoolWorker-35| 2026-06-21 22:28:43,236,236 multiprocessing INFO See log at : ./logs/all_Lyapunov_test_dso-fn_d_all_y_01_log.txt
SpawnPoolWorker-35| 2026-06-21 22:28:43,238,238 multiprocessing INFO child process calling self.run()
SpawnPoolWorker-38| 2026-06-21 22:28:43,239,239 multiprocessing INFO STARTING NEW RUN ==========
SpawnPoolWorker-38| 2026-06-21 22:28:43,239,239 multiprocessing INFO SEE LOG AT : ./logs/all_Lyapunov_test_dso-fn_d_all_y_01_log.txt
SpawnPoolWorker-38| 2026-06-21 22:28:43,239,239 multiprocessing INFO See log at : ./logs/all_Lyapunov_test_dso-fn_d_all_y_01_log.txt
SpawnPoolWorker-38| 2026-06-21 22:28:43,241,241 multiprocessing INFO child process calling self.run()
(6000,)

===================Collect 6000 Examples===================

Epsilon 0.1
500
(550,)
(550,)
(55,)
Number of Programs for Minimization: 29
SpawnPoolWorker-49| 2026-06-21 22:29:40,336,336 multiprocessing INFO STARTING NEW RUN ==========
SpawnPoolWorker-49| 2026-06-21 22:29:40,336,336 multiprocessing INFO SEE LOG AT : ./logs/all_Lyapunov_test_dso-fn_d_all_y_01_log.txt
SpawnPoolWorker-49| 2026-06-21 22:29:40,336,336 multiprocessing INFO See log at : ./logs/all_Lyapunov_test_dso-fn_d_all_y_01_log.txt
SpawnPoolWorker-49| 2026-06-21 22:29:40,341,341 multiprocessing INFO child process calling self.run()
SpawnPoolWorker-55| 2026-06-21 22:29:40,343,343 multiprocessing INFO STARTING NEW RUN ==========
SpawnPoolWorker-55| 2026-06-21 22:29:40,344,344 multiprocessing INFO SEE LOG AT : ./logs/all_Lyapunov_test_dso-fn_d_all_y_01_log.txt
SpawnPoolWorker-55| 2026-06-21 22:29:40,344,344 multiprocessing INFO See log at : ./logs/all_Lyapunov_test_dso-fn_d_all_y_01_log.txt
SpawnPoolWorker-55| 2026-06-21 22:29:40,348,348 multiprocessing INFO child process calling self.run()
SpawnPoolWorker-54| 2026-06-21 22:29:40,435,435 multiprocessing INFO STARTING NEW RUN ==========
SpawnPoolWorker-54| 2026-06-21 22:29:40,435,435 multiprocessing INFO SEE LOG AT : ./logs/all_Lyapunov_test_dso-fn_d_all_y_01_log.txt
SpawnPoolWorker-54| 2026-06-21 22:29:40,435,435 multiprocessing INFO See log at : ./logs/all_Lyapunov_test_dso-fn_d_all_y_01_log.txt
SpawnPoolWorker-54| 2026-06-21 22:29:40,438,438 multiprocessing INFO child process calling self.run()
SpawnPoolWorker-50| 2026-06-21 22:29:40,457,457 multiprocessing INFO STARTING NEW RUN ==========
SpawnPoolWorker-50| 2026-06-21 22:29:40,457,457 multiprocessing INFO SEE LOG AT : ./logs/all_Lyapunov_test_dso-fn_d_all_y_01_log.txt
SpawnPoolWorker-50| 2026-06-21 22:29:40,457,457 multiprocessing INFO See log at : ./logs/all_Lyapunov_test_dso-fn_d_all_y_01_log.txt
SpawnPoolWorker-50| 2026-06-21 22:29:40,460,460 multiprocessing INFO child process calling self.run()
SpawnPoolWorker-47| 2026-06-21 22:29:40,782,782 multiprocessing INFO STARTING NEW RUN ==========
SpawnPoolWorker-47| 2026-06-21 22:29:40,782,782 multiprocessing INFO SEE LOG AT : ./logs/all_Lyapunov_test_dso-fn_d_all_y_01_log.txt
SpawnPoolWorker-47| 2026-06-21 22:29:40,783,783 multiprocessing INFO See log at : ./logs/all_Lyapunov_test_dso-fn_d_all_y_01_log.txt
SpawnPoolWorker-47| 2026-06-21 22:29:40,785,785 multiprocessing INFO child process calling self.run()
SpawnPoolWorker-67| 2026-06-21 22:29:40,813,813 multiprocessing INFO STARTING NEW RUN ==========
SpawnPoolWorker-67| 2026-06-21 22:29:40,813,813 multiprocessing INFO SEE LOG AT : ./logs/all_Lyapunov_test_dso-fn_d_all_y_01_log.txt
SpawnPoolWorker-67| 2026-06-21 22:29:40,813,813 multiprocessing INFO See log at : ./logs/all_Lyapunov_test_dso-fn_d_all_y_01_log.txt
SpawnPoolWorker-67| 2026-06-21 22:29:40,816,816 multiprocessing INFO child process calling self.run()
SpawnPoolWorker-51| 2026-06-21 22:29:40,851,851 multiprocessing INFO STARTING NEW RUN ==========
SpawnPoolWorker-51| 2026-06-21 22:29:40,851,851 multiprocessing INFO SEE LOG AT : ./logs/all_Lyapunov_test_dso-fn_d_all_y_01_log.txt
SpawnPoolWorker-51| 2026-06-21 22:29:40,851,851 multiprocessing INFO See log at : ./logs/all_Lyapunov_test_dso-fn_d_all_y_01_log.txt
SpawnPoolWorker-51| 2026-06-21 22:29:40,856,856 multiprocessing INFO child process calling self.run()
SpawnPoolWorker-64| 2026-06-21 22:29:41,231,231 multiprocessing INFO STARTING NEW RUN ==========
SpawnPoolWorker-64| 2026-06-21 22:29:41,231,231 multiprocessing INFO SEE LOG AT : ./logs/all_Lyapunov_test_dso-fn_d_all_y_01_log.txt
SpawnPoolWorker-64| 2026-06-21 22:29:41,231,231 multiprocessing INFO See log at : ./logs/all_Lyapunov_test_dso-fn_d_all_y_01_log.txt
SpawnPoolWorker-64| 2026-06-21 22:29:41,234,234 multiprocessing INFO child process calling self.run()
SpawnPoolWorker-46| 2026-06-21 22:29:41,264,264 multiprocessing INFO STARTING NEW RUN ==========
SpawnPoolWorker-46| 2026-06-21 22:29:41,264,264 multiprocessing INFO SEE LOG AT : ./logs/all_Lyapunov_test_dso-fn_d_all_y_01_log.txt
SpawnPoolWorker-46| 2026-06-21 22:29:41,264,264 multiprocessing INFO See log at : ./logs/all_Lyapunov_test_dso-fn_d_all_y_01_log.txt
SpawnPoolWorker-52| 2026-06-21 22:29:41,266,266 multiprocessing INFO STARTING NEW RUN ==========
SpawnPoolWorker-52| 2026-06-21 22:29:41,266,266 multiprocessing INFO SEE LOG AT : ./logs/all_Lyapunov_test_dso-fn_d_all_y_01_log.txt
SpawnPoolWorker-52| 2026-06-21 22:29:41,266,266 multiprocessing INFO See log at : ./logs/all_Lyapunov_test_dso-fn_d_all_y_01_log.txt
SpawnPoolWorker-52| 2026-06-21 22:29:41,273,273 multiprocessing INFO child process calling self.run()
SpawnPoolWorker-46| 2026-06-21 22:29:41,277,277 multiprocessing INFO child process calling self.run()
SpawnPoolWorker-68| 2026-06-21 22:29:41,319,319 multiprocessing INFO STARTING NEW RUN ==========
SpawnPoolWorker-68| 2026-06-21 22:29:41,319,319 multiprocessing INFO SEE LOG AT : ./logs/all_Lyapunov_test_dso-fn_d_all_y_01_log.txt
SpawnPoolWorker-68| 2026-06-21 22:29:41,319,319 multiprocessing INFO See log at : ./logs/all_Lyapunov_test_dso-fn_d_all_y_01_log.txt
SpawnPoolWorker-68| 2026-06-21 22:29:41,324,324 multiprocessing INFO child process calling self.run()
SpawnPoolWorker-60| 2026-06-21 22:29:41,389,389 multiprocessing INFO STARTING NEW RUN ==========
SpawnPoolWorker-60| 2026-06-21 22:29:41,389,389 multiprocessing INFO SEE LOG AT : ./logs/all_Lyapunov_test_dso-fn_d_all_y_01_log.txt
SpawnPoolWorker-60| 2026-06-21 22:29:41,389,389 multiprocessing INFO See log at : ./logs/all_Lyapunov_test_dso-fn_d_all_y_01_log.txt
SpawnPoolWorker-60| 2026-06-21 22:29:41,391,391 multiprocessing INFO child process calling self.run()
SpawnPoolWorker-45| 2026-06-21 22:29:41,551,551 multiprocessing INFO STARTING NEW RUN ==========
SpawnPoolWorker-45| 2026-06-21 22:29:41,551,551 multiprocessing INFO SEE LOG AT : ./logs/all_Lyapunov_test_dso-fn_d_all_y_01_log.txt
SpawnPoolWorker-45| 2026-06-21 22:29:41,551,551 multiprocessing INFO See log at : ./logs/all_Lyapunov_test_dso-fn_d_all_y_01_log.txt
SpawnPoolWorker-45| 2026-06-21 22:29:41,557,557 multiprocessing INFO child process calling self.run()
SpawnPoolWorker-68| 2026-06-21 22:29:41,630,630 multiprocessing INFO process shutting down
SpawnPoolWorker-68| 2026-06-21 22:29:41,630,630 multiprocessing INFO process exiting with exitcode 0
SpawnPoolWorker-60| 2026-06-21 22:29:41,631,631 multiprocessing INFO process shutting down
SpawnPoolWorker-55| 2026-06-21 22:29:41,631,631 multiprocessing INFO process shutting down
SpawnPoolWorker-50| 2026-06-21 22:29:41,631,631 multiprocessing INFO process shutting down
SpawnPoolWorker-47| 2026-06-21 22:29:41,631,631 multiprocessing INFO process shutting down
SpawnPoolWorker-51| 2026-06-21 22:29:41,632,632 multiprocessing INFO process shutting down
SpawnPoolWorker-60| 2026-06-21 22:29:41,632,632 multiprocessing INFO process exiting with exitcode 0
SpawnPoolWorker-49| 2026-06-21 22:29:41,637,637 multiprocessing INFO process shutting down
SpawnPoolWorker-45| 2026-06-21 22:29:41,637,637 multiprocessing INFO process shutting down
SpawnPoolWorker-54| 2026-06-21 22:29:41,637,637 multiprocessing INFO process shutting down
SpawnPoolWorker-46| 2026-06-21 22:29:41,637,637 multiprocessing INFO process shutting down
SpawnPoolWorker-67| 2026-06-21 22:29:41,637,637 multiprocessing INFO process shutting down
SpawnPoolWorker-64| 2026-06-21 22:29:41,638,638 multiprocessing INFO process shutting down
SpawnPoolWorker-64| 2026-06-21 22:29:41,638,638 multiprocessing INFO process exiting with exitcode 0
SpawnPoolWorker-55| 2026-06-21 22:29:41,638,638 multiprocessing INFO process exiting with exitcode 0
29
(30000, 2)
(30000,)
(30000, 2)
(30000,)

=======================Successfully Added (15000, 2) Counter Examples=======================

Number of valid equations: 5. Program should stopped
x2**2 - 2*cos(x1)
[x2**2 - 2*cos(x1), x2**2 - 2*cos(x1), x2**2 - 2*cos(x1), x2**2 - 2*cos(x1), x2**2 - 2*cos(x1)]
MainProcess| 2026-06-21 22:35:43,457,457 multiprocessing INFO Number of valid equations: 5. Program should stopped
Number of valid equations: 5. Program should stopped
MainProcess| 2026-06-21 22:35:43,458,458 multiprocessing INFO x2**2 - 2*cos(x1)
x2**2 - 2*cos(x1)
MainProcess| 2026-06-21 22:35:43,459,459 multiprocessing INFO [x2**2 - 2*cos(x1), x2**2 - 2*cos(x1), x2**2 - 2*cos(x1), x2**2 - 2*cos(x1), x2**2 - 2*cos(x1)]
[x2**2 - 2*cos(x1), x2**2 - 2*cos(x1), x2**2 - 2*cos(x1), x2**2 - 2*cos(x1), x2**2 - 2*cos(x1)]
(55, 19)
/users/9/chen8596/miniconda3/envs/alfd/lib/python3.9/site-packages/torch/nn/functional.py:4999: UserWarning: Support for mismatched key_padding_mask and attn_mask is deprecated. Use same type for both instead.
  warnings.warn(
/users/9/chen8596/LyaDis/repro/runs/pendulum/utils/train.py:971: RuntimeWarning: divide by zero encountered in divide
  error = np.abs(((y_hat - y) / y))
/users/9/chen8596/.local/lib/python3.9/site-packages/scipy/stats/_stats_py.py:4424: ConstantInputWarning: An input array is constant; the correlation coefficient is not defined.
  warnings.warn(stats.ConstantInputWarning(msg))
MainProcess| 2026-06-21 22:35:43,777,777 multiprocessing INFO [Test epoch=0002]  nevals=27390 	| train_loss=4184.10645 	| eqs_invalid %=0.55 	| r_best=0.96997 	| quantile=0.38315 	| r_quantile_mean=0.86190 	| r_raw_sum=62.61676 	|  r_raw_mean=0.15615 	| r2=nan 	| acc_iid=0.00000 	| acc_ood=0.00000 	| nmse_test=0.0 	| true_equation_set_count=0 	| s/it=449.63723
[Test epoch=0002]  nevals=27390 	| train_loss=4184.10645 	| eqs_invalid %=0.55 	| r_best=0.96997 	| quantile=0.38315 	| r_quantile_mean=0.86190 	| r_raw_sum=62.61676 	|  r_raw_mean=0.15615 	| r2=nan 	| acc_iid=0.00000 	| acc_ood=0.00000 	| nmse_test=0.0 	| true_equation_set_count=0 	| s/it=449.63723
MainProcess| 2026-06-21 22:35:43,777,777 multiprocessing INFO [00:00:09:11.17] Training epoch 2/4000, current best R: 0.9700
[00:00:09:11.17] Training epoch 2/4000, current best R: 0.9700
MainProcess| 2026-06-21 22:35:43,778,778 multiprocessing INFO 
	** New best

	** New best
MainProcess| 2026-06-21 22:35:43,778,778 multiprocessing INFO 	Reward: 0.9699671079999538
	Reward: 0.9699671079999538
MainProcess| 2026-06-21 22:35:43,778,778 multiprocessing INFO 	Count Off-policy: 1
	Count Off-policy: 1
MainProcess| 2026-06-21 22:35:43,778,778 multiprocessing INFO 	Count On-policy: 0
	Count On-policy: 0
MainProcess| 2026-06-21 22:35:43,778,778 multiprocessing INFO 	Originally on Policy: False
	Originally on Policy: False
MainProcess| 2026-06-21 22:35:43,778,778 multiprocessing INFO 	Invalid: False
	Invalid: False
MainProcess| 2026-06-21 22:35:43,778,778 multiprocessing INFO 	Traversal: sub,sub,x1,x1,add,sub,cos,x1,mul,x2,x2,cos,x1
	Traversal: sub,sub,x1,x1,add,sub,cos,x1,mul,x2,x2,cos,x1
MainProcess| 2026-06-21 22:35:43,778,778 multiprocessing INFO 	Expression:
	Expression:
MainProcess| 2026-06-21 22:35:43,949,949 multiprocessing INFO 
	    2            
	  x₂  - 2⋅cos(x₁)


	    2            
	  x₂  - 2⋅cos(x₁)

MainProcess| 2026-06-21 22:35:43,949,949 multiprocessing INFO [00:00:09:11.34] Early stopping criteria met; breaking early.
[00:00:09:11.34] Early stopping criteria met; breaking early.
MainProcess| 2026-06-21 22:35:43,949,949 multiprocessing INFO -- RUNNING EPOCHS END ---------------

-- RUNNING EPOCHS END ---------------

MainProcess| 2026-06-21 22:35:43,949,949 multiprocessing INFO -- EVALUATION START ----------------
-- EVALUATION START ----------------
Saving Hall of Fame to ./log/fn_d_all_y_5_2026-06-21-222631_2/dso_fn_d_all_y_5_13_hof.csv
Saving Pareto Front to ./log/fn_d_all_y_5_2026-06-21-222631_2/dso_fn_d_all_y_5_13_pf.csv
Invalid expressions: 3 of 27390 (0.0%).
Error type counts:
  square: 3 (100.0%)
Error node counts:
  underflow: 3 (100.0%)
MainProcess| 2026-06-21 22:35:44,266,266 multiprocessing INFO 
Priority queue entry 0:

Priority queue entry 0:
MainProcess| 2026-06-21 22:35:44,266,266 multiprocessing INFO 	Reward: 0.9699671079999538
	Reward: 0.9699671079999538
MainProcess| 2026-06-21 22:35:44,266,266 multiprocessing INFO 	Count Off-policy: 1
	Count Off-policy: 1
MainProcess| 2026-06-21 22:35:44,266,266 multiprocessing INFO 	Count On-policy: 0
	Count On-policy: 0
MainProcess| 2026-06-21 22:35:44,266,266 multiprocessing INFO 	Originally on Policy: False
	Originally on Policy: False
MainProcess| 2026-06-21 22:35:44,266,266 multiprocessing INFO 	Invalid: False
	Invalid: False
MainProcess| 2026-06-21 22:35:44,266,266 multiprocessing INFO 	Traversal: sub,sub,x1,x1,add,sub,cos,x1,mul,x2,x2,cos,x1
	Traversal: sub,sub,x1,x1,add,sub,cos,x1,mul,x2,x2,cos,x1
MainProcess| 2026-06-21 22:35:44,266,266 multiprocessing INFO 	Expression:
	Expression:
MainProcess| 2026-06-21 22:35:44,267,267 multiprocessing INFO 
	    2            
	  x₂  - 2⋅cos(x₁)


	    2            
	  x₂  - 2⋅cos(x₁)

MainProcess| 2026-06-21 22:35:44,267,267 multiprocessing INFO 
Priority queue entry 1:

Priority queue entry 1:
MainProcess| 2026-06-21 22:35:44,267,267 multiprocessing INFO 	Reward: 0.7325246903285652
	Reward: 0.7325246903285652
MainProcess| 2026-06-21 22:35:44,267,267 multiprocessing INFO 	Count Off-policy: 1
	Count Off-policy: 1
MainProcess| 2026-06-21 22:35:44,267,267 multiprocessing INFO 	Count On-policy: 0
	Count On-policy: 0
MainProcess| 2026-06-21 22:35:44,267,267 multiprocessing INFO 	Originally on Policy: False
	Originally on Policy: False
MainProcess| 2026-06-21 22:35:44,267,267 multiprocessing INFO 	Invalid: False
	Invalid: False
MainProcess| 2026-06-21 22:35:44,267,267 multiprocessing INFO 	Traversal: n2,sub,x1,sub,x2,sin,add,sub,x2,x1,n2,n2,sub,x1,x1
	Traversal: n2,sub,x1,sub,x2,sin,add,sub,x2,x1,n2,n2,sub,x1,x1
MainProcess| 2026-06-21 22:35:44,267,267 multiprocessing INFO 	Expression:
	Expression:
MainProcess| 2026-06-21 22:35:44,268,268 multiprocessing INFO 
	                          2
	  (x₁ - x₂ - sin(x₁ - x₂)) 


	                          2
	  (x₁ - x₂ - sin(x₁ - x₂)) 

MainProcess| 2026-06-21 22:35:44,268,268 multiprocessing INFO -- EVALUATION END ------------------
-- EVALUATION END ------------------
MainProcess| 2026-06-21 22:35:44,282,282 multiprocessing INFO == TRAINING SEED 13 END ==============
== TRAINING SEED 13 END ==============
MainProcess| 2026-06-21 22:35:44,282,282 multiprocessing INFO 
== POST-PROCESS START =================

== POST-PROCESS START =================
MainProcess| 2026-06-21 22:35:44,283,283 multiprocessing INFO -- LOADING LOGS START ----------------
-- LOADING LOGS START ----------------
MainProcess| 2026-06-21 22:35:44,342,342 multiprocessing INFO Successfully loaded Hall of Fame data
Successfully loaded Hall of Fame data
MainProcess| 2026-06-21 22:35:46,535,535 multiprocessing INFO Successfully loaded Pareto Front data
Successfully loaded Pareto Front data
MainProcess| 2026-06-21 22:35:46,535,535 multiprocessing INFO *** WARNING:
*** WARNING:
MainProcess| 2026-06-21 22:35:46,535,535 multiprocessing INFO     --> Can't load summary: [Errno 2] No such file or directory: './log/fn_d_all_y_5_2026-06-21-222631_2/summary.csv'
    --> Can't load summary: [Errno 2] No such file or directory: './log/fn_d_all_y_5_2026-06-21-222631_2/summary.csv'
MainProcess| 2026-06-21 22:35:46,535,535 multiprocessing INFO -- LOADING LOGS END ------------------
-- LOADING LOGS END ------------------
MainProcess| 2026-06-21 22:35:46,535,535 multiprocessing INFO 
-- ANALYZING LOG START --------------

-- ANALYZING LOG START --------------
MainProcess| 2026-06-21 22:35:46,535,535 multiprocessing INFO Task_____________regression
Task_____________regression
MainProcess| 2026-06-21 22:35:46,535,535 multiprocessing INFO Source path______./log/fn_d_all_y_5_2026-06-21-222631_2
Source path______./log/fn_d_all_y_5_2026-06-21-222631_2
MainProcess| 2026-06-21 22:35:46,535,535 multiprocessing INFO Runs_____________N/A
Runs_____________N/A
MainProcess| 2026-06-21 22:35:46,535,535 multiprocessing INFO Max Samples/run__2000000
Max Samples/run__2000000
MainProcess| 2026-06-21 22:35:46,535,535 multiprocessing INFO Found issues:
Found issues:
MainProcess| 2026-06-21 22:35:46,535,535 multiprocessing INFO   0
  0
MainProcess| 2026-06-21 22:35:46,535,535 multiprocessing INFO Hall of Fame (Top 5 of 100)____
Hall of Fame (Top 5 of 100)____
MainProcess| 2026-06-21 22:35:46,536,536 multiprocessing INFO     0: S=013 R=0.973105 <-- [x2**2 - 2*cos(x1)]
    0: S=013 R=0.973105 <-- [x2**2 - 2*cos(x1)]
MainProcess| 2026-06-21 22:35:46,536,536 multiprocessing INFO     1: S=013 R=0.973105 <-- [x2**2 - 2*cos(x1)]
    1: S=013 R=0.973105 <-- [x2**2 - 2*cos(x1)]
MainProcess| 2026-06-21 22:35:46,536,536 multiprocessing INFO     2: S=013 R=0.973105 <-- [x2**2 - 2*cos(x1)]
    2: S=013 R=0.973105 <-- [x2**2 - 2*cos(x1)]
MainProcess| 2026-06-21 22:35:46,536,536 multiprocessing INFO     3: S=013 R=0.973105 <-- [x2**2 - 2*cos(x1)]
    3: S=013 R=0.973105 <-- [x2**2 - 2*cos(x1)]
MainProcess| 2026-06-21 22:35:46,537,537 multiprocessing INFO     4: S=013 R=0.973105 <-- [x2**2 - 2*cos(x1)]
    4: S=013 R=0.973105 <-- [x2**2 - 2*cos(x1)]
MainProcess| 2026-06-21 22:35:46,537,537 multiprocessing INFO Pareto Front (5 of 5)____
Pareto Front (5 of 5)____
MainProcess| 2026-06-21 22:35:46,537,537 multiprocessing INFO     0: S=013 R=0.973105 C=14.00 <-- [x2**2 - 2*cos(x1)]
    0: S=013 R=0.973105 C=14.00 <-- [x2**2 - 2*cos(x1)]
MainProcess| 2026-06-21 22:35:46,538,538 multiprocessing INFO     1: S=013 R=0.918023 C=13.00 <-- [x2**2 + x2 - 2*cos(x1)]
    1: S=013 R=0.918023 C=13.00 <-- [x2**2 + x2 - 2*cos(x1)]
MainProcess| 2026-06-21 22:35:46,538,538 multiprocessing INFO     2: S=013 R=0.900652 C=12.00 <-- [x2**2 + x2*sin(x2) - cos(x1)]
    2: S=013 R=0.900652 C=12.00 <-- [x2**2 + x2*sin(x2) - cos(x1)]
MainProcess| 2026-06-21 22:35:46,538,538 multiprocessing INFO     3: S=013 R=0.893149 C=11.00 <-- [x2**2 - cos(x1)]
    3: S=013 R=0.893149 C=11.00 <-- [x2**2 - cos(x1)]
MainProcess| 2026-06-21 22:35:46,539,539 multiprocessing INFO     4: S=013 R=0.666674 C=10.00 <-- [(x1 - x2)**2]
    4: S=013 R=0.666674 C=10.00 <-- [(x1 - x2)**2]
MainProcess| 2026-06-21 22:35:46,539,539 multiprocessing INFO -- ANALYZING LOG END ----------------
-- ANALYZING LOG END ----------------
MainProcess| 2026-06-21 22:35:46,539,539 multiprocessing INFO == POST-PROCESS END ===================
== POST-PROCESS END ===================
MainProcess| 2026-06-21 22:35:46,539,539 multiprocessing INFO [TEST RESULT] {'seed': 2, 'r': 0.9699671079999538, 'nmse_test': 0.0, 'nmse_test_noiseless': 0.0, 'success': True, 'expression': '[x2**2 - 2*cos(x1)]', 'traversal': 'sub,sub,x1,x1,add,sub,cos,x1,mul,x2,x2,cos,x1', 'program': sub,sub,x1,x1,add,sub,cos,x1,mul,x2,x2,cos,x1, 'error_square': 3, 'error_node_underflow': 3, 'n_epochs': 2, 'n_samples': 27390, 'n_cached': 5733, 't': 551.6825451850891, 'baseline': 'transformer', 'run_seed': 2, 'dataset': 'fn_d_all_y_5'}
[TEST RESULT] {'seed': 2, 'r': 0.9699671079999538, 'nmse_test': 0.0, 'nmse_test_noiseless': 0.0, 'success': True, 'expression': '[x2**2 - 2*cos(x1)]', 'traversal': 'sub,sub,x1,x1,add,sub,cos,x1,mul,x2,x2,cos,x1', 'program': sub,sub,x1,x1,add,sub,cos,x1,mul,x2,x2,cos,x1, 'error_square': 3, 'error_node_underflow': 3, 'n_epochs': 2, 'n_samples': 27390, 'n_cached': 5733, 't': 551.6825451850891, 'baseline': 'transformer', 'run_seed': 2, 'dataset': 'fn_d_all_y_5'}
MainProcess| 2026-06-21 22:35:46,539,539 multiprocessing INFO INFO: Completed run 1 of 1 in 552 s | LATEST TEST_RESULT {'seed': 2, 'r': 0.9699671079999538, 'nmse_test': 0.0, 'nmse_test_noiseless': 0.0, 'success': True, 'expression': '[x2**2 - 2*cos(x1)]', 'traversal': 'sub,sub,x1,x1,add,sub,cos,x1,mul,x2,x2,cos,x1', 'program': sub,sub,x1,x1,add,sub,cos,x1,mul,x2,x2,cos,x1, 'error_square': 3, 'error_node_underflow': 3, 'n_epochs': 2, 'n_samples': 27390, 'n_cached': 5733, 't': 551.6825451850891, 'baseline': 'transformer', 'run_seed': 2, 'dataset': 'fn_d_all_y_5'}
INFO: Completed run 1 of 1 in 552 s | LATEST TEST_RESULT {'seed': 2, 'r': 0.9699671079999538, 'nmse_test': 0.0, 'nmse_test_noiseless': 0.0, 'success': True, 'expression': '[x2**2 - 2*cos(x1)]', 'traversal': 'sub,sub,x1,x1,add,sub,cos,x1,mul,x2,x2,cos,x1', 'program': sub,sub,x1,x1,add,sub,cos,x1,mul,x2,x2,cos,x1, 'error_square': 3, 'error_node_underflow': 3, 'n_epochs': 2, 'n_samples': 27390, 'n_cached': 5733, 't': 551.6825451850891, 'baseline': 'transformer', 'run_seed': 2, 'dataset': 'fn_d_all_y_5'}
MainProcess| 2026-06-21 22:35:46,539,539 multiprocessing INFO Fin.
MainProcess| 2026-06-21 22:35:46,540,540 multiprocessing INFO process shutting down
[job] done sys=pendulum seed=2 end=2026-06-21T22:35:49-05:00
