[job] sys=pendulum benchmark=fn_d_all_y seed=1 host=cn2112 gpu=0 start=2026-06-21T22:26:14-05:00
MainProcess| 2026-06-21 22:26:19,102,102 multiprocessing INFO STARTING NEW RUN ==========
MainProcess| 2026-06-21 22:26:19,102,102 multiprocessing INFO SEE LOG AT : ./logs/all_Lyapunov_test_dso-fn_d_all_y_01_log.txt
MainProcess| 2026-06-21 22:26:19,102,102 multiprocessing INFO See log at : ./logs/all_Lyapunov_test_dso-fn_d_all_y_01_log.txt
MainProcess| 2026-06-21 22:26:19,105,105 multiprocessing INFO               variables expression                                                train_spec test_spec function_set
name                                                                                                               
fn_d_all_y_5          2  0*x1+0*x2  {"x1":{"U":[-3.14,3.14,15000]}, "x2":{"U":[-6,6,15000]}}      None         Koza
              variables expression                                                train_spec test_spec function_set
name                                                                                                               
fn_d_all_y_5          2  0*x1+0*x2  {"x1":{"U":[-3.14,3.14,15000]}, "x2":{"U":[-6,6,15000]}}      None         Koza

-- BUILDING DATASET START -----------
Benchmark path                 : /users/9/chen8596/LyaDis/repro/runs/pendulum/libs/sd3/dso/dso/task/regression/benchmarks_bkup_1.csv
Generated data for benchmark   : fn_d_all_y_5
-- BUILDING DATASET END -------------

Function set                   : Koza --> ['add', 'sub', 'mul', 'sin', 'cos', 'n2']

MainProcess| 2026-06-21 22:26:19,172,172 multiprocessing INFO [BASELINE_TESTING NOW] dataset=fn_d_all_y_5 	| baseline=transformer 	| seed=1 	| data_samples=15000 	| noise=0.0
MainProcess| 2026-06-21 22:26:19,176,176 multiprocessing INFO [RUN SETTINGS]: test_dataset=fn_d_all_y_5  batch_outer_datasets=24 pre_train=False load_pre_trained_path= priority_queue_training=True gp_meld=True model=TransformerTreeEncoderController train_path= risk_seeking_pg_train=True
[RUN SETTINGS]: test_dataset=fn_d_all_y_5  batch_outer_datasets=24 pre_train=False load_pre_trained_path= priority_queue_training=True gp_meld=True model=TransformerTreeEncoderController train_path= risk_seeking_pg_train=True
MainProcess| 2026-06-21 22:26:19,231,231 multiprocessing INFO Running model : TransformerTreeEncoderController
Running model : TransformerTreeEncoderController

-- BUILDING DATASET START -----------
Benchmark path                 : /users/9/chen8596/LyaDis/repro/runs/pendulum/libs/sd3/dso/dso/task/regression/benchmarks_bkup_1.csv
Generated data for benchmark   : fn_d_all_y_5
-- BUILDING DATASET END -------------

Function set                   : Koza --> ['add', 'sub', 'mul', 'sin', 'cos', 'n2']

MainProcess| 2026-06-21 22:26:19,238,238 multiprocessing INFO Function set: ['x1', 'x2', 'add', 'sub', 'mul', 'sin', 'cos', 'n2']

-- BUILDING DATASET START -----------
Benchmark path                 : /users/9/chen8596/LyaDis/repro/runs/pendulum/libs/sd3/dso/dso/task/regression/benchmarks_bkup_1.csv
Generated data for benchmark   : fn_d_all_y_5
-- BUILDING DATASET END -------------

Function set                   : Koza --> ['add', 'sub', 'mul', 'sin', 'cos', 'n2']

-- BUILDING PRIOR START -------------
WARNING: Skipping invalid 'RelationalConstraint' with arguments {'targets': [], 'effectors': [], 'relationship': None}. Reason: Prior disabled.
WARNING: Skipping invalid 'RepeatConstraint' with arguments {'tokens': 'const', 'min_': None, 'max_': 5}. Reason: Uses Tokens not in the Library.
WARNING: Skipping invalid 'InverseUnaryConstraint' with arguments {}. Reason: There are no inverse unary Token pairs in the Library.
WARNING: Skipping invalid 'ConstConstraint' with arguments {}. Reason: Prior disabled.
WARNING: Skipping invalid 'NoInputsConstraint' with arguments {}. Reason: All terminal tokens are input variables, so allsequences will have an input variable.
WARNING: Skipping invalid 'UniformArityPrior' with arguments {}. Reason: Prior disabled.
LengthConstraint: Sequences have minimum length 10.
                  Sequences have maximum length 15.
TrigConstraint: [sin, cos] cannot be a descendant of [sin, cos].
SoftLengthPrior: No description available.
-- BUILDING PRIOR END ---------------

MainProcess| 2026-06-21 22:26:19,454,454 multiprocessing INFO Transformer overwriting hidden size to input_dim 128
Transformer overwriting hidden size to input_dim 128
MainProcess| 2026-06-21 22:26:19,653,653 multiprocessing INFO Encoder params: {'sinuisodal_embeddings': False, 'dec_pf_dim': 32, 'dec_layers': 1, 'dim_hidden': 128, 'lr': 0.0001, 'dropout': 0, 'num_features': 1, 'ln': True, 'N_p': 0, 'num_inds': 64, 'activation': 'relu', 'bit16': False, 'norm': True, 'linear': True, 'input_normalization': False, 'src_pad_idx': 0, 'trg_pad_idx': 0, 'length_eq': 20, 'n_l_enc': 3, 'mean': 0.5, 'std': 0.5, 'dim_input': 64, 'num_heads': 2, 'output_dim': 10}
Encoder params: {'sinuisodal_embeddings': False, 'dec_pf_dim': 32, 'dec_layers': 1, 'dim_hidden': 128, 'lr': 0.0001, 'dropout': 0, 'num_features': 1, 'ln': True, 'N_p': 0, 'num_inds': 64, 'activation': 'relu', 'bit16': False, 'norm': True, 'linear': True, 'input_normalization': False, 'src_pad_idx': 0, 'trg_pad_idx': 0, 'length_eq': 20, 'n_l_enc': 3, 'mean': 0.5, 'std': 0.5, 'dim_input': 64, 'num_heads': 2, 'output_dim': 10}
MainProcess| 2026-06-21 22:26:19,669,669 multiprocessing INFO TransformerTreeEncoderController parameters: 4033756 	 | trainable : 4033756
TransformerTreeEncoderController parameters: 4033756 	 | trainable : 4033756
MainProcess| 2026-06-21 22:26:19,722,722 multiprocessing INFO GP CONFIG : {'verbose': False, 'generations': 35, 'p_crossover': 0.5, 'p_mutate': 0.5, 'tournament_size': 7, 'train_n': 50, 'mutate_tree_max': 3}
GP CONFIG : {'verbose': False, 'generations': 35, 'p_crossover': 0.5, 'p_mutate': 0.5, 'tournament_size': 7, 'train_n': 50, 'mutate_tree_max': 3}
MainProcess| 2026-06-21 22:26:19,777,777 multiprocessing INFO config: {'experiment': {'logdir': './log', 'seed': 13, 'timestamp': '2026-06-21-222619', 'task_name': 'fn_d_all_y_5', 'save_path': './log/fn_d_all_y_5_2026-06-21-222619_1'}, 'task': {'task_type': 'regression', 'dataset': 'fn_d_all_y_5', 'function_set': ['add', 'sub', 'mul', 'sin', 'cos', 'n2'], 'metric': 'lyapunov_risk', 'metric_params': [1.0], 'extra_metric_test': None, 'extra_metric_test_params': [], 'threshold': 1e-12, 'protected': False, 'reward_noise': 0.0, 'reward_noise_type': 'r', 'normalize_variance': False, 'decision_tree_threshold_set': []}, 'training': {'n_epochs': None, 'n_samples': 2000000, 'batch_size': 500, 'epsilon': 0.1, 'baseline': 'R_e', 'alpha': 0.5, 'b_jumpstart': False, 'n_cores_batch': 1, 'complexity': 'token', 'const_optimizer': 'scipy', 'const_params': {'method': 'L-BFGS-B', 'options': {'gtol': 0.001}}, 'verbose': True, 'debug': 0, 'early_stopping': True, 'hof': 100, 'use_memory': False, 'memory_capacity': 1000.0, 'warm_start': None, 'memory_threshold': None, 'save_all_epoch': False, 'save_summary': False, 'save_positional_entropy': False, 'save_pareto_front': True, 'save_cache': False, 'save_cache_r_min': 0.9, 'save_freq': 1, 'save_token_count': False}, 'state_manager': {'observe_action': False, 'observe_parent': True, 'observe_sibling': True, 'observe_dangling': False, 'embedding': True, 'embedding_size': 64}, 'controller': {'max_length': 64, 'cell': 'lstm', 'num_layers': 1, 'num_units': 64, 'initializer': 'zeros', 'learning_rate': 0.0003, 'optimizer': 'adam', 'entropy_weight': 0.005, 'entropy_gamma': 0.8, 'pqt': True, 'pqt_k': 10, 'pqt_batch_size': 1, 'pqt_weight': 200.0, 'pqt_use_pg': False, 'summary': False, 'rl_weight': 1.0}, 'gp_meld': {'generations': 35, 'p_crossover': 0.5, 'p_mutate': 0.5, 'tournament_size': 7, 'train_n': 50, 'mutate_tree_max': 3}, 'prior': {'relational': {'targets': [], 'effectors': [], 'relationship': None}, 'length': {'min_': 10, 'max_': 15}, 'repeat': {'tokens': 'const', 'min_': None, 'max_': 5}, 'inverse': {}, 'trig': {}, 'const': {}, 'no_inputs': {}, 'uniform_arity': {}, 'soft_length': {'loc': 8, 'scale': 5}}, 'postprocess': {'show_count': 5, 'save_plots': True}, 'model': 'TransformerTreeEncoderController', 'function_names_str': 'x1,x2,add,sub,mul,sin,cos,n2', 'nesymres_train_config': {'architecture': {'sinuisodal_embeddings': False, 'dec_pf_dim': 32, 'dec_layers': 1, 'dim_hidden': 128, 'lr': 0.0001, 'dropout': 0, 'num_features': 1, 'ln': True, 'N_p': 0, 'num_inds': 64, 'activation': 'relu', 'bit16': False, 'norm': True, 'linear': True, 'input_normalization': False, 'src_pad_idx': 0, 'trg_pad_idx': 0, 'length_eq': 20, 'n_l_enc': 3, 'mean': 0.5, 'std': 0.5, 'dim_input': 64, 'num_heads': 2, 'output_dim': 10}}}

-- BUILDING DATASET START -----------
Benchmark path                 : /users/9/chen8596/LyaDis/repro/runs/pendulum/libs/sd3/dso/dso/task/regression/benchmarks_bkup_1.csv
Generated data for benchmark   : fn_d_all_y_5
-- BUILDING DATASET END -------------

Function set                   : Koza --> ['add', 'sub', 'mul', 'sin', 'cos', 'n2']

-- RUNNING EPOCHS START -------------
torch.Size([500, 19])
/users/9/chen8596/miniconda3/envs/alfd/lib/python3.9/site-packages/torch/nn/functional.py:4999: UserWarning: Support for mismatched key_padding_mask and attn_mask is deprecated. Use same type for both instead.
  warnings.warn(
/users/9/chen8596/miniconda3/envs/alfd/lib/python3.9/site-packages/torch/nn/functional.py:4999: UserWarning: Support for mismatched key_padding_mask and attn_mask is deprecated. Use same type for both instead.
  warnings.warn(
/users/9/chen8596/miniconda3/envs/alfd/lib/python3.9/site-packages/torch/nn/functional.py:4999: UserWarning: Support for mismatched key_padding_mask and attn_mask is deprecated. Use same type for both instead.
  warnings.warn(
MainProcess| 2026-06-21 22:26:55,872,872 multiprocessing INFO Genetic Porgramming Runtime 32.96139983111061
Genetic Porgramming Runtime 32.96139983111061

=========================PGD Collection Starts=========================

MainProcess| 2026-06-21 22:26:56,697,697 multiprocessing INFO created temp directory /tmp/pymp-1g4zsvtm
SpawnPoolWorker-8| 2026-06-21 22:27:01,102,102 multiprocessing INFO STARTING NEW RUN ==========
SpawnPoolWorker-8| 2026-06-21 22:27:01,102,102 multiprocessing INFO SEE LOG AT : ./logs/all_Lyapunov_test_dso-fn_d_all_y_01_log.txt
SpawnPoolWorker-8| 2026-06-21 22:27:01,102,102 multiprocessing INFO See log at : ./logs/all_Lyapunov_test_dso-fn_d_all_y_01_log.txt
SpawnPoolWorker-8| 2026-06-21 22:27:01,105,105 multiprocessing INFO child process calling self.run()
SpawnPoolWorker-7| 2026-06-21 22:27:01,109,109 multiprocessing INFO STARTING NEW RUN ==========
SpawnPoolWorker-7| 2026-06-21 22:27:01,110,110 multiprocessing INFO SEE LOG AT : ./logs/all_Lyapunov_test_dso-fn_d_all_y_01_log.txt
SpawnPoolWorker-7| 2026-06-21 22:27:01,110,110 multiprocessing INFO See log at : ./logs/all_Lyapunov_test_dso-fn_d_all_y_01_log.txt
SpawnPoolWorker-7| 2026-06-21 22:27:01,114,114 multiprocessing INFO child process calling self.run()
SpawnPoolWorker-1| 2026-06-21 22:27:01,117,117 multiprocessing INFO STARTING NEW RUN ==========
SpawnPoolWorker-1| 2026-06-21 22:27:01,117,117 multiprocessing INFO SEE LOG AT : ./logs/all_Lyapunov_test_dso-fn_d_all_y_01_log.txt
SpawnPoolWorker-1| 2026-06-21 22:27:01,117,117 multiprocessing INFO See log at : ./logs/all_Lyapunov_test_dso-fn_d_all_y_01_log.txt
SpawnPoolWorker-3| 2026-06-21 22:27:01,117,117 multiprocessing INFO STARTING NEW RUN ==========
SpawnPoolWorker-3| 2026-06-21 22:27:01,118,118 multiprocessing INFO SEE LOG AT : ./logs/all_Lyapunov_test_dso-fn_d_all_y_01_log.txt
SpawnPoolWorker-3| 2026-06-21 22:27:01,118,118 multiprocessing INFO See log at : ./logs/all_Lyapunov_test_dso-fn_d_all_y_01_log.txt
SpawnPoolWorker-3| 2026-06-21 22:27:01,119,119 multiprocessing INFO child process calling self.run()
SpawnPoolWorker-1| 2026-06-21 22:27:01,119,119 multiprocessing INFO child process calling self.run()
SpawnPoolWorker-9| 2026-06-21 22:27:01,121,121 multiprocessing INFO STARTING NEW RUN ==========
SpawnPoolWorker-2| 2026-06-21 22:27:01,121,121 multiprocessing INFO STARTING NEW RUN ==========
SpawnPoolWorker-9| 2026-06-21 22:27:01,123,123 multiprocessing INFO SEE LOG AT : ./logs/all_Lyapunov_test_dso-fn_d_all_y_01_log.txt
SpawnPoolWorker-2| 2026-06-21 22:27:01,123,123 multiprocessing INFO SEE LOG AT : ./logs/all_Lyapunov_test_dso-fn_d_all_y_01_log.txt
SpawnPoolWorker-9| 2026-06-21 22:27:01,123,123 multiprocessing INFO See log at : ./logs/all_Lyapunov_test_dso-fn_d_all_y_01_log.txt
SpawnPoolWorker-2| 2026-06-21 22:27:01,123,123 multiprocessing INFO See log at : ./logs/all_Lyapunov_test_dso-fn_d_all_y_01_log.txt
SpawnPoolWorker-10| 2026-06-21 22:27:01,123,123 multiprocessing INFO STARTING NEW RUN ==========
SpawnPoolWorker-10| 2026-06-21 22:27:01,123,123 multiprocessing INFO SEE LOG AT : ./logs/all_Lyapunov_test_dso-fn_d_all_y_01_log.txt
SpawnPoolWorker-10| 2026-06-21 22:27:01,123,123 multiprocessing INFO See log at : ./logs/all_Lyapunov_test_dso-fn_d_all_y_01_log.txt
SpawnPoolWorker-4| 2026-06-21 22:27:01,124,124 multiprocessing INFO STARTING NEW RUN ==========
SpawnPoolWorker-4| 2026-06-21 22:27:01,125,125 multiprocessing INFO SEE LOG AT : ./logs/all_Lyapunov_test_dso-fn_d_all_y_01_log.txt
SpawnPoolWorker-4| 2026-06-21 22:27:01,125,125 multiprocessing INFO See log at : ./logs/all_Lyapunov_test_dso-fn_d_all_y_01_log.txt
SpawnPoolWorker-6| 2026-06-21 22:27:01,125,125 multiprocessing INFO STARTING NEW RUN ==========
SpawnPoolWorker-6| 2026-06-21 22:27:01,125,125 multiprocessing INFO SEE LOG AT : ./logs/all_Lyapunov_test_dso-fn_d_all_y_01_log.txt
SpawnPoolWorker-6| 2026-06-21 22:27:01,125,125 multiprocessing INFO See log at : ./logs/all_Lyapunov_test_dso-fn_d_all_y_01_log.txt
SpawnPoolWorker-9| 2026-06-21 22:27:01,125,125 multiprocessing INFO child process calling self.run()
SpawnPoolWorker-10| 2026-06-21 22:27:01,126,126 multiprocessing INFO child process calling self.run()
SpawnPoolWorker-2| 2026-06-21 22:27:01,127,127 multiprocessing INFO child process calling self.run()
SpawnPoolWorker-6| 2026-06-21 22:27:01,128,128 multiprocessing INFO child process calling self.run()
SpawnPoolWorker-4| 2026-06-21 22:27:01,129,129 multiprocessing INFO child process calling self.run()
SpawnPoolWorker-5| 2026-06-21 22:27:01,131,131 multiprocessing INFO STARTING NEW RUN ==========
SpawnPoolWorker-5| 2026-06-21 22:27:01,131,131 multiprocessing INFO SEE LOG AT : ./logs/all_Lyapunov_test_dso-fn_d_all_y_01_log.txt
SpawnPoolWorker-5| 2026-06-21 22:27:01,131,131 multiprocessing INFO See log at : ./logs/all_Lyapunov_test_dso-fn_d_all_y_01_log.txt
SpawnPoolWorker-5| 2026-06-21 22:27:01,133,133 multiprocessing INFO child process calling self.run()
(3000,)

===================Collect 3000 Examples===================

Epsilon 0.1
500
(550,)
(550,)
(55,)
Number of Programs for Minimization: 29
SpawnPoolWorker-30| 2026-06-21 22:28:18,631,631 multiprocessing INFO STARTING NEW RUN ==========
SpawnPoolWorker-30| 2026-06-21 22:28:18,631,631 multiprocessing INFO SEE LOG AT : ./logs/all_Lyapunov_test_dso-fn_d_all_y_01_log.txt
SpawnPoolWorker-30| 2026-06-21 22:28:18,631,631 multiprocessing INFO See log at : ./logs/all_Lyapunov_test_dso-fn_d_all_y_01_log.txt
SpawnPoolWorker-30| 2026-06-21 22:28:18,633,633 multiprocessing INFO child process calling self.run()
SpawnPoolWorker-28| 2026-06-21 22:28:18,634,634 multiprocessing INFO STARTING NEW RUN ==========
SpawnPoolWorker-28| 2026-06-21 22:28:18,634,634 multiprocessing INFO SEE LOG AT : ./logs/all_Lyapunov_test_dso-fn_d_all_y_01_log.txt
SpawnPoolWorker-28| 2026-06-21 22:28:18,634,634 multiprocessing INFO See log at : ./logs/all_Lyapunov_test_dso-fn_d_all_y_01_log.txt
SpawnPoolWorker-28| 2026-06-21 22:28:18,636,636 multiprocessing INFO child process calling self.run()
SpawnPoolWorker-25| 2026-06-21 22:28:18,637,637 multiprocessing INFO STARTING NEW RUN ==========
SpawnPoolWorker-25| 2026-06-21 22:28:18,637,637 multiprocessing INFO SEE LOG AT : ./logs/all_Lyapunov_test_dso-fn_d_all_y_01_log.txt
SpawnPoolWorker-25| 2026-06-21 22:28:18,637,637 multiprocessing INFO See log at : ./logs/all_Lyapunov_test_dso-fn_d_all_y_01_log.txt
SpawnPoolWorker-25| 2026-06-21 22:28:18,639,639 multiprocessing INFO child process calling self.run()
SpawnPoolWorker-15| 2026-06-21 22:28:18,648,648 multiprocessing INFO STARTING NEW RUN ==========
SpawnPoolWorker-15| 2026-06-21 22:28:18,649,649 multiprocessing INFO SEE LOG AT : ./logs/all_Lyapunov_test_dso-fn_d_all_y_01_log.txt
SpawnPoolWorker-15| 2026-06-21 22:28:18,649,649 multiprocessing INFO See log at : ./logs/all_Lyapunov_test_dso-fn_d_all_y_01_log.txt
SpawnPoolWorker-15| 2026-06-21 22:28:18,651,651 multiprocessing INFO child process calling self.run()
SpawnPoolWorker-15| 2026-06-21 22:28:19,962,962 multiprocessing INFO process shutting down
SpawnPoolWorker-15| 2026-06-21 22:28:19,962,962 multiprocessing INFO process exiting with exitcode 0
SpawnPoolWorker-28| 2026-06-21 22:28:19,962,962 multiprocessing INFO process shutting down
SpawnPoolWorker-30| 2026-06-21 22:28:19,962,962 multiprocessing INFO process shutting down
29
(30000, 2)
(30000,)
(30000, 2)
(30000,)

=======================Successfully Added (15000, 2) Counter Examples=======================


============None of the candidates fulfill the conditions. Training CONTINUES!=================

MainProcess| 2026-06-21 22:28:20,781,781 multiprocessing INFO 
============None of the candidates fulfill the conditions. Training CONTINUES!=================


============None of the candidates fulfill the conditions. Training CONTINUES!=================

(55, 19)
/users/9/chen8596/miniconda3/envs/alfd/lib/python3.9/site-packages/torch/nn/functional.py:4999: UserWarning: Support for mismatched key_padding_mask and attn_mask is deprecated. Use same type for both instead.
  warnings.warn(

==============Start Supervised Learning==============

MainProcess| 2026-06-21 22:28:22,312,312 multiprocessing INFO GP output mean: 0.9630280053990542
GP output mean: 0.9630280053990542
MainProcess| 2026-06-21 22:28:22,623,623 multiprocessing INFO GP output success rate: 0.0
GP output success rate: 0.0

==============End Supervised Learning==============

/users/9/chen8596/LyaDis/repro/runs/pendulum/utils/train.py:971: RuntimeWarning: divide by zero encountered in divide
  error = np.abs(((y_hat - y) / y))
/users/9/chen8596/.local/lib/python3.9/site-packages/scipy/stats/_stats_py.py:4424: ConstantInputWarning: An input array is constant; the correlation coefficient is not defined.
  warnings.warn(stats.ConstantInputWarning(msg))
MainProcess| 2026-06-21 22:28:23,870,870 multiprocessing INFO [Test epoch=0001]  nevals=13684 	| train_loss=5474.56885 	| eqs_invalid %=0.00 	| r_best=0.75537 	| quantile=0.21544 	| r_quantile_mean=0.68997 	| r_raw_sum=43.72381 	|  r_raw_mean=0.08798 	| r2=nan 	| acc_iid=0.00000 	| acc_ood=0.00000 	| nmse_test=0.015579231823496001 	| true_equation_set_count=0 	| s/it=124.06088
[Test epoch=0001]  nevals=13684 	| train_loss=5474.56885 	| eqs_invalid %=0.00 	| r_best=0.75537 	| quantile=0.21544 	| r_quantile_mean=0.68997 	| r_raw_sum=43.72381 	|  r_raw_mean=0.08798 	| r2=nan 	| acc_iid=0.00000 	| acc_ood=0.00000 	| nmse_test=0.015579231823496001 	| true_equation_set_count=0 	| s/it=124.06088
MainProcess| 2026-06-21 22:28:23,870,870 multiprocessing INFO [00:00:02:04.07] Training epoch 1/4000, current best R: 0.7554
[00:00:02:04.07] Training epoch 1/4000, current best R: 0.7554
MainProcess| 2026-06-21 22:28:23,870,870 multiprocessing INFO 
	** New best

	** New best
MainProcess| 2026-06-21 22:28:23,870,870 multiprocessing INFO 	Reward: 0.7553749524160664
	Reward: 0.7553749524160664
MainProcess| 2026-06-21 22:28:23,870,870 multiprocessing INFO 	Count Off-policy: 1
	Count Off-policy: 1
MainProcess| 2026-06-21 22:28:23,870,870 multiprocessing INFO 	Count On-policy: 0
	Count On-policy: 0
MainProcess| 2026-06-21 22:28:23,870,870 multiprocessing INFO 	Originally on Policy: False
	Originally on Policy: False
MainProcess| 2026-06-21 22:28:23,870,870 multiprocessing INFO 	Invalid: False
	Invalid: False
MainProcess| 2026-06-21 22:28:23,870,870 multiprocessing INFO 	Traversal: mul,n2,n2,mul,n2,n2,sin,x1,cos,x1,cos,sub,x2,n2,x2
	Traversal: mul,n2,n2,mul,n2,n2,sin,x1,cos,x1,cos,sub,x2,n2,x2
MainProcess| 2026-06-21 22:28:23,870,870 multiprocessing INFO 	Expression:
	Expression:
MainProcess| 2026-06-21 22:28:24,005,5 multiprocessing INFO 
	     16        4        ⎛  2     ⎞
	  sin  (x₁)⋅cos (x₁)⋅cos⎝x₂  - x₂⎠


	     16        4        ⎛  2     ⎞
	  sin  (x₁)⋅cos (x₁)⋅cos⎝x₂  - x₂⎠

MainProcess| 2026-06-21 22:29:20,860,860 multiprocessing INFO Genetic Porgramming Runtime 56.54339965921827
Genetic Porgramming Runtime 56.54339965921827

=========================PGD Collection Starts=========================

SpawnPoolWorker-43| 2026-06-21 22:29:26,330,330 multiprocessing INFO STARTING NEW RUN ==========
SpawnPoolWorker-43| 2026-06-21 22:29:26,330,330 multiprocessing INFO SEE LOG AT : ./logs/all_Lyapunov_test_dso-fn_d_all_y_01_log.txt
SpawnPoolWorker-43| 2026-06-21 22:29:26,330,330 multiprocessing INFO See log at : ./logs/all_Lyapunov_test_dso-fn_d_all_y_01_log.txt
SpawnPoolWorker-39| 2026-06-21 22:29:26,330,330 multiprocessing INFO STARTING NEW RUN ==========
SpawnPoolWorker-39| 2026-06-21 22:29:26,330,330 multiprocessing INFO SEE LOG AT : ./logs/all_Lyapunov_test_dso-fn_d_all_y_01_log.txt
SpawnPoolWorker-39| 2026-06-21 22:29:26,330,330 multiprocessing INFO See log at : ./logs/all_Lyapunov_test_dso-fn_d_all_y_01_log.txt
SpawnPoolWorker-43| 2026-06-21 22:29:26,332,332 multiprocessing INFO child process calling self.run()
SpawnPoolWorker-39| 2026-06-21 22:29:26,332,332 multiprocessing INFO child process calling self.run()
SpawnPoolWorker-38| 2026-06-21 22:29:26,333,333 multiprocessing INFO STARTING NEW RUN ==========
SpawnPoolWorker-38| 2026-06-21 22:29:26,333,333 multiprocessing INFO SEE LOG AT : ./logs/all_Lyapunov_test_dso-fn_d_all_y_01_log.txt
SpawnPoolWorker-38| 2026-06-21 22:29:26,333,333 multiprocessing INFO See log at : ./logs/all_Lyapunov_test_dso-fn_d_all_y_01_log.txt
SpawnPoolWorker-37| 2026-06-21 22:29:26,334,334 multiprocessing INFO STARTING NEW RUN ==========
SpawnPoolWorker-37| 2026-06-21 22:29:26,334,334 multiprocessing INFO SEE LOG AT : ./logs/all_Lyapunov_test_dso-fn_d_all_y_01_log.txt
SpawnPoolWorker-37| 2026-06-21 22:29:26,334,334 multiprocessing INFO See log at : ./logs/all_Lyapunov_test_dso-fn_d_all_y_01_log.txt
SpawnPoolWorker-38| 2026-06-21 22:29:26,335,335 multiprocessing INFO child process calling self.run()
SpawnPoolWorker-37| 2026-06-21 22:29:26,336,336 multiprocessing INFO child process calling self.run()
SpawnPoolWorker-35| 2026-06-21 22:29:26,337,337 multiprocessing INFO STARTING NEW RUN ==========
SpawnPoolWorker-42| 2026-06-21 22:29:26,337,337 multiprocessing INFO STARTING NEW RUN ==========
SpawnPoolWorker-35| 2026-06-21 22:29:26,337,337 multiprocessing INFO SEE LOG AT : ./logs/all_Lyapunov_test_dso-fn_d_all_y_01_log.txt
SpawnPoolWorker-42| 2026-06-21 22:29:26,337,337 multiprocessing INFO SEE LOG AT : ./logs/all_Lyapunov_test_dso-fn_d_all_y_01_log.txt
SpawnPoolWorker-35| 2026-06-21 22:29:26,337,337 multiprocessing INFO See log at : ./logs/all_Lyapunov_test_dso-fn_d_all_y_01_log.txt
SpawnPoolWorker-42| 2026-06-21 22:29:26,337,337 multiprocessing INFO See log at : ./logs/all_Lyapunov_test_dso-fn_d_all_y_01_log.txt
SpawnPoolWorker-42| 2026-06-21 22:29:26,338,338 multiprocessing INFO child process calling self.run()
SpawnPoolWorker-35| 2026-06-21 22:29:26,339,339 multiprocessing INFO child process calling self.run()
SpawnPoolWorker-44| 2026-06-21 22:29:26,340,340 multiprocessing INFO STARTING NEW RUN ==========
SpawnPoolWorker-44| 2026-06-21 22:29:26,340,340 multiprocessing INFO SEE LOG AT : ./logs/all_Lyapunov_test_dso-fn_d_all_y_01_log.txt
SpawnPoolWorker-44| 2026-06-21 22:29:26,340,340 multiprocessing INFO See log at : ./logs/all_Lyapunov_test_dso-fn_d_all_y_01_log.txt
SpawnPoolWorker-44| 2026-06-21 22:29:26,342,342 multiprocessing INFO child process calling self.run()
SpawnPoolWorker-36| 2026-06-21 22:29:26,351,351 multiprocessing INFO STARTING NEW RUN ==========
SpawnPoolWorker-36| 2026-06-21 22:29:26,351,351 multiprocessing INFO SEE LOG AT : ./logs/all_Lyapunov_test_dso-fn_d_all_y_01_log.txt
SpawnPoolWorker-41| 2026-06-21 22:29:26,351,351 multiprocessing INFO STARTING NEW RUN ==========
SpawnPoolWorker-36| 2026-06-21 22:29:26,351,351 multiprocessing INFO See log at : ./logs/all_Lyapunov_test_dso-fn_d_all_y_01_log.txt
SpawnPoolWorker-41| 2026-06-21 22:29:26,351,351 multiprocessing INFO SEE LOG AT : ./logs/all_Lyapunov_test_dso-fn_d_all_y_01_log.txt
SpawnPoolWorker-41| 2026-06-21 22:29:26,351,351 multiprocessing INFO See log at : ./logs/all_Lyapunov_test_dso-fn_d_all_y_01_log.txt
SpawnPoolWorker-36| 2026-06-21 22:29:26,353,353 multiprocessing INFO child process calling self.run()
SpawnPoolWorker-41| 2026-06-21 22:29:26,353,353 multiprocessing INFO child process calling self.run()
SpawnPoolWorker-40| 2026-06-21 22:29:26,393,393 multiprocessing INFO STARTING NEW RUN ==========
SpawnPoolWorker-40| 2026-06-21 22:29:26,394,394 multiprocessing INFO SEE LOG AT : ./logs/all_Lyapunov_test_dso-fn_d_all_y_01_log.txt
SpawnPoolWorker-40| 2026-06-21 22:29:26,394,394 multiprocessing INFO See log at : ./logs/all_Lyapunov_test_dso-fn_d_all_y_01_log.txt
SpawnPoolWorker-40| 2026-06-21 22:29:26,395,395 multiprocessing INFO child process calling self.run()
SpawnPoolWorker-36| 2026-06-21 22:30:28,875,875 multiprocessing INFO process shutting down
SpawnPoolWorker-36| 2026-06-21 22:30:28,875,875 multiprocessing INFO process exiting with exitcode 0
SpawnPoolWorker-38| 2026-06-21 22:30:28,875,875 multiprocessing INFO process shutting down
SpawnPoolWorker-43| 2026-06-21 22:30:28,875,875 multiprocessing INFO process shutting down
SpawnPoolWorker-41| 2026-06-21 22:30:28,875,875 multiprocessing INFO process shutting down
SpawnPoolWorker-40| 2026-06-21 22:30:28,875,875 multiprocessing INFO process shutting down
SpawnPoolWorker-38| 2026-06-21 22:30:28,876,876 multiprocessing INFO process exiting with exitcode 0
SpawnPoolWorker-43| 2026-06-21 22:30:28,876,876 multiprocessing INFO process exiting with exitcode 0
SpawnPoolWorker-39| 2026-06-21 22:30:28,875,875 multiprocessing INFO process shutting down
SpawnPoolWorker-42| 2026-06-21 22:30:28,875,875 multiprocessing INFO process shutting down
SpawnPoolWorker-41| 2026-06-21 22:30:28,876,876 multiprocessing INFO process exiting with exitcode 0
SpawnPoolWorker-40| 2026-06-21 22:30:28,876,876 multiprocessing INFO process exiting with exitcode 0
SpawnPoolWorker-44| 2026-06-21 22:30:28,876,876 multiprocessing INFO process shutting down
(6000,)

===================Collect 6000 Examples===================

Epsilon 0.1
500
(550,)
(550,)
(55,)
Number of Programs for Minimization: 28
SpawnPoolWorker-48| 2026-06-21 22:30:52,235,235 multiprocessing INFO STARTING NEW RUN ==========
SpawnPoolWorker-48| 2026-06-21 22:30:52,236,236 multiprocessing INFO SEE LOG AT : ./logs/all_Lyapunov_test_dso-fn_d_all_y_01_log.txt
SpawnPoolWorker-48| 2026-06-21 22:30:52,236,236 multiprocessing INFO See log at : ./logs/all_Lyapunov_test_dso-fn_d_all_y_01_log.txt
SpawnPoolWorker-48| 2026-06-21 22:30:52,243,243 multiprocessing INFO child process calling self.run()
SpawnPoolWorker-65| 2026-06-21 22:30:52,243,243 multiprocessing INFO STARTING NEW RUN ==========
SpawnPoolWorker-65| 2026-06-21 22:30:52,246,246 multiprocessing INFO SEE LOG AT : ./logs/all_Lyapunov_test_dso-fn_d_all_y_01_log.txt
SpawnPoolWorker-65| 2026-06-21 22:30:52,246,246 multiprocessing INFO See log at : ./logs/all_Lyapunov_test_dso-fn_d_all_y_01_log.txt
SpawnPoolWorker-56| 2026-06-21 22:30:52,246,246 multiprocessing INFO STARTING NEW RUN ==========
SpawnPoolWorker-56| 2026-06-21 22:30:52,246,246 multiprocessing INFO SEE LOG AT : ./logs/all_Lyapunov_test_dso-fn_d_all_y_01_log.txt
SpawnPoolWorker-56| 2026-06-21 22:30:52,246,246 multiprocessing INFO See log at : ./logs/all_Lyapunov_test_dso-fn_d_all_y_01_log.txt
SpawnPoolWorker-56| 2026-06-21 22:30:52,249,249 multiprocessing INFO child process calling self.run()
SpawnPoolWorker-65| 2026-06-21 22:30:52,249,249 multiprocessing INFO child process calling self.run()
SpawnPoolWorker-66| 2026-06-21 22:30:52,250,250 multiprocessing INFO STARTING NEW RUN ==========
SpawnPoolWorker-66| 2026-06-21 22:30:52,250,250 multiprocessing INFO SEE LOG AT : ./logs/all_Lyapunov_test_dso-fn_d_all_y_01_log.txt
SpawnPoolWorker-66| 2026-06-21 22:30:52,250,250 multiprocessing INFO See log at : ./logs/all_Lyapunov_test_dso-fn_d_all_y_01_log.txt
SpawnPoolWorker-66| 2026-06-21 22:30:52,254,254 multiprocessing INFO child process calling self.run()
SpawnPoolWorker-65| 2026-06-21 22:30:53,690,690 multiprocessing INFO process shutting down
SpawnPoolWorker-65| 2026-06-21 22:30:53,691,691 multiprocessing INFO process exiting with exitcode 0
SpawnPoolWorker-48| 2026-06-21 22:30:53,690,690 multiprocessing INFO process shutting down
SpawnPoolWorker-48| 2026-06-21 22:30:53,691,691 multiprocessing INFO process exiting with exitcode 0
SpawnPoolWorker-66| 2026-06-21 22:30:53,692,692 multiprocessing INFO process shutting down
28
(30000, 2)
(30000,)
(30000, 2)
(30000,)

=======================Successfully Added (15000, 2) Counter Examples=======================


============None of the candidates fulfill the conditions. Training CONTINUES!=================

MainProcess| 2026-06-21 22:30:54,929,929 multiprocessing INFO 
============None of the candidates fulfill the conditions. Training CONTINUES!=================


============None of the candidates fulfill the conditions. Training CONTINUES!=================

(55, 19)
/users/9/chen8596/miniconda3/envs/alfd/lib/python3.9/site-packages/torch/nn/functional.py:4999: UserWarning: Support for mismatched key_padding_mask and attn_mask is deprecated. Use same type for both instead.
  warnings.warn(

==============Start Supervised Learning==============

MainProcess| 2026-06-21 22:30:57,162,162 multiprocessing INFO GP output mean: 0.9715239297449884
GP output mean: 0.9715239297449884
MainProcess| 2026-06-21 22:30:57,489,489 multiprocessing INFO GP output success rate: 0.0
GP output success rate: 0.0

==============End Supervised Learning==============

/users/9/chen8596/LyaDis/repro/runs/pendulum/utils/train.py:971: RuntimeWarning: divide by zero encountered in divide
  error = np.abs(((y_hat - y) / y))
/users/9/chen8596/.local/lib/python3.9/site-packages/scipy/stats/_stats_py.py:4424: ConstantInputWarning: An input array is constant; the correlation coefficient is not defined.
  warnings.warn(stats.ConstantInputWarning(msg))
MainProcess| 2026-06-21 22:30:58,759,759 multiprocessing INFO [Test epoch=0002]  nevals=27534 	| train_loss=4725.74951 	| eqs_invalid %=3.64 	| r_best=0.79289 	| quantile=0.13279 	| r_quantile_mean=0.72420 	| r_raw_sum=40.93897 	|  r_raw_mean=0.09543 	| r2=nan 	| acc_iid=0.00000 	| acc_ood=0.00000 	| nmse_test=0.10460147977600279 	| true_equation_set_count=0 	| s/it=154.75310
[Test epoch=0002]  nevals=27534 	| train_loss=4725.74951 	| eqs_invalid %=3.64 	| r_best=0.79289 	| quantile=0.13279 	| r_quantile_mean=0.72420 	| r_raw_sum=40.93897 	|  r_raw_mean=0.09543 	| r2=nan 	| acc_iid=0.00000 	| acc_ood=0.00000 	| nmse_test=0.10460147977600279 	| true_equation_set_count=0 	| s/it=154.75310
MainProcess| 2026-06-21 22:30:58,759,759 multiprocessing INFO [00:00:04:38.96] Training epoch 2/4000, current best R: 0.7929
[00:00:04:38.96] Training epoch 2/4000, current best R: 0.7929
MainProcess| 2026-06-21 22:30:58,759,759 multiprocessing INFO 
	** New best

	** New best
MainProcess| 2026-06-21 22:30:58,759,759 multiprocessing INFO 	Reward: 0.7928850866473649
	Reward: 0.7928850866473649
MainProcess| 2026-06-21 22:30:58,759,759 multiprocessing INFO 	Count Off-policy: 1
	Count Off-policy: 1
MainProcess| 2026-06-21 22:30:58,759,759 multiprocessing INFO 	Count On-policy: 0
	Count On-policy: 0
MainProcess| 2026-06-21 22:30:58,759,759 multiprocessing INFO 	Originally on Policy: False
	Originally on Policy: False
MainProcess| 2026-06-21 22:30:58,759,759 multiprocessing INFO 	Invalid: False
	Invalid: False
MainProcess| 2026-06-21 22:30:58,759,759 multiprocessing INFO 	Traversal: mul,n2,mul,sin,add,x2,x1,n2,n2,cos,x2,n2,sin,x2
	Traversal: mul,n2,mul,sin,add,x2,x1,n2,n2,cos,x2,n2,sin,x2
MainProcess| 2026-06-21 22:30:58,759,759 multiprocessing INFO 	Expression:
	Expression:
MainProcess| 2026-06-21 22:30:58,761,761 multiprocessing INFO 
	     2        2             8    
	  sin (x₂)⋅sin (x₁ + x₂)⋅cos (x₂)


	     2        2             8    
	  sin (x₂)⋅sin (x₁ + x₂)⋅cos (x₂)

MainProcess| 2026-06-21 22:31:55,972,972 multiprocessing INFO Genetic Porgramming Runtime 56.87809665314853
Genetic Porgramming Runtime 56.87809665314853

=========================PGD Collection Starts=========================

SpawnPoolWorker-73| 2026-06-21 22:32:01,647,647 multiprocessing INFO STARTING NEW RUN ==========
SpawnPoolWorker-73| 2026-06-21 22:32:01,647,647 multiprocessing INFO SEE LOG AT : ./logs/all_Lyapunov_test_dso-fn_d_all_y_01_log.txt
SpawnPoolWorker-73| 2026-06-21 22:32:01,647,647 multiprocessing INFO See log at : ./logs/all_Lyapunov_test_dso-fn_d_all_y_01_log.txt
SpawnPoolWorker-75| 2026-06-21 22:32:01,649,649 multiprocessing INFO STARTING NEW RUN ==========
SpawnPoolWorker-75| 2026-06-21 22:32:01,649,649 multiprocessing INFO SEE LOG AT : ./logs/all_Lyapunov_test_dso-fn_d_all_y_01_log.txt
SpawnPoolWorker-75| 2026-06-21 22:32:01,649,649 multiprocessing INFO See log at : ./logs/all_Lyapunov_test_dso-fn_d_all_y_01_log.txt
SpawnPoolWorker-76| 2026-06-21 22:32:01,649,649 multiprocessing INFO STARTING NEW RUN ==========
SpawnPoolWorker-73| 2026-06-21 22:32:01,649,649 multiprocessing INFO child process calling self.run()
SpawnPoolWorker-76| 2026-06-21 22:32:01,649,649 multiprocessing INFO SEE LOG AT : ./logs/all_Lyapunov_test_dso-fn_d_all_y_01_log.txt
SpawnPoolWorker-76| 2026-06-21 22:32:01,649,649 multiprocessing INFO See log at : ./logs/all_Lyapunov_test_dso-fn_d_all_y_01_log.txt
SpawnPoolWorker-75| 2026-06-21 22:32:01,651,651 multiprocessing INFO child process calling self.run()
SpawnPoolWorker-76| 2026-06-21 22:32:01,651,651 multiprocessing INFO child process calling self.run()
SpawnPoolWorker-72| 2026-06-21 22:32:01,652,652 multiprocessing INFO STARTING NEW RUN ==========
SpawnPoolWorker-72| 2026-06-21 22:32:01,652,652 multiprocessing INFO SEE LOG AT : ./logs/all_Lyapunov_test_dso-fn_d_all_y_01_log.txt
SpawnPoolWorker-72| 2026-06-21 22:32:01,652,652 multiprocessing INFO See log at : ./logs/all_Lyapunov_test_dso-fn_d_all_y_01_log.txt
SpawnPoolWorker-72| 2026-06-21 22:32:01,654,654 multiprocessing INFO child process calling self.run()
SpawnPoolWorker-78| 2026-06-21 22:32:01,654,654 multiprocessing INFO STARTING NEW RUN ==========
SpawnPoolWorker-78| 2026-06-21 22:32:01,654,654 multiprocessing INFO SEE LOG AT : ./logs/all_Lyapunov_test_dso-fn_d_all_y_01_log.txt
SpawnPoolWorker-78| 2026-06-21 22:32:01,654,654 multiprocessing INFO See log at : ./logs/all_Lyapunov_test_dso-fn_d_all_y_01_log.txt
SpawnPoolWorker-77| 2026-06-21 22:32:01,654,654 multiprocessing INFO STARTING NEW RUN ==========
SpawnPoolWorker-77| 2026-06-21 22:32:01,654,654 multiprocessing INFO SEE LOG AT : ./logs/all_Lyapunov_test_dso-fn_d_all_y_01_log.txt
SpawnPoolWorker-77| 2026-06-21 22:32:01,655,655 multiprocessing INFO See log at : ./logs/all_Lyapunov_test_dso-fn_d_all_y_01_log.txt
SpawnPoolWorker-77| 2026-06-21 22:32:01,657,657 multiprocessing INFO child process calling self.run()
SpawnPoolWorker-78| 2026-06-21 22:32:01,657,657 multiprocessing INFO child process calling self.run()
SpawnPoolWorker-69| 2026-06-21 22:32:01,667,667 multiprocessing INFO STARTING NEW RUN ==========
SpawnPoolWorker-69| 2026-06-21 22:32:01,667,667 multiprocessing INFO SEE LOG AT : ./logs/all_Lyapunov_test_dso-fn_d_all_y_01_log.txt
SpawnPoolWorker-70| 2026-06-21 22:32:01,667,667 multiprocessing INFO STARTING NEW RUN ==========
SpawnPoolWorker-69| 2026-06-21 22:32:01,667,667 multiprocessing INFO See log at : ./logs/all_Lyapunov_test_dso-fn_d_all_y_01_log.txt
SpawnPoolWorker-70| 2026-06-21 22:32:01,667,667 multiprocessing INFO SEE LOG AT : ./logs/all_Lyapunov_test_dso-fn_d_all_y_01_log.txt
SpawnPoolWorker-70| 2026-06-21 22:32:01,667,667 multiprocessing INFO See log at : ./logs/all_Lyapunov_test_dso-fn_d_all_y_01_log.txt
SpawnPoolWorker-69| 2026-06-21 22:32:01,669,669 multiprocessing INFO child process calling self.run()
SpawnPoolWorker-70| 2026-06-21 22:32:01,669,669 multiprocessing INFO child process calling self.run()
SpawnPoolWorker-71| 2026-06-21 22:32:01,674,674 multiprocessing INFO STARTING NEW RUN ==========
SpawnPoolWorker-71| 2026-06-21 22:32:01,674,674 multiprocessing INFO SEE LOG AT : ./logs/all_Lyapunov_test_dso-fn_d_all_y_01_log.txt
SpawnPoolWorker-71| 2026-06-21 22:32:01,674,674 multiprocessing INFO See log at : ./logs/all_Lyapunov_test_dso-fn_d_all_y_01_log.txt
SpawnPoolWorker-71| 2026-06-21 22:32:01,678,678 multiprocessing INFO child process calling self.run()
SpawnPoolWorker-74| 2026-06-21 22:32:01,687,687 multiprocessing INFO STARTING NEW RUN ==========
SpawnPoolWorker-74| 2026-06-21 22:32:01,687,687 multiprocessing INFO SEE LOG AT : ./logs/all_Lyapunov_test_dso-fn_d_all_y_01_log.txt
SpawnPoolWorker-74| 2026-06-21 22:32:01,687,687 multiprocessing INFO See log at : ./logs/all_Lyapunov_test_dso-fn_d_all_y_01_log.txt
SpawnPoolWorker-74| 2026-06-21 22:32:01,689,689 multiprocessing INFO child process calling self.run()
SpawnPoolWorker-72| 2026-06-21 22:33:10,671,671 multiprocessing INFO process shutting down
SpawnPoolWorker-75| 2026-06-21 22:33:10,671,671 multiprocessing INFO process shutting down
SpawnPoolWorker-72| 2026-06-21 22:33:10,671,671 multiprocessing INFO process exiting with exitcode 0
SpawnPoolWorker-71| 2026-06-21 22:33:10,671,671 multiprocessing INFO process shutting down
SpawnPoolWorker-77| 2026-06-21 22:33:10,671,671 multiprocessing INFO process shutting down
SpawnPoolWorker-75| 2026-06-21 22:33:10,671,671 multiprocessing INFO process exiting with exitcode 0
SpawnPoolWorker-71| 2026-06-21 22:33:10,672,672 multiprocessing INFO process exiting with exitcode 0
SpawnPoolWorker-77| 2026-06-21 22:33:10,672,672 multiprocessing INFO process exiting with exitcode 0
SpawnPoolWorker-78| 2026-06-21 22:33:10,671,671 multiprocessing INFO process shutting down
SpawnPoolWorker-70| 2026-06-21 22:33:10,672,672 multiprocessing INFO process shutting down
SpawnPoolWorker-76| 2026-06-21 22:33:10,672,672 multiprocessing INFO process shutting down
(6000,)

===================Collect 6000 Examples===================

Epsilon 0.1
500
(550,)
(550,)
(55,)
Number of Programs for Minimization: 28
SpawnPoolWorker-87| 2026-06-21 22:33:32,615,615 multiprocessing INFO STARTING NEW RUN ==========
SpawnPoolWorker-87| 2026-06-21 22:33:32,616,616 multiprocessing INFO SEE LOG AT : ./logs/all_Lyapunov_test_dso-fn_d_all_y_01_log.txt
SpawnPoolWorker-87| 2026-06-21 22:33:32,616,616 multiprocessing INFO See log at : ./logs/all_Lyapunov_test_dso-fn_d_all_y_01_log.txt
SpawnPoolWorker-87| 2026-06-21 22:33:32,618,618 multiprocessing INFO child process calling self.run()
SpawnPoolWorker-93| 2026-06-21 22:33:33,069,69 multiprocessing INFO STARTING NEW RUN ==========
SpawnPoolWorker-93| 2026-06-21 22:33:33,069,69 multiprocessing INFO SEE LOG AT : ./logs/all_Lyapunov_test_dso-fn_d_all_y_01_log.txt
SpawnPoolWorker-93| 2026-06-21 22:33:33,069,69 multiprocessing INFO See log at : ./logs/all_Lyapunov_test_dso-fn_d_all_y_01_log.txt
SpawnPoolWorker-93| 2026-06-21 22:33:33,071,71 multiprocessing INFO child process calling self.run()
SpawnPoolWorker-94| 2026-06-21 22:33:34,582,582 multiprocessing INFO STARTING NEW RUN ==========
SpawnPoolWorker-94| 2026-06-21 22:33:34,582,582 multiprocessing INFO SEE LOG AT : ./logs/all_Lyapunov_test_dso-fn_d_all_y_01_log.txt
SpawnPoolWorker-94| 2026-06-21 22:33:34,582,582 multiprocessing INFO See log at : ./logs/all_Lyapunov_test_dso-fn_d_all_y_01_log.txt
SpawnPoolWorker-94| 2026-06-21 22:33:34,585,585 multiprocessing INFO child process calling self.run()
SpawnPoolWorker-99| 2026-06-21 22:33:34,739,739 multiprocessing INFO STARTING NEW RUN ==========
SpawnPoolWorker-99| 2026-06-21 22:33:34,739,739 multiprocessing INFO SEE LOG AT : ./logs/all_Lyapunov_test_dso-fn_d_all_y_01_log.txt
SpawnPoolWorker-99| 2026-06-21 22:33:34,740,740 multiprocessing INFO See log at : ./logs/all_Lyapunov_test_dso-fn_d_all_y_01_log.txt
SpawnPoolWorker-99| 2026-06-21 22:33:34,742,742 multiprocessing INFO child process calling self.run()
SpawnPoolWorker-93| 2026-06-21 22:33:35,047,47 multiprocessing INFO process shutting down
SpawnPoolWorker-93| 2026-06-21 22:33:35,048,48 multiprocessing INFO process exiting with exitcode 0
SpawnPoolWorker-94| 2026-06-21 22:33:35,048,48 multiprocessing INFO process shutting down
SpawnPoolWorker-87| 2026-06-21 22:33:35,049,49 multiprocessing INFO process shutting down
SpawnPoolWorker-99| 2026-06-21 22:33:35,049,49 multiprocessing INFO process shutting down
28
(30000, 2)
(30000,)
(30000, 2)
(30000,)

=======================Successfully Added (15000, 2) Counter Examples=======================


============None of the candidates fulfill the conditions. Training CONTINUES!=================

MainProcess| 2026-06-21 22:33:36,434,434 multiprocessing INFO 
============None of the candidates fulfill the conditions. Training CONTINUES!=================


============None of the candidates fulfill the conditions. Training CONTINUES!=================

(55, 19)
/users/9/chen8596/miniconda3/envs/alfd/lib/python3.9/site-packages/torch/nn/functional.py:4999: UserWarning: Support for mismatched key_padding_mask and attn_mask is deprecated. Use same type for both instead.
  warnings.warn(

==============Start Supervised Learning==============

MainProcess| 2026-06-21 22:33:38,952,952 multiprocessing INFO GP output mean: 0.9771579944885235
GP output mean: 0.9771579944885235
MainProcess| 2026-06-21 22:33:39,269,269 multiprocessing INFO GP output success rate: 0.0
GP output success rate: 0.0

==============End Supervised Learning==============

MainProcess| 2026-06-21 22:33:40,415,415 multiprocessing INFO [Test epoch=0003]  nevals=41178 	| train_loss=4760.31787 	| eqs_invalid %=4.36 	| r_best=0.79289 	| quantile=0.57165 	| r_quantile_mean=0.75282 	| r_raw_sum=51.47925 	|  r_raw_mean=0.11047 	| r2=nan 	| acc_iid=0.00000 	| acc_ood=0.00000 	| nmse_test=0.10460147977600279 	| true_equation_set_count=0 	| s/it=161.65282
[Test epoch=0003]  nevals=41178 	| train_loss=4760.31787 	| eqs_invalid %=4.36 	| r_best=0.79289 	| quantile=0.57165 	| r_quantile_mean=0.75282 	| r_raw_sum=51.47925 	|  r_raw_mean=0.11047 	| r2=nan 	| acc_iid=0.00000 	| acc_ood=0.00000 	| nmse_test=0.10460147977600279 	| true_equation_set_count=0 	| s/it=161.65282
MainProcess| 2026-06-21 22:34:19,808,808 multiprocessing INFO Genetic Porgramming Runtime 39.086753705050796
Genetic Porgramming Runtime 39.086753705050796

=========================PGD Collection Starts=========================

SpawnPoolWorker-105| 2026-06-21 22:34:24,669,669 multiprocessing INFO STARTING NEW RUN ==========
SpawnPoolWorker-105| 2026-06-21 22:34:24,669,669 multiprocessing INFO SEE LOG AT : ./logs/all_Lyapunov_test_dso-fn_d_all_y_01_log.txt
SpawnPoolWorker-105| 2026-06-21 22:34:24,669,669 multiprocessing INFO See log at : ./logs/all_Lyapunov_test_dso-fn_d_all_y_01_log.txt
SpawnPoolWorker-105| 2026-06-21 22:34:24,671,671 multiprocessing INFO child process calling self.run()
SpawnPoolWorker-107| 2026-06-21 22:34:24,709,709 multiprocessing INFO STARTING NEW RUN ==========
SpawnPoolWorker-107| 2026-06-21 22:34:24,709,709 multiprocessing INFO SEE LOG AT : ./logs/all_Lyapunov_test_dso-fn_d_all_y_01_log.txt
SpawnPoolWorker-107| 2026-06-21 22:34:24,709,709 multiprocessing INFO See log at : ./logs/all_Lyapunov_test_dso-fn_d_all_y_01_log.txt
SpawnPoolWorker-107| 2026-06-21 22:34:24,711,711 multiprocessing INFO child process calling self.run()
SpawnPoolWorker-106| 2026-06-21 22:34:24,747,747 multiprocessing INFO STARTING NEW RUN ==========
SpawnPoolWorker-106| 2026-06-21 22:34:24,747,747 multiprocessing INFO SEE LOG AT : ./logs/all_Lyapunov_test_dso-fn_d_all_y_01_log.txt
SpawnPoolWorker-106| 2026-06-21 22:34:24,747,747 multiprocessing INFO See log at : ./logs/all_Lyapunov_test_dso-fn_d_all_y_01_log.txt
SpawnPoolWorker-106| 2026-06-21 22:34:24,750,750 multiprocessing INFO child process calling self.run()
SpawnPoolWorker-108| 2026-06-21 22:34:24,754,754 multiprocessing INFO STARTING NEW RUN ==========
SpawnPoolWorker-108| 2026-06-21 22:34:24,755,755 multiprocessing INFO SEE LOG AT : ./logs/all_Lyapunov_test_dso-fn_d_all_y_01_log.txt
SpawnPoolWorker-108| 2026-06-21 22:34:24,755,755 multiprocessing INFO See log at : ./logs/all_Lyapunov_test_dso-fn_d_all_y_01_log.txt
SpawnPoolWorker-108| 2026-06-21 22:34:24,763,763 multiprocessing INFO child process calling self.run()
SpawnPoolWorker-104| 2026-06-21 22:34:24,790,790 multiprocessing INFO STARTING NEW RUN ==========
SpawnPoolWorker-104| 2026-06-21 22:34:24,790,790 multiprocessing INFO SEE LOG AT : ./logs/all_Lyapunov_test_dso-fn_d_all_y_01_log.txt
SpawnPoolWorker-104| 2026-06-21 22:34:24,790,790 multiprocessing INFO See log at : ./logs/all_Lyapunov_test_dso-fn_d_all_y_01_log.txt
SpawnPoolWorker-104| 2026-06-21 22:34:24,792,792 multiprocessing INFO child process calling self.run()
SpawnPoolWorker-110| 2026-06-21 22:34:24,981,981 multiprocessing INFO STARTING NEW RUN ==========
SpawnPoolWorker-110| 2026-06-21 22:34:24,981,981 multiprocessing INFO SEE LOG AT : ./logs/all_Lyapunov_test_dso-fn_d_all_y_01_log.txt
SpawnPoolWorker-110| 2026-06-21 22:34:24,981,981 multiprocessing INFO See log at : ./logs/all_Lyapunov_test_dso-fn_d_all_y_01_log.txt
SpawnPoolWorker-110| 2026-06-21 22:34:24,983,983 multiprocessing INFO child process calling self.run()
SpawnPoolWorker-103| 2026-06-21 22:34:24,987,987 multiprocessing INFO STARTING NEW RUN ==========
SpawnPoolWorker-103| 2026-06-21 22:34:24,987,987 multiprocessing INFO SEE LOG AT : ./logs/all_Lyapunov_test_dso-fn_d_all_y_01_log.txt
SpawnPoolWorker-103| 2026-06-21 22:34:24,987,987 multiprocessing INFO See log at : ./logs/all_Lyapunov_test_dso-fn_d_all_y_01_log.txt
SpawnPoolWorker-103| 2026-06-21 22:34:24,989,989 multiprocessing INFO child process calling self.run()
SpawnPoolWorker-111| 2026-06-21 22:34:25,068,68 multiprocessing INFO STARTING NEW RUN ==========
SpawnPoolWorker-111| 2026-06-21 22:34:25,068,68 multiprocessing INFO SEE LOG AT : ./logs/all_Lyapunov_test_dso-fn_d_all_y_01_log.txt
SpawnPoolWorker-111| 2026-06-21 22:34:25,068,68 multiprocessing INFO See log at : ./logs/all_Lyapunov_test_dso-fn_d_all_y_01_log.txt
SpawnPoolWorker-111| 2026-06-21 22:34:25,071,71 multiprocessing INFO child process calling self.run()
SpawnPoolWorker-112| 2026-06-21 22:34:25,085,85 multiprocessing INFO STARTING NEW RUN ==========
SpawnPoolWorker-112| 2026-06-21 22:34:25,085,85 multiprocessing INFO SEE LOG AT : ./logs/all_Lyapunov_test_dso-fn_d_all_y_01_log.txt
SpawnPoolWorker-112| 2026-06-21 22:34:25,085,85 multiprocessing INFO See log at : ./logs/all_Lyapunov_test_dso-fn_d_all_y_01_log.txt
SpawnPoolWorker-112| 2026-06-21 22:34:25,087,87 multiprocessing INFO child process calling self.run()
SpawnPoolWorker-109| 2026-06-21 22:34:25,105,105 multiprocessing INFO STARTING NEW RUN ==========
SpawnPoolWorker-109| 2026-06-21 22:34:25,106,106 multiprocessing INFO SEE LOG AT : ./logs/all_Lyapunov_test_dso-fn_d_all_y_01_log.txt
SpawnPoolWorker-109| 2026-06-21 22:34:25,106,106 multiprocessing INFO See log at : ./logs/all_Lyapunov_test_dso-fn_d_all_y_01_log.txt
SpawnPoolWorker-109| 2026-06-21 22:34:25,109,109 multiprocessing INFO child process calling self.run()
SpawnPoolWorker-106| 2026-06-21 22:35:22,275,275 multiprocessing INFO process shutting down
SpawnPoolWorker-111| 2026-06-21 22:35:22,275,275 multiprocessing INFO process shutting down
SpawnPoolWorker-110| 2026-06-21 22:35:22,275,275 multiprocessing INFO process shutting down
SpawnPoolWorker-107| 2026-06-21 22:35:22,275,275 multiprocessing INFO process shutting down
SpawnPoolWorker-106| 2026-06-21 22:35:22,276,276 multiprocessing INFO process exiting with exitcode 0
SpawnPoolWorker-111| 2026-06-21 22:35:22,276,276 multiprocessing INFO process exiting with exitcode 0
SpawnPoolWorker-107| 2026-06-21 22:35:22,276,276 multiprocessing INFO process exiting with exitcode 0
SpawnPoolWorker-110| 2026-06-21 22:35:22,276,276 multiprocessing INFO process exiting with exitcode 0
SpawnPoolWorker-103| 2026-06-21 22:35:22,275,275 multiprocessing INFO process shutting down
(6000,)

===================Collect 6000 Examples===================

Epsilon 0.1
500
(550,)
(550,)
(55,)
Number of Programs for Minimization: 28
SpawnPoolWorker-128| 2026-06-21 22:35:40,892,892 multiprocessing INFO STARTING NEW RUN ==========
SpawnPoolWorker-128| 2026-06-21 22:35:40,892,892 multiprocessing INFO SEE LOG AT : ./logs/all_Lyapunov_test_dso-fn_d_all_y_01_log.txt
SpawnPoolWorker-128| 2026-06-21 22:35:40,892,892 multiprocessing INFO See log at : ./logs/all_Lyapunov_test_dso-fn_d_all_y_01_log.txt
SpawnPoolWorker-128| 2026-06-21 22:35:40,894,894 multiprocessing INFO child process calling self.run()
SpawnPoolWorker-125| 2026-06-21 22:35:41,196,196 multiprocessing INFO STARTING NEW RUN ==========
SpawnPoolWorker-125| 2026-06-21 22:35:41,196,196 multiprocessing INFO SEE LOG AT : ./logs/all_Lyapunov_test_dso-fn_d_all_y_01_log.txt
SpawnPoolWorker-125| 2026-06-21 22:35:41,196,196 multiprocessing INFO See log at : ./logs/all_Lyapunov_test_dso-fn_d_all_y_01_log.txt
SpawnPoolWorker-125| 2026-06-21 22:35:41,199,199 multiprocessing INFO child process calling self.run()
SpawnPoolWorker-128| 2026-06-21 22:35:43,336,336 multiprocessing INFO process shutting down
SpawnPoolWorker-128| 2026-06-21 22:35:43,338,338 multiprocessing INFO process exiting with exitcode 0
28
(30000, 2)
(30000,)
(30000, 2)
(30000,)

=======================Successfully Added (15000, 2) Counter Examples=======================


============None of the candidates fulfill the conditions. Training CONTINUES!=================

MainProcess| 2026-06-21 22:35:44,625,625 multiprocessing INFO 
============None of the candidates fulfill the conditions. Training CONTINUES!=================


============None of the candidates fulfill the conditions. Training CONTINUES!=================

(55, 19)
/users/9/chen8596/miniconda3/envs/alfd/lib/python3.9/site-packages/torch/nn/functional.py:4999: UserWarning: Support for mismatched key_padding_mask and attn_mask is deprecated. Use same type for both instead.
  warnings.warn(

==============Start Supervised Learning==============

MainProcess| 2026-06-21 22:35:46,950,950 multiprocessing INFO GP output mean: 0.9861838750474865
GP output mean: 0.9861838750474865
MainProcess| 2026-06-21 22:35:47,277,277 multiprocessing INFO GP output success rate: 0.0
GP output success rate: 0.0

==============End Supervised Learning==============

/users/9/chen8596/LyaDis/repro/runs/pendulum/utils/train.py:971: RuntimeWarning: divide by zero encountered in divide
  error = np.abs(((y_hat - y) / y))
/users/9/chen8596/.local/lib/python3.9/site-packages/scipy/stats/_stats_py.py:4424: ConstantInputWarning: An input array is constant; the correlation coefficient is not defined.
  warnings.warn(stats.ConstantInputWarning(msg))
MainProcess| 2026-06-21 22:35:48,543,543 multiprocessing INFO [Test epoch=0004]  nevals=55026 	| train_loss=3622.46069 	| eqs_invalid %=1.82 	| r_best=0.79980 	| quantile=0.68153 	| r_quantile_mean=0.76018 	| r_raw_sum=54.95094 	|  r_raw_mean=0.13338 	| r2=nan 	| acc_iid=0.00000 	| acc_ood=0.00000 	| nmse_test=0.13674895143624935 	| true_equation_set_count=0 	| s/it=128.12748
[Test epoch=0004]  nevals=55026 	| train_loss=3622.46069 	| eqs_invalid %=1.82 	| r_best=0.79980 	| quantile=0.68153 	| r_quantile_mean=0.76018 	| r_raw_sum=54.95094 	|  r_raw_mean=0.13338 	| r2=nan 	| acc_iid=0.00000 	| acc_ood=0.00000 	| nmse_test=0.13674895143624935 	| true_equation_set_count=0 	| s/it=128.12748
MainProcess| 2026-06-21 22:35:48,543,543 multiprocessing INFO [00:00:09:28.75] Training epoch 4/4000, current best R: 0.7998
[00:00:09:28.75] Training epoch 4/4000, current best R: 0.7998
MainProcess| 2026-06-21 22:35:48,543,543 multiprocessing INFO 
	** New best

	** New best
MainProcess| 2026-06-21 22:35:48,543,543 multiprocessing INFO 	Reward: 0.7997972029086616
	Reward: 0.7997972029086616
MainProcess| 2026-06-21 22:35:48,543,543 multiprocessing INFO 	Count Off-policy: 1
	Count Off-policy: 1
MainProcess| 2026-06-21 22:35:48,543,543 multiprocessing INFO 	Count On-policy: 0
	Count On-policy: 0
MainProcess| 2026-06-21 22:35:48,543,543 multiprocessing INFO 	Originally on Policy: False
	Originally on Policy: False
MainProcess| 2026-06-21 22:35:48,543,543 multiprocessing INFO 	Invalid: False
	Invalid: False
MainProcess| 2026-06-21 22:35:48,543,543 multiprocessing INFO 	Traversal: mul,sin,x1,mul,n2,mul,n2,n2,n2,cos,x2,sin,x2,x1
	Traversal: mul,sin,x1,mul,n2,mul,n2,n2,n2,cos,x2,sin,x2,x1
MainProcess| 2026-06-21 22:35:48,543,543 multiprocessing INFO 	Expression:
	Expression:
MainProcess| 2026-06-21 22:35:48,545,545 multiprocessing INFO 
	                2        16    
	  x₁⋅sin(x₁)⋅sin (x₂)⋅cos  (x₂)


	                2        16    
	  x₁⋅sin(x₁)⋅sin (x₂)⋅cos  (x₂)

MainProcess| 2026-06-21 22:36:31,541,541 multiprocessing INFO Genetic Porgramming Runtime 42.68434054404497
Genetic Porgramming Runtime 42.68434054404497

=========================PGD Collection Starts=========================

SpawnPoolWorker-140| 2026-06-21 22:36:36,309,309 multiprocessing INFO STARTING NEW RUN ==========
SpawnPoolWorker-140| 2026-06-21 22:36:36,309,309 multiprocessing INFO SEE LOG AT : ./logs/all_Lyapunov_test_dso-fn_d_all_y_01_log.txt
SpawnPoolWorker-140| 2026-06-21 22:36:36,309,309 multiprocessing INFO See log at : ./logs/all_Lyapunov_test_dso-fn_d_all_y_01_log.txt
SpawnPoolWorker-140| 2026-06-21 22:36:36,311,311 multiprocessing INFO child process calling self.run()
SpawnPoolWorker-137| 2026-06-21 22:36:36,313,313 multiprocessing INFO STARTING NEW RUN ==========
SpawnPoolWorker-137| 2026-06-21 22:36:36,313,313 multiprocessing INFO SEE LOG AT : ./logs/all_Lyapunov_test_dso-fn_d_all_y_01_log.txt
SpawnPoolWorker-137| 2026-06-21 22:36:36,313,313 multiprocessing INFO See log at : ./logs/all_Lyapunov_test_dso-fn_d_all_y_01_log.txt
SpawnPoolWorker-137| 2026-06-21 22:36:36,314,314 multiprocessing INFO child process calling self.run()
SpawnPoolWorker-143| 2026-06-21 22:36:36,317,317 multiprocessing INFO STARTING NEW RUN ==========
SpawnPoolWorker-143| 2026-06-21 22:36:36,317,317 multiprocessing INFO SEE LOG AT : ./logs/all_Lyapunov_test_dso-fn_d_all_y_01_log.txt
SpawnPoolWorker-143| 2026-06-21 22:36:36,317,317 multiprocessing INFO See log at : ./logs/all_Lyapunov_test_dso-fn_d_all_y_01_log.txt
SpawnPoolWorker-143| 2026-06-21 22:36:36,319,319 multiprocessing INFO child process calling self.run()
SpawnPoolWorker-142| 2026-06-21 22:36:36,353,353 multiprocessing INFO STARTING NEW RUN ==========
SpawnPoolWorker-142| 2026-06-21 22:36:36,353,353 multiprocessing INFO SEE LOG AT : ./logs/all_Lyapunov_test_dso-fn_d_all_y_01_log.txt
SpawnPoolWorker-142| 2026-06-21 22:36:36,354,354 multiprocessing INFO See log at : ./logs/all_Lyapunov_test_dso-fn_d_all_y_01_log.txt
SpawnPoolWorker-142| 2026-06-21 22:36:36,356,356 multiprocessing INFO child process calling self.run()
SpawnPoolWorker-138| 2026-06-21 22:36:36,357,357 multiprocessing INFO STARTING NEW RUN ==========
SpawnPoolWorker-138| 2026-06-21 22:36:36,357,357 multiprocessing INFO SEE LOG AT : ./logs/all_Lyapunov_test_dso-fn_d_all_y_01_log.txt
SpawnPoolWorker-138| 2026-06-21 22:36:36,357,357 multiprocessing INFO See log at : ./logs/all_Lyapunov_test_dso-fn_d_all_y_01_log.txt
SpawnPoolWorker-138| 2026-06-21 22:36:36,359,359 multiprocessing INFO child process calling self.run()
SpawnPoolWorker-141| 2026-06-21 22:36:36,362,362 multiprocessing INFO STARTING NEW RUN ==========
SpawnPoolWorker-141| 2026-06-21 22:36:36,362,362 multiprocessing INFO SEE LOG AT : ./logs/all_Lyapunov_test_dso-fn_d_all_y_01_log.txt
SpawnPoolWorker-141| 2026-06-21 22:36:36,362,362 multiprocessing INFO See log at : ./logs/all_Lyapunov_test_dso-fn_d_all_y_01_log.txt
SpawnPoolWorker-141| 2026-06-21 22:36:36,364,364 multiprocessing INFO child process calling self.run()
SpawnPoolWorker-145| 2026-06-21 22:36:36,403,403 multiprocessing INFO STARTING NEW RUN ==========
SpawnPoolWorker-145| 2026-06-21 22:36:36,403,403 multiprocessing INFO SEE LOG AT : ./logs/all_Lyapunov_test_dso-fn_d_all_y_01_log.txt
SpawnPoolWorker-145| 2026-06-21 22:36:36,403,403 multiprocessing INFO See log at : ./logs/all_Lyapunov_test_dso-fn_d_all_y_01_log.txt
SpawnPoolWorker-145| 2026-06-21 22:36:36,405,405 multiprocessing INFO child process calling self.run()
SpawnPoolWorker-139| 2026-06-21 22:36:36,431,431 multiprocessing INFO STARTING NEW RUN ==========
SpawnPoolWorker-139| 2026-06-21 22:36:36,431,431 multiprocessing INFO SEE LOG AT : ./logs/all_Lyapunov_test_dso-fn_d_all_y_01_log.txt
SpawnPoolWorker-139| 2026-06-21 22:36:36,431,431 multiprocessing INFO See log at : ./logs/all_Lyapunov_test_dso-fn_d_all_y_01_log.txt
SpawnPoolWorker-139| 2026-06-21 22:36:36,433,433 multiprocessing INFO child process calling self.run()
SpawnPoolWorker-144| 2026-06-21 22:36:36,452,452 multiprocessing INFO STARTING NEW RUN ==========
SpawnPoolWorker-144| 2026-06-21 22:36:36,452,452 multiprocessing INFO SEE LOG AT : ./logs/all_Lyapunov_test_dso-fn_d_all_y_01_log.txt
SpawnPoolWorker-144| 2026-06-21 22:36:36,452,452 multiprocessing INFO See log at : ./logs/all_Lyapunov_test_dso-fn_d_all_y_01_log.txt
SpawnPoolWorker-144| 2026-06-21 22:36:36,454,454 multiprocessing INFO child process calling self.run()
SpawnPoolWorker-146| 2026-06-21 22:36:36,469,469 multiprocessing INFO STARTING NEW RUN ==========
SpawnPoolWorker-146| 2026-06-21 22:36:36,469,469 multiprocessing INFO SEE LOG AT : ./logs/all_Lyapunov_test_dso-fn_d_all_y_01_log.txt
SpawnPoolWorker-146| 2026-06-21 22:36:36,469,469 multiprocessing INFO See log at : ./logs/all_Lyapunov_test_dso-fn_d_all_y_01_log.txt
SpawnPoolWorker-146| 2026-06-21 22:36:36,471,471 multiprocessing INFO child process calling self.run()
SpawnPoolWorker-141| 2026-06-21 22:37:43,574,574 multiprocessing INFO process shutting down
SpawnPoolWorker-143| 2026-06-21 22:37:43,575,575 multiprocessing INFO process shutting down
SpawnPoolWorker-146| 2026-06-21 22:37:43,575,575 multiprocessing INFO process shutting down
SpawnPoolWorker-145| 2026-06-21 22:37:43,574,574 multiprocessing INFO process shutting down
SpawnPoolWorker-137| 2026-06-21 22:37:43,575,575 multiprocessing INFO process shutting down
SpawnPoolWorker-141| 2026-06-21 22:37:43,575,575 multiprocessing INFO process exiting with exitcode 0
SpawnPoolWorker-139| 2026-06-21 22:37:43,575,575 multiprocessing INFO process shutting down
SpawnPoolWorker-143| 2026-06-21 22:37:43,575,575 multiprocessing INFO process exiting with exitcode 0
SpawnPoolWorker-146| 2026-06-21 22:37:43,575,575 multiprocessing INFO process exiting with exitcode 0
SpawnPoolWorker-137| 2026-06-21 22:37:43,575,575 multiprocessing INFO process exiting with exitcode 0
SpawnPoolWorker-145| 2026-06-21 22:37:43,575,575 multiprocessing INFO process exiting with exitcode 0
SpawnPoolWorker-139| 2026-06-21 22:37:43,575,575 multiprocessing INFO process exiting with exitcode 0
SpawnPoolWorker-138| 2026-06-21 22:37:43,575,575 multiprocessing INFO process shutting down
SpawnPoolWorker-140| 2026-06-21 22:37:43,575,575 multiprocessing INFO process shutting down
SpawnPoolWorker-138| 2026-06-21 22:37:43,576,576 multiprocessing INFO process exiting with exitcode 0
SpawnPoolWorker-140| 2026-06-21 22:37:43,576,576 multiprocessing INFO process exiting with exitcode 0
multiprocessing.pool.RemoteTraceback: 
"""
Traceback (most recent call last):
  File "/users/9/chen8596/miniconda3/envs/alfd/lib/python3.9/site-packages/sympytorch/sympy_module.py", line 170, in __init__
    arg_ = _memodict[arg]
KeyError: -1217485108864830406656*x1**65*x2**10

During handling of the above exception, another exception occurred:

Traceback (most recent call last):
  File "/users/9/chen8596/miniconda3/envs/alfd/lib/python3.9/site-packages/sympytorch/sympy_module.py", line 170, in __init__
    arg_ = _memodict[arg]
KeyError: -1217485108864830406656

During handling of the above exception, another exception occurred:

Traceback (most recent call last):
  File "/users/9/chen8596/miniconda3/envs/alfd/lib/python3.9/multiprocessing/pool.py", line 125, in worker
    result = (True, func(*args, **kwds))
  File "/users/9/chen8596/miniconda3/envs/alfd/lib/python3.9/multiprocessing/pool.py", line 51, in starmapstar
    return list(itertools.starmap(args[0], args[1]))
  File "/users/9/chen8596/LyaDis/repro/runs/pendulum/utils/train.py", line 1343, in pgd_check
    sympy_torch = sympytorch.SymPyModule(expressions=[sympy]).to(PGD_DEVICE)
  File "/users/9/chen8596/miniconda3/envs/alfd/lib/python3.9/site-packages/sympytorch/sympy_module.py", line 249, in __init__
    [
  File "/users/9/chen8596/miniconda3/envs/alfd/lib/python3.9/site-packages/sympytorch/sympy_module.py", line 250, in <listcomp>
    _Node(expr=expr, _memodict=_memodict, _func_lookup=_func_lookup)
  File "/users/9/chen8596/miniconda3/envs/alfd/lib/python3.9/site-packages/sympytorch/sympy_module.py", line 172, in __init__
    arg_ = type(self)(
  File "/users/9/chen8596/miniconda3/envs/alfd/lib/python3.9/site-packages/sympytorch/sympy_module.py", line 172, in __init__
    arg_ = type(self)(
  File "/users/9/chen8596/miniconda3/envs/alfd/lib/python3.9/site-packages/sympytorch/sympy_module.py", line 138, in __init__
    self._value = torch.tensor(int(expr))
RuntimeError: Overflow when unpacking long
"""

The above exception was the direct cause of the following exception:

Traceback (most recent call last):
  File "/users/9/chen8596/LyaDis/repro/runs/pendulum/Lyapunov_test_dso.py", line 519, in <module>
    main(dataset)
  File "/users/9/chen8596/LyaDis/repro/runs/pendulum/Lyapunov_test_dso.py", line 162, in main
    result = perform_run(task_input)
  File "/users/9/chen8596/LyaDis/repro/runs/pendulum/Lyapunov_test_dso.py", line 109, in perform_run
    result = top_main(
  File "/users/9/chen8596/LyaDis/repro/runs/pendulum/Lyapunov_test_dso.py", line 347, in top_main
    optomize_at_test(
  File "/users/9/chen8596/LyaDis/repro/runs/pendulum/utils/train.py", line 398, in optomize_at_test
    pgd_output = pool.starmap(pgd_check, [(i.sympy_expr[0], pgd_initial, low_bound, up_bound) for i in programs if (not i.invalid)])
  File "/users/9/chen8596/miniconda3/envs/alfd/lib/python3.9/multiprocessing/pool.py", line 372, in starmap
    return self._map_async(func, iterable, starmapstar, chunksize).get()
  File "/users/9/chen8596/miniconda3/envs/alfd/lib/python3.9/multiprocessing/pool.py", line 771, in get
    raise self._value
RuntimeError: Overflow when unpacking long
MainProcess| 2026-06-21 22:37:44,088,88 multiprocessing INFO process shutting down
