[vgpu] host=cn2105 gpus=0,1 start=2026-06-21T22:15:32-05:00
0, Tesla V100-PCIE-32GB
1, Tesla V100-PCIE-32GB
MainProcess| 2026-06-21 22:15:50,958,958 multiprocessing INFO STARTING NEW RUN ==========
MainProcess| 2026-06-21 22:15:50,958,958 multiprocessing INFO SEE LOG AT : ./logs/all_Lyapunov_test_dso-fn_d_all_y_01_log.txt
MainProcess| 2026-06-21 22:15:50,958,958 multiprocessing INFO See log at : ./logs/all_Lyapunov_test_dso-fn_d_all_y_01_log.txt
MainProcess| 2026-06-21 22:15:50,965,965 multiprocessing INFO               variables expression                                                train_spec test_spec function_set
name                                                                                                               
fn_d_all_y_5          2  0*x1+0*x2  {"x1":{"U":[-3.14,3.14,15000]}, "x2":{"U":[-6,6,15000]}}      None         Koza
              variables expression                                                train_spec test_spec function_set
name                                                                                                               
fn_d_all_y_5          2  0*x1+0*x2  {"x1":{"U":[-3.14,3.14,15000]}, "x2":{"U":[-6,6,15000]}}      None         Koza

-- BUILDING DATASET START -----------
Benchmark path                 : /users/9/chen8596/LyaDis/repro/runs/pendulum/libs/sd3/dso/dso/task/regression/benchmarks_bkup_1.csv
Generated data for benchmark   : fn_d_all_y_5
-- BUILDING DATASET END -------------

Function set                   : Koza --> ['add', 'sub', 'mul', 'sin', 'cos', 'n2']

MainProcess| 2026-06-21 22:15:51,050,50 multiprocessing INFO [BASELINE_TESTING NOW] dataset=fn_d_all_y_5 	| baseline=transformer 	| seed=1 	| data_samples=15000 	| noise=0.0
MainProcess| 2026-06-21 22:15:51,065,65 multiprocessing INFO [RUN SETTINGS]: test_dataset=fn_d_all_y_5  batch_outer_datasets=24 pre_train=False load_pre_trained_path= priority_queue_training=True gp_meld=True model=TransformerTreeEncoderController train_path= risk_seeking_pg_train=True
[RUN SETTINGS]: test_dataset=fn_d_all_y_5  batch_outer_datasets=24 pre_train=False load_pre_trained_path= priority_queue_training=True gp_meld=True model=TransformerTreeEncoderController train_path= risk_seeking_pg_train=True
MainProcess| 2026-06-21 22:15:51,117,117 multiprocessing INFO Running model : TransformerTreeEncoderController
Running model : TransformerTreeEncoderController

-- BUILDING DATASET START -----------
Benchmark path                 : /users/9/chen8596/LyaDis/repro/runs/pendulum/libs/sd3/dso/dso/task/regression/benchmarks_bkup_1.csv
Generated data for benchmark   : fn_d_all_y_5
-- BUILDING DATASET END -------------

Function set                   : Koza --> ['add', 'sub', 'mul', 'sin', 'cos', 'n2']

MainProcess| 2026-06-21 22:15:51,123,123 multiprocessing INFO Function set: ['x1', 'x2', 'add', 'sub', 'mul', 'sin', 'cos', 'n2']

-- BUILDING DATASET START -----------
Benchmark path                 : /users/9/chen8596/LyaDis/repro/runs/pendulum/libs/sd3/dso/dso/task/regression/benchmarks_bkup_1.csv
Generated data for benchmark   : fn_d_all_y_5
-- BUILDING DATASET END -------------

Function set                   : Koza --> ['add', 'sub', 'mul', 'sin', 'cos', 'n2']

-- BUILDING PRIOR START -------------
WARNING: Skipping invalid 'RelationalConstraint' with arguments {'targets': [], 'effectors': [], 'relationship': None}. Reason: Prior disabled.
WARNING: Skipping invalid 'RepeatConstraint' with arguments {'tokens': 'const', 'min_': None, 'max_': 5}. Reason: Uses Tokens not in the Library.
WARNING: Skipping invalid 'InverseUnaryConstraint' with arguments {}. Reason: There are no inverse unary Token pairs in the Library.
WARNING: Skipping invalid 'ConstConstraint' with arguments {}. Reason: Prior disabled.
WARNING: Skipping invalid 'NoInputsConstraint' with arguments {}. Reason: All terminal tokens are input variables, so allsequences will have an input variable.
WARNING: Skipping invalid 'UniformArityPrior' with arguments {}. Reason: Prior disabled.
LengthConstraint: Sequences have minimum length 10.
                  Sequences have maximum length 15.
TrigConstraint: [sin, cos] cannot be a descendant of [sin, cos].
SoftLengthPrior: No description available.
-- BUILDING PRIOR END ---------------

MainProcess| 2026-06-21 22:15:51,447,447 multiprocessing INFO Transformer overwriting hidden size to input_dim 128
Transformer overwriting hidden size to input_dim 128
MainProcess| 2026-06-21 22:15:51,702,702 multiprocessing INFO Encoder params: {'sinuisodal_embeddings': False, 'dec_pf_dim': 32, 'dec_layers': 1, 'dim_hidden': 128, 'lr': 0.0001, 'dropout': 0, 'num_features': 1, 'ln': True, 'N_p': 0, 'num_inds': 64, 'activation': 'relu', 'bit16': False, 'norm': True, 'linear': True, 'input_normalization': False, 'src_pad_idx': 0, 'trg_pad_idx': 0, 'length_eq': 20, 'n_l_enc': 3, 'mean': 0.5, 'std': 0.5, 'dim_input': 64, 'num_heads': 2, 'output_dim': 10}
Encoder params: {'sinuisodal_embeddings': False, 'dec_pf_dim': 32, 'dec_layers': 1, 'dim_hidden': 128, 'lr': 0.0001, 'dropout': 0, 'num_features': 1, 'ln': True, 'N_p': 0, 'num_inds': 64, 'activation': 'relu', 'bit16': False, 'norm': True, 'linear': True, 'input_normalization': False, 'src_pad_idx': 0, 'trg_pad_idx': 0, 'length_eq': 20, 'n_l_enc': 3, 'mean': 0.5, 'std': 0.5, 'dim_input': 64, 'num_heads': 2, 'output_dim': 10}
MainProcess| 2026-06-21 22:15:51,720,720 multiprocessing INFO TransformerTreeEncoderController parameters: 4033756 	 | trainable : 4033756
TransformerTreeEncoderController parameters: 4033756 	 | trainable : 4033756
MainProcess| 2026-06-21 22:15:51,805,805 multiprocessing INFO GP CONFIG : {'verbose': False, 'generations': 35, 'p_crossover': 0.5, 'p_mutate': 0.5, 'tournament_size': 7, 'train_n': 50, 'mutate_tree_max': 3}
GP CONFIG : {'verbose': False, 'generations': 35, 'p_crossover': 0.5, 'p_mutate': 0.5, 'tournament_size': 7, 'train_n': 50, 'mutate_tree_max': 3}
MainProcess| 2026-06-21 22:15:52,012,12 multiprocessing INFO config: {'experiment': {'logdir': './log', 'seed': 13, 'timestamp': '2026-06-21-221551', 'task_name': 'fn_d_all_y_5', 'save_path': './log/fn_d_all_y_5_2026-06-21-221551_1'}, 'task': {'task_type': 'regression', 'dataset': 'fn_d_all_y_5', 'function_set': ['add', 'sub', 'mul', 'sin', 'cos', 'n2'], 'metric': 'lyapunov_risk', 'metric_params': [1.0], 'extra_metric_test': None, 'extra_metric_test_params': [], 'threshold': 1e-12, 'protected': False, 'reward_noise': 0.0, 'reward_noise_type': 'r', 'normalize_variance': False, 'decision_tree_threshold_set': []}, 'training': {'n_epochs': None, 'n_samples': 3000, 'batch_size': 500, 'epsilon': 0.1, 'baseline': 'R_e', 'alpha': 0.5, 'b_jumpstart': False, 'n_cores_batch': 1, 'complexity': 'token', 'const_optimizer': 'scipy', 'const_params': {'method': 'L-BFGS-B', 'options': {'gtol': 0.001}}, 'verbose': True, 'debug': 0, 'early_stopping': True, 'hof': 100, 'use_memory': False, 'memory_capacity': 1000.0, 'warm_start': None, 'memory_threshold': None, 'save_all_epoch': False, 'save_summary': False, 'save_positional_entropy': False, 'save_pareto_front': True, 'save_cache': False, 'save_cache_r_min': 0.9, 'save_freq': 1, 'save_token_count': False}, 'state_manager': {'observe_action': False, 'observe_parent': True, 'observe_sibling': True, 'observe_dangling': False, 'embedding': True, 'embedding_size': 64}, 'controller': {'max_length': 64, 'cell': 'lstm', 'num_layers': 1, 'num_units': 64, 'initializer': 'zeros', 'learning_rate': 0.0003, 'optimizer': 'adam', 'entropy_weight': 0.005, 'entropy_gamma': 0.8, 'pqt': True, 'pqt_k': 10, 'pqt_batch_size': 1, 'pqt_weight': 200.0, 'pqt_use_pg': False, 'summary': False, 'rl_weight': 1.0}, 'gp_meld': {'generations': 35, 'p_crossover': 0.5, 'p_mutate': 0.5, 'tournament_size': 7, 'train_n': 50, 'mutate_tree_max': 3}, 'prior': {'relational': {'targets': [], 'effectors': [], 'relationship': None}, 'length': {'min_': 10, 'max_': 15}, 'repeat': {'tokens': 'const', 'min_': None, 'max_': 5}, 'inverse': {}, 'trig': {}, 'const': {}, 'no_inputs': {}, 'uniform_arity': {}, 'soft_length': {'loc': 8, 'scale': 5}}, 'postprocess': {'show_count': 5, 'save_plots': True}, 'model': 'TransformerTreeEncoderController', 'function_names_str': 'x1,x2,add,sub,mul,sin,cos,n2', 'nesymres_train_config': {'architecture': {'sinuisodal_embeddings': False, 'dec_pf_dim': 32, 'dec_layers': 1, 'dim_hidden': 128, 'lr': 0.0001, 'dropout': 0, 'num_features': 1, 'ln': True, 'N_p': 0, 'num_inds': 64, 'activation': 'relu', 'bit16': False, 'norm': True, 'linear': True, 'input_normalization': False, 'src_pad_idx': 0, 'trg_pad_idx': 0, 'length_eq': 20, 'n_l_enc': 3, 'mean': 0.5, 'std': 0.5, 'dim_input': 64, 'num_heads': 2, 'output_dim': 10}}}

-- BUILDING DATASET START -----------
Benchmark path                 : /users/9/chen8596/LyaDis/repro/runs/pendulum/libs/sd3/dso/dso/task/regression/benchmarks_bkup_1.csv
Generated data for benchmark   : fn_d_all_y_5
-- BUILDING DATASET END -------------

Function set                   : Koza --> ['add', 'sub', 'mul', 'sin', 'cos', 'n2']

-- RUNNING EPOCHS START -------------
torch.Size([500, 19])
/users/9/chen8596/miniconda3/envs/alfd/lib/python3.9/site-packages/torch/nn/functional.py:4999: UserWarning: Support for mismatched key_padding_mask and attn_mask is deprecated. Use same type for both instead.
  warnings.warn(
/users/9/chen8596/miniconda3/envs/alfd/lib/python3.9/site-packages/torch/nn/functional.py:4999: UserWarning: Support for mismatched key_padding_mask and attn_mask is deprecated. Use same type for both instead.
  warnings.warn(
/users/9/chen8596/miniconda3/envs/alfd/lib/python3.9/site-packages/torch/nn/functional.py:4999: UserWarning: Support for mismatched key_padding_mask and attn_mask is deprecated. Use same type for both instead.
  warnings.warn(
MainProcess| 2026-06-21 22:16:25,734,734 multiprocessing INFO Genetic Porgramming Runtime 29.323505096836016
Genetic Porgramming Runtime 29.323505096836016

=========================PGD Collection Starts=========================

MainProcess| 2026-06-21 22:16:26,487,487 multiprocessing INFO created temp directory /tmp/pymp-gvfvkc4q
SpawnPoolWorker-5| 2026-06-21 22:16:31,218,218 multiprocessing INFO STARTING NEW RUN ==========
SpawnPoolWorker-5| 2026-06-21 22:16:31,218,218 multiprocessing INFO SEE LOG AT : ./logs/all_Lyapunov_test_dso-fn_d_all_y_01_log.txt
SpawnPoolWorker-5| 2026-06-21 22:16:31,218,218 multiprocessing INFO See log at : ./logs/all_Lyapunov_test_dso-fn_d_all_y_01_log.txt
SpawnPoolWorker-5| 2026-06-21 22:16:31,220,220 multiprocessing INFO child process calling self.run()
SpawnPoolWorker-10| 2026-06-21 22:16:31,220,220 multiprocessing INFO STARTING NEW RUN ==========
SpawnPoolWorker-6| 2026-06-21 22:16:31,220,220 multiprocessing INFO STARTING NEW RUN ==========
SpawnPoolWorker-4| 2026-06-21 22:16:31,220,220 multiprocessing INFO STARTING NEW RUN ==========
SpawnPoolWorker-2| 2026-06-21 22:16:31,220,220 multiprocessing INFO STARTING NEW RUN ==========
SpawnPoolWorker-7| 2026-06-21 22:16:31,220,220 multiprocessing INFO STARTING NEW RUN ==========
SpawnPoolWorker-10| 2026-06-21 22:16:31,220,220 multiprocessing INFO SEE LOG AT : ./logs/all_Lyapunov_test_dso-fn_d_all_y_01_log.txt
SpawnPoolWorker-6| 2026-06-21 22:16:31,220,220 multiprocessing INFO SEE LOG AT : ./logs/all_Lyapunov_test_dso-fn_d_all_y_01_log.txt
SpawnPoolWorker-4| 2026-06-21 22:16:31,220,220 multiprocessing INFO SEE LOG AT : ./logs/all_Lyapunov_test_dso-fn_d_all_y_01_log.txt
SpawnPoolWorker-2| 2026-06-21 22:16:31,220,220 multiprocessing INFO SEE LOG AT : ./logs/all_Lyapunov_test_dso-fn_d_all_y_01_log.txt
SpawnPoolWorker-7| 2026-06-21 22:16:31,220,220 multiprocessing INFO SEE LOG AT : ./logs/all_Lyapunov_test_dso-fn_d_all_y_01_log.txt
SpawnPoolWorker-10| 2026-06-21 22:16:31,220,220 multiprocessing INFO See log at : ./logs/all_Lyapunov_test_dso-fn_d_all_y_01_log.txt
SpawnPoolWorker-6| 2026-06-21 22:16:31,220,220 multiprocessing INFO See log at : ./logs/all_Lyapunov_test_dso-fn_d_all_y_01_log.txt
SpawnPoolWorker-4| 2026-06-21 22:16:31,220,220 multiprocessing INFO See log at : ./logs/all_Lyapunov_test_dso-fn_d_all_y_01_log.txt
SpawnPoolWorker-2| 2026-06-21 22:16:31,220,220 multiprocessing INFO See log at : ./logs/all_Lyapunov_test_dso-fn_d_all_y_01_log.txt
SpawnPoolWorker-7| 2026-06-21 22:16:31,220,220 multiprocessing INFO See log at : ./logs/all_Lyapunov_test_dso-fn_d_all_y_01_log.txt
SpawnPoolWorker-2| 2026-06-21 22:16:31,222,222 multiprocessing INFO child process calling self.run()
SpawnPoolWorker-6| 2026-06-21 22:16:31,222,222 multiprocessing INFO child process calling self.run()
SpawnPoolWorker-4| 2026-06-21 22:16:31,222,222 multiprocessing INFO child process calling self.run()
SpawnPoolWorker-10| 2026-06-21 22:16:31,222,222 multiprocessing INFO child process calling self.run()
SpawnPoolWorker-7| 2026-06-21 22:16:31,222,222 multiprocessing INFO child process calling self.run()
SpawnPoolWorker-8| 2026-06-21 22:16:31,222,222 multiprocessing INFO STARTING NEW RUN ==========
SpawnPoolWorker-3| 2026-06-21 22:16:31,222,222 multiprocessing INFO STARTING NEW RUN ==========
SpawnPoolWorker-1| 2026-06-21 22:16:31,222,222 multiprocessing INFO STARTING NEW RUN ==========
SpawnPoolWorker-3| 2026-06-21 22:16:31,222,222 multiprocessing INFO SEE LOG AT : ./logs/all_Lyapunov_test_dso-fn_d_all_y_01_log.txt
SpawnPoolWorker-8| 2026-06-21 22:16:31,222,222 multiprocessing INFO SEE LOG AT : ./logs/all_Lyapunov_test_dso-fn_d_all_y_01_log.txt
SpawnPoolWorker-1| 2026-06-21 22:16:31,222,222 multiprocessing INFO SEE LOG AT : ./logs/all_Lyapunov_test_dso-fn_d_all_y_01_log.txt
SpawnPoolWorker-3| 2026-06-21 22:16:31,222,222 multiprocessing INFO See log at : ./logs/all_Lyapunov_test_dso-fn_d_all_y_01_log.txt
SpawnPoolWorker-8| 2026-06-21 22:16:31,222,222 multiprocessing INFO See log at : ./logs/all_Lyapunov_test_dso-fn_d_all_y_01_log.txt
SpawnPoolWorker-1| 2026-06-21 22:16:31,222,222 multiprocessing INFO See log at : ./logs/all_Lyapunov_test_dso-fn_d_all_y_01_log.txt
SpawnPoolWorker-1| 2026-06-21 22:16:31,224,224 multiprocessing INFO child process calling self.run()
SpawnPoolWorker-3| 2026-06-21 22:16:31,224,224 multiprocessing INFO child process calling self.run()
SpawnPoolWorker-8| 2026-06-21 22:16:31,225,225 multiprocessing INFO child process calling self.run()
SpawnPoolWorker-9| 2026-06-21 22:16:31,259,259 multiprocessing INFO STARTING NEW RUN ==========
SpawnPoolWorker-9| 2026-06-21 22:16:31,259,259 multiprocessing INFO SEE LOG AT : ./logs/all_Lyapunov_test_dso-fn_d_all_y_01_log.txt
SpawnPoolWorker-9| 2026-06-21 22:16:31,259,259 multiprocessing INFO See log at : ./logs/all_Lyapunov_test_dso-fn_d_all_y_01_log.txt
SpawnPoolWorker-9| 2026-06-21 22:16:31,264,264 multiprocessing INFO child process calling self.run()
SpawnPoolWorker-3| 2026-06-21 22:17:32,235,235 multiprocessing INFO process shutting down
SpawnPoolWorker-2| 2026-06-21 22:17:32,235,235 multiprocessing INFO process shutting down
SpawnPoolWorker-4| 2026-06-21 22:17:32,235,235 multiprocessing INFO process shutting down
SpawnPoolWorker-10| 2026-06-21 22:17:32,235,235 multiprocessing INFO process shutting down
SpawnPoolWorker-9| 2026-06-21 22:17:32,235,235 multiprocessing INFO process shutting down
SpawnPoolWorker-5| 2026-06-21 22:17:32,235,235 multiprocessing INFO process shutting down
SpawnPoolWorker-6| 2026-06-21 22:17:32,235,235 multiprocessing INFO process shutting down
SpawnPoolWorker-7| 2026-06-21 22:17:32,235,235 multiprocessing INFO process shutting down
(3000,)

===================Collect 3000 Examples===================

Epsilon 0.1
500
(550,)
(550,)
(55,)
Number of Programs for Minimization: 29
SpawnPoolWorker-15| 2026-06-21 22:17:48,716,716 multiprocessing INFO STARTING NEW RUN ==========
SpawnPoolWorker-15| 2026-06-21 22:17:48,717,717 multiprocessing INFO SEE LOG AT : ./logs/all_Lyapunov_test_dso-fn_d_all_y_01_log.txt
SpawnPoolWorker-15| 2026-06-21 22:17:48,717,717 multiprocessing INFO See log at : ./logs/all_Lyapunov_test_dso-fn_d_all_y_01_log.txt
SpawnPoolWorker-15| 2026-06-21 22:17:48,722,722 multiprocessing INFO child process calling self.run()
SpawnPoolWorker-14| 2026-06-21 22:17:48,795,795 multiprocessing INFO STARTING NEW RUN ==========
SpawnPoolWorker-14| 2026-06-21 22:17:48,795,795 multiprocessing INFO SEE LOG AT : ./logs/all_Lyapunov_test_dso-fn_d_all_y_01_log.txt
SpawnPoolWorker-14| 2026-06-21 22:17:48,795,795 multiprocessing INFO See log at : ./logs/all_Lyapunov_test_dso-fn_d_all_y_01_log.txt
SpawnPoolWorker-14| 2026-06-21 22:17:48,799,799 multiprocessing INFO child process calling self.run()
SpawnPoolWorker-22| 2026-06-21 22:17:48,859,859 multiprocessing INFO STARTING NEW RUN ==========
SpawnPoolWorker-22| 2026-06-21 22:17:48,859,859 multiprocessing INFO SEE LOG AT : ./logs/all_Lyapunov_test_dso-fn_d_all_y_01_log.txt
SpawnPoolWorker-22| 2026-06-21 22:17:48,859,859 multiprocessing INFO See log at : ./logs/all_Lyapunov_test_dso-fn_d_all_y_01_log.txt
SpawnPoolWorker-22| 2026-06-21 22:17:48,864,864 multiprocessing INFO child process calling self.run()
SpawnPoolWorker-17| 2026-06-21 22:17:49,059,59 multiprocessing INFO STARTING NEW RUN ==========
SpawnPoolWorker-17| 2026-06-21 22:17:49,059,59 multiprocessing INFO SEE LOG AT : ./logs/all_Lyapunov_test_dso-fn_d_all_y_01_log.txt
SpawnPoolWorker-17| 2026-06-21 22:17:49,059,59 multiprocessing INFO See log at : ./logs/all_Lyapunov_test_dso-fn_d_all_y_01_log.txt
SpawnPoolWorker-17| 2026-06-21 22:17:49,066,66 multiprocessing INFO child process calling self.run()
SpawnPoolWorker-29| 2026-06-21 22:17:49,097,97 multiprocessing INFO STARTING NEW RUN ==========
SpawnPoolWorker-29| 2026-06-21 22:17:49,097,97 multiprocessing INFO SEE LOG AT : ./logs/all_Lyapunov_test_dso-fn_d_all_y_01_log.txt
SpawnPoolWorker-29| 2026-06-21 22:17:49,097,97 multiprocessing INFO See log at : ./logs/all_Lyapunov_test_dso-fn_d_all_y_01_log.txt
SpawnPoolWorker-29| 2026-06-21 22:17:49,102,102 multiprocessing INFO child process calling self.run()
SpawnPoolWorker-13| 2026-06-21 22:17:49,111,111 multiprocessing INFO STARTING NEW RUN ==========
SpawnPoolWorker-13| 2026-06-21 22:17:49,112,112 multiprocessing INFO SEE LOG AT : ./logs/all_Lyapunov_test_dso-fn_d_all_y_01_log.txt
SpawnPoolWorker-13| 2026-06-21 22:17:49,112,112 multiprocessing INFO See log at : ./logs/all_Lyapunov_test_dso-fn_d_all_y_01_log.txt
SpawnPoolWorker-13| 2026-06-21 22:17:49,114,114 multiprocessing INFO child process calling self.run()
SpawnPoolWorker-18| 2026-06-21 22:17:49,201,201 multiprocessing INFO STARTING NEW RUN ==========
SpawnPoolWorker-18| 2026-06-21 22:17:49,202,202 multiprocessing INFO SEE LOG AT : ./logs/all_Lyapunov_test_dso-fn_d_all_y_01_log.txt
SpawnPoolWorker-18| 2026-06-21 22:17:49,202,202 multiprocessing INFO See log at : ./logs/all_Lyapunov_test_dso-fn_d_all_y_01_log.txt
SpawnPoolWorker-18| 2026-06-21 22:17:49,203,203 multiprocessing INFO child process calling self.run()
SpawnPoolWorker-31| 2026-06-21 22:17:49,412,412 multiprocessing INFO STARTING NEW RUN ==========
SpawnPoolWorker-31| 2026-06-21 22:17:49,412,412 multiprocessing INFO SEE LOG AT : ./logs/all_Lyapunov_test_dso-fn_d_all_y_01_log.txt
SpawnPoolWorker-31| 2026-06-21 22:17:49,412,412 multiprocessing INFO See log at : ./logs/all_Lyapunov_test_dso-fn_d_all_y_01_log.txt
SpawnPoolWorker-31| 2026-06-21 22:17:49,414,414 multiprocessing INFO child process calling self.run()
SpawnPoolWorker-27| 2026-06-21 22:17:49,467,467 multiprocessing INFO STARTING NEW RUN ==========
SpawnPoolWorker-27| 2026-06-21 22:17:49,467,467 multiprocessing INFO SEE LOG AT : ./logs/all_Lyapunov_test_dso-fn_d_all_y_01_log.txt
SpawnPoolWorker-27| 2026-06-21 22:17:49,467,467 multiprocessing INFO See log at : ./logs/all_Lyapunov_test_dso-fn_d_all_y_01_log.txt
SpawnPoolWorker-27| 2026-06-21 22:17:49,473,473 multiprocessing INFO child process calling self.run()
SpawnPoolWorker-26| 2026-06-21 22:17:49,553,553 multiprocessing INFO STARTING NEW RUN ==========
SpawnPoolWorker-26| 2026-06-21 22:17:49,553,553 multiprocessing INFO SEE LOG AT : ./logs/all_Lyapunov_test_dso-fn_d_all_y_01_log.txt
SpawnPoolWorker-26| 2026-06-21 22:17:49,553,553 multiprocessing INFO See log at : ./logs/all_Lyapunov_test_dso-fn_d_all_y_01_log.txt
SpawnPoolWorker-26| 2026-06-21 22:17:49,556,556 multiprocessing INFO child process calling self.run()
SpawnPoolWorker-28| 2026-06-21 22:17:49,684,684 multiprocessing INFO STARTING NEW RUN ==========
SpawnPoolWorker-28| 2026-06-21 22:17:49,684,684 multiprocessing INFO SEE LOG AT : ./logs/all_Lyapunov_test_dso-fn_d_all_y_01_log.txt
SpawnPoolWorker-28| 2026-06-21 22:17:49,684,684 multiprocessing INFO See log at : ./logs/all_Lyapunov_test_dso-fn_d_all_y_01_log.txt
SpawnPoolWorker-28| 2026-06-21 22:17:49,687,687 multiprocessing INFO child process calling self.run()
SpawnPoolWorker-24| 2026-06-21 22:17:49,814,814 multiprocessing INFO STARTING NEW RUN ==========
SpawnPoolWorker-24| 2026-06-21 22:17:49,814,814 multiprocessing INFO SEE LOG AT : ./logs/all_Lyapunov_test_dso-fn_d_all_y_01_log.txt
SpawnPoolWorker-24| 2026-06-21 22:17:49,814,814 multiprocessing INFO See log at : ./logs/all_Lyapunov_test_dso-fn_d_all_y_01_log.txt
SpawnPoolWorker-24| 2026-06-21 22:17:49,819,819 multiprocessing INFO child process calling self.run()
SpawnPoolWorker-12| 2026-06-21 22:17:49,855,855 multiprocessing INFO STARTING NEW RUN ==========
SpawnPoolWorker-12| 2026-06-21 22:17:49,855,855 multiprocessing INFO SEE LOG AT : ./logs/all_Lyapunov_test_dso-fn_d_all_y_01_log.txt
SpawnPoolWorker-12| 2026-06-21 22:17:49,855,855 multiprocessing INFO See log at : ./logs/all_Lyapunov_test_dso-fn_d_all_y_01_log.txt
SpawnPoolWorker-32| 2026-06-21 22:17:49,857,857 multiprocessing INFO STARTING NEW RUN ==========
SpawnPoolWorker-32| 2026-06-21 22:17:49,857,857 multiprocessing INFO SEE LOG AT : ./logs/all_Lyapunov_test_dso-fn_d_all_y_01_log.txt
SpawnPoolWorker-32| 2026-06-21 22:17:49,857,857 multiprocessing INFO See log at : ./logs/all_Lyapunov_test_dso-fn_d_all_y_01_log.txt
SpawnPoolWorker-12| 2026-06-21 22:17:49,860,860 multiprocessing INFO child process calling self.run()
SpawnPoolWorker-32| 2026-06-21 22:17:49,862,862 multiprocessing INFO child process calling self.run()
SpawnPoolWorker-16| 2026-06-21 22:17:49,969,969 multiprocessing INFO STARTING NEW RUN ==========
SpawnPoolWorker-16| 2026-06-21 22:17:49,969,969 multiprocessing INFO SEE LOG AT : ./logs/all_Lyapunov_test_dso-fn_d_all_y_01_log.txt
SpawnPoolWorker-16| 2026-06-21 22:17:49,969,969 multiprocessing INFO See log at : ./logs/all_Lyapunov_test_dso-fn_d_all_y_01_log.txt
SpawnPoolWorker-16| 2026-06-21 22:17:49,972,972 multiprocessing INFO child process calling self.run()
SpawnPoolWorker-30| 2026-06-21 22:17:50,037,37 multiprocessing INFO STARTING NEW RUN ==========
SpawnPoolWorker-30| 2026-06-21 22:17:50,037,37 multiprocessing INFO SEE LOG AT : ./logs/all_Lyapunov_test_dso-fn_d_all_y_01_log.txt
SpawnPoolWorker-30| 2026-06-21 22:17:50,037,37 multiprocessing INFO See log at : ./logs/all_Lyapunov_test_dso-fn_d_all_y_01_log.txt
SpawnPoolWorker-30| 2026-06-21 22:17:50,039,39 multiprocessing INFO child process calling self.run()
SpawnPoolWorker-20| 2026-06-21 22:17:50,056,56 multiprocessing INFO STARTING NEW RUN ==========
SpawnPoolWorker-20| 2026-06-21 22:17:50,056,56 multiprocessing INFO SEE LOG AT : ./logs/all_Lyapunov_test_dso-fn_d_all_y_01_log.txt
SpawnPoolWorker-20| 2026-06-21 22:17:50,056,56 multiprocessing INFO See log at : ./logs/all_Lyapunov_test_dso-fn_d_all_y_01_log.txt
SpawnPoolWorker-20| 2026-06-21 22:17:50,063,63 multiprocessing INFO child process calling self.run()
SpawnPoolWorker-33| 2026-06-21 22:17:50,197,197 multiprocessing INFO STARTING NEW RUN ==========
SpawnPoolWorker-33| 2026-06-21 22:17:50,197,197 multiprocessing INFO SEE LOG AT : ./logs/all_Lyapunov_test_dso-fn_d_all_y_01_log.txt
SpawnPoolWorker-33| 2026-06-21 22:17:50,197,197 multiprocessing INFO See log at : ./logs/all_Lyapunov_test_dso-fn_d_all_y_01_log.txt
SpawnPoolWorker-33| 2026-06-21 22:17:50,199,199 multiprocessing INFO child process calling self.run()
SpawnPoolWorker-25| 2026-06-21 22:17:50,200,200 multiprocessing INFO STARTING NEW RUN ==========
SpawnPoolWorker-25| 2026-06-21 22:17:50,200,200 multiprocessing INFO SEE LOG AT : ./logs/all_Lyapunov_test_dso-fn_d_all_y_01_log.txt
SpawnPoolWorker-25| 2026-06-21 22:17:50,200,200 multiprocessing INFO See log at : ./logs/all_Lyapunov_test_dso-fn_d_all_y_01_log.txt
SpawnPoolWorker-25| 2026-06-21 22:17:50,202,202 multiprocessing INFO child process calling self.run()
SpawnPoolWorker-23| 2026-06-21 22:17:50,228,228 multiprocessing INFO STARTING NEW RUN ==========
SpawnPoolWorker-23| 2026-06-21 22:17:50,228,228 multiprocessing INFO SEE LOG AT : ./logs/all_Lyapunov_test_dso-fn_d_all_y_01_log.txt
SpawnPoolWorker-23| 2026-06-21 22:17:50,228,228 multiprocessing INFO See log at : ./logs/all_Lyapunov_test_dso-fn_d_all_y_01_log.txt
SpawnPoolWorker-23| 2026-06-21 22:17:50,230,230 multiprocessing INFO child process calling self.run()
SpawnPoolWorker-32| 2026-06-21 22:17:50,241,241 multiprocessing INFO process shutting down
SpawnPoolWorker-13| 2026-06-21 22:17:50,241,241 multiprocessing INFO process shutting down
SpawnPoolWorker-32| 2026-06-21 22:17:50,241,241 multiprocessing INFO process exiting with exitcode 0
SpawnPoolWorker-18| 2026-06-21 22:17:50,241,241 multiprocessing INFO process shutting down
SpawnPoolWorker-13| 2026-06-21 22:17:50,241,241 multiprocessing INFO process exiting with exitcode 0
SpawnPoolWorker-16| 2026-06-21 22:17:50,241,241 multiprocessing INFO process shutting down
SpawnPoolWorker-18| 2026-06-21 22:17:50,241,241 multiprocessing INFO process exiting with exitcode 0
SpawnPoolWorker-30| 2026-06-21 22:17:50,241,241 multiprocessing INFO process shutting down
SpawnPoolWorker-15| 2026-06-21 22:17:50,241,241 multiprocessing INFO process shutting down
SpawnPoolWorker-31| 2026-06-21 22:17:50,241,241 multiprocessing INFO process shutting down
SpawnPoolWorker-20| 2026-06-21 22:17:50,241,241 multiprocessing INFO process shutting down
SpawnPoolWorker-26| 2026-06-21 22:17:50,241,241 multiprocessing INFO process shutting down
SpawnPoolWorker-29| 2026-06-21 22:17:50,241,241 multiprocessing INFO process shutting down
SpawnPoolWorker-28| 2026-06-21 22:17:50,242,242 multiprocessing INFO process shutting down
SpawnPoolWorker-27| 2026-06-21 22:17:50,242,242 multiprocessing INFO process shutting down
SpawnPoolWorker-14| 2026-06-21 22:17:50,242,242 multiprocessing INFO process shutting down
SpawnPoolWorker-22| 2026-06-21 22:17:50,242,242 multiprocessing INFO process shutting down
SpawnPoolWorker-17| 2026-06-21 22:17:50,242,242 multiprocessing INFO process shutting down
SpawnPoolWorker-33| 2026-06-21 22:17:50,242,242 multiprocessing INFO process shutting down
SpawnPoolWorker-24| 2026-06-21 22:17:50,242,242 multiprocessing INFO process shutting down
SpawnPoolWorker-25| 2026-06-21 22:17:50,242,242 multiprocessing INFO process shutting down
SpawnPoolWorker-23| 2026-06-21 22:17:50,242,242 multiprocessing INFO process shutting down
SpawnPoolWorker-12| 2026-06-21 22:17:50,242,242 multiprocessing INFO process shutting down
SpawnPoolWorker-30| 2026-06-21 22:17:50,243,243 multiprocessing INFO process exiting with exitcode 0
29
(30000, 2)
(30000,)
(30000, 2)
(30000,)

=======================Successfully Added (15000, 2) Counter Examples=======================


============None of the candidates fulfill the conditions. Training CONTINUES!=================

MainProcess| 2026-06-21 22:17:50,943,943 multiprocessing INFO 
============None of the candidates fulfill the conditions. Training CONTINUES!=================


============None of the candidates fulfill the conditions. Training CONTINUES!=================

(55, 19)
/users/9/chen8596/miniconda3/envs/alfd/lib/python3.9/site-packages/torch/nn/functional.py:4999: UserWarning: Support for mismatched key_padding_mask and attn_mask is deprecated. Use same type for both instead.
  warnings.warn(

==============Start Supervised Learning==============

Traceback (most recent call last):
  File "/users/9/chen8596/LyaDis/repro/runs/pendulum/Lyapunov_test_dso.py", line 519, in <module>
    main(dataset)
  File "/users/9/chen8596/LyaDis/repro/runs/pendulum/Lyapunov_test_dso.py", line 162, in main
    result = perform_run(task_input)
  File "/users/9/chen8596/LyaDis/repro/runs/pendulum/Lyapunov_test_dso.py", line 109, in perform_run
    result = top_main(
  File "/users/9/chen8596/LyaDis/repro/runs/pendulum/Lyapunov_test_dso.py", line 347, in top_main
    optomize_at_test(
  File "/users/9/chen8596/LyaDis/repro/runs/pendulum/utils/train.py", line 728, in optomize_at_test
    gp_quantile = np.quantile(gp_collection_reward, 1 - gp_ratio, interpolation="higher")  # pyright: ignore
UnboundLocalError: local variable 'gp_collection_reward' referenced before assignment
MainProcess| 2026-06-21 22:17:52,763,763 multiprocessing INFO process shutting down
