[job] sys=syn9d benchmark=fn_d_all_l seed=5 host=cn2106 gpu=0 start=2026-06-22T05:48:54-05:00
MainProcess| 2026-06-22 05:48:59,517,517 multiprocessing INFO STARTING NEW RUN ==========
MainProcess| 2026-06-22 05:48:59,517,517 multiprocessing INFO SEE LOG AT : ./logs/all_Lyapunov_test_dso-fn_d_all_l_01_log.txt
MainProcess| 2026-06-22 05:48:59,517,517 multiprocessing INFO See log at : ./logs/all_Lyapunov_test_dso-fn_d_all_l_01_log.txt
MainProcess| 2026-06-22 05:48:59,520,520 multiprocessing INFO               variables           expression                                                                                                                                                                                                                                                      train_spec test_spec function_set
name                                                                                                                                                                                                                                                                                                                               
fn_d_all_l_5          9  0*x1+0*x2+0*x3+0*x4  {"x1":{"U":[-1.5,1.5,50000]}, "x2":{"U":[-1.5,1.5,50000]},"x3":{"U":[-1.5,1.5,50000]},"x4":{"U":[-1.5,1.5,50000]},"x5":{"U":[-1.5,1.5,50000]},"x6":{"U":[-1.5,1.5,50000]},"x7":{"U":[-1.5,1.5,50000]},"x8":{"U":[-1.5,1.5,50000]},"x9":{"U":[-1.5,1.5,50000]}}      None         Koza
              variables           expression                                                                                                                                                                                                                                                      train_spec test_spec function_set
name                                                                                                                                                                                                                                                                                                                               
fn_d_all_l_5          9  0*x1+0*x2+0*x3+0*x4  {"x1":{"U":[-1.5,1.5,50000]}, "x2":{"U":[-1.5,1.5,50000]},"x3":{"U":[-1.5,1.5,50000]},"x4":{"U":[-1.5,1.5,50000]},"x5":{"U":[-1.5,1.5,50000]},"x6":{"U":[-1.5,1.5,50000]},"x7":{"U":[-1.5,1.5,50000]},"x8":{"U":[-1.5,1.5,50000]},"x9":{"U":[-1.5,1.5,50000]}}      None         Koza

-- BUILDING DATASET START -----------
Benchmark path                 : /users/9/chen8596/LyaDis/repro/runs/syn9d/libs/sd3/dso/dso/task/regression/benchmarks_bkup_1.csv
Generated data for benchmark   : fn_d_all_l_5
-- BUILDING DATASET END -------------

Function set                   : Koza --> ['add', 'sub', 'mul', 'sin', 'cos', 'n2']

MainProcess| 2026-06-22 05:48:59,612,612 multiprocessing INFO [BASELINE_TESTING NOW] dataset=fn_d_all_l_5 	| baseline=transformer 	| seed=5 	| data_samples=50000 	| noise=0.0
MainProcess| 2026-06-22 05:48:59,616,616 multiprocessing INFO [RUN SETTINGS]: test_dataset=fn_d_all_l_5  batch_outer_datasets=24 pre_train=False load_pre_trained_path= priority_queue_training=True gp_meld=True model=TransformerTreeEncoderController train_path= risk_seeking_pg_train=True
[RUN SETTINGS]: test_dataset=fn_d_all_l_5  batch_outer_datasets=24 pre_train=False load_pre_trained_path= priority_queue_training=True gp_meld=True model=TransformerTreeEncoderController train_path= risk_seeking_pg_train=True
MainProcess| 2026-06-22 05:48:59,669,669 multiprocessing INFO Running model : TransformerTreeEncoderController
Running model : TransformerTreeEncoderController

-- BUILDING DATASET START -----------
Benchmark path                 : /users/9/chen8596/LyaDis/repro/runs/syn9d/libs/sd3/dso/dso/task/regression/benchmarks_bkup_1.csv
Generated data for benchmark   : fn_d_all_l_5
-- BUILDING DATASET END -------------

Function set                   : Koza --> ['add', 'sub', 'mul', 'sin', 'cos', 'n2']

MainProcess| 2026-06-22 05:48:59,697,697 multiprocessing INFO Function set: ['x1', 'x2', 'x3', 'x4', 'x5', 'x6', 'x7', 'x8', 'x9', 'add', 'sub', 'mul', 'sin', 'cos', 'n2']

-- BUILDING DATASET START -----------
Benchmark path                 : /users/9/chen8596/LyaDis/repro/runs/syn9d/libs/sd3/dso/dso/task/regression/benchmarks_bkup_1.csv
Generated data for benchmark   : fn_d_all_l_5
-- BUILDING DATASET END -------------

Function set                   : Koza --> ['add', 'sub', 'mul', 'sin', 'cos', 'n2']

-- BUILDING PRIOR START -------------
WARNING: Skipping invalid 'RelationalConstraint' with arguments {'targets': [], 'effectors': [], 'relationship': None}. Reason: Prior disabled.
WARNING: Skipping invalid 'RepeatConstraint' with arguments {'tokens': 'const', 'min_': None, 'max_': 5}. Reason: Uses Tokens not in the Library.
WARNING: Skipping invalid 'InverseUnaryConstraint' with arguments {}. Reason: There are no inverse unary Token pairs in the Library.
WARNING: Skipping invalid 'ConstConstraint' with arguments {}. Reason: Prior disabled.
WARNING: Skipping invalid 'NoInputsConstraint' with arguments {}. Reason: All terminal tokens are input variables, so allsequences will have an input variable.
WARNING: Skipping invalid 'UniformArityPrior' with arguments {}. Reason: Prior disabled.
LengthConstraint: Sequences have minimum length 22.
                  Sequences have maximum length 29.
TrigConstraint: [sin, cos] cannot be a descendant of [sin, cos].
SoftLengthPrior: No description available.
-- BUILDING PRIOR END ---------------

MainProcess| 2026-06-22 05:48:59,939,939 multiprocessing INFO Transformer overwriting hidden size to input_dim 128
Transformer overwriting hidden size to input_dim 128
MainProcess| 2026-06-22 05:49:00,106,106 multiprocessing INFO Encoder params: {'sinuisodal_embeddings': False, 'dec_pf_dim': 32, 'dec_layers': 1, 'dim_hidden': 128, 'lr': 0.0001, 'dropout': 0, 'num_features': 1, 'ln': True, 'N_p': 0, 'num_inds': 64, 'activation': 'relu', 'bit16': False, 'norm': True, 'linear': True, 'input_normalization': False, 'src_pad_idx': 0, 'trg_pad_idx': 0, 'length_eq': 20, 'n_l_enc': 3, 'mean': 0.5, 'std': 0.5, 'dim_input': 64, 'num_heads': 2, 'output_dim': 10}
Encoder params: {'sinuisodal_embeddings': False, 'dec_pf_dim': 32, 'dec_layers': 1, 'dim_hidden': 128, 'lr': 0.0001, 'dropout': 0, 'num_features': 1, 'ln': True, 'N_p': 0, 'num_inds': 64, 'activation': 'relu', 'bit16': False, 'norm': True, 'linear': True, 'input_normalization': False, 'src_pad_idx': 0, 'trg_pad_idx': 0, 'length_eq': 20, 'n_l_enc': 3, 'mean': 0.5, 'std': 0.5, 'dim_input': 64, 'num_heads': 2, 'output_dim': 10}
MainProcess| 2026-06-22 05:49:00,122,122 multiprocessing INFO TransformerTreeEncoderController parameters: 4039915 	 | trainable : 4039915
TransformerTreeEncoderController parameters: 4039915 	 | trainable : 4039915
MainProcess| 2026-06-22 05:49:00,188,188 multiprocessing INFO GP CONFIG : {'verbose': False, 'generations': 35, 'p_crossover': 0.5, 'p_mutate': 0.5, 'tournament_size': 7, 'train_n': 50, 'mutate_tree_max': 3}
GP CONFIG : {'verbose': False, 'generations': 35, 'p_crossover': 0.5, 'p_mutate': 0.5, 'tournament_size': 7, 'train_n': 50, 'mutate_tree_max': 3}
MainProcess| 2026-06-22 05:49:00,252,252 multiprocessing INFO config: {'experiment': {'logdir': './log', 'seed': 13, 'timestamp': '2026-06-22-054859', 'task_name': 'fn_d_all_l_5', 'save_path': './log/fn_d_all_l_5_2026-06-22-054859_5'}, 'task': {'task_type': 'regression', 'dataset': 'fn_d_all_l_5', 'function_set': ['add', 'sub', 'mul', 'sin', 'cos', 'n2'], 'metric': 'lyapunov_risk', 'metric_params': [1.0], 'extra_metric_test': None, 'extra_metric_test_params': [], 'threshold': 1e-12, 'protected': False, 'reward_noise': 0.0, 'reward_noise_type': 'r', 'normalize_variance': False, 'decision_tree_threshold_set': []}, 'training': {'n_epochs': None, 'n_samples': 2000000, 'batch_size': 500, 'epsilon': 0.1, 'baseline': 'R_e', 'alpha': 0.5, 'b_jumpstart': False, 'n_cores_batch': 1, 'complexity': 'token', 'const_optimizer': 'scipy', 'const_params': {'method': 'L-BFGS-B', 'options': {'gtol': 0.001}}, 'verbose': True, 'debug': 0, 'early_stopping': True, 'hof': 100, 'use_memory': False, 'memory_capacity': 1000.0, 'warm_start': None, 'memory_threshold': None, 'save_all_epoch': False, 'save_summary': False, 'save_positional_entropy': False, 'save_pareto_front': True, 'save_cache': False, 'save_cache_r_min': 0.9, 'save_freq': 1, 'save_token_count': False}, 'state_manager': {'observe_action': False, 'observe_parent': True, 'observe_sibling': True, 'observe_dangling': False, 'embedding': True, 'embedding_size': 64}, 'controller': {'max_length': 64, 'cell': 'lstm', 'num_layers': 1, 'num_units': 64, 'initializer': 'zeros', 'learning_rate': 0.0003, 'optimizer': 'adam', 'entropy_weight': 0.005, 'entropy_gamma': 0.8, 'pqt': True, 'pqt_k': 10, 'pqt_batch_size': 1, 'pqt_weight': 200.0, 'pqt_use_pg': False, 'summary': False, 'rl_weight': 1.0}, 'gp_meld': {'generations': 35, 'p_crossover': 0.5, 'p_mutate': 0.5, 'tournament_size': 7, 'train_n': 50, 'mutate_tree_max': 3}, 'prior': {'relational': {'targets': [], 'effectors': [], 'relationship': None}, 'length': {'min_': 22, 'max_': 29}, 'repeat': {'tokens': 'const', 'min_': None, 'max_': 5}, 'inverse': {}, 'trig': {}, 'const': {}, 'no_inputs': {}, 'uniform_arity': {}, 'soft_length': {'loc': 25, 'scale': 5}}, 'postprocess': {'show_count': 5, 'save_plots': True}, 'model': 'TransformerTreeEncoderController', 'function_names_str': 'x1,x2,x3,x4,x5,x6,x7,x8,x9,add,sub,mul,sin,cos,n2', 'nesymres_train_config': {'architecture': {'sinuisodal_embeddings': False, 'dec_pf_dim': 32, 'dec_layers': 1, 'dim_hidden': 128, 'lr': 0.0001, 'dropout': 0, 'num_features': 1, 'ln': True, 'N_p': 0, 'num_inds': 64, 'activation': 'relu', 'bit16': False, 'norm': True, 'linear': True, 'input_normalization': False, 'src_pad_idx': 0, 'trg_pad_idx': 0, 'length_eq': 20, 'n_l_enc': 3, 'mean': 0.5, 'std': 0.5, 'dim_input': 64, 'num_heads': 2, 'output_dim': 10}}}

-- BUILDING DATASET START -----------
Benchmark path                 : /users/9/chen8596/LyaDis/repro/runs/syn9d/libs/sd3/dso/dso/task/regression/benchmarks_bkup_1.csv
Generated data for benchmark   : fn_d_all_l_5
-- BUILDING DATASET END -------------

Function set                   : Koza --> ['add', 'sub', 'mul', 'sin', 'cos', 'n2']

-- RUNNING EPOCHS START -------------
torch.Size([500, 171])
/users/9/chen8596/miniconda3/envs/alfd/lib/python3.9/site-packages/torch/nn/functional.py:4999: UserWarning: Support for mismatched key_padding_mask and attn_mask is deprecated. Use same type for both instead.
  warnings.warn(
/users/9/chen8596/miniconda3/envs/alfd/lib/python3.9/site-packages/torch/nn/functional.py:4999: UserWarning: Support for mismatched key_padding_mask and attn_mask is deprecated. Use same type for both instead.
  warnings.warn(
/users/9/chen8596/miniconda3/envs/alfd/lib/python3.9/site-packages/torch/nn/functional.py:4999: UserWarning: Support for mismatched key_padding_mask and attn_mask is deprecated. Use same type for both instead.
  warnings.warn(
MainProcess| 2026-06-22 05:53:14,391,391 multiprocessing INFO Genetic Porgramming Runtime 250.3457750850357
Genetic Porgramming Runtime 250.3457750850357

=========================PGD Collection Starts=========================

MainProcess| 2026-06-22 05:53:15,443,443 multiprocessing INFO created temp directory /tmp/pymp-e865j1rm
SpawnPoolWorker-8| 2026-06-22 05:53:19,276,276 multiprocessing INFO STARTING NEW RUN ==========
SpawnPoolWorker-10| 2026-06-22 05:53:19,276,276 multiprocessing INFO STARTING NEW RUN ==========
SpawnPoolWorker-6| 2026-06-22 05:53:19,276,276 multiprocessing INFO STARTING NEW RUN ==========
SpawnPoolWorker-1| 2026-06-22 05:53:19,276,276 multiprocessing INFO STARTING NEW RUN ==========
SpawnPoolWorker-2| 2026-06-22 05:53:19,276,276 multiprocessing INFO STARTING NEW RUN ==========
SpawnPoolWorker-7| 2026-06-22 05:53:19,276,276 multiprocessing INFO STARTING NEW RUN ==========
SpawnPoolWorker-8| 2026-06-22 05:53:19,276,276 multiprocessing INFO SEE LOG AT : ./logs/all_Lyapunov_test_dso-fn_d_all_l_01_log.txt
SpawnPoolWorker-10| 2026-06-22 05:53:19,276,276 multiprocessing INFO SEE LOG AT : ./logs/all_Lyapunov_test_dso-fn_d_all_l_01_log.txt
SpawnPoolWorker-6| 2026-06-22 05:53:19,276,276 multiprocessing INFO SEE LOG AT : ./logs/all_Lyapunov_test_dso-fn_d_all_l_01_log.txt
SpawnPoolWorker-1| 2026-06-22 05:53:19,276,276 multiprocessing INFO SEE LOG AT : ./logs/all_Lyapunov_test_dso-fn_d_all_l_01_log.txt
SpawnPoolWorker-2| 2026-06-22 05:53:19,276,276 multiprocessing INFO SEE LOG AT : ./logs/all_Lyapunov_test_dso-fn_d_all_l_01_log.txt
SpawnPoolWorker-8| 2026-06-22 05:53:19,276,276 multiprocessing INFO See log at : ./logs/all_Lyapunov_test_dso-fn_d_all_l_01_log.txt
SpawnPoolWorker-10| 2026-06-22 05:53:19,276,276 multiprocessing INFO See log at : ./logs/all_Lyapunov_test_dso-fn_d_all_l_01_log.txt
SpawnPoolWorker-7| 2026-06-22 05:53:19,276,276 multiprocessing INFO SEE LOG AT : ./logs/all_Lyapunov_test_dso-fn_d_all_l_01_log.txt
SpawnPoolWorker-6| 2026-06-22 05:53:19,276,276 multiprocessing INFO See log at : ./logs/all_Lyapunov_test_dso-fn_d_all_l_01_log.txt
SpawnPoolWorker-1| 2026-06-22 05:53:19,276,276 multiprocessing INFO See log at : ./logs/all_Lyapunov_test_dso-fn_d_all_l_01_log.txt
SpawnPoolWorker-2| 2026-06-22 05:53:19,276,276 multiprocessing INFO See log at : ./logs/all_Lyapunov_test_dso-fn_d_all_l_01_log.txt
SpawnPoolWorker-7| 2026-06-22 05:53:19,276,276 multiprocessing INFO See log at : ./logs/all_Lyapunov_test_dso-fn_d_all_l_01_log.txt
SpawnPoolWorker-2| 2026-06-22 05:53:19,277,277 multiprocessing INFO child process calling self.run()
SpawnPoolWorker-8| 2026-06-22 05:53:19,277,277 multiprocessing INFO child process calling self.run()
SpawnPoolWorker-1| 2026-06-22 05:53:19,277,277 multiprocessing INFO child process calling self.run()
SpawnPoolWorker-6| 2026-06-22 05:53:19,277,277 multiprocessing INFO child process calling self.run()
SpawnPoolWorker-7| 2026-06-22 05:53:19,278,278 multiprocessing INFO child process calling self.run()
SpawnPoolWorker-10| 2026-06-22 05:53:19,278,278 multiprocessing INFO child process calling self.run()
SpawnPoolWorker-9| 2026-06-22 05:53:19,279,279 multiprocessing INFO STARTING NEW RUN ==========
SpawnPoolWorker-9| 2026-06-22 05:53:19,279,279 multiprocessing INFO SEE LOG AT : ./logs/all_Lyapunov_test_dso-fn_d_all_l_01_log.txt
SpawnPoolWorker-9| 2026-06-22 05:53:19,279,279 multiprocessing INFO See log at : ./logs/all_Lyapunov_test_dso-fn_d_all_l_01_log.txt
SpawnPoolWorker-9| 2026-06-22 05:53:19,280,280 multiprocessing INFO child process calling self.run()
SpawnPoolWorker-4| 2026-06-22 05:53:19,284,284 multiprocessing INFO STARTING NEW RUN ==========
SpawnPoolWorker-4| 2026-06-22 05:53:19,284,284 multiprocessing INFO SEE LOG AT : ./logs/all_Lyapunov_test_dso-fn_d_all_l_01_log.txt
SpawnPoolWorker-4| 2026-06-22 05:53:19,284,284 multiprocessing INFO See log at : ./logs/all_Lyapunov_test_dso-fn_d_all_l_01_log.txt
SpawnPoolWorker-4| 2026-06-22 05:53:19,286,286 multiprocessing INFO child process calling self.run()
SpawnPoolWorker-3| 2026-06-22 05:53:19,296,296 multiprocessing INFO STARTING NEW RUN ==========
SpawnPoolWorker-3| 2026-06-22 05:53:19,296,296 multiprocessing INFO SEE LOG AT : ./logs/all_Lyapunov_test_dso-fn_d_all_l_01_log.txt
SpawnPoolWorker-3| 2026-06-22 05:53:19,296,296 multiprocessing INFO See log at : ./logs/all_Lyapunov_test_dso-fn_d_all_l_01_log.txt
SpawnPoolWorker-3| 2026-06-22 05:53:19,297,297 multiprocessing INFO child process calling self.run()
SpawnPoolWorker-5| 2026-06-22 05:53:19,318,318 multiprocessing INFO STARTING NEW RUN ==========
SpawnPoolWorker-5| 2026-06-22 05:53:19,318,318 multiprocessing INFO SEE LOG AT : ./logs/all_Lyapunov_test_dso-fn_d_all_l_01_log.txt
SpawnPoolWorker-5| 2026-06-22 05:53:19,318,318 multiprocessing INFO See log at : ./logs/all_Lyapunov_test_dso-fn_d_all_l_01_log.txt
SpawnPoolWorker-5| 2026-06-22 05:53:19,321,321 multiprocessing INFO child process calling self.run()
SpawnPoolWorker-5| 2026-06-22 05:53:42,746,746 multiprocessing INFO process shutting down
SpawnPoolWorker-3| 2026-06-22 05:53:42,747,747 multiprocessing INFO process shutting down
SpawnPoolWorker-9| 2026-06-22 05:53:42,747,747 multiprocessing INFO process shutting down
SpawnPoolWorker-5| 2026-06-22 05:53:42,747,747 multiprocessing INFO process exiting with exitcode 0
SpawnPoolWorker-1| 2026-06-22 05:53:42,747,747 multiprocessing INFO process shutting down
SpawnPoolWorker-7| 2026-06-22 05:53:42,747,747 multiprocessing INFO process shutting down
SpawnPoolWorker-4| 2026-06-22 05:53:42,747,747 multiprocessing INFO process shutting down
SpawnPoolWorker-9| 2026-06-22 05:53:42,747,747 multiprocessing INFO process exiting with exitcode 0
SpawnPoolWorker-3| 2026-06-22 05:53:42,747,747 multiprocessing INFO process exiting with exitcode 0
SpawnPoolWorker-7| 2026-06-22 05:53:42,747,747 multiprocessing INFO process exiting with exitcode 0
SpawnPoolWorker-10| 2026-06-22 05:53:42,747,747 multiprocessing INFO process shutting down
SpawnPoolWorker-1| 2026-06-22 05:53:42,747,747 multiprocessing INFO process exiting with exitcode 0
SpawnPoolWorker-4| 2026-06-22 05:53:42,747,747 multiprocessing INFO process exiting with exitcode 0
SpawnPoolWorker-8| 2026-06-22 05:53:42,747,747 multiprocessing INFO process shutting down
SpawnPoolWorker-10| 2026-06-22 05:53:42,747,747 multiprocessing INFO process exiting with exitcode 0
(10000,)

===================Collect 10000 Examples===================

Epsilon 0.1
500
(550,)
(550,)
(55,)
Number of Programs for Minimization: 28
SpawnPoolWorker-19| 2026-06-22 05:54:06,848,848 multiprocessing INFO STARTING NEW RUN ==========
SpawnPoolWorker-19| 2026-06-22 05:54:06,849,849 multiprocessing INFO SEE LOG AT : ./logs/all_Lyapunov_test_dso-fn_d_all_l_01_log.txt
SpawnPoolWorker-19| 2026-06-22 05:54:06,849,849 multiprocessing INFO See log at : ./logs/all_Lyapunov_test_dso-fn_d_all_l_01_log.txt
SpawnPoolWorker-19| 2026-06-22 05:54:06,852,852 multiprocessing INFO child process calling self.run()
SpawnPoolWorker-23| 2026-06-22 05:54:07,339,339 multiprocessing INFO STARTING NEW RUN ==========
SpawnPoolWorker-23| 2026-06-22 05:54:07,339,339 multiprocessing INFO SEE LOG AT : ./logs/all_Lyapunov_test_dso-fn_d_all_l_01_log.txt
SpawnPoolWorker-23| 2026-06-22 05:54:07,339,339 multiprocessing INFO See log at : ./logs/all_Lyapunov_test_dso-fn_d_all_l_01_log.txt
SpawnPoolWorker-23| 2026-06-22 05:54:07,347,347 multiprocessing INFO child process calling self.run()
SpawnPoolWorker-28| 2026-06-22 05:54:07,444,444 multiprocessing INFO STARTING NEW RUN ==========
SpawnPoolWorker-28| 2026-06-22 05:54:07,444,444 multiprocessing INFO SEE LOG AT : ./logs/all_Lyapunov_test_dso-fn_d_all_l_01_log.txt
SpawnPoolWorker-28| 2026-06-22 05:54:07,444,444 multiprocessing INFO See log at : ./logs/all_Lyapunov_test_dso-fn_d_all_l_01_log.txt
SpawnPoolWorker-28| 2026-06-22 05:54:07,445,445 multiprocessing INFO child process calling self.run()
SpawnPoolWorker-30| 2026-06-22 05:54:07,873,873 multiprocessing INFO STARTING NEW RUN ==========
SpawnPoolWorker-30| 2026-06-22 05:54:07,873,873 multiprocessing INFO SEE LOG AT : ./logs/all_Lyapunov_test_dso-fn_d_all_l_01_log.txt
SpawnPoolWorker-30| 2026-06-22 05:54:07,873,873 multiprocessing INFO See log at : ./logs/all_Lyapunov_test_dso-fn_d_all_l_01_log.txt
SpawnPoolWorker-30| 2026-06-22 05:54:07,875,875 multiprocessing INFO child process calling self.run()
SpawnPoolWorker-21| 2026-06-22 05:54:08,067,67 multiprocessing INFO STARTING NEW RUN ==========
SpawnPoolWorker-21| 2026-06-22 05:54:08,067,67 multiprocessing INFO SEE LOG AT : ./logs/all_Lyapunov_test_dso-fn_d_all_l_01_log.txt
SpawnPoolWorker-21| 2026-06-22 05:54:08,067,67 multiprocessing INFO See log at : ./logs/all_Lyapunov_test_dso-fn_d_all_l_01_log.txt
SpawnPoolWorker-21| 2026-06-22 05:54:08,072,72 multiprocessing INFO child process calling self.run()
SpawnPoolWorker-15| 2026-06-22 05:54:08,384,384 multiprocessing INFO STARTING NEW RUN ==========
SpawnPoolWorker-15| 2026-06-22 05:54:08,384,384 multiprocessing INFO SEE LOG AT : ./logs/all_Lyapunov_test_dso-fn_d_all_l_01_log.txt
SpawnPoolWorker-15| 2026-06-22 05:54:08,384,384 multiprocessing INFO See log at : ./logs/all_Lyapunov_test_dso-fn_d_all_l_01_log.txt
SpawnPoolWorker-15| 2026-06-22 05:54:08,391,391 multiprocessing INFO child process calling self.run()
SpawnPoolWorker-34| 2026-06-22 05:54:08,487,487 multiprocessing INFO STARTING NEW RUN ==========
SpawnPoolWorker-34| 2026-06-22 05:54:08,487,487 multiprocessing INFO SEE LOG AT : ./logs/all_Lyapunov_test_dso-fn_d_all_l_01_log.txt
SpawnPoolWorker-34| 2026-06-22 05:54:08,487,487 multiprocessing INFO See log at : ./logs/all_Lyapunov_test_dso-fn_d_all_l_01_log.txt
SpawnPoolWorker-34| 2026-06-22 05:54:08,499,499 multiprocessing INFO child process calling self.run()
SpawnPoolWorker-29| 2026-06-22 05:54:08,502,502 multiprocessing INFO STARTING NEW RUN ==========
SpawnPoolWorker-29| 2026-06-22 05:54:08,502,502 multiprocessing INFO SEE LOG AT : ./logs/all_Lyapunov_test_dso-fn_d_all_l_01_log.txt
SpawnPoolWorker-29| 2026-06-22 05:54:08,502,502 multiprocessing INFO See log at : ./logs/all_Lyapunov_test_dso-fn_d_all_l_01_log.txt
SpawnPoolWorker-29| 2026-06-22 05:54:08,510,510 multiprocessing INFO child process calling self.run()
SpawnPoolWorker-22| 2026-06-22 05:54:08,568,568 multiprocessing INFO STARTING NEW RUN ==========
SpawnPoolWorker-22| 2026-06-22 05:54:08,568,568 multiprocessing INFO SEE LOG AT : ./logs/all_Lyapunov_test_dso-fn_d_all_l_01_log.txt
SpawnPoolWorker-22| 2026-06-22 05:54:08,568,568 multiprocessing INFO See log at : ./logs/all_Lyapunov_test_dso-fn_d_all_l_01_log.txt
SpawnPoolWorker-22| 2026-06-22 05:54:08,578,578 multiprocessing INFO child process calling self.run()
SpawnPoolWorker-46| 2026-06-22 05:54:08,739,739 multiprocessing INFO STARTING NEW RUN ==========
SpawnPoolWorker-46| 2026-06-22 05:54:08,739,739 multiprocessing INFO SEE LOG AT : ./logs/all_Lyapunov_test_dso-fn_d_all_l_01_log.txt
SpawnPoolWorker-46| 2026-06-22 05:54:08,739,739 multiprocessing INFO See log at : ./logs/all_Lyapunov_test_dso-fn_d_all_l_01_log.txt
SpawnPoolWorker-46| 2026-06-22 05:54:08,742,742 multiprocessing INFO child process calling self.run()
SpawnPoolWorker-48| 2026-06-22 05:54:08,758,758 multiprocessing INFO STARTING NEW RUN ==========
SpawnPoolWorker-48| 2026-06-22 05:54:08,758,758 multiprocessing INFO SEE LOG AT : ./logs/all_Lyapunov_test_dso-fn_d_all_l_01_log.txt
SpawnPoolWorker-48| 2026-06-22 05:54:08,758,758 multiprocessing INFO See log at : ./logs/all_Lyapunov_test_dso-fn_d_all_l_01_log.txt
SpawnPoolWorker-48| 2026-06-22 05:54:08,766,766 multiprocessing INFO child process calling self.run()
SpawnPoolWorker-31| 2026-06-22 05:54:08,978,978 multiprocessing INFO STARTING NEW RUN ==========
SpawnPoolWorker-31| 2026-06-22 05:54:08,978,978 multiprocessing INFO SEE LOG AT : ./logs/all_Lyapunov_test_dso-fn_d_all_l_01_log.txt
SpawnPoolWorker-31| 2026-06-22 05:54:08,978,978 multiprocessing INFO See log at : ./logs/all_Lyapunov_test_dso-fn_d_all_l_01_log.txt
SpawnPoolWorker-31| 2026-06-22 05:54:08,990,990 multiprocessing INFO child process calling self.run()
SpawnPoolWorker-33| 2026-06-22 05:54:09,033,33 multiprocessing INFO STARTING NEW RUN ==========
SpawnPoolWorker-33| 2026-06-22 05:54:09,033,33 multiprocessing INFO SEE LOG AT : ./logs/all_Lyapunov_test_dso-fn_d_all_l_01_log.txt
SpawnPoolWorker-33| 2026-06-22 05:54:09,033,33 multiprocessing INFO See log at : ./logs/all_Lyapunov_test_dso-fn_d_all_l_01_log.txt
SpawnPoolWorker-33| 2026-06-22 05:54:09,039,39 multiprocessing INFO child process calling self.run()
SpawnPoolWorker-50| 2026-06-22 05:54:09,106,106 multiprocessing INFO STARTING NEW RUN ==========
SpawnPoolWorker-50| 2026-06-22 05:54:09,107,107 multiprocessing INFO SEE LOG AT : ./logs/all_Lyapunov_test_dso-fn_d_all_l_01_log.txt
SpawnPoolWorker-50| 2026-06-22 05:54:09,107,107 multiprocessing INFO See log at : ./logs/all_Lyapunov_test_dso-fn_d_all_l_01_log.txt
SpawnPoolWorker-50| 2026-06-22 05:54:09,122,122 multiprocessing INFO child process calling self.run()
SpawnPoolWorker-16| 2026-06-22 05:54:09,277,277 multiprocessing INFO STARTING NEW RUN ==========
SpawnPoolWorker-16| 2026-06-22 05:54:09,277,277 multiprocessing INFO SEE LOG AT : ./logs/all_Lyapunov_test_dso-fn_d_all_l_01_log.txt
SpawnPoolWorker-16| 2026-06-22 05:54:09,277,277 multiprocessing INFO See log at : ./logs/all_Lyapunov_test_dso-fn_d_all_l_01_log.txt
SpawnPoolWorker-16| 2026-06-22 05:54:09,290,290 multiprocessing INFO child process calling self.run()
SpawnPoolWorker-26| 2026-06-22 05:54:09,399,399 multiprocessing INFO STARTING NEW RUN ==========
SpawnPoolWorker-26| 2026-06-22 05:54:09,399,399 multiprocessing INFO SEE LOG AT : ./logs/all_Lyapunov_test_dso-fn_d_all_l_01_log.txt
SpawnPoolWorker-26| 2026-06-22 05:54:09,399,399 multiprocessing INFO See log at : ./logs/all_Lyapunov_test_dso-fn_d_all_l_01_log.txt
SpawnPoolWorker-26| 2026-06-22 05:54:09,401,401 multiprocessing INFO child process calling self.run()
SpawnPoolWorker-38| 2026-06-22 05:54:09,549,549 multiprocessing INFO STARTING NEW RUN ==========
SpawnPoolWorker-38| 2026-06-22 05:54:09,549,549 multiprocessing INFO SEE LOG AT : ./logs/all_Lyapunov_test_dso-fn_d_all_l_01_log.txt
SpawnPoolWorker-38| 2026-06-22 05:54:09,549,549 multiprocessing INFO See log at : ./logs/all_Lyapunov_test_dso-fn_d_all_l_01_log.txt
SpawnPoolWorker-38| 2026-06-22 05:54:09,554,554 multiprocessing INFO child process calling self.run()
SpawnPoolWorker-32| 2026-06-22 05:54:09,634,634 multiprocessing INFO STARTING NEW RUN ==========
SpawnPoolWorker-32| 2026-06-22 05:54:09,634,634 multiprocessing INFO SEE LOG AT : ./logs/all_Lyapunov_test_dso-fn_d_all_l_01_log.txt
SpawnPoolWorker-32| 2026-06-22 05:54:09,634,634 multiprocessing INFO See log at : ./logs/all_Lyapunov_test_dso-fn_d_all_l_01_log.txt
SpawnPoolWorker-32| 2026-06-22 05:54:09,636,636 multiprocessing INFO child process calling self.run()
SpawnPoolWorker-41| 2026-06-22 05:54:09,741,741 multiprocessing INFO STARTING NEW RUN ==========
SpawnPoolWorker-41| 2026-06-22 05:54:09,741,741 multiprocessing INFO SEE LOG AT : ./logs/all_Lyapunov_test_dso-fn_d_all_l_01_log.txt
SpawnPoolWorker-41| 2026-06-22 05:54:09,741,741 multiprocessing INFO See log at : ./logs/all_Lyapunov_test_dso-fn_d_all_l_01_log.txt
SpawnPoolWorker-41| 2026-06-22 05:54:09,749,749 multiprocessing INFO child process calling self.run()
SpawnPoolWorker-12| 2026-06-22 05:54:09,801,801 multiprocessing INFO STARTING NEW RUN ==========
SpawnPoolWorker-12| 2026-06-22 05:54:09,801,801 multiprocessing INFO SEE LOG AT : ./logs/all_Lyapunov_test_dso-fn_d_all_l_01_log.txt
SpawnPoolWorker-12| 2026-06-22 05:54:09,801,801 multiprocessing INFO See log at : ./logs/all_Lyapunov_test_dso-fn_d_all_l_01_log.txt
SpawnPoolWorker-12| 2026-06-22 05:54:09,813,813 multiprocessing INFO child process calling self.run()
SpawnPoolWorker-18| 2026-06-22 05:54:09,843,843 multiprocessing INFO STARTING NEW RUN ==========
SpawnPoolWorker-18| 2026-06-22 05:54:09,843,843 multiprocessing INFO SEE LOG AT : ./logs/all_Lyapunov_test_dso-fn_d_all_l_01_log.txt
SpawnPoolWorker-18| 2026-06-22 05:54:09,843,843 multiprocessing INFO See log at : ./logs/all_Lyapunov_test_dso-fn_d_all_l_01_log.txt
SpawnPoolWorker-18| 2026-06-22 05:54:09,848,848 multiprocessing INFO child process calling self.run()
SpawnPoolWorker-51| 2026-06-22 05:54:09,929,929 multiprocessing INFO STARTING NEW RUN ==========
SpawnPoolWorker-51| 2026-06-22 05:54:09,929,929 multiprocessing INFO SEE LOG AT : ./logs/all_Lyapunov_test_dso-fn_d_all_l_01_log.txt
SpawnPoolWorker-51| 2026-06-22 05:54:09,929,929 multiprocessing INFO See log at : ./logs/all_Lyapunov_test_dso-fn_d_all_l_01_log.txt
SpawnPoolWorker-51| 2026-06-22 05:54:09,937,937 multiprocessing INFO child process calling self.run()
SpawnPoolWorker-27| 2026-06-22 05:54:09,945,945 multiprocessing INFO STARTING NEW RUN ==========
SpawnPoolWorker-27| 2026-06-22 05:54:09,945,945 multiprocessing INFO SEE LOG AT : ./logs/all_Lyapunov_test_dso-fn_d_all_l_01_log.txt
SpawnPoolWorker-27| 2026-06-22 05:54:09,945,945 multiprocessing INFO See log at : ./logs/all_Lyapunov_test_dso-fn_d_all_l_01_log.txt
SpawnPoolWorker-27| 2026-06-22 05:54:09,948,948 multiprocessing INFO child process calling self.run()
SpawnPoolWorker-17| 2026-06-22 05:54:09,990,990 multiprocessing INFO STARTING NEW RUN ==========
SpawnPoolWorker-17| 2026-06-22 05:54:09,990,990 multiprocessing INFO SEE LOG AT : ./logs/all_Lyapunov_test_dso-fn_d_all_l_01_log.txt
SpawnPoolWorker-17| 2026-06-22 05:54:09,990,990 multiprocessing INFO See log at : ./logs/all_Lyapunov_test_dso-fn_d_all_l_01_log.txt
SpawnPoolWorker-17| 2026-06-22 05:54:10,002,2 multiprocessing INFO child process calling self.run()
SpawnPoolWorker-36| 2026-06-22 05:54:10,026,26 multiprocessing INFO STARTING NEW RUN ==========
SpawnPoolWorker-36| 2026-06-22 05:54:10,026,26 multiprocessing INFO SEE LOG AT : ./logs/all_Lyapunov_test_dso-fn_d_all_l_01_log.txt
SpawnPoolWorker-36| 2026-06-22 05:54:10,026,26 multiprocessing INFO See log at : ./logs/all_Lyapunov_test_dso-fn_d_all_l_01_log.txt
SpawnPoolWorker-36| 2026-06-22 05:54:10,036,36 multiprocessing INFO child process calling self.run()
SpawnPoolWorker-54| 2026-06-22 05:54:10,065,65 multiprocessing INFO STARTING NEW RUN ==========
SpawnPoolWorker-54| 2026-06-22 05:54:10,065,65 multiprocessing INFO SEE LOG AT : ./logs/all_Lyapunov_test_dso-fn_d_all_l_01_log.txt
SpawnPoolWorker-13| 2026-06-22 05:54:10,066,66 multiprocessing INFO STARTING NEW RUN ==========
SpawnPoolWorker-47| 2026-06-22 05:54:10,067,67 multiprocessing INFO STARTING NEW RUN ==========
SpawnPoolWorker-13| 2026-06-22 05:54:10,069,69 multiprocessing INFO SEE LOG AT : ./logs/all_Lyapunov_test_dso-fn_d_all_l_01_log.txt
SpawnPoolWorker-54| 2026-06-22 05:54:10,069,69 multiprocessing INFO See log at : ./logs/all_Lyapunov_test_dso-fn_d_all_l_01_log.txt
SpawnPoolWorker-13| 2026-06-22 05:54:10,069,69 multiprocessing INFO See log at : ./logs/all_Lyapunov_test_dso-fn_d_all_l_01_log.txt
SpawnPoolWorker-47| 2026-06-22 05:54:10,069,69 multiprocessing INFO SEE LOG AT : ./logs/all_Lyapunov_test_dso-fn_d_all_l_01_log.txt
SpawnPoolWorker-47| 2026-06-22 05:54:10,069,69 multiprocessing INFO See log at : ./logs/all_Lyapunov_test_dso-fn_d_all_l_01_log.txt
SpawnPoolWorker-13| 2026-06-22 05:54:10,070,70 multiprocessing INFO child process calling self.run()
SpawnPoolWorker-54| 2026-06-22 05:54:10,074,74 multiprocessing INFO child process calling self.run()
SpawnPoolWorker-47| 2026-06-22 05:54:10,076,76 multiprocessing INFO child process calling self.run()
SpawnPoolWorker-52| 2026-06-22 05:54:10,196,196 multiprocessing INFO STARTING NEW RUN ==========
SpawnPoolWorker-52| 2026-06-22 05:54:10,196,196 multiprocessing INFO SEE LOG AT : ./logs/all_Lyapunov_test_dso-fn_d_all_l_01_log.txt
SpawnPoolWorker-52| 2026-06-22 05:54:10,196,196 multiprocessing INFO See log at : ./logs/all_Lyapunov_test_dso-fn_d_all_l_01_log.txt
SpawnPoolWorker-25| 2026-06-22 05:54:10,197,197 multiprocessing INFO STARTING NEW RUN ==========
SpawnPoolWorker-25| 2026-06-22 05:54:10,198,198 multiprocessing INFO SEE LOG AT : ./logs/all_Lyapunov_test_dso-fn_d_all_l_01_log.txt
SpawnPoolWorker-25| 2026-06-22 05:54:10,198,198 multiprocessing INFO See log at : ./logs/all_Lyapunov_test_dso-fn_d_all_l_01_log.txt
SpawnPoolWorker-52| 2026-06-22 05:54:10,207,207 multiprocessing INFO child process calling self.run()
SpawnPoolWorker-25| 2026-06-22 05:54:10,207,207 multiprocessing INFO child process calling self.run()
SpawnPoolWorker-20| 2026-06-22 05:54:10,248,248 multiprocessing INFO STARTING NEW RUN ==========
SpawnPoolWorker-20| 2026-06-22 05:54:10,248,248 multiprocessing INFO SEE LOG AT : ./logs/all_Lyapunov_test_dso-fn_d_all_l_01_log.txt
SpawnPoolWorker-20| 2026-06-22 05:54:10,248,248 multiprocessing INFO See log at : ./logs/all_Lyapunov_test_dso-fn_d_all_l_01_log.txt
SpawnPoolWorker-20| 2026-06-22 05:54:10,256,256 multiprocessing INFO child process calling self.run()
SpawnPoolWorker-39| 2026-06-22 05:54:10,406,406 multiprocessing INFO STARTING NEW RUN ==========
SpawnPoolWorker-39| 2026-06-22 05:54:10,406,406 multiprocessing INFO SEE LOG AT : ./logs/all_Lyapunov_test_dso-fn_d_all_l_01_log.txt
SpawnPoolWorker-39| 2026-06-22 05:54:10,406,406 multiprocessing INFO See log at : ./logs/all_Lyapunov_test_dso-fn_d_all_l_01_log.txt
SpawnPoolWorker-39| 2026-06-22 05:54:10,422,422 multiprocessing INFO child process calling self.run()
SpawnPoolWorker-14| 2026-06-22 05:54:10,727,727 multiprocessing INFO STARTING NEW RUN ==========
SpawnPoolWorker-14| 2026-06-22 05:54:10,727,727 multiprocessing INFO SEE LOG AT : ./logs/all_Lyapunov_test_dso-fn_d_all_l_01_log.txt
SpawnPoolWorker-14| 2026-06-22 05:54:10,727,727 multiprocessing INFO See log at : ./logs/all_Lyapunov_test_dso-fn_d_all_l_01_log.txt
SpawnPoolWorker-14| 2026-06-22 05:54:10,731,731 multiprocessing INFO child process calling self.run()
SpawnPoolWorker-57| 2026-06-22 05:54:10,746,746 multiprocessing INFO STARTING NEW RUN ==========
SpawnPoolWorker-57| 2026-06-22 05:54:10,746,746 multiprocessing INFO SEE LOG AT : ./logs/all_Lyapunov_test_dso-fn_d_all_l_01_log.txt
SpawnPoolWorker-57| 2026-06-22 05:54:10,746,746 multiprocessing INFO See log at : ./logs/all_Lyapunov_test_dso-fn_d_all_l_01_log.txt
SpawnPoolWorker-57| 2026-06-22 05:54:10,750,750 multiprocessing INFO child process calling self.run()
SpawnPoolWorker-11| 2026-06-22 05:54:10,837,837 multiprocessing INFO STARTING NEW RUN ==========
SpawnPoolWorker-11| 2026-06-22 05:54:10,837,837 multiprocessing INFO SEE LOG AT : ./logs/all_Lyapunov_test_dso-fn_d_all_l_01_log.txt
SpawnPoolWorker-11| 2026-06-22 05:54:10,837,837 multiprocessing INFO See log at : ./logs/all_Lyapunov_test_dso-fn_d_all_l_01_log.txt
SpawnPoolWorker-11| 2026-06-22 05:54:10,843,843 multiprocessing INFO child process calling self.run()
SpawnPoolWorker-53| 2026-06-22 05:54:10,910,910 multiprocessing INFO STARTING NEW RUN ==========
SpawnPoolWorker-53| 2026-06-22 05:54:10,910,910 multiprocessing INFO SEE LOG AT : ./logs/all_Lyapunov_test_dso-fn_d_all_l_01_log.txt
SpawnPoolWorker-53| 2026-06-22 05:54:10,910,910 multiprocessing INFO See log at : ./logs/all_Lyapunov_test_dso-fn_d_all_l_01_log.txt
SpawnPoolWorker-53| 2026-06-22 05:54:10,927,927 multiprocessing INFO child process calling self.run()
SpawnPoolWorker-35| 2026-06-22 05:54:10,995,995 multiprocessing INFO STARTING NEW RUN ==========
SpawnPoolWorker-35| 2026-06-22 05:54:10,995,995 multiprocessing INFO SEE LOG AT : ./logs/all_Lyapunov_test_dso-fn_d_all_l_01_log.txt
SpawnPoolWorker-35| 2026-06-22 05:54:10,995,995 multiprocessing INFO See log at : ./logs/all_Lyapunov_test_dso-fn_d_all_l_01_log.txt
SpawnPoolWorker-35| 2026-06-22 05:54:10,997,997 multiprocessing INFO child process calling self.run()
SpawnPoolWorker-58| 2026-06-22 05:54:11,046,46 multiprocessing INFO STARTING NEW RUN ==========
SpawnPoolWorker-58| 2026-06-22 05:54:11,046,46 multiprocessing INFO SEE LOG AT : ./logs/all_Lyapunov_test_dso-fn_d_all_l_01_log.txt
SpawnPoolWorker-58| 2026-06-22 05:54:11,046,46 multiprocessing INFO See log at : ./logs/all_Lyapunov_test_dso-fn_d_all_l_01_log.txt
SpawnPoolWorker-58| 2026-06-22 05:54:11,052,52 multiprocessing INFO child process calling self.run()
SpawnPoolWorker-56| 2026-06-22 05:54:11,141,141 multiprocessing INFO STARTING NEW RUN ==========
SpawnPoolWorker-56| 2026-06-22 05:54:11,141,141 multiprocessing INFO SEE LOG AT : ./logs/all_Lyapunov_test_dso-fn_d_all_l_01_log.txt
SpawnPoolWorker-56| 2026-06-22 05:54:11,141,141 multiprocessing INFO See log at : ./logs/all_Lyapunov_test_dso-fn_d_all_l_01_log.txt
SpawnPoolWorker-56| 2026-06-22 05:54:11,152,152 multiprocessing INFO child process calling self.run()
SpawnPoolWorker-37| 2026-06-22 05:54:11,394,394 multiprocessing INFO STARTING NEW RUN ==========
SpawnPoolWorker-37| 2026-06-22 05:54:11,394,394 multiprocessing INFO SEE LOG AT : ./logs/all_Lyapunov_test_dso-fn_d_all_l_01_log.txt
SpawnPoolWorker-37| 2026-06-22 05:54:11,394,394 multiprocessing INFO See log at : ./logs/all_Lyapunov_test_dso-fn_d_all_l_01_log.txt
SpawnPoolWorker-37| 2026-06-22 05:54:11,404,404 multiprocessing INFO child process calling self.run()
SpawnPoolWorker-24| 2026-06-22 05:54:11,493,493 multiprocessing INFO STARTING NEW RUN ==========
SpawnPoolWorker-24| 2026-06-22 05:54:11,493,493 multiprocessing INFO SEE LOG AT : ./logs/all_Lyapunov_test_dso-fn_d_all_l_01_log.txt
SpawnPoolWorker-24| 2026-06-22 05:54:11,493,493 multiprocessing INFO See log at : ./logs/all_Lyapunov_test_dso-fn_d_all_l_01_log.txt
SpawnPoolWorker-24| 2026-06-22 05:54:11,498,498 multiprocessing INFO child process calling self.run()
SpawnPoolWorker-55| 2026-06-22 05:54:11,591,591 multiprocessing INFO STARTING NEW RUN ==========
SpawnPoolWorker-55| 2026-06-22 05:54:11,592,592 multiprocessing INFO SEE LOG AT : ./logs/all_Lyapunov_test_dso-fn_d_all_l_01_log.txt
SpawnPoolWorker-55| 2026-06-22 05:54:11,592,592 multiprocessing INFO See log at : ./logs/all_Lyapunov_test_dso-fn_d_all_l_01_log.txt
SpawnPoolWorker-55| 2026-06-22 05:54:11,594,594 multiprocessing INFO child process calling self.run()
SpawnPoolWorker-43| 2026-06-22 05:54:11,708,708 multiprocessing INFO STARTING NEW RUN ==========
SpawnPoolWorker-43| 2026-06-22 05:54:11,708,708 multiprocessing INFO SEE LOG AT : ./logs/all_Lyapunov_test_dso-fn_d_all_l_01_log.txt
SpawnPoolWorker-43| 2026-06-22 05:54:11,708,708 multiprocessing INFO See log at : ./logs/all_Lyapunov_test_dso-fn_d_all_l_01_log.txt
SpawnPoolWorker-43| 2026-06-22 05:54:11,712,712 multiprocessing INFO child process calling self.run()
SpawnPoolWorker-42| 2026-06-22 05:54:11,773,773 multiprocessing INFO STARTING NEW RUN ==========
SpawnPoolWorker-42| 2026-06-22 05:54:11,773,773 multiprocessing INFO SEE LOG AT : ./logs/all_Lyapunov_test_dso-fn_d_all_l_01_log.txt
SpawnPoolWorker-42| 2026-06-22 05:54:11,773,773 multiprocessing INFO See log at : ./logs/all_Lyapunov_test_dso-fn_d_all_l_01_log.txt
SpawnPoolWorker-42| 2026-06-22 05:54:11,781,781 multiprocessing INFO child process calling self.run()
SpawnPoolWorker-45| 2026-06-22 05:54:11,811,811 multiprocessing INFO STARTING NEW RUN ==========
SpawnPoolWorker-45| 2026-06-22 05:54:11,811,811 multiprocessing INFO SEE LOG AT : ./logs/all_Lyapunov_test_dso-fn_d_all_l_01_log.txt
SpawnPoolWorker-45| 2026-06-22 05:54:11,811,811 multiprocessing INFO See log at : ./logs/all_Lyapunov_test_dso-fn_d_all_l_01_log.txt
SpawnPoolWorker-45| 2026-06-22 05:54:11,813,813 multiprocessing INFO child process calling self.run()
SpawnPoolWorker-40| 2026-06-22 05:54:11,956,956 multiprocessing INFO STARTING NEW RUN ==========
SpawnPoolWorker-40| 2026-06-22 05:54:11,956,956 multiprocessing INFO SEE LOG AT : ./logs/all_Lyapunov_test_dso-fn_d_all_l_01_log.txt
SpawnPoolWorker-40| 2026-06-22 05:54:11,956,956 multiprocessing INFO See log at : ./logs/all_Lyapunov_test_dso-fn_d_all_l_01_log.txt
SpawnPoolWorker-40| 2026-06-22 05:54:11,957,957 multiprocessing INFO child process calling self.run()
SpawnPoolWorker-49| 2026-06-22 05:54:12,157,157 multiprocessing INFO STARTING NEW RUN ==========
SpawnPoolWorker-49| 2026-06-22 05:54:12,157,157 multiprocessing INFO SEE LOG AT : ./logs/all_Lyapunov_test_dso-fn_d_all_l_01_log.txt
SpawnPoolWorker-49| 2026-06-22 05:54:12,157,157 multiprocessing INFO See log at : ./logs/all_Lyapunov_test_dso-fn_d_all_l_01_log.txt
SpawnPoolWorker-49| 2026-06-22 05:54:12,165,165 multiprocessing INFO child process calling self.run()
SpawnPoolWorker-44| 2026-06-22 05:54:12,274,274 multiprocessing INFO STARTING NEW RUN ==========
SpawnPoolWorker-44| 2026-06-22 05:54:12,274,274 multiprocessing INFO SEE LOG AT : ./logs/all_Lyapunov_test_dso-fn_d_all_l_01_log.txt
SpawnPoolWorker-44| 2026-06-22 05:54:12,274,274 multiprocessing INFO See log at : ./logs/all_Lyapunov_test_dso-fn_d_all_l_01_log.txt
SpawnPoolWorker-44| 2026-06-22 05:54:12,278,278 multiprocessing INFO child process calling self.run()
SpawnPoolWorker-52| 2026-06-22 06:00:44,908,908 multiprocessing INFO process shutting down
SpawnPoolWorker-19| 2026-06-22 06:00:44,910,910 multiprocessing INFO process shutting down
SpawnPoolWorker-25| 2026-06-22 06:00:44,908,908 multiprocessing INFO process shutting down
SpawnPoolWorker-20| 2026-06-22 06:00:44,908,908 multiprocessing INFO process shutting down
SpawnPoolWorker-18| 2026-06-22 06:00:44,910,910 multiprocessing INFO process shutting down
SpawnPoolWorker-15| 2026-06-22 06:00:44,910,910 multiprocessing INFO process shutting down
SpawnPoolWorker-39| 2026-06-22 06:00:44,908,908 multiprocessing INFO process shutting down
SpawnPoolWorker-50| 2026-06-22 06:00:44,910,910 multiprocessing INFO process shutting down
SpawnPoolWorker-14| 2026-06-22 06:00:44,909,909 multiprocessing INFO process shutting down
SpawnPoolWorker-31| 2026-06-22 06:00:44,910,910 multiprocessing INFO process shutting down
SpawnPoolWorker-57| 2026-06-22 06:00:44,909,909 multiprocessing INFO process shutting down
SpawnPoolWorker-11| 2026-06-22 06:00:44,909,909 multiprocessing INFO process shutting down
SpawnPoolWorker-53| 2026-06-22 06:00:44,909,909 multiprocessing INFO process shutting down
SpawnPoolWorker-34| 2026-06-22 06:00:44,910,910 multiprocessing INFO process shutting down
SpawnPoolWorker-35| 2026-06-22 06:00:44,909,909 multiprocessing INFO process shutting down
SpawnPoolWorker-16| 2026-06-22 06:00:44,910,910 multiprocessing INFO process shutting down
SpawnPoolWorker-58| 2026-06-22 06:00:44,909,909 multiprocessing INFO process shutting down
SpawnPoolWorker-56| 2026-06-22 06:00:44,909,909 multiprocessing INFO process shutting down
SpawnPoolWorker-37| 2026-06-22 06:00:44,909,909 multiprocessing INFO process shutting down
SpawnPoolWorker-54| 2026-06-22 06:00:44,910,910 multiprocessing INFO process shutting down
SpawnPoolWorker-24| 2026-06-22 06:00:44,909,909 multiprocessing INFO process shutting down
SpawnPoolWorker-55| 2026-06-22 06:00:44,909,909 multiprocessing INFO process shutting down
SpawnPoolWorker-12| 2026-06-22 06:00:44,910,910 multiprocessing INFO process shutting down
SpawnPoolWorker-43| 2026-06-22 06:00:44,909,909 multiprocessing INFO process shutting down
SpawnPoolWorker-42| 2026-06-22 06:00:44,909,909 multiprocessing INFO process shutting down
SpawnPoolWorker-45| 2026-06-22 06:00:44,909,909 multiprocessing INFO process shutting down
SpawnPoolWorker-41| 2026-06-22 06:00:44,911,911 multiprocessing INFO process shutting down
SpawnPoolWorker-40| 2026-06-22 06:00:44,909,909 multiprocessing INFO process shutting down
SpawnPoolWorker-49| 2026-06-22 06:00:44,909,909 multiprocessing INFO process shutting down
SpawnPoolWorker-28| 2026-06-22 06:00:44,911,911 multiprocessing INFO process shutting down
SpawnPoolWorker-44| 2026-06-22 06:00:44,909,909 multiprocessing INFO process shutting down
SpawnPoolWorker-13| 2026-06-22 06:00:44,909,909 multiprocessing INFO process shutting down
SpawnPoolWorker-48| 2026-06-22 06:00:44,910,910 multiprocessing INFO process shutting down
SpawnPoolWorker-33| 2026-06-22 06:00:44,911,911 multiprocessing INFO process shutting down
SpawnPoolWorker-26| 2026-06-22 06:00:44,911,911 multiprocessing INFO process shutting down
SpawnPoolWorker-44| 2026-06-22 06:00:44,911,911 multiprocessing INFO process exiting with exitcode 0
SpawnPoolWorker-56| 2026-06-22 06:00:44,911,911 multiprocessing INFO process exiting with exitcode 0
SpawnPoolWorker-30| 2026-06-22 06:00:44,911,911 multiprocessing INFO process shutting down
SpawnPoolWorker-33| 2026-06-22 06:00:44,911,911 multiprocessing INFO process exiting with exitcode 0
SpawnPoolWorker-13| 2026-06-22 06:00:44,911,911 multiprocessing INFO process exiting with exitcode 0
SpawnPoolWorker-48| 2026-06-22 06:00:44,911,911 multiprocessing INFO process exiting with exitcode 0
SpawnPoolWorker-23| 2026-06-22 06:00:44,910,910 multiprocessing INFO process shutting down
SpawnPoolWorker-51| 2026-06-22 06:00:44,910,910 multiprocessing INFO process shutting down
SpawnPoolWorker-26| 2026-06-22 06:00:44,911,911 multiprocessing INFO process exiting with exitcode 0
SpawnPoolWorker-30| 2026-06-22 06:00:44,911,911 multiprocessing INFO process exiting with exitcode 0
SpawnPoolWorker-17| 2026-06-22 06:00:44,911,911 multiprocessing INFO process shutting down
SpawnPoolWorker-29| 2026-06-22 06:00:44,911,911 multiprocessing INFO process shutting down
SpawnPoolWorker-46| 2026-06-22 06:00:44,912,912 multiprocessing INFO process shutting down
SpawnPoolWorker-47| 2026-06-22 06:00:44,912,912 multiprocessing INFO process shutting down
SpawnPoolWorker-27| 2026-06-22 06:00:44,912,912 multiprocessing INFO process shutting down
SpawnPoolWorker-32| 2026-06-22 06:00:44,912,912 multiprocessing INFO process shutting down
SpawnPoolWorker-36| 2026-06-22 06:00:44,912,912 multiprocessing INFO process shutting down
SpawnPoolWorker-21| 2026-06-22 06:00:44,912,912 multiprocessing INFO process shutting down
SpawnPoolWorker-38| 2026-06-22 06:00:44,912,912 multiprocessing INFO process shutting down
28
(100000, 9)
(100000,)
(100000, 9)
(100000,)

=======================Successfully Added (50000, 9) Counter Examples=======================


============None of the candidates fulfill the conditions. Training CONTINUES!=================

MainProcess| 2026-06-22 06:00:49,994,994 multiprocessing INFO 
============None of the candidates fulfill the conditions. Training CONTINUES!=================


============None of the candidates fulfill the conditions. Training CONTINUES!=================

(55, 171)
/users/9/chen8596/miniconda3/envs/alfd/lib/python3.9/site-packages/torch/nn/functional.py:4999: UserWarning: Support for mismatched key_padding_mask and attn_mask is deprecated. Use same type for both instead.
  warnings.warn(

==============Start Supervised Learning==============

MainProcess| 2026-06-22 06:00:58,315,315 multiprocessing INFO GP output mean: 0.4805701494233896
GP output mean: 0.4805701494233896
MainProcess| 2026-06-22 06:00:59,422,422 multiprocessing INFO GP output success rate: 0.0
GP output success rate: 0.0

==============End Supervised Learning==============

/users/9/chen8596/LyaDis/repro/runs/syn9d/utils/train.py:971: RuntimeWarning: divide by zero encountered in divide
  error = np.abs(((y_hat - y) / y))
/users/9/chen8596/.local/lib/python3.9/site-packages/scipy/stats/_stats_py.py:4424: ConstantInputWarning: An input array is constant; the correlation coefficient is not defined.
  warnings.warn(stats.ConstantInputWarning(msg))
MainProcess| 2026-06-22 06:01:01,694,694 multiprocessing INFO [Test epoch=0001]  nevals=13790 	| train_loss=14441.43555 	| eqs_invalid %=0.00 	| r_best=0.95283 	| quantile=0.27455 	| r_quantile_mean=0.78673 	| r_raw_sum=44.21285 	|  r_raw_mean=0.69083 	| r2=nan 	| acc_iid=0.00000 	| acc_ood=0.00000 	| nmse_test=1.5533407872585796 	| true_equation_set_count=0 	| s/it=721.39390
[Test epoch=0001]  nevals=13790 	| train_loss=14441.43555 	| eqs_invalid %=0.00 	| r_best=0.95283 	| quantile=0.27455 	| r_quantile_mean=0.78673 	| r_raw_sum=44.21285 	|  r_raw_mean=0.69083 	| r2=nan 	| acc_iid=0.00000 	| acc_ood=0.00000 	| nmse_test=1.5533407872585796 	| true_equation_set_count=0 	| s/it=721.39390
MainProcess| 2026-06-22 06:01:01,694,694 multiprocessing INFO [00:00:12:01.41] Training epoch 1/4000, current best R: 0.9528
[00:00:12:01.41] Training epoch 1/4000, current best R: 0.9528
MainProcess| 2026-06-22 06:01:01,694,694 multiprocessing INFO 
	** New best

	** New best
MainProcess| 2026-06-22 06:01:01,694,694 multiprocessing INFO 	Reward: 0.9528273756734356
	Reward: 0.9528273756734356
MainProcess| 2026-06-22 06:01:01,694,694 multiprocessing INFO 	Count Off-policy: 1
	Count Off-policy: 1
MainProcess| 2026-06-22 06:01:01,694,694 multiprocessing INFO 	Count On-policy: 0
	Count On-policy: 0
MainProcess| 2026-06-22 06:01:01,694,694 multiprocessing INFO 	Originally on Policy: False
	Originally on Policy: False
MainProcess| 2026-06-22 06:01:01,694,694 multiprocessing INFO 	Invalid: False
	Invalid: False
MainProcess| 2026-06-22 06:01:01,694,694 multiprocessing INFO 	Traversal: add,n2,mul,x6,x6,n2,add,n2,mul,x3,x4,mul,sub,x8,mul,mul,add,add,x7,mul,x5,cos,x9,x8,sin,x1,x2,x8
	Traversal: add,n2,mul,x6,x6,n2,add,n2,mul,x3,x4,mul,sub,x8,mul,mul,add,add,x7,mul,x5,cos,x9,x8,sin,x1,x2,x8
MainProcess| 2026-06-22 06:01:01,694,694 multiprocessing INFO 	Expression:
	Expression:
MainProcess| 2026-06-22 06:01:01,816,816 multiprocessing INFO 
	                                                                2
	    4   ⎛  2   2                                               ⎞ 
	  x₆  + ⎝x₃ ⋅x₄  + x₈⋅(-x₂⋅(x₅⋅cos(x₉) + x₇ + x₈)⋅sin(x₁) + x₈)⎠ 


	                                                                2
	    4   ⎛  2   2                                               ⎞ 
	  x₆  + ⎝x₃ ⋅x₄  + x₈⋅(-x₂⋅(x₅⋅cos(x₉) + x₇ + x₈)⋅sin(x₁) + x₈)⎠ 

MainProcess| 2026-06-22 06:08:06,267,267 multiprocessing INFO Genetic Porgramming Runtime 423.3279072048608
Genetic Porgramming Runtime 423.3279072048608

=========================PGD Collection Starts=========================

SpawnPoolWorker-59| 2026-06-22 06:08:11,044,44 multiprocessing INFO STARTING NEW RUN ==========
SpawnPoolWorker-59| 2026-06-22 06:08:11,044,44 multiprocessing INFO SEE LOG AT : ./logs/all_Lyapunov_test_dso-fn_d_all_l_01_log.txt
SpawnPoolWorker-59| 2026-06-22 06:08:11,044,44 multiprocessing INFO See log at : ./logs/all_Lyapunov_test_dso-fn_d_all_l_01_log.txt
SpawnPoolWorker-59| 2026-06-22 06:08:11,046,46 multiprocessing INFO child process calling self.run()
SpawnPoolWorker-65| 2026-06-22 06:08:11,047,47 multiprocessing INFO STARTING NEW RUN ==========
SpawnPoolWorker-67| 2026-06-22 06:08:11,047,47 multiprocessing INFO STARTING NEW RUN ==========
SpawnPoolWorker-63| 2026-06-22 06:08:11,047,47 multiprocessing INFO STARTING NEW RUN ==========
SpawnPoolWorker-64| 2026-06-22 06:08:11,047,47 multiprocessing INFO STARTING NEW RUN ==========
SpawnPoolWorker-65| 2026-06-22 06:08:11,047,47 multiprocessing INFO SEE LOG AT : ./logs/all_Lyapunov_test_dso-fn_d_all_l_01_log.txt
SpawnPoolWorker-67| 2026-06-22 06:08:11,047,47 multiprocessing INFO SEE LOG AT : ./logs/all_Lyapunov_test_dso-fn_d_all_l_01_log.txt
SpawnPoolWorker-63| 2026-06-22 06:08:11,047,47 multiprocessing INFO SEE LOG AT : ./logs/all_Lyapunov_test_dso-fn_d_all_l_01_log.txt
SpawnPoolWorker-65| 2026-06-22 06:08:11,047,47 multiprocessing INFO See log at : ./logs/all_Lyapunov_test_dso-fn_d_all_l_01_log.txt
SpawnPoolWorker-67| 2026-06-22 06:08:11,047,47 multiprocessing INFO See log at : ./logs/all_Lyapunov_test_dso-fn_d_all_l_01_log.txt
SpawnPoolWorker-64| 2026-06-22 06:08:11,047,47 multiprocessing INFO SEE LOG AT : ./logs/all_Lyapunov_test_dso-fn_d_all_l_01_log.txt
SpawnPoolWorker-63| 2026-06-22 06:08:11,047,47 multiprocessing INFO See log at : ./logs/all_Lyapunov_test_dso-fn_d_all_l_01_log.txt
SpawnPoolWorker-64| 2026-06-22 06:08:11,047,47 multiprocessing INFO See log at : ./logs/all_Lyapunov_test_dso-fn_d_all_l_01_log.txt
SpawnPoolWorker-60| 2026-06-22 06:08:11,047,47 multiprocessing INFO STARTING NEW RUN ==========
SpawnPoolWorker-60| 2026-06-22 06:08:11,048,48 multiprocessing INFO SEE LOG AT : ./logs/all_Lyapunov_test_dso-fn_d_all_l_01_log.txt
SpawnPoolWorker-60| 2026-06-22 06:08:11,048,48 multiprocessing INFO See log at : ./logs/all_Lyapunov_test_dso-fn_d_all_l_01_log.txt
SpawnPoolWorker-65| 2026-06-22 06:08:11,048,48 multiprocessing INFO child process calling self.run()
SpawnPoolWorker-67| 2026-06-22 06:08:11,048,48 multiprocessing INFO child process calling self.run()
SpawnPoolWorker-63| 2026-06-22 06:08:11,048,48 multiprocessing INFO child process calling self.run()
SpawnPoolWorker-64| 2026-06-22 06:08:11,049,49 multiprocessing INFO child process calling self.run()
SpawnPoolWorker-60| 2026-06-22 06:08:11,049,49 multiprocessing INFO child process calling self.run()
SpawnPoolWorker-62| 2026-06-22 06:08:11,050,50 multiprocessing INFO STARTING NEW RUN ==========
SpawnPoolWorker-62| 2026-06-22 06:08:11,050,50 multiprocessing INFO SEE LOG AT : ./logs/all_Lyapunov_test_dso-fn_d_all_l_01_log.txt
SpawnPoolWorker-62| 2026-06-22 06:08:11,050,50 multiprocessing INFO See log at : ./logs/all_Lyapunov_test_dso-fn_d_all_l_01_log.txt
SpawnPoolWorker-62| 2026-06-22 06:08:11,051,51 multiprocessing INFO child process calling self.run()
SpawnPoolWorker-66| 2026-06-22 06:08:11,055,55 multiprocessing INFO STARTING NEW RUN ==========
SpawnPoolWorker-66| 2026-06-22 06:08:11,055,55 multiprocessing INFO SEE LOG AT : ./logs/all_Lyapunov_test_dso-fn_d_all_l_01_log.txt
SpawnPoolWorker-66| 2026-06-22 06:08:11,055,55 multiprocessing INFO See log at : ./logs/all_Lyapunov_test_dso-fn_d_all_l_01_log.txt
SpawnPoolWorker-66| 2026-06-22 06:08:11,057,57 multiprocessing INFO child process calling self.run()
SpawnPoolWorker-61| 2026-06-22 06:08:11,059,59 multiprocessing INFO STARTING NEW RUN ==========
SpawnPoolWorker-61| 2026-06-22 06:08:11,059,59 multiprocessing INFO SEE LOG AT : ./logs/all_Lyapunov_test_dso-fn_d_all_l_01_log.txt
SpawnPoolWorker-61| 2026-06-22 06:08:11,059,59 multiprocessing INFO See log at : ./logs/all_Lyapunov_test_dso-fn_d_all_l_01_log.txt
SpawnPoolWorker-61| 2026-06-22 06:08:11,061,61 multiprocessing INFO child process calling self.run()
SpawnPoolWorker-68| 2026-06-22 06:08:11,061,61 multiprocessing INFO STARTING NEW RUN ==========
SpawnPoolWorker-68| 2026-06-22 06:08:11,061,61 multiprocessing INFO SEE LOG AT : ./logs/all_Lyapunov_test_dso-fn_d_all_l_01_log.txt
SpawnPoolWorker-68| 2026-06-22 06:08:11,061,61 multiprocessing INFO See log at : ./logs/all_Lyapunov_test_dso-fn_d_all_l_01_log.txt
SpawnPoolWorker-68| 2026-06-22 06:08:11,063,63 multiprocessing INFO child process calling self.run()
SpawnPoolWorker-61| 2026-06-22 06:08:32,560,560 multiprocessing INFO process shutting down
SpawnPoolWorker-62| 2026-06-22 06:08:32,560,560 multiprocessing INFO process shutting down
SpawnPoolWorker-61| 2026-06-22 06:08:32,560,560 multiprocessing INFO process exiting with exitcode 0
SpawnPoolWorker-62| 2026-06-22 06:08:32,560,560 multiprocessing INFO process exiting with exitcode 0
SpawnPoolWorker-65| 2026-06-22 06:08:32,560,560 multiprocessing INFO process shutting down
SpawnPoolWorker-66| 2026-06-22 06:08:32,560,560 multiprocessing INFO process shutting down
SpawnPoolWorker-60| 2026-06-22 06:08:32,560,560 multiprocessing INFO process shutting down
SpawnPoolWorker-64| 2026-06-22 06:08:32,560,560 multiprocessing INFO process shutting down
SpawnPoolWorker-63| 2026-06-22 06:08:32,560,560 multiprocessing INFO process shutting down
(20000,)

===================Collect 20000 Examples===================

Epsilon 0.1
500
(550,)
(550,)
(550,)
Number of Programs for Minimization: 28
SpawnPoolWorker-87| 2026-06-22 06:09:01,932,932 multiprocessing INFO STARTING NEW RUN ==========
SpawnPoolWorker-87| 2026-06-22 06:09:01,932,932 multiprocessing INFO SEE LOG AT : ./logs/all_Lyapunov_test_dso-fn_d_all_l_01_log.txt
SpawnPoolWorker-87| 2026-06-22 06:09:01,933,933 multiprocessing INFO See log at : ./logs/all_Lyapunov_test_dso-fn_d_all_l_01_log.txt
SpawnPoolWorker-87| 2026-06-22 06:09:01,941,941 multiprocessing INFO child process calling self.run()
SpawnPoolWorker-75| 2026-06-22 06:09:02,565,565 multiprocessing INFO STARTING NEW RUN ==========
SpawnPoolWorker-75| 2026-06-22 06:09:02,565,565 multiprocessing INFO SEE LOG AT : ./logs/all_Lyapunov_test_dso-fn_d_all_l_01_log.txt
SpawnPoolWorker-75| 2026-06-22 06:09:02,565,565 multiprocessing INFO See log at : ./logs/all_Lyapunov_test_dso-fn_d_all_l_01_log.txt
SpawnPoolWorker-75| 2026-06-22 06:09:02,574,574 multiprocessing INFO child process calling self.run()
SpawnPoolWorker-69| 2026-06-22 06:09:02,578,578 multiprocessing INFO STARTING NEW RUN ==========
SpawnPoolWorker-69| 2026-06-22 06:09:02,578,578 multiprocessing INFO SEE LOG AT : ./logs/all_Lyapunov_test_dso-fn_d_all_l_01_log.txt
SpawnPoolWorker-69| 2026-06-22 06:09:02,578,578 multiprocessing INFO See log at : ./logs/all_Lyapunov_test_dso-fn_d_all_l_01_log.txt
SpawnPoolWorker-69| 2026-06-22 06:09:02,583,583 multiprocessing INFO child process calling self.run()
SpawnPoolWorker-77| 2026-06-22 06:09:02,860,860 multiprocessing INFO STARTING NEW RUN ==========
SpawnPoolWorker-77| 2026-06-22 06:09:02,860,860 multiprocessing INFO SEE LOG AT : ./logs/all_Lyapunov_test_dso-fn_d_all_l_01_log.txt
SpawnPoolWorker-77| 2026-06-22 06:09:02,860,860 multiprocessing INFO See log at : ./logs/all_Lyapunov_test_dso-fn_d_all_l_01_log.txt
SpawnPoolWorker-77| 2026-06-22 06:09:02,862,862 multiprocessing INFO child process calling self.run()
SpawnPoolWorker-70| 2026-06-22 06:09:03,091,91 multiprocessing INFO STARTING NEW RUN ==========
SpawnPoolWorker-70| 2026-06-22 06:09:03,092,92 multiprocessing INFO SEE LOG AT : ./logs/all_Lyapunov_test_dso-fn_d_all_l_01_log.txt
SpawnPoolWorker-70| 2026-06-22 06:09:03,092,92 multiprocessing INFO See log at : ./logs/all_Lyapunov_test_dso-fn_d_all_l_01_log.txt
SpawnPoolWorker-70| 2026-06-22 06:09:03,094,94 multiprocessing INFO child process calling self.run()
SpawnPoolWorker-84| 2026-06-22 06:09:03,326,326 multiprocessing INFO STARTING NEW RUN ==========
SpawnPoolWorker-84| 2026-06-22 06:09:03,326,326 multiprocessing INFO SEE LOG AT : ./logs/all_Lyapunov_test_dso-fn_d_all_l_01_log.txt
SpawnPoolWorker-84| 2026-06-22 06:09:03,326,326 multiprocessing INFO See log at : ./logs/all_Lyapunov_test_dso-fn_d_all_l_01_log.txt
SpawnPoolWorker-84| 2026-06-22 06:09:03,330,330 multiprocessing INFO child process calling self.run()
SpawnPoolWorker-98| 2026-06-22 06:09:03,481,481 multiprocessing INFO STARTING NEW RUN ==========
SpawnPoolWorker-98| 2026-06-22 06:09:03,481,481 multiprocessing INFO SEE LOG AT : ./logs/all_Lyapunov_test_dso-fn_d_all_l_01_log.txt
SpawnPoolWorker-98| 2026-06-22 06:09:03,481,481 multiprocessing INFO See log at : ./logs/all_Lyapunov_test_dso-fn_d_all_l_01_log.txt
SpawnPoolWorker-98| 2026-06-22 06:09:03,491,491 multiprocessing INFO child process calling self.run()
SpawnPoolWorker-110| 2026-06-22 06:09:03,598,598 multiprocessing INFO STARTING NEW RUN ==========
SpawnPoolWorker-110| 2026-06-22 06:09:03,598,598 multiprocessing INFO SEE LOG AT : ./logs/all_Lyapunov_test_dso-fn_d_all_l_01_log.txt
SpawnPoolWorker-110| 2026-06-22 06:09:03,598,598 multiprocessing INFO See log at : ./logs/all_Lyapunov_test_dso-fn_d_all_l_01_log.txt
SpawnPoolWorker-110| 2026-06-22 06:09:03,600,600 multiprocessing INFO child process calling self.run()
SpawnPoolWorker-71| 2026-06-22 06:09:03,801,801 multiprocessing INFO STARTING NEW RUN ==========
SpawnPoolWorker-71| 2026-06-22 06:09:03,801,801 multiprocessing INFO SEE LOG AT : ./logs/all_Lyapunov_test_dso-fn_d_all_l_01_log.txt
SpawnPoolWorker-71| 2026-06-22 06:09:03,801,801 multiprocessing INFO See log at : ./logs/all_Lyapunov_test_dso-fn_d_all_l_01_log.txt
SpawnPoolWorker-71| 2026-06-22 06:09:03,807,807 multiprocessing INFO child process calling self.run()
SpawnPoolWorker-93| 2026-06-22 06:09:03,946,946 multiprocessing INFO STARTING NEW RUN ==========
SpawnPoolWorker-93| 2026-06-22 06:09:03,946,946 multiprocessing INFO SEE LOG AT : ./logs/all_Lyapunov_test_dso-fn_d_all_l_01_log.txt
SpawnPoolWorker-93| 2026-06-22 06:09:03,946,946 multiprocessing INFO See log at : ./logs/all_Lyapunov_test_dso-fn_d_all_l_01_log.txt
SpawnPoolWorker-93| 2026-06-22 06:09:03,948,948 multiprocessing INFO child process calling self.run()
SpawnPoolWorker-97| 2026-06-22 06:09:04,149,149 multiprocessing INFO STARTING NEW RUN ==========
SpawnPoolWorker-97| 2026-06-22 06:09:04,149,149 multiprocessing INFO SEE LOG AT : ./logs/all_Lyapunov_test_dso-fn_d_all_l_01_log.txt
SpawnPoolWorker-97| 2026-06-22 06:09:04,149,149 multiprocessing INFO See log at : ./logs/all_Lyapunov_test_dso-fn_d_all_l_01_log.txt
SpawnPoolWorker-97| 2026-06-22 06:09:04,154,154 multiprocessing INFO child process calling self.run()
SpawnPoolWorker-72| 2026-06-22 06:09:04,394,394 multiprocessing INFO STARTING NEW RUN ==========
SpawnPoolWorker-72| 2026-06-22 06:09:04,394,394 multiprocessing INFO SEE LOG AT : ./logs/all_Lyapunov_test_dso-fn_d_all_l_01_log.txt
SpawnPoolWorker-72| 2026-06-22 06:09:04,394,394 multiprocessing INFO See log at : ./logs/all_Lyapunov_test_dso-fn_d_all_l_01_log.txt
SpawnPoolWorker-72| 2026-06-22 06:09:04,403,403 multiprocessing INFO child process calling self.run()
SpawnPoolWorker-85| 2026-06-22 06:09:04,448,448 multiprocessing INFO STARTING NEW RUN ==========
SpawnPoolWorker-85| 2026-06-22 06:09:04,448,448 multiprocessing INFO SEE LOG AT : ./logs/all_Lyapunov_test_dso-fn_d_all_l_01_log.txt
SpawnPoolWorker-85| 2026-06-22 06:09:04,448,448 multiprocessing INFO See log at : ./logs/all_Lyapunov_test_dso-fn_d_all_l_01_log.txt
SpawnPoolWorker-85| 2026-06-22 06:09:04,455,455 multiprocessing INFO child process calling self.run()
SpawnPoolWorker-76| 2026-06-22 06:09:04,519,519 multiprocessing INFO STARTING NEW RUN ==========
SpawnPoolWorker-76| 2026-06-22 06:09:04,520,520 multiprocessing INFO SEE LOG AT : ./logs/all_Lyapunov_test_dso-fn_d_all_l_01_log.txt
SpawnPoolWorker-76| 2026-06-22 06:09:04,520,520 multiprocessing INFO See log at : ./logs/all_Lyapunov_test_dso-fn_d_all_l_01_log.txt
SpawnPoolWorker-76| 2026-06-22 06:09:04,527,527 multiprocessing INFO child process calling self.run()
SpawnPoolWorker-79| 2026-06-22 06:09:04,573,573 multiprocessing INFO STARTING NEW RUN ==========
SpawnPoolWorker-79| 2026-06-22 06:09:04,573,573 multiprocessing INFO SEE LOG AT : ./logs/all_Lyapunov_test_dso-fn_d_all_l_01_log.txt
SpawnPoolWorker-79| 2026-06-22 06:09:04,573,573 multiprocessing INFO See log at : ./logs/all_Lyapunov_test_dso-fn_d_all_l_01_log.txt
SpawnPoolWorker-79| 2026-06-22 06:09:04,584,584 multiprocessing INFO child process calling self.run()
SpawnPoolWorker-88| 2026-06-22 06:09:04,734,734 multiprocessing INFO STARTING NEW RUN ==========
SpawnPoolWorker-88| 2026-06-22 06:09:04,734,734 multiprocessing INFO SEE LOG AT : ./logs/all_Lyapunov_test_dso-fn_d_all_l_01_log.txt
SpawnPoolWorker-88| 2026-06-22 06:09:04,734,734 multiprocessing INFO See log at : ./logs/all_Lyapunov_test_dso-fn_d_all_l_01_log.txt
SpawnPoolWorker-88| 2026-06-22 06:09:04,737,737 multiprocessing INFO child process calling self.run()
SpawnPoolWorker-81| 2026-06-22 06:09:04,754,754 multiprocessing INFO STARTING NEW RUN ==========
SpawnPoolWorker-81| 2026-06-22 06:09:04,754,754 multiprocessing INFO SEE LOG AT : ./logs/all_Lyapunov_test_dso-fn_d_all_l_01_log.txt
SpawnPoolWorker-81| 2026-06-22 06:09:04,754,754 multiprocessing INFO See log at : ./logs/all_Lyapunov_test_dso-fn_d_all_l_01_log.txt
SpawnPoolWorker-81| 2026-06-22 06:09:04,765,765 multiprocessing INFO child process calling self.run()
SpawnPoolWorker-74| 2026-06-22 06:09:04,842,842 multiprocessing INFO STARTING NEW RUN ==========
SpawnPoolWorker-74| 2026-06-22 06:09:04,842,842 multiprocessing INFO SEE LOG AT : ./logs/all_Lyapunov_test_dso-fn_d_all_l_01_log.txt
SpawnPoolWorker-74| 2026-06-22 06:09:04,842,842 multiprocessing INFO See log at : ./logs/all_Lyapunov_test_dso-fn_d_all_l_01_log.txt
SpawnPoolWorker-74| 2026-06-22 06:09:04,844,844 multiprocessing INFO child process calling self.run()
SpawnPoolWorker-82| 2026-06-22 06:09:05,095,95 multiprocessing INFO STARTING NEW RUN ==========
SpawnPoolWorker-82| 2026-06-22 06:09:05,095,95 multiprocessing INFO SEE LOG AT : ./logs/all_Lyapunov_test_dso-fn_d_all_l_01_log.txt
SpawnPoolWorker-82| 2026-06-22 06:09:05,095,95 multiprocessing INFO See log at : ./logs/all_Lyapunov_test_dso-fn_d_all_l_01_log.txt
SpawnPoolWorker-82| 2026-06-22 06:09:05,106,106 multiprocessing INFO child process calling self.run()
SpawnPoolWorker-89| 2026-06-22 06:09:05,163,163 multiprocessing INFO STARTING NEW RUN ==========
SpawnPoolWorker-89| 2026-06-22 06:09:05,163,163 multiprocessing INFO SEE LOG AT : ./logs/all_Lyapunov_test_dso-fn_d_all_l_01_log.txt
SpawnPoolWorker-89| 2026-06-22 06:09:05,163,163 multiprocessing INFO See log at : ./logs/all_Lyapunov_test_dso-fn_d_all_l_01_log.txt
SpawnPoolWorker-89| 2026-06-22 06:09:05,167,167 multiprocessing INFO child process calling self.run()
SpawnPoolWorker-86| 2026-06-22 06:09:05,218,218 multiprocessing INFO STARTING NEW RUN ==========
SpawnPoolWorker-86| 2026-06-22 06:09:05,218,218 multiprocessing INFO SEE LOG AT : ./logs/all_Lyapunov_test_dso-fn_d_all_l_01_log.txt
SpawnPoolWorker-86| 2026-06-22 06:09:05,218,218 multiprocessing INFO See log at : ./logs/all_Lyapunov_test_dso-fn_d_all_l_01_log.txt
SpawnPoolWorker-86| 2026-06-22 06:09:05,229,229 multiprocessing INFO child process calling self.run()
SpawnPoolWorker-73| 2026-06-22 06:09:05,344,344 multiprocessing INFO STARTING NEW RUN ==========
SpawnPoolWorker-73| 2026-06-22 06:09:05,344,344 multiprocessing INFO SEE LOG AT : ./logs/all_Lyapunov_test_dso-fn_d_all_l_01_log.txt
SpawnPoolWorker-73| 2026-06-22 06:09:05,344,344 multiprocessing INFO See log at : ./logs/all_Lyapunov_test_dso-fn_d_all_l_01_log.txt
SpawnPoolWorker-73| 2026-06-22 06:09:05,353,353 multiprocessing INFO child process calling self.run()
SpawnPoolWorker-78| 2026-06-22 06:09:05,371,371 multiprocessing INFO STARTING NEW RUN ==========
SpawnPoolWorker-78| 2026-06-22 06:09:05,371,371 multiprocessing INFO SEE LOG AT : ./logs/all_Lyapunov_test_dso-fn_d_all_l_01_log.txt
SpawnPoolWorker-78| 2026-06-22 06:09:05,371,371 multiprocessing INFO See log at : ./logs/all_Lyapunov_test_dso-fn_d_all_l_01_log.txt
SpawnPoolWorker-78| 2026-06-22 06:09:05,373,373 multiprocessing INFO child process calling self.run()
SpawnPoolWorker-114| 2026-06-22 06:09:05,422,422 multiprocessing INFO STARTING NEW RUN ==========
SpawnPoolWorker-114| 2026-06-22 06:09:05,422,422 multiprocessing INFO SEE LOG AT : ./logs/all_Lyapunov_test_dso-fn_d_all_l_01_log.txt
SpawnPoolWorker-114| 2026-06-22 06:09:05,422,422 multiprocessing INFO See log at : ./logs/all_Lyapunov_test_dso-fn_d_all_l_01_log.txt
SpawnPoolWorker-111| 2026-06-22 06:09:05,435,435 multiprocessing INFO STARTING NEW RUN ==========
SpawnPoolWorker-111| 2026-06-22 06:09:05,435,435 multiprocessing INFO SEE LOG AT : ./logs/all_Lyapunov_test_dso-fn_d_all_l_01_log.txt
SpawnPoolWorker-111| 2026-06-22 06:09:05,435,435 multiprocessing INFO See log at : ./logs/all_Lyapunov_test_dso-fn_d_all_l_01_log.txt
SpawnPoolWorker-111| 2026-06-22 06:09:05,438,438 multiprocessing INFO child process calling self.run()
SpawnPoolWorker-114| 2026-06-22 06:09:05,440,440 multiprocessing INFO child process calling self.run()
SpawnPoolWorker-96| 2026-06-22 06:09:05,450,450 multiprocessing INFO STARTING NEW RUN ==========
SpawnPoolWorker-96| 2026-06-22 06:09:05,450,450 multiprocessing INFO SEE LOG AT : ./logs/all_Lyapunov_test_dso-fn_d_all_l_01_log.txt
SpawnPoolWorker-96| 2026-06-22 06:09:05,450,450 multiprocessing INFO See log at : ./logs/all_Lyapunov_test_dso-fn_d_all_l_01_log.txt
SpawnPoolWorker-96| 2026-06-22 06:09:05,457,457 multiprocessing INFO child process calling self.run()
SpawnPoolWorker-100| 2026-06-22 06:09:05,491,491 multiprocessing INFO STARTING NEW RUN ==========
SpawnPoolWorker-100| 2026-06-22 06:09:05,491,491 multiprocessing INFO SEE LOG AT : ./logs/all_Lyapunov_test_dso-fn_d_all_l_01_log.txt
SpawnPoolWorker-100| 2026-06-22 06:09:05,491,491 multiprocessing INFO See log at : ./logs/all_Lyapunov_test_dso-fn_d_all_l_01_log.txt
SpawnPoolWorker-100| 2026-06-22 06:09:05,497,497 multiprocessing INFO child process calling self.run()
SpawnPoolWorker-83| 2026-06-22 06:09:05,501,501 multiprocessing INFO STARTING NEW RUN ==========
SpawnPoolWorker-83| 2026-06-22 06:09:05,505,505 multiprocessing INFO SEE LOG AT : ./logs/all_Lyapunov_test_dso-fn_d_all_l_01_log.txt
SpawnPoolWorker-83| 2026-06-22 06:09:05,505,505 multiprocessing INFO See log at : ./logs/all_Lyapunov_test_dso-fn_d_all_l_01_log.txt
SpawnPoolWorker-83| 2026-06-22 06:09:05,513,513 multiprocessing INFO child process calling self.run()
SpawnPoolWorker-99| 2026-06-22 06:09:05,573,573 multiprocessing INFO STARTING NEW RUN ==========
SpawnPoolWorker-99| 2026-06-22 06:09:05,573,573 multiprocessing INFO SEE LOG AT : ./logs/all_Lyapunov_test_dso-fn_d_all_l_01_log.txt
SpawnPoolWorker-99| 2026-06-22 06:09:05,573,573 multiprocessing INFO See log at : ./logs/all_Lyapunov_test_dso-fn_d_all_l_01_log.txt
SpawnPoolWorker-99| 2026-06-22 06:09:05,579,579 multiprocessing INFO child process calling self.run()
SpawnPoolWorker-101| 2026-06-22 06:09:05,641,641 multiprocessing INFO STARTING NEW RUN ==========
SpawnPoolWorker-101| 2026-06-22 06:09:05,641,641 multiprocessing INFO SEE LOG AT : ./logs/all_Lyapunov_test_dso-fn_d_all_l_01_log.txt
SpawnPoolWorker-101| 2026-06-22 06:09:05,641,641 multiprocessing INFO See log at : ./logs/all_Lyapunov_test_dso-fn_d_all_l_01_log.txt
SpawnPoolWorker-101| 2026-06-22 06:09:05,651,651 multiprocessing INFO child process calling self.run()
SpawnPoolWorker-92| 2026-06-22 06:09:05,800,800 multiprocessing INFO STARTING NEW RUN ==========
SpawnPoolWorker-92| 2026-06-22 06:09:05,800,800 multiprocessing INFO SEE LOG AT : ./logs/all_Lyapunov_test_dso-fn_d_all_l_01_log.txt
SpawnPoolWorker-92| 2026-06-22 06:09:05,800,800 multiprocessing INFO See log at : ./logs/all_Lyapunov_test_dso-fn_d_all_l_01_log.txt
SpawnPoolWorker-92| 2026-06-22 06:09:05,802,802 multiprocessing INFO child process calling self.run()
SpawnPoolWorker-107| 2026-06-22 06:09:05,825,825 multiprocessing INFO STARTING NEW RUN ==========
SpawnPoolWorker-107| 2026-06-22 06:09:05,825,825 multiprocessing INFO SEE LOG AT : ./logs/all_Lyapunov_test_dso-fn_d_all_l_01_log.txt
SpawnPoolWorker-107| 2026-06-22 06:09:05,825,825 multiprocessing INFO See log at : ./logs/all_Lyapunov_test_dso-fn_d_all_l_01_log.txt
SpawnPoolWorker-107| 2026-06-22 06:09:05,843,843 multiprocessing INFO child process calling self.run()
SpawnPoolWorker-105| 2026-06-22 06:09:05,863,863 multiprocessing INFO STARTING NEW RUN ==========
SpawnPoolWorker-105| 2026-06-22 06:09:05,863,863 multiprocessing INFO SEE LOG AT : ./logs/all_Lyapunov_test_dso-fn_d_all_l_01_log.txt
SpawnPoolWorker-105| 2026-06-22 06:09:05,863,863 multiprocessing INFO See log at : ./logs/all_Lyapunov_test_dso-fn_d_all_l_01_log.txt
SpawnPoolWorker-105| 2026-06-22 06:09:05,871,871 multiprocessing INFO child process calling self.run()
SpawnPoolWorker-90| 2026-06-22 06:09:05,879,879 multiprocessing INFO STARTING NEW RUN ==========
SpawnPoolWorker-90| 2026-06-22 06:09:05,879,879 multiprocessing INFO SEE LOG AT : ./logs/all_Lyapunov_test_dso-fn_d_all_l_01_log.txt
SpawnPoolWorker-90| 2026-06-22 06:09:05,879,879 multiprocessing INFO See log at : ./logs/all_Lyapunov_test_dso-fn_d_all_l_01_log.txt
SpawnPoolWorker-90| 2026-06-22 06:09:05,890,890 multiprocessing INFO child process calling self.run()
SpawnPoolWorker-94| 2026-06-22 06:09:05,965,965 multiprocessing INFO STARTING NEW RUN ==========
SpawnPoolWorker-94| 2026-06-22 06:09:05,965,965 multiprocessing INFO SEE LOG AT : ./logs/all_Lyapunov_test_dso-fn_d_all_l_01_log.txt
SpawnPoolWorker-94| 2026-06-22 06:09:05,965,965 multiprocessing INFO See log at : ./logs/all_Lyapunov_test_dso-fn_d_all_l_01_log.txt
SpawnPoolWorker-94| 2026-06-22 06:09:05,980,980 multiprocessing INFO child process calling self.run()
SpawnPoolWorker-80| 2026-06-22 06:09:06,012,12 multiprocessing INFO STARTING NEW RUN ==========
SpawnPoolWorker-80| 2026-06-22 06:09:06,012,12 multiprocessing INFO SEE LOG AT : ./logs/all_Lyapunov_test_dso-fn_d_all_l_01_log.txt
SpawnPoolWorker-80| 2026-06-22 06:09:06,012,12 multiprocessing INFO See log at : ./logs/all_Lyapunov_test_dso-fn_d_all_l_01_log.txt
SpawnPoolWorker-106| 2026-06-22 06:09:06,012,12 multiprocessing INFO STARTING NEW RUN ==========
SpawnPoolWorker-106| 2026-06-22 06:09:06,012,12 multiprocessing INFO SEE LOG AT : ./logs/all_Lyapunov_test_dso-fn_d_all_l_01_log.txt
SpawnPoolWorker-106| 2026-06-22 06:09:06,012,12 multiprocessing INFO See log at : ./logs/all_Lyapunov_test_dso-fn_d_all_l_01_log.txt
SpawnPoolWorker-80| 2026-06-22 06:09:06,017,17 multiprocessing INFO child process calling self.run()
SpawnPoolWorker-106| 2026-06-22 06:09:06,018,18 multiprocessing INFO child process calling self.run()
SpawnPoolWorker-91| 2026-06-22 06:09:06,138,138 multiprocessing INFO STARTING NEW RUN ==========
SpawnPoolWorker-91| 2026-06-22 06:09:06,138,138 multiprocessing INFO SEE LOG AT : ./logs/all_Lyapunov_test_dso-fn_d_all_l_01_log.txt
SpawnPoolWorker-91| 2026-06-22 06:09:06,138,138 multiprocessing INFO See log at : ./logs/all_Lyapunov_test_dso-fn_d_all_l_01_log.txt
SpawnPoolWorker-91| 2026-06-22 06:09:06,140,140 multiprocessing INFO child process calling self.run()
SpawnPoolWorker-104| 2026-06-22 06:09:06,287,287 multiprocessing INFO STARTING NEW RUN ==========
SpawnPoolWorker-104| 2026-06-22 06:09:06,287,287 multiprocessing INFO SEE LOG AT : ./logs/all_Lyapunov_test_dso-fn_d_all_l_01_log.txt
SpawnPoolWorker-104| 2026-06-22 06:09:06,287,287 multiprocessing INFO See log at : ./logs/all_Lyapunov_test_dso-fn_d_all_l_01_log.txt
SpawnPoolWorker-104| 2026-06-22 06:09:06,305,305 multiprocessing INFO child process calling self.run()
SpawnPoolWorker-103| 2026-06-22 06:09:06,435,435 multiprocessing INFO STARTING NEW RUN ==========
SpawnPoolWorker-103| 2026-06-22 06:09:06,435,435 multiprocessing INFO SEE LOG AT : ./logs/all_Lyapunov_test_dso-fn_d_all_l_01_log.txt
SpawnPoolWorker-103| 2026-06-22 06:09:06,435,435 multiprocessing INFO See log at : ./logs/all_Lyapunov_test_dso-fn_d_all_l_01_log.txt
SpawnPoolWorker-103| 2026-06-22 06:09:06,448,448 multiprocessing INFO child process calling self.run()
SpawnPoolWorker-109| 2026-06-22 06:09:06,543,543 multiprocessing INFO STARTING NEW RUN ==========
SpawnPoolWorker-109| 2026-06-22 06:09:06,543,543 multiprocessing INFO SEE LOG AT : ./logs/all_Lyapunov_test_dso-fn_d_all_l_01_log.txt
SpawnPoolWorker-109| 2026-06-22 06:09:06,543,543 multiprocessing INFO See log at : ./logs/all_Lyapunov_test_dso-fn_d_all_l_01_log.txt
SpawnPoolWorker-109| 2026-06-22 06:09:06,551,551 multiprocessing INFO child process calling self.run()
SpawnPoolWorker-95| 2026-06-22 06:09:06,889,889 multiprocessing INFO STARTING NEW RUN ==========
SpawnPoolWorker-95| 2026-06-22 06:09:06,889,889 multiprocessing INFO SEE LOG AT : ./logs/all_Lyapunov_test_dso-fn_d_all_l_01_log.txt
SpawnPoolWorker-95| 2026-06-22 06:09:06,889,889 multiprocessing INFO See log at : ./logs/all_Lyapunov_test_dso-fn_d_all_l_01_log.txt
SpawnPoolWorker-95| 2026-06-22 06:09:06,891,891 multiprocessing INFO child process calling self.run()
SpawnPoolWorker-108| 2026-06-22 06:09:07,278,278 multiprocessing INFO STARTING NEW RUN ==========
SpawnPoolWorker-108| 2026-06-22 06:09:07,278,278 multiprocessing INFO SEE LOG AT : ./logs/all_Lyapunov_test_dso-fn_d_all_l_01_log.txt
SpawnPoolWorker-108| 2026-06-22 06:09:07,279,279 multiprocessing INFO See log at : ./logs/all_Lyapunov_test_dso-fn_d_all_l_01_log.txt
SpawnPoolWorker-108| 2026-06-22 06:09:07,295,295 multiprocessing INFO child process calling self.run()
SpawnPoolWorker-112| 2026-06-22 06:09:07,295,295 multiprocessing INFO STARTING NEW RUN ==========
SpawnPoolWorker-112| 2026-06-22 06:09:07,295,295 multiprocessing INFO SEE LOG AT : ./logs/all_Lyapunov_test_dso-fn_d_all_l_01_log.txt
SpawnPoolWorker-112| 2026-06-22 06:09:07,296,296 multiprocessing INFO See log at : ./logs/all_Lyapunov_test_dso-fn_d_all_l_01_log.txt
SpawnPoolWorker-112| 2026-06-22 06:09:07,297,297 multiprocessing INFO child process calling self.run()
SpawnPoolWorker-116| 2026-06-22 06:09:07,309,309 multiprocessing INFO STARTING NEW RUN ==========
SpawnPoolWorker-116| 2026-06-22 06:09:07,309,309 multiprocessing INFO SEE LOG AT : ./logs/all_Lyapunov_test_dso-fn_d_all_l_01_log.txt
SpawnPoolWorker-116| 2026-06-22 06:09:07,309,309 multiprocessing INFO See log at : ./logs/all_Lyapunov_test_dso-fn_d_all_l_01_log.txt
SpawnPoolWorker-116| 2026-06-22 06:09:07,318,318 multiprocessing INFO child process calling self.run()
SpawnPoolWorker-115| 2026-06-22 06:09:07,403,403 multiprocessing INFO STARTING NEW RUN ==========
SpawnPoolWorker-115| 2026-06-22 06:09:07,403,403 multiprocessing INFO SEE LOG AT : ./logs/all_Lyapunov_test_dso-fn_d_all_l_01_log.txt
SpawnPoolWorker-115| 2026-06-22 06:09:07,403,403 multiprocessing INFO See log at : ./logs/all_Lyapunov_test_dso-fn_d_all_l_01_log.txt
SpawnPoolWorker-115| 2026-06-22 06:09:07,416,416 multiprocessing INFO child process calling self.run()
SpawnPoolWorker-102| 2026-06-22 06:09:07,441,441 multiprocessing INFO STARTING NEW RUN ==========
SpawnPoolWorker-102| 2026-06-22 06:09:07,442,442 multiprocessing INFO SEE LOG AT : ./logs/all_Lyapunov_test_dso-fn_d_all_l_01_log.txt
SpawnPoolWorker-102| 2026-06-22 06:09:07,442,442 multiprocessing INFO See log at : ./logs/all_Lyapunov_test_dso-fn_d_all_l_01_log.txt
SpawnPoolWorker-102| 2026-06-22 06:09:07,450,450 multiprocessing INFO child process calling self.run()
SpawnPoolWorker-113| 2026-06-22 06:09:07,471,471 multiprocessing INFO STARTING NEW RUN ==========
SpawnPoolWorker-113| 2026-06-22 06:09:07,471,471 multiprocessing INFO SEE LOG AT : ./logs/all_Lyapunov_test_dso-fn_d_all_l_01_log.txt
SpawnPoolWorker-113| 2026-06-22 06:09:07,471,471 multiprocessing INFO See log at : ./logs/all_Lyapunov_test_dso-fn_d_all_l_01_log.txt
SpawnPoolWorker-113| 2026-06-22 06:09:07,478,478 multiprocessing INFO child process calling self.run()
SpawnPoolWorker-99| 2026-06-22 06:15:44,926,926 multiprocessing INFO process shutting down
SpawnPoolWorker-101| 2026-06-22 06:15:44,926,926 multiprocessing INFO process shutting down
SpawnPoolWorker-92| 2026-06-22 06:15:44,926,926 multiprocessing INFO process shutting down
SpawnPoolWorker-107| 2026-06-22 06:15:44,926,926 multiprocessing INFO process shutting down
SpawnPoolWorker-105| 2026-06-22 06:15:44,926,926 multiprocessing INFO process shutting down
SpawnPoolWorker-90| 2026-06-22 06:15:44,926,926 multiprocessing INFO process shutting down
SpawnPoolWorker-94| 2026-06-22 06:15:44,926,926 multiprocessing INFO process shutting down
SpawnPoolWorker-80| 2026-06-22 06:15:44,926,926 multiprocessing INFO process shutting down
SpawnPoolWorker-106| 2026-06-22 06:15:44,926,926 multiprocessing INFO process shutting down
SpawnPoolWorker-91| 2026-06-22 06:15:44,926,926 multiprocessing INFO process shutting down
SpawnPoolWorker-104| 2026-06-22 06:15:44,926,926 multiprocessing INFO process shutting down
SpawnPoolWorker-103| 2026-06-22 06:15:44,926,926 multiprocessing INFO process shutting down
SpawnPoolWorker-109| 2026-06-22 06:15:44,927,927 multiprocessing INFO process shutting down
SpawnPoolWorker-99| 2026-06-22 06:15:44,927,927 multiprocessing INFO process exiting with exitcode 0
SpawnPoolWorker-104| 2026-06-22 06:15:44,927,927 multiprocessing INFO process exiting with exitcode 0
SpawnPoolWorker-92| 2026-06-22 06:15:44,927,927 multiprocessing INFO process exiting with exitcode 0
SpawnPoolWorker-101| 2026-06-22 06:15:44,927,927 multiprocessing INFO process exiting with exitcode 0
SpawnPoolWorker-95| 2026-06-22 06:15:44,927,927 multiprocessing INFO process shutting down
SpawnPoolWorker-103| 2026-06-22 06:15:44,927,927 multiprocessing INFO process exiting with exitcode 0
SpawnPoolWorker-109| 2026-06-22 06:15:44,927,927 multiprocessing INFO process exiting with exitcode 0
SpawnPoolWorker-95| 2026-06-22 06:15:44,927,927 multiprocessing INFO process exiting with exitcode 0
SpawnPoolWorker-80| 2026-06-22 06:15:44,927,927 multiprocessing INFO process exiting with exitcode 0
SpawnPoolWorker-108| 2026-06-22 06:15:44,927,927 multiprocessing INFO process shutting down
SpawnPoolWorker-105| 2026-06-22 06:15:44,927,927 multiprocessing INFO process exiting with exitcode 0
SpawnPoolWorker-112| 2026-06-22 06:15:44,927,927 multiprocessing INFO process shutting down
SpawnPoolWorker-116| 2026-06-22 06:15:44,927,927 multiprocessing INFO process shutting down
SpawnPoolWorker-115| 2026-06-22 06:15:44,927,927 multiprocessing INFO process shutting down
SpawnPoolWorker-102| 2026-06-22 06:15:44,927,927 multiprocessing INFO process shutting down
SpawnPoolWorker-113| 2026-06-22 06:15:44,927,927 multiprocessing INFO process shutting down
SpawnPoolWorker-73| 2026-06-22 06:15:44,927,927 multiprocessing INFO process shutting down
SpawnPoolWorker-72| 2026-06-22 06:15:44,928,928 multiprocessing INFO process shutting down
SpawnPoolWorker-87| 2026-06-22 06:15:44,928,928 multiprocessing INFO process shutting down
SpawnPoolWorker-78| 2026-06-22 06:15:44,928,928 multiprocessing INFO process shutting down
SpawnPoolWorker-79| 2026-06-22 06:15:44,928,928 multiprocessing INFO process shutting down
SpawnPoolWorker-85| 2026-06-22 06:15:44,928,928 multiprocessing INFO process shutting down
SpawnPoolWorker-74| 2026-06-22 06:15:44,928,928 multiprocessing INFO process shutting down
SpawnPoolWorker-86| 2026-06-22 06:15:44,928,928 multiprocessing INFO process shutting down
SpawnPoolWorker-83| 2026-06-22 06:15:44,928,928 multiprocessing INFO process shutting down
SpawnPoolWorker-84| 2026-06-22 06:15:44,928,928 multiprocessing INFO process shutting down
SpawnPoolWorker-82| 2026-06-22 06:15:44,928,928 multiprocessing INFO process shutting down
SpawnPoolWorker-110| 2026-06-22 06:15:44,928,928 multiprocessing INFO process shutting down
SpawnPoolWorker-75| 2026-06-22 06:15:44,928,928 multiprocessing INFO process shutting down
SpawnPoolWorker-71| 2026-06-22 06:15:44,928,928 multiprocessing INFO process shutting down
SpawnPoolWorker-98| 2026-06-22 06:15:44,928,928 multiprocessing INFO process shutting down
SpawnPoolWorker-114| 2026-06-22 06:15:44,928,928 multiprocessing INFO process shutting down
SpawnPoolWorker-89| 2026-06-22 06:15:44,929,929 multiprocessing INFO process shutting down
SpawnPoolWorker-88| 2026-06-22 06:15:44,929,929 multiprocessing INFO process shutting down
SpawnPoolWorker-100| 2026-06-22 06:15:44,929,929 multiprocessing INFO process shutting down
SpawnPoolWorker-77| 2026-06-22 06:15:44,929,929 multiprocessing INFO process shutting down
SpawnPoolWorker-107| 2026-06-22 06:15:44,938,938 multiprocessing INFO process exiting with exitcode 0
SpawnPoolWorker-93| 2026-06-22 06:15:44,929,929 multiprocessing INFO process shutting down
SpawnPoolWorker-111| 2026-06-22 06:15:44,929,929 multiprocessing INFO process shutting down
SpawnPoolWorker-69| 2026-06-22 06:15:44,929,929 multiprocessing INFO process shutting down
SpawnPoolWorker-96| 2026-06-22 06:15:44,942,942 multiprocessing INFO process shutting down
SpawnPoolWorker-81| 2026-06-22 06:15:44,942,942 multiprocessing INFO process shutting down
SpawnPoolWorker-76| 2026-06-22 06:15:44,944,944 multiprocessing INFO process shutting down
SpawnPoolWorker-106| 2026-06-22 06:15:44,946,946 multiprocessing INFO process exiting with exitcode 0
SpawnPoolWorker-90| 2026-06-22 06:15:44,946,946 multiprocessing INFO process exiting with exitcode 0
SpawnPoolWorker-94| 2026-06-22 06:15:44,950,950 multiprocessing INFO process exiting with exitcode 0
SpawnPoolWorker-91| 2026-06-22 06:15:44,950,950 multiprocessing INFO process exiting with exitcode 0
SpawnPoolWorker-108| 2026-06-22 06:15:44,950,950 multiprocessing INFO process exiting with exitcode 0
SpawnPoolWorker-112| 2026-06-22 06:15:44,950,950 multiprocessing INFO process exiting with exitcode 0
SpawnPoolWorker-70| 2026-06-22 06:15:44,950,950 multiprocessing INFO process shutting down
SpawnPoolWorker-70| 2026-06-22 06:15:44,950,950 multiprocessing INFO process exiting with exitcode 0
28
(100000, 9)
(100000,)
(100000, 9)
(100000,)

=======================Successfully Added (50000, 9) Counter Examples=======================


============None of the candidates fulfill the conditions. Training CONTINUES!=================

MainProcess| 2026-06-22 06:15:55,342,342 multiprocessing INFO 
============None of the candidates fulfill the conditions. Training CONTINUES!=================


============None of the candidates fulfill the conditions. Training CONTINUES!=================

(550, 171)
/users/9/chen8596/miniconda3/envs/alfd/lib/python3.9/site-packages/torch/nn/functional.py:4999: UserWarning: Support for mismatched key_padding_mask and attn_mask is deprecated. Use same type for both instead.
  warnings.warn(

==============Start Supervised Learning==============

MainProcess| 2026-06-22 06:16:10,937,937 multiprocessing INFO GP output mean: 0.04063878546547374
GP output mean: 0.04063878546547374
MainProcess| 2026-06-22 06:16:12,360,360 multiprocessing INFO GP output success rate: 0.0
GP output success rate: 0.0

==============End Supervised Learning==============

MainProcess| 2026-06-22 06:16:14,489,489 multiprocessing INFO [Test epoch=0002]  nevals=27544 	| train_loss=12742.26660 	| eqs_invalid %=0.36 	| r_best=0.95283 	| quantile=0.00000 	| r_quantile_mean=0.03315 	| r_raw_sum=18.23070 	|  r_raw_mean=0.33761 	| r2=nan 	| acc_iid=0.00000 	| acc_ood=0.00000 	| nmse_test=1.5533407872585796 	| true_equation_set_count=0 	| s/it=912.67310
[Test epoch=0002]  nevals=27544 	| train_loss=12742.26660 	| eqs_invalid %=0.36 	| r_best=0.95283 	| quantile=0.00000 	| r_quantile_mean=0.03315 	| r_raw_sum=18.23070 	|  r_raw_mean=0.33761 	| r2=nan 	| acc_iid=0.00000 	| acc_ood=0.00000 	| nmse_test=1.5533407872585796 	| true_equation_set_count=0 	| s/it=912.67310
MainProcess| 2026-06-22 06:23:21,510,510 multiprocessing INFO Genetic Porgramming Runtime 425.89267228287645
Genetic Porgramming Runtime 425.89267228287645

=========================PGD Collection Starts=========================

SpawnPoolWorker-121| 2026-06-22 06:23:26,258,258 multiprocessing INFO STARTING NEW RUN ==========
SpawnPoolWorker-121| 2026-06-22 06:23:26,258,258 multiprocessing INFO SEE LOG AT : ./logs/all_Lyapunov_test_dso-fn_d_all_l_01_log.txt
SpawnPoolWorker-121| 2026-06-22 06:23:26,258,258 multiprocessing INFO See log at : ./logs/all_Lyapunov_test_dso-fn_d_all_l_01_log.txt
SpawnPoolWorker-117| 2026-06-22 06:23:26,260,260 multiprocessing INFO STARTING NEW RUN ==========
SpawnPoolWorker-122| 2026-06-22 06:23:26,260,260 multiprocessing INFO STARTING NEW RUN ==========
SpawnPoolWorker-117| 2026-06-22 06:23:26,260,260 multiprocessing INFO SEE LOG AT : ./logs/all_Lyapunov_test_dso-fn_d_all_l_01_log.txt
SpawnPoolWorker-122| 2026-06-22 06:23:26,260,260 multiprocessing INFO SEE LOG AT : ./logs/all_Lyapunov_test_dso-fn_d_all_l_01_log.txt
SpawnPoolWorker-117| 2026-06-22 06:23:26,260,260 multiprocessing INFO See log at : ./logs/all_Lyapunov_test_dso-fn_d_all_l_01_log.txt
SpawnPoolWorker-122| 2026-06-22 06:23:26,260,260 multiprocessing INFO See log at : ./logs/all_Lyapunov_test_dso-fn_d_all_l_01_log.txt
SpawnPoolWorker-126| 2026-06-22 06:23:26,260,260 multiprocessing INFO STARTING NEW RUN ==========
SpawnPoolWorker-126| 2026-06-22 06:23:26,260,260 multiprocessing INFO SEE LOG AT : ./logs/all_Lyapunov_test_dso-fn_d_all_l_01_log.txt
SpawnPoolWorker-126| 2026-06-22 06:23:26,260,260 multiprocessing INFO See log at : ./logs/all_Lyapunov_test_dso-fn_d_all_l_01_log.txt
SpawnPoolWorker-121| 2026-06-22 06:23:26,261,261 multiprocessing INFO child process calling self.run()
SpawnPoolWorker-117| 2026-06-22 06:23:26,261,261 multiprocessing INFO child process calling self.run()
SpawnPoolWorker-126| 2026-06-22 06:23:26,262,262 multiprocessing INFO child process calling self.run()
SpawnPoolWorker-122| 2026-06-22 06:23:26,262,262 multiprocessing INFO child process calling self.run()
SpawnPoolWorker-119| 2026-06-22 06:23:26,264,264 multiprocessing INFO STARTING NEW RUN ==========
SpawnPoolWorker-123| 2026-06-22 06:23:26,264,264 multiprocessing INFO STARTING NEW RUN ==========
SpawnPoolWorker-119| 2026-06-22 06:23:26,264,264 multiprocessing INFO SEE LOG AT : ./logs/all_Lyapunov_test_dso-fn_d_all_l_01_log.txt
SpawnPoolWorker-119| 2026-06-22 06:23:26,264,264 multiprocessing INFO See log at : ./logs/all_Lyapunov_test_dso-fn_d_all_l_01_log.txt
SpawnPoolWorker-123| 2026-06-22 06:23:26,264,264 multiprocessing INFO SEE LOG AT : ./logs/all_Lyapunov_test_dso-fn_d_all_l_01_log.txt
SpawnPoolWorker-123| 2026-06-22 06:23:26,265,265 multiprocessing INFO See log at : ./logs/all_Lyapunov_test_dso-fn_d_all_l_01_log.txt
SpawnPoolWorker-119| 2026-06-22 06:23:26,266,266 multiprocessing INFO child process calling self.run()
SpawnPoolWorker-123| 2026-06-22 06:23:26,266,266 multiprocessing INFO child process calling self.run()
SpawnPoolWorker-124| 2026-06-22 06:23:26,267,267 multiprocessing INFO STARTING NEW RUN ==========
SpawnPoolWorker-124| 2026-06-22 06:23:26,267,267 multiprocessing INFO SEE LOG AT : ./logs/all_Lyapunov_test_dso-fn_d_all_l_01_log.txt
SpawnPoolWorker-124| 2026-06-22 06:23:26,267,267 multiprocessing INFO See log at : ./logs/all_Lyapunov_test_dso-fn_d_all_l_01_log.txt
SpawnPoolWorker-124| 2026-06-22 06:23:26,269,269 multiprocessing INFO child process calling self.run()
SpawnPoolWorker-125| 2026-06-22 06:23:26,270,270 multiprocessing INFO STARTING NEW RUN ==========
SpawnPoolWorker-125| 2026-06-22 06:23:26,270,270 multiprocessing INFO SEE LOG AT : ./logs/all_Lyapunov_test_dso-fn_d_all_l_01_log.txt
SpawnPoolWorker-125| 2026-06-22 06:23:26,270,270 multiprocessing INFO See log at : ./logs/all_Lyapunov_test_dso-fn_d_all_l_01_log.txt
SpawnPoolWorker-125| 2026-06-22 06:23:26,272,272 multiprocessing INFO child process calling self.run()
SpawnPoolWorker-118| 2026-06-22 06:23:26,273,273 multiprocessing INFO STARTING NEW RUN ==========
SpawnPoolWorker-118| 2026-06-22 06:23:26,273,273 multiprocessing INFO SEE LOG AT : ./logs/all_Lyapunov_test_dso-fn_d_all_l_01_log.txt
SpawnPoolWorker-118| 2026-06-22 06:23:26,273,273 multiprocessing INFO See log at : ./logs/all_Lyapunov_test_dso-fn_d_all_l_01_log.txt
SpawnPoolWorker-118| 2026-06-22 06:23:26,275,275 multiprocessing INFO child process calling self.run()
SpawnPoolWorker-120| 2026-06-22 06:23:26,292,292 multiprocessing INFO STARTING NEW RUN ==========
SpawnPoolWorker-120| 2026-06-22 06:23:26,297,297 multiprocessing INFO SEE LOG AT : ./logs/all_Lyapunov_test_dso-fn_d_all_l_01_log.txt
SpawnPoolWorker-120| 2026-06-22 06:23:26,297,297 multiprocessing INFO See log at : ./logs/all_Lyapunov_test_dso-fn_d_all_l_01_log.txt
SpawnPoolWorker-120| 2026-06-22 06:23:26,302,302 multiprocessing INFO child process calling self.run()
SpawnPoolWorker-124| 2026-06-22 06:23:47,335,335 multiprocessing INFO process shutting down
SpawnPoolWorker-120| 2026-06-22 06:23:47,335,335 multiprocessing INFO process shutting down
SpawnPoolWorker-125| 2026-06-22 06:23:47,335,335 multiprocessing INFO process shutting down
SpawnPoolWorker-117| 2026-06-22 06:23:47,335,335 multiprocessing INFO process shutting down
SpawnPoolWorker-124| 2026-06-22 06:23:47,335,335 multiprocessing INFO process exiting with exitcode 0
SpawnPoolWorker-119| 2026-06-22 06:23:47,335,335 multiprocessing INFO process shutting down
SpawnPoolWorker-122| 2026-06-22 06:23:47,335,335 multiprocessing INFO process shutting down
SpawnPoolWorker-120| 2026-06-22 06:23:47,335,335 multiprocessing INFO process exiting with exitcode 0
SpawnPoolWorker-125| 2026-06-22 06:23:47,336,336 multiprocessing INFO process exiting with exitcode 0
SpawnPoolWorker-126| 2026-06-22 06:23:47,335,335 multiprocessing INFO process shutting down
SpawnPoolWorker-117| 2026-06-22 06:23:47,336,336 multiprocessing INFO process exiting with exitcode 0
SpawnPoolWorker-122| 2026-06-22 06:23:47,336,336 multiprocessing INFO process exiting with exitcode 0
SpawnPoolWorker-119| 2026-06-22 06:23:47,336,336 multiprocessing INFO process exiting with exitcode 0
SpawnPoolWorker-121| 2026-06-22 06:23:47,335,335 multiprocessing INFO process shutting down
SpawnPoolWorker-126| 2026-06-22 06:23:47,336,336 multiprocessing INFO process exiting with exitcode 0
SpawnPoolWorker-121| 2026-06-22 06:23:47,336,336 multiprocessing INFO process exiting with exitcode 0
(20000,)

===================Collect 20000 Examples===================

Epsilon 0.1
500
(550,)
(550,)
(55,)
Number of Programs for Minimization: 28
[2026-06-22T06:24:11.483] error: *** JOB 11510854 ON cn2106 CANCELLED AT 2026-06-22T06:24:11 DUE to SIGNAL Terminated ***
