[vgpu] host=cn2112 gpus=0 start=2026-06-21T22:22:38-05:00
0, Tesla V100-PCIE-32GB
MainProcess| 2026-06-21 22:22:54,692,692 multiprocessing INFO STARTING NEW RUN ==========
MainProcess| 2026-06-21 22:22:54,692,692 multiprocessing INFO SEE LOG AT : ./logs/all_Lyapunov_test_dso-fn_d_all_y_01_log.txt
MainProcess| 2026-06-21 22:22:54,692,692 multiprocessing INFO See log at : ./logs/all_Lyapunov_test_dso-fn_d_all_y_01_log.txt
MainProcess| 2026-06-21 22:22:54,699,699 multiprocessing INFO               variables expression                                                train_spec test_spec function_set
name                                                                                                               
fn_d_all_y_5          2  0*x1+0*x2  {"x1":{"U":[-3.14,3.14,15000]}, "x2":{"U":[-6,6,15000]}}      None         Koza
              variables expression                                                train_spec test_spec function_set
name                                                                                                               
fn_d_all_y_5          2  0*x1+0*x2  {"x1":{"U":[-3.14,3.14,15000]}, "x2":{"U":[-6,6,15000]}}      None         Koza

-- BUILDING DATASET START -----------
Benchmark path                 : /users/9/chen8596/LyaDis/repro/runs/pendulum/libs/sd3/dso/dso/task/regression/benchmarks_bkup_1.csv
Generated data for benchmark   : fn_d_all_y_5
-- BUILDING DATASET END -------------

Function set                   : Koza --> ['add', 'sub', 'mul', 'sin', 'cos', 'n2']

MainProcess| 2026-06-21 22:22:54,779,779 multiprocessing INFO [BASELINE_TESTING NOW] dataset=fn_d_all_y_5 	| baseline=transformer 	| seed=1 	| data_samples=15000 	| noise=0.0
MainProcess| 2026-06-21 22:22:54,791,791 multiprocessing INFO [RUN SETTINGS]: test_dataset=fn_d_all_y_5  batch_outer_datasets=24 pre_train=False load_pre_trained_path= priority_queue_training=True gp_meld=True model=TransformerTreeEncoderController train_path= risk_seeking_pg_train=True
[RUN SETTINGS]: test_dataset=fn_d_all_y_5  batch_outer_datasets=24 pre_train=False load_pre_trained_path= priority_queue_training=True gp_meld=True model=TransformerTreeEncoderController train_path= risk_seeking_pg_train=True
MainProcess| 2026-06-21 22:22:54,848,848 multiprocessing INFO Running model : TransformerTreeEncoderController
Running model : TransformerTreeEncoderController

-- BUILDING DATASET START -----------
Benchmark path                 : /users/9/chen8596/LyaDis/repro/runs/pendulum/libs/sd3/dso/dso/task/regression/benchmarks_bkup_1.csv
Generated data for benchmark   : fn_d_all_y_5
-- BUILDING DATASET END -------------

Function set                   : Koza --> ['add', 'sub', 'mul', 'sin', 'cos', 'n2']

MainProcess| 2026-06-21 22:22:54,855,855 multiprocessing INFO Function set: ['x1', 'x2', 'add', 'sub', 'mul', 'sin', 'cos', 'n2']

-- BUILDING DATASET START -----------
Benchmark path                 : /users/9/chen8596/LyaDis/repro/runs/pendulum/libs/sd3/dso/dso/task/regression/benchmarks_bkup_1.csv
Generated data for benchmark   : fn_d_all_y_5
-- BUILDING DATASET END -------------

Function set                   : Koza --> ['add', 'sub', 'mul', 'sin', 'cos', 'n2']

-- BUILDING PRIOR START -------------
WARNING: Skipping invalid 'RelationalConstraint' with arguments {'targets': [], 'effectors': [], 'relationship': None}. Reason: Prior disabled.
WARNING: Skipping invalid 'RepeatConstraint' with arguments {'tokens': 'const', 'min_': None, 'max_': 5}. Reason: Uses Tokens not in the Library.
WARNING: Skipping invalid 'InverseUnaryConstraint' with arguments {}. Reason: There are no inverse unary Token pairs in the Library.
WARNING: Skipping invalid 'ConstConstraint' with arguments {}. Reason: Prior disabled.
WARNING: Skipping invalid 'NoInputsConstraint' with arguments {}. Reason: All terminal tokens are input variables, so allsequences will have an input variable.
WARNING: Skipping invalid 'UniformArityPrior' with arguments {}. Reason: Prior disabled.
LengthConstraint: Sequences have minimum length 10.
                  Sequences have maximum length 15.
TrigConstraint: [sin, cos] cannot be a descendant of [sin, cos].
SoftLengthPrior: No description available.
-- BUILDING PRIOR END ---------------

MainProcess| 2026-06-21 22:22:55,212,212 multiprocessing INFO Transformer overwriting hidden size to input_dim 128
Transformer overwriting hidden size to input_dim 128
MainProcess| 2026-06-21 22:22:55,533,533 multiprocessing INFO Encoder params: {'sinuisodal_embeddings': False, 'dec_pf_dim': 32, 'dec_layers': 1, 'dim_hidden': 128, 'lr': 0.0001, 'dropout': 0, 'num_features': 1, 'ln': True, 'N_p': 0, 'num_inds': 64, 'activation': 'relu', 'bit16': False, 'norm': True, 'linear': True, 'input_normalization': False, 'src_pad_idx': 0, 'trg_pad_idx': 0, 'length_eq': 20, 'n_l_enc': 3, 'mean': 0.5, 'std': 0.5, 'dim_input': 64, 'num_heads': 2, 'output_dim': 10}
Encoder params: {'sinuisodal_embeddings': False, 'dec_pf_dim': 32, 'dec_layers': 1, 'dim_hidden': 128, 'lr': 0.0001, 'dropout': 0, 'num_features': 1, 'ln': True, 'N_p': 0, 'num_inds': 64, 'activation': 'relu', 'bit16': False, 'norm': True, 'linear': True, 'input_normalization': False, 'src_pad_idx': 0, 'trg_pad_idx': 0, 'length_eq': 20, 'n_l_enc': 3, 'mean': 0.5, 'std': 0.5, 'dim_input': 64, 'num_heads': 2, 'output_dim': 10}
MainProcess| 2026-06-21 22:22:55,554,554 multiprocessing INFO TransformerTreeEncoderController parameters: 4033756 	 | trainable : 4033756
TransformerTreeEncoderController parameters: 4033756 	 | trainable : 4033756
MainProcess| 2026-06-21 22:22:55,613,613 multiprocessing INFO GP CONFIG : {'verbose': False, 'generations': 35, 'p_crossover': 0.5, 'p_mutate': 0.5, 'tournament_size': 7, 'train_n': 50, 'mutate_tree_max': 3}
GP CONFIG : {'verbose': False, 'generations': 35, 'p_crossover': 0.5, 'p_mutate': 0.5, 'tournament_size': 7, 'train_n': 50, 'mutate_tree_max': 3}
MainProcess| 2026-06-21 22:22:55,796,796 multiprocessing INFO config: {'experiment': {'logdir': './log', 'seed': 13, 'timestamp': '2026-06-21-222254', 'task_name': 'fn_d_all_y_5', 'save_path': './log/fn_d_all_y_5_2026-06-21-222254_1'}, 'task': {'task_type': 'regression', 'dataset': 'fn_d_all_y_5', 'function_set': ['add', 'sub', 'mul', 'sin', 'cos', 'n2'], 'metric': 'lyapunov_risk', 'metric_params': [1.0], 'extra_metric_test': None, 'extra_metric_test_params': [], 'threshold': 1e-12, 'protected': False, 'reward_noise': 0.0, 'reward_noise_type': 'r', 'normalize_variance': False, 'decision_tree_threshold_set': []}, 'training': {'n_epochs': None, 'n_samples': 3000, 'batch_size': 500, 'epsilon': 0.1, 'baseline': 'R_e', 'alpha': 0.5, 'b_jumpstart': False, 'n_cores_batch': 1, 'complexity': 'token', 'const_optimizer': 'scipy', 'const_params': {'method': 'L-BFGS-B', 'options': {'gtol': 0.001}}, 'verbose': True, 'debug': 0, 'early_stopping': True, 'hof': 100, 'use_memory': False, 'memory_capacity': 1000.0, 'warm_start': None, 'memory_threshold': None, 'save_all_epoch': False, 'save_summary': False, 'save_positional_entropy': False, 'save_pareto_front': True, 'save_cache': False, 'save_cache_r_min': 0.9, 'save_freq': 1, 'save_token_count': False}, 'state_manager': {'observe_action': False, 'observe_parent': True, 'observe_sibling': True, 'observe_dangling': False, 'embedding': True, 'embedding_size': 64}, 'controller': {'max_length': 64, 'cell': 'lstm', 'num_layers': 1, 'num_units': 64, 'initializer': 'zeros', 'learning_rate': 0.0003, 'optimizer': 'adam', 'entropy_weight': 0.005, 'entropy_gamma': 0.8, 'pqt': True, 'pqt_k': 10, 'pqt_batch_size': 1, 'pqt_weight': 200.0, 'pqt_use_pg': False, 'summary': False, 'rl_weight': 1.0}, 'gp_meld': {'generations': 35, 'p_crossover': 0.5, 'p_mutate': 0.5, 'tournament_size': 7, 'train_n': 50, 'mutate_tree_max': 3}, 'prior': {'relational': {'targets': [], 'effectors': [], 'relationship': None}, 'length': {'min_': 10, 'max_': 15}, 'repeat': {'tokens': 'const', 'min_': None, 'max_': 5}, 'inverse': {}, 'trig': {}, 'const': {}, 'no_inputs': {}, 'uniform_arity': {}, 'soft_length': {'loc': 8, 'scale': 5}}, 'postprocess': {'show_count': 5, 'save_plots': True}, 'model': 'TransformerTreeEncoderController', 'function_names_str': 'x1,x2,add,sub,mul,sin,cos,n2', 'nesymres_train_config': {'architecture': {'sinuisodal_embeddings': False, 'dec_pf_dim': 32, 'dec_layers': 1, 'dim_hidden': 128, 'lr': 0.0001, 'dropout': 0, 'num_features': 1, 'ln': True, 'N_p': 0, 'num_inds': 64, 'activation': 'relu', 'bit16': False, 'norm': True, 'linear': True, 'input_normalization': False, 'src_pad_idx': 0, 'trg_pad_idx': 0, 'length_eq': 20, 'n_l_enc': 3, 'mean': 0.5, 'std': 0.5, 'dim_input': 64, 'num_heads': 2, 'output_dim': 10}}}

-- BUILDING DATASET START -----------
Benchmark path                 : /users/9/chen8596/LyaDis/repro/runs/pendulum/libs/sd3/dso/dso/task/regression/benchmarks_bkup_1.csv
Generated data for benchmark   : fn_d_all_y_5
-- BUILDING DATASET END -------------

Function set                   : Koza --> ['add', 'sub', 'mul', 'sin', 'cos', 'n2']

-- RUNNING EPOCHS START -------------
torch.Size([500, 19])
/users/9/chen8596/miniconda3/envs/alfd/lib/python3.9/site-packages/torch/nn/functional.py:4999: UserWarning: Support for mismatched key_padding_mask and attn_mask is deprecated. Use same type for both instead.
  warnings.warn(
/users/9/chen8596/miniconda3/envs/alfd/lib/python3.9/site-packages/torch/nn/functional.py:4999: UserWarning: Support for mismatched key_padding_mask and attn_mask is deprecated. Use same type for both instead.
  warnings.warn(
/users/9/chen8596/miniconda3/envs/alfd/lib/python3.9/site-packages/torch/nn/functional.py:4999: UserWarning: Support for mismatched key_padding_mask and attn_mask is deprecated. Use same type for both instead.
  warnings.warn(
MainProcess| 2026-06-21 22:23:35,818,818 multiprocessing INFO Genetic Porgramming Runtime 35.1574600499589
Genetic Porgramming Runtime 35.1574600499589

=========================PGD Collection Starts=========================

MainProcess| 2026-06-21 22:23:36,739,739 multiprocessing INFO created temp directory /tmp/pymp-i2x18864
SpawnPoolWorker-8| 2026-06-21 22:23:40,985,985 multiprocessing INFO STARTING NEW RUN ==========
SpawnPoolWorker-2| 2026-06-21 22:23:40,985,985 multiprocessing INFO STARTING NEW RUN ==========
SpawnPoolWorker-5| 2026-06-21 22:23:40,985,985 multiprocessing INFO STARTING NEW RUN ==========
SpawnPoolWorker-8| 2026-06-21 22:23:40,985,985 multiprocessing INFO SEE LOG AT : ./logs/all_Lyapunov_test_dso-fn_d_all_y_01_log.txt
SpawnPoolWorker-2| 2026-06-21 22:23:40,985,985 multiprocessing INFO SEE LOG AT : ./logs/all_Lyapunov_test_dso-fn_d_all_y_01_log.txt
SpawnPoolWorker-5| 2026-06-21 22:23:40,985,985 multiprocessing INFO SEE LOG AT : ./logs/all_Lyapunov_test_dso-fn_d_all_y_01_log.txt
SpawnPoolWorker-4| 2026-06-21 22:23:40,985,985 multiprocessing INFO STARTING NEW RUN ==========
SpawnPoolWorker-8| 2026-06-21 22:23:40,985,985 multiprocessing INFO See log at : ./logs/all_Lyapunov_test_dso-fn_d_all_y_01_log.txt
SpawnPoolWorker-2| 2026-06-21 22:23:40,985,985 multiprocessing INFO See log at : ./logs/all_Lyapunov_test_dso-fn_d_all_y_01_log.txt
SpawnPoolWorker-3| 2026-06-21 22:23:40,985,985 multiprocessing INFO STARTING NEW RUN ==========
SpawnPoolWorker-5| 2026-06-21 22:23:40,986,986 multiprocessing INFO See log at : ./logs/all_Lyapunov_test_dso-fn_d_all_y_01_log.txt
SpawnPoolWorker-4| 2026-06-21 22:23:40,986,986 multiprocessing INFO SEE LOG AT : ./logs/all_Lyapunov_test_dso-fn_d_all_y_01_log.txt
SpawnPoolWorker-3| 2026-06-21 22:23:40,986,986 multiprocessing INFO SEE LOG AT : ./logs/all_Lyapunov_test_dso-fn_d_all_y_01_log.txt
SpawnPoolWorker-4| 2026-06-21 22:23:40,986,986 multiprocessing INFO See log at : ./logs/all_Lyapunov_test_dso-fn_d_all_y_01_log.txt
SpawnPoolWorker-3| 2026-06-21 22:23:40,986,986 multiprocessing INFO See log at : ./logs/all_Lyapunov_test_dso-fn_d_all_y_01_log.txt
SpawnPoolWorker-5| 2026-06-21 22:23:40,987,987 multiprocessing INFO child process calling self.run()
SpawnPoolWorker-2| 2026-06-21 22:23:40,987,987 multiprocessing INFO child process calling self.run()
SpawnPoolWorker-3| 2026-06-21 22:23:40,987,987 multiprocessing INFO child process calling self.run()
SpawnPoolWorker-4| 2026-06-21 22:23:40,988,988 multiprocessing INFO child process calling self.run()
SpawnPoolWorker-8| 2026-06-21 22:23:40,988,988 multiprocessing INFO child process calling self.run()
SpawnPoolWorker-6| 2026-06-21 22:23:40,989,989 multiprocessing INFO STARTING NEW RUN ==========
SpawnPoolWorker-6| 2026-06-21 22:23:40,989,989 multiprocessing INFO SEE LOG AT : ./logs/all_Lyapunov_test_dso-fn_d_all_y_01_log.txt
SpawnPoolWorker-6| 2026-06-21 22:23:40,989,989 multiprocessing INFO See log at : ./logs/all_Lyapunov_test_dso-fn_d_all_y_01_log.txt
SpawnPoolWorker-6| 2026-06-21 22:23:40,991,991 multiprocessing INFO child process calling self.run()
SpawnPoolWorker-1| 2026-06-21 22:23:41,019,19 multiprocessing INFO STARTING NEW RUN ==========
SpawnPoolWorker-1| 2026-06-21 22:23:41,019,19 multiprocessing INFO SEE LOG AT : ./logs/all_Lyapunov_test_dso-fn_d_all_y_01_log.txt
SpawnPoolWorker-1| 2026-06-21 22:23:41,019,19 multiprocessing INFO See log at : ./logs/all_Lyapunov_test_dso-fn_d_all_y_01_log.txt
SpawnPoolWorker-1| 2026-06-21 22:23:41,020,20 multiprocessing INFO child process calling self.run()
SpawnPoolWorker-10| 2026-06-21 22:23:41,022,22 multiprocessing INFO STARTING NEW RUN ==========
SpawnPoolWorker-10| 2026-06-21 22:23:41,022,22 multiprocessing INFO SEE LOG AT : ./logs/all_Lyapunov_test_dso-fn_d_all_y_01_log.txt
SpawnPoolWorker-10| 2026-06-21 22:23:41,022,22 multiprocessing INFO See log at : ./logs/all_Lyapunov_test_dso-fn_d_all_y_01_log.txt
SpawnPoolWorker-9| 2026-06-21 22:23:41,022,22 multiprocessing INFO STARTING NEW RUN ==========
SpawnPoolWorker-9| 2026-06-21 22:23:41,022,22 multiprocessing INFO SEE LOG AT : ./logs/all_Lyapunov_test_dso-fn_d_all_y_01_log.txt
SpawnPoolWorker-9| 2026-06-21 22:23:41,022,22 multiprocessing INFO See log at : ./logs/all_Lyapunov_test_dso-fn_d_all_y_01_log.txt
SpawnPoolWorker-7| 2026-06-21 22:23:41,023,23 multiprocessing INFO STARTING NEW RUN ==========
SpawnPoolWorker-7| 2026-06-21 22:23:41,023,23 multiprocessing INFO SEE LOG AT : ./logs/all_Lyapunov_test_dso-fn_d_all_y_01_log.txt
SpawnPoolWorker-7| 2026-06-21 22:23:41,023,23 multiprocessing INFO See log at : ./logs/all_Lyapunov_test_dso-fn_d_all_y_01_log.txt
SpawnPoolWorker-10| 2026-06-21 22:23:41,024,24 multiprocessing INFO child process calling self.run()
SpawnPoolWorker-9| 2026-06-21 22:23:41,024,24 multiprocessing INFO child process calling self.run()
SpawnPoolWorker-7| 2026-06-21 22:23:41,025,25 multiprocessing INFO child process calling self.run()
SpawnPoolWorker-3| 2026-06-21 22:24:41,965,965 multiprocessing INFO process shutting down
SpawnPoolWorker-9| 2026-06-21 22:24:41,965,965 multiprocessing INFO process shutting down
SpawnPoolWorker-10| 2026-06-21 22:24:41,965,965 multiprocessing INFO process shutting down
SpawnPoolWorker-7| 2026-06-21 22:24:41,965,965 multiprocessing INFO process shutting down
SpawnPoolWorker-1| 2026-06-21 22:24:41,965,965 multiprocessing INFO process shutting down
SpawnPoolWorker-1| 2026-06-21 22:24:41,966,966 multiprocessing INFO process exiting with exitcode 0
SpawnPoolWorker-3| 2026-06-21 22:24:41,965,965 multiprocessing INFO process exiting with exitcode 0
SpawnPoolWorker-9| 2026-06-21 22:24:41,966,966 multiprocessing INFO process exiting with exitcode 0
SpawnPoolWorker-4| 2026-06-21 22:24:41,965,965 multiprocessing INFO process shutting down
SpawnPoolWorker-10| 2026-06-21 22:24:41,966,966 multiprocessing INFO process exiting with exitcode 0
SpawnPoolWorker-5| 2026-06-21 22:24:41,966,966 multiprocessing INFO process shutting down
SpawnPoolWorker-4| 2026-06-21 22:24:41,966,966 multiprocessing INFO process exiting with exitcode 0
SpawnPoolWorker-2| 2026-06-21 22:24:41,966,966 multiprocessing INFO process shutting down
SpawnPoolWorker-5| 2026-06-21 22:24:41,966,966 multiprocessing INFO process exiting with exitcode 0
(3000,)

===================Collect 3000 Examples===================

Epsilon 0.1
500
(550,)
(550,)
(55,)
Number of Programs for Minimization: 29
SpawnPoolWorker-17| 2026-06-21 22:24:59,144,144 multiprocessing INFO STARTING NEW RUN ==========
SpawnPoolWorker-17| 2026-06-21 22:24:59,144,144 multiprocessing INFO SEE LOG AT : ./logs/all_Lyapunov_test_dso-fn_d_all_y_01_log.txt
SpawnPoolWorker-17| 2026-06-21 22:24:59,144,144 multiprocessing INFO See log at : ./logs/all_Lyapunov_test_dso-fn_d_all_y_01_log.txt
SpawnPoolWorker-17| 2026-06-21 22:24:59,153,153 multiprocessing INFO child process calling self.run()
SpawnPoolWorker-26| 2026-06-21 22:24:59,275,275 multiprocessing INFO STARTING NEW RUN ==========
SpawnPoolWorker-26| 2026-06-21 22:24:59,275,275 multiprocessing INFO SEE LOG AT : ./logs/all_Lyapunov_test_dso-fn_d_all_y_01_log.txt
SpawnPoolWorker-26| 2026-06-21 22:24:59,275,275 multiprocessing INFO See log at : ./logs/all_Lyapunov_test_dso-fn_d_all_y_01_log.txt
SpawnPoolWorker-26| 2026-06-21 22:24:59,279,279 multiprocessing INFO child process calling self.run()
SpawnPoolWorker-21| 2026-06-21 22:24:59,358,358 multiprocessing INFO STARTING NEW RUN ==========
SpawnPoolWorker-21| 2026-06-21 22:24:59,359,359 multiprocessing INFO SEE LOG AT : ./logs/all_Lyapunov_test_dso-fn_d_all_y_01_log.txt
SpawnPoolWorker-21| 2026-06-21 22:24:59,359,359 multiprocessing INFO See log at : ./logs/all_Lyapunov_test_dso-fn_d_all_y_01_log.txt
SpawnPoolWorker-21| 2026-06-21 22:24:59,364,364 multiprocessing INFO child process calling self.run()
SpawnPoolWorker-28| 2026-06-21 22:24:59,383,383 multiprocessing INFO STARTING NEW RUN ==========
SpawnPoolWorker-28| 2026-06-21 22:24:59,383,383 multiprocessing INFO SEE LOG AT : ./logs/all_Lyapunov_test_dso-fn_d_all_y_01_log.txt
SpawnPoolWorker-28| 2026-06-21 22:24:59,383,383 multiprocessing INFO See log at : ./logs/all_Lyapunov_test_dso-fn_d_all_y_01_log.txt
SpawnPoolWorker-28| 2026-06-21 22:24:59,384,384 multiprocessing INFO child process calling self.run()
SpawnPoolWorker-20| 2026-06-21 22:24:59,391,391 multiprocessing INFO STARTING NEW RUN ==========
SpawnPoolWorker-20| 2026-06-21 22:24:59,391,391 multiprocessing INFO SEE LOG AT : ./logs/all_Lyapunov_test_dso-fn_d_all_y_01_log.txt
SpawnPoolWorker-20| 2026-06-21 22:24:59,391,391 multiprocessing INFO See log at : ./logs/all_Lyapunov_test_dso-fn_d_all_y_01_log.txt
SpawnPoolWorker-20| 2026-06-21 22:24:59,394,394 multiprocessing INFO child process calling self.run()
SpawnPoolWorker-18| 2026-06-21 22:24:59,849,849 multiprocessing INFO STARTING NEW RUN ==========
SpawnPoolWorker-18| 2026-06-21 22:24:59,849,849 multiprocessing INFO SEE LOG AT : ./logs/all_Lyapunov_test_dso-fn_d_all_y_01_log.txt
SpawnPoolWorker-18| 2026-06-21 22:24:59,849,849 multiprocessing INFO See log at : ./logs/all_Lyapunov_test_dso-fn_d_all_y_01_log.txt
SpawnPoolWorker-18| 2026-06-21 22:24:59,858,858 multiprocessing INFO child process calling self.run()
SpawnPoolWorker-27| 2026-06-21 22:25:00,202,202 multiprocessing INFO STARTING NEW RUN ==========
SpawnPoolWorker-27| 2026-06-21 22:25:00,202,202 multiprocessing INFO SEE LOG AT : ./logs/all_Lyapunov_test_dso-fn_d_all_y_01_log.txt
SpawnPoolWorker-27| 2026-06-21 22:25:00,202,202 multiprocessing INFO See log at : ./logs/all_Lyapunov_test_dso-fn_d_all_y_01_log.txt
SpawnPoolWorker-27| 2026-06-21 22:25:00,209,209 multiprocessing INFO child process calling self.run()
SpawnPoolWorker-17| 2026-06-21 22:25:00,678,678 multiprocessing INFO process shutting down
SpawnPoolWorker-17| 2026-06-21 22:25:00,678,678 multiprocessing INFO process exiting with exitcode 0
SpawnPoolWorker-20| 2026-06-21 22:25:00,679,679 multiprocessing INFO process shutting down
SpawnPoolWorker-26| 2026-06-21 22:25:00,679,679 multiprocessing INFO process shutting down
SpawnPoolWorker-18| 2026-06-21 22:25:00,680,680 multiprocessing INFO process shutting down
SpawnPoolWorker-21| 2026-06-21 22:25:00,680,680 multiprocessing INFO process shutting down
SpawnPoolWorker-28| 2026-06-21 22:25:00,681,681 multiprocessing INFO process shutting down
SpawnPoolWorker-20| 2026-06-21 22:25:00,681,681 multiprocessing INFO process exiting with exitcode 0
SpawnPoolWorker-26| 2026-06-21 22:25:00,681,681 multiprocessing INFO process exiting with exitcode 0
SpawnPoolWorker-18| 2026-06-21 22:25:00,686,686 multiprocessing INFO process exiting with exitcode 0
SpawnPoolWorker-21| 2026-06-21 22:25:00,687,687 multiprocessing INFO process exiting with exitcode 0
SpawnPoolWorker-28| 2026-06-21 22:25:00,690,690 multiprocessing INFO process exiting with exitcode 0
29
(30000, 2)
(30000,)
(30000, 2)
(30000,)

=======================Successfully Added (15000, 2) Counter Examples=======================


============None of the candidates fulfill the conditions. Training CONTINUES!=================

MainProcess| 2026-06-21 22:25:01,551,551 multiprocessing INFO 
============None of the candidates fulfill the conditions. Training CONTINUES!=================


============None of the candidates fulfill the conditions. Training CONTINUES!=================

(55, 19)
/users/9/chen8596/miniconda3/envs/alfd/lib/python3.9/site-packages/torch/nn/functional.py:4999: UserWarning: Support for mismatched key_padding_mask and attn_mask is deprecated. Use same type for both instead.
  warnings.warn(

==============Start Supervised Learning==============

MainProcess| 2026-06-21 22:25:03,664,664 multiprocessing INFO GP output mean: 0.9629546561452826
GP output mean: 0.9629546561452826
MainProcess| 2026-06-21 22:25:03,989,989 multiprocessing INFO GP output success rate: 0.0
GP output success rate: 0.0

==============End Supervised Learning==============

/users/9/chen8596/LyaDis/repro/runs/pendulum/utils/train.py:971: RuntimeWarning: divide by zero encountered in divide
  error = np.abs(((y_hat - y) / y))
/users/9/chen8596/.local/lib/python3.9/site-packages/scipy/stats/_stats_py.py:4424: ConstantInputWarning: An input array is constant; the correlation coefficient is not defined.
  warnings.warn(stats.ConstantInputWarning(msg))
MainProcess| 2026-06-21 22:25:05,227,227 multiprocessing INFO [Test epoch=0001]  nevals=13684 	| train_loss=5474.56885 	| eqs_invalid %=0.00 	| r_best=0.75530 	| quantile=0.21555 	| r_quantile_mean=0.69013 	| r_raw_sum=43.72950 	|  r_raw_mean=0.08799 	| r2=nan 	| acc_iid=0.00000 	| acc_ood=0.00000 	| nmse_test=0.015425099298879412 	| true_equation_set_count=0 	| s/it=129.36821
[Test epoch=0001]  nevals=13684 	| train_loss=5474.56885 	| eqs_invalid %=0.00 	| r_best=0.75530 	| quantile=0.21555 	| r_quantile_mean=0.69013 	| r_raw_sum=43.72950 	|  r_raw_mean=0.08799 	| r2=nan 	| acc_iid=0.00000 	| acc_ood=0.00000 	| nmse_test=0.015425099298879412 	| true_equation_set_count=0 	| s/it=129.36821
MainProcess| 2026-06-21 22:25:05,227,227 multiprocessing INFO [00:00:02:09.42] Training epoch 1/6, current best R: 0.7553
[00:00:02:09.42] Training epoch 1/6, current best R: 0.7553
MainProcess| 2026-06-21 22:25:05,227,227 multiprocessing INFO 
	** New best

	** New best
MainProcess| 2026-06-21 22:25:05,227,227 multiprocessing INFO 	Reward: 0.7552970808338403
	Reward: 0.7552970808338403
MainProcess| 2026-06-21 22:25:05,227,227 multiprocessing INFO 	Count Off-policy: 1
	Count Off-policy: 1
MainProcess| 2026-06-21 22:25:05,227,227 multiprocessing INFO 	Count On-policy: 0
	Count On-policy: 0
MainProcess| 2026-06-21 22:25:05,228,228 multiprocessing INFO 	Originally on Policy: False
	Originally on Policy: False
MainProcess| 2026-06-21 22:25:05,228,228 multiprocessing INFO 	Invalid: False
	Invalid: False
MainProcess| 2026-06-21 22:25:05,228,228 multiprocessing INFO 	Traversal: mul,n2,n2,mul,n2,n2,sin,x1,cos,x1,cos,sub,x2,n2,x2
	Traversal: mul,n2,n2,mul,n2,n2,sin,x1,cos,x1,cos,sub,x2,n2,x2
MainProcess| 2026-06-21 22:25:05,228,228 multiprocessing INFO 	Expression:
	Expression:
MainProcess| 2026-06-21 22:25:05,431,431 multiprocessing INFO 
	     16        4        ⎛  2     ⎞
	  sin  (x₁)⋅cos (x₁)⋅cos⎝x₂  - x₂⎠


	     16        4        ⎛  2     ⎞
	  sin  (x₁)⋅cos (x₁)⋅cos⎝x₂  - x₂⎠

MainProcess| 2026-06-21 22:25:05,431,431 multiprocessing INFO -- RUNNING EPOCHS END ---------------

-- RUNNING EPOCHS END ---------------

MainProcess| 2026-06-21 22:25:05,431,431 multiprocessing INFO -- EVALUATION START ----------------
-- EVALUATION START ----------------
Saving Hall of Fame to ./log/fn_d_all_y_5_2026-06-21-222254_1/dso_fn_d_all_y_5_13_hof.csv
Saving Pareto Front to ./log/fn_d_all_y_5_2026-06-21-222254_1/dso_fn_d_all_y_5_13_pf.csv
MainProcess| 2026-06-21 22:25:06,228,228 multiprocessing INFO 
Priority queue entry 0:

Priority queue entry 0:
MainProcess| 2026-06-21 22:25:06,228,228 multiprocessing INFO 	Reward: 0.7552970808338403
	Reward: 0.7552970808338403
MainProcess| 2026-06-21 22:25:06,228,228 multiprocessing INFO 	Count Off-policy: 1
	Count Off-policy: 1
MainProcess| 2026-06-21 22:25:06,228,228 multiprocessing INFO 	Count On-policy: 0
	Count On-policy: 0
MainProcess| 2026-06-21 22:25:06,228,228 multiprocessing INFO 	Originally on Policy: False
	Originally on Policy: False
MainProcess| 2026-06-21 22:25:06,228,228 multiprocessing INFO 	Invalid: False
	Invalid: False
MainProcess| 2026-06-21 22:25:06,228,228 multiprocessing INFO 	Traversal: mul,n2,n2,mul,n2,n2,sin,x1,cos,x1,cos,sub,x2,n2,x2
	Traversal: mul,n2,n2,mul,n2,n2,sin,x1,cos,x1,cos,sub,x2,n2,x2
MainProcess| 2026-06-21 22:25:06,228,228 multiprocessing INFO 	Expression:
	Expression:
MainProcess| 2026-06-21 22:25:06,229,229 multiprocessing INFO 
	     16        4        ⎛  2     ⎞
	  sin  (x₁)⋅cos (x₁)⋅cos⎝x₂  - x₂⎠


	     16        4        ⎛  2     ⎞
	  sin  (x₁)⋅cos (x₁)⋅cos⎝x₂  - x₂⎠

MainProcess| 2026-06-21 22:25:06,230,230 multiprocessing INFO -- EVALUATION END ------------------
-- EVALUATION END ------------------
MainProcess| 2026-06-21 22:25:06,241,241 multiprocessing INFO == TRAINING SEED 13 END ==============
== TRAINING SEED 13 END ==============
MainProcess| 2026-06-21 22:25:06,241,241 multiprocessing INFO 
== POST-PROCESS START =================

== POST-PROCESS START =================
MainProcess| 2026-06-21 22:25:06,241,241 multiprocessing INFO -- LOADING LOGS START ----------------
-- LOADING LOGS START ----------------
MainProcess| 2026-06-21 22:25:06,299,299 multiprocessing INFO Successfully loaded Hall of Fame data
Successfully loaded Hall of Fame data
MainProcess| 2026-06-21 22:25:06,947,947 multiprocessing INFO Successfully loaded Pareto Front data
Successfully loaded Pareto Front data
MainProcess| 2026-06-21 22:25:06,947,947 multiprocessing INFO *** WARNING:
*** WARNING:
MainProcess| 2026-06-21 22:25:06,948,948 multiprocessing INFO     --> Can't load summary: [Errno 2] No such file or directory: './log/fn_d_all_y_5_2026-06-21-222254_1/summary.csv'
    --> Can't load summary: [Errno 2] No such file or directory: './log/fn_d_all_y_5_2026-06-21-222254_1/summary.csv'
MainProcess| 2026-06-21 22:25:06,948,948 multiprocessing INFO -- LOADING LOGS END ------------------
-- LOADING LOGS END ------------------
MainProcess| 2026-06-21 22:25:06,948,948 multiprocessing INFO 
-- ANALYZING LOG START --------------

-- ANALYZING LOG START --------------
MainProcess| 2026-06-21 22:25:06,948,948 multiprocessing INFO Task_____________regression
Task_____________regression
MainProcess| 2026-06-21 22:25:06,948,948 multiprocessing INFO Source path______./log/fn_d_all_y_5_2026-06-21-222254_1
Source path______./log/fn_d_all_y_5_2026-06-21-222254_1
MainProcess| 2026-06-21 22:25:06,948,948 multiprocessing INFO Runs_____________N/A
Runs_____________N/A
MainProcess| 2026-06-21 22:25:06,948,948 multiprocessing INFO Max Samples/run__3000
Max Samples/run__3000
MainProcess| 2026-06-21 22:25:06,948,948 multiprocessing INFO Found issues:
Found issues:
MainProcess| 2026-06-21 22:25:06,948,948 multiprocessing INFO   0
  0
MainProcess| 2026-06-21 22:25:06,948,948 multiprocessing INFO Hall of Fame (Top 5 of 100)____
Hall of Fame (Top 5 of 100)____
MainProcess| 2026-06-21 22:25:06,948,948 multiprocessing INFO     0: S=013 R=0.764214 <-- [x2*(-x1 + x2 + sin(x1))]
    0: S=013 R=0.764214 <-- [x2*(-x1 + x2 + sin(x1))]
MainProcess| 2026-06-21 22:25:06,949,949 multiprocessing INFO     1: S=013 R=0.764214 <-- [x2*(-x1 + x2 + sin(x1))]
    1: S=013 R=0.764214 <-- [x2*(-x1 + x2 + sin(x1))]
MainProcess| 2026-06-21 22:25:06,949,949 multiprocessing INFO     2: S=013 R=0.764214 <-- [x2*(-x1 + x2 + sin(x1))]
    2: S=013 R=0.764214 <-- [x2*(-x1 + x2 + sin(x1))]
MainProcess| 2026-06-21 22:25:06,949,949 multiprocessing INFO     3: S=013 R=0.764214 <-- [x2*(-x1 + x2 + sin(x1))]
    3: S=013 R=0.764214 <-- [x2*(-x1 + x2 + sin(x1))]
MainProcess| 2026-06-21 22:25:06,950,950 multiprocessing INFO     4: S=013 R=0.764214 <-- [x2*(-x1 + x2 + sin(x1))]
    4: S=013 R=0.764214 <-- [x2*(-x1 + x2 + sin(x1))]
MainProcess| 2026-06-21 22:25:06,950,950 multiprocessing INFO Pareto Front (3 of 3)____
Pareto Front (3 of 3)____
MainProcess| 2026-06-21 22:25:06,950,950 multiprocessing INFO     0: S=013 R=0.764214 C=13.00 <-- [x2*(-x1 + x2 + sin(x1))]
    0: S=013 R=0.764214 C=13.00 <-- [x2*(-x1 + x2 + sin(x1))]
MainProcess| 2026-06-21 22:25:06,951,951 multiprocessing INFO     1: S=013 R=0.690829 C=11.00 <-- [(-x1 + x2)*(-x1 + x2 + sin(x1))]
    1: S=013 R=0.690829 C=11.00 <-- [(-x1 + x2)*(-x1 + x2 + sin(x1))]
MainProcess| 2026-06-21 22:25:06,951,951 multiprocessing INFO     2: S=013 R=0.046015 C=10.00 <-- [x2*(x1**2 + x2)]
    2: S=013 R=0.046015 C=10.00 <-- [x2*(x1**2 + x2)]
MainProcess| 2026-06-21 22:25:06,951,951 multiprocessing INFO -- ANALYZING LOG END ----------------
-- ANALYZING LOG END ----------------
MainProcess| 2026-06-21 22:25:06,951,951 multiprocessing INFO == POST-PROCESS END ===================
== POST-PROCESS END ===================
MainProcess| 2026-06-21 22:25:06,951,951 multiprocessing INFO [TEST RESULT] {'seed': 1, 'r': 0.7552970808338403, 'nmse_test': 0.015425099298879412, 'nmse_test_noiseless': 0.015425099298879412, 'success': False, 'expression': '[sin(x1)**16*cos(x1)**4*cos(x2**2 - x2)]', 'traversal': 'mul,n2,n2,mul,n2,n2,sin,x1,cos,x1,cos,sub,x2,n2,x2', 'program': mul,n2,n2,mul,n2,n2,sin,x1,cos,x1,cos,sub,x2,n2,x2, 'n_epochs': 1, 'n_samples': 13684, 'n_cached': 3322, 't': 130.43729734420776, 'baseline': 'transformer', 'run_seed': 1, 'dataset': 'fn_d_all_y_5'}
[TEST RESULT] {'seed': 1, 'r': 0.7552970808338403, 'nmse_test': 0.015425099298879412, 'nmse_test_noiseless': 0.015425099298879412, 'success': False, 'expression': '[sin(x1)**16*cos(x1)**4*cos(x2**2 - x2)]', 'traversal': 'mul,n2,n2,mul,n2,n2,sin,x1,cos,x1,cos,sub,x2,n2,x2', 'program': mul,n2,n2,mul,n2,n2,sin,x1,cos,x1,cos,sub,x2,n2,x2, 'n_epochs': 1, 'n_samples': 13684, 'n_cached': 3322, 't': 130.43729734420776, 'baseline': 'transformer', 'run_seed': 1, 'dataset': 'fn_d_all_y_5'}
MainProcess| 2026-06-21 22:25:06,951,951 multiprocessing INFO INFO: Completed run 1 of 1 in 130 s | LATEST TEST_RESULT {'seed': 1, 'r': 0.7552970808338403, 'nmse_test': 0.015425099298879412, 'nmse_test_noiseless': 0.015425099298879412, 'success': False, 'expression': '[sin(x1)**16*cos(x1)**4*cos(x2**2 - x2)]', 'traversal': 'mul,n2,n2,mul,n2,n2,sin,x1,cos,x1,cos,sub,x2,n2,x2', 'program': mul,n2,n2,mul,n2,n2,sin,x1,cos,x1,cos,sub,x2,n2,x2, 'n_epochs': 1, 'n_samples': 13684, 'n_cached': 3322, 't': 130.43729734420776, 'baseline': 'transformer', 'run_seed': 1, 'dataset': 'fn_d_all_y_5'}
INFO: Completed run 1 of 1 in 130 s | LATEST TEST_RESULT {'seed': 1, 'r': 0.7552970808338403, 'nmse_test': 0.015425099298879412, 'nmse_test_noiseless': 0.015425099298879412, 'success': False, 'expression': '[sin(x1)**16*cos(x1)**4*cos(x2**2 - x2)]', 'traversal': 'mul,n2,n2,mul,n2,n2,sin,x1,cos,x1,cos,sub,x2,n2,x2', 'program': mul,n2,n2,mul,n2,n2,sin,x1,cos,x1,cos,sub,x2,n2,x2, 'n_epochs': 1, 'n_samples': 13684, 'n_cached': 3322, 't': 130.43729734420776, 'baseline': 'transformer', 'run_seed': 1, 'dataset': 'fn_d_all_y_5'}
MainProcess| 2026-06-21 22:25:06,951,951 multiprocessing INFO Fin.
MainProcess| 2026-06-21 22:25:06,953,953 multiprocessing INFO process shutting down
[vgpu] done end=2026-06-21T22:25:09-05:00
