[job] sys=vdp2d benchmark=fn_d_all_a seed=5 host=e8 gpu=0 start=2026-06-22T01:55:52-05:00
MainProcess| 2026-06-22 01:55:57,247,247 multiprocessing INFO STARTING NEW RUN ==========
MainProcess| 2026-06-22 01:55:57,247,247 multiprocessing INFO SEE LOG AT : ./logs/all_Lyapunov_test_dso-fn_d_all_a_01_log.txt
MainProcess| 2026-06-22 01:55:57,247,247 multiprocessing INFO See log at : ./logs/all_Lyapunov_test_dso-fn_d_all_a_01_log.txt
MainProcess| 2026-06-22 01:55:57,249,249 multiprocessing INFO               variables expression                                          train_spec test_spec function_set
name                                                                                                         
fn_d_all_a_5          2  0*x1+0*x2  {"x1":{"U":[-1,1,15000]}, "x2":{"U":[-1,1,15000]}}      None         Koza
              variables expression                                          train_spec test_spec function_set
name                                                                                                         
fn_d_all_a_5          2  0*x1+0*x2  {"x1":{"U":[-1,1,15000]}, "x2":{"U":[-1,1,15000]}}      None         Koza

-- BUILDING DATASET START -----------
Benchmark path                 : /users/9/chen8596/LyaDis/repro/runs/vdp2d/libs/sd3/dso/dso/task/regression/benchmarks_bkup_1.csv
Generated data for benchmark   : fn_d_all_a_5
-- BUILDING DATASET END -------------

Function set                   : Koza --> ['add', 'sub', 'mul', 'sin', 'cos', 'n2']

MainProcess| 2026-06-22 01:55:57,291,291 multiprocessing INFO [BASELINE_TESTING NOW] dataset=fn_d_all_a_5 	| baseline=transformer 	| seed=5 	| data_samples=15000 	| noise=0.0
MainProcess| 2026-06-22 01:55:57,293,293 multiprocessing INFO [RUN SETTINGS]: test_dataset=fn_d_all_a_5  batch_outer_datasets=24 pre_train=False load_pre_trained_path= priority_queue_training=True gp_meld=True model=TransformerTreeEncoderController train_path= risk_seeking_pg_train=True
[RUN SETTINGS]: test_dataset=fn_d_all_a_5  batch_outer_datasets=24 pre_train=False load_pre_trained_path= priority_queue_training=True gp_meld=True model=TransformerTreeEncoderController train_path= risk_seeking_pg_train=True
MainProcess| 2026-06-22 01:55:57,326,326 multiprocessing INFO Running model : TransformerTreeEncoderController
Running model : TransformerTreeEncoderController

-- BUILDING DATASET START -----------
Benchmark path                 : /users/9/chen8596/LyaDis/repro/runs/vdp2d/libs/sd3/dso/dso/task/regression/benchmarks_bkup_1.csv
Generated data for benchmark   : fn_d_all_a_5
-- BUILDING DATASET END -------------

Function set                   : Koza --> ['add', 'sub', 'mul', 'sin', 'cos', 'n2']

MainProcess| 2026-06-22 01:55:57,330,330 multiprocessing INFO Function set: ['x1', 'x2', 'add', 'sub', 'mul', 'sin', 'cos', 'n2']

-- BUILDING DATASET START -----------
Benchmark path                 : /users/9/chen8596/LyaDis/repro/runs/vdp2d/libs/sd3/dso/dso/task/regression/benchmarks_bkup_1.csv
Generated data for benchmark   : fn_d_all_a_5
-- BUILDING DATASET END -------------

Function set                   : Koza --> ['add', 'sub', 'mul', 'sin', 'cos', 'n2']

-- BUILDING PRIOR START -------------
WARNING: Skipping invalid 'RelationalConstraint' with arguments {'targets': [], 'effectors': [], 'relationship': None}. Reason: Prior disabled.
WARNING: Skipping invalid 'RepeatConstraint' with arguments {'tokens': 'const', 'min_': None, 'max_': 5}. Reason: Uses Tokens not in the Library.
WARNING: Skipping invalid 'InverseUnaryConstraint' with arguments {}. Reason: There are no inverse unary Token pairs in the Library.
WARNING: Skipping invalid 'ConstConstraint' with arguments {}. Reason: Prior disabled.
WARNING: Skipping invalid 'NoInputsConstraint' with arguments {}. Reason: All terminal tokens are input variables, so allsequences will have an input variable.
WARNING: Skipping invalid 'UniformArityPrior' with arguments {}. Reason: Prior disabled.
LengthConstraint: Sequences have minimum length 4.
                  Sequences have maximum length 12.
TrigConstraint: [sin, cos] cannot be a descendant of [sin, cos].
SoftLengthPrior: No description available.
-- BUILDING PRIOR END ---------------

MainProcess| 2026-06-22 01:55:57,565,565 multiprocessing INFO Transformer overwriting hidden size to input_dim 128
Transformer overwriting hidden size to input_dim 128
MainProcess| 2026-06-22 01:55:57,594,594 multiprocessing INFO Encoder params: {'sinuisodal_embeddings': False, 'dec_pf_dim': 32, 'dec_layers': 1, 'dim_hidden': 128, 'lr': 0.0001, 'dropout': 0, 'num_features': 1, 'ln': True, 'N_p': 0, 'num_inds': 64, 'activation': 'relu', 'bit16': False, 'norm': True, 'linear': True, 'input_normalization': False, 'src_pad_idx': 0, 'trg_pad_idx': 0, 'length_eq': 20, 'n_l_enc': 3, 'mean': 0.5, 'std': 0.5, 'dim_input': 64, 'num_heads': 2, 'output_dim': 10}
Encoder params: {'sinuisodal_embeddings': False, 'dec_pf_dim': 32, 'dec_layers': 1, 'dim_hidden': 128, 'lr': 0.0001, 'dropout': 0, 'num_features': 1, 'ln': True, 'N_p': 0, 'num_inds': 64, 'activation': 'relu', 'bit16': False, 'norm': True, 'linear': True, 'input_normalization': False, 'src_pad_idx': 0, 'trg_pad_idx': 0, 'length_eq': 20, 'n_l_enc': 3, 'mean': 0.5, 'std': 0.5, 'dim_input': 64, 'num_heads': 2, 'output_dim': 10}
MainProcess| 2026-06-22 01:55:57,680,680 multiprocessing INFO TransformerTreeEncoderController parameters: 4033776 	 | trainable : 4033776
TransformerTreeEncoderController parameters: 4033776 	 | trainable : 4033776
MainProcess| 2026-06-22 01:55:57,737,737 multiprocessing INFO GP CONFIG : {'verbose': False, 'generations': 35, 'p_crossover': 0.5, 'p_mutate': 0.5, 'tournament_size': 7, 'train_n': 50, 'mutate_tree_max': 3}
GP CONFIG : {'verbose': False, 'generations': 35, 'p_crossover': 0.5, 'p_mutate': 0.5, 'tournament_size': 7, 'train_n': 50, 'mutate_tree_max': 3}
MainProcess| 2026-06-22 01:55:57,779,779 multiprocessing INFO config: {'experiment': {'logdir': './log', 'seed': 13, 'timestamp': '2026-06-22-015557', 'task_name': 'fn_d_all_a_5', 'save_path': './log/fn_d_all_a_5_2026-06-22-015557_5'}, 'task': {'task_type': 'regression', 'dataset': 'fn_d_all_a_5', 'function_set': ['add', 'sub', 'mul', 'sin', 'cos', 'n2'], 'metric': 'lyapunov_risk', 'metric_params': [1.0], 'extra_metric_test': None, 'extra_metric_test_params': [], 'threshold': 1e-12, 'protected': False, 'reward_noise': 0.0, 'reward_noise_type': 'r', 'normalize_variance': False, 'decision_tree_threshold_set': []}, 'training': {'n_epochs': None, 'n_samples': 2000000, 'batch_size': 500, 'epsilon': 0.1, 'baseline': 'R_e', 'alpha': 0.5, 'b_jumpstart': False, 'n_cores_batch': 1, 'complexity': 'token', 'const_optimizer': 'scipy', 'const_params': {'method': 'L-BFGS-B', 'options': {'gtol': 0.001}}, 'verbose': True, 'debug': 0, 'early_stopping': True, 'hof': 100, 'use_memory': False, 'memory_capacity': 1000.0, 'warm_start': None, 'memory_threshold': None, 'save_all_epoch': False, 'save_summary': False, 'save_positional_entropy': False, 'save_pareto_front': True, 'save_cache': False, 'save_cache_r_min': 0.9, 'save_freq': 1, 'save_token_count': False}, 'state_manager': {'observe_action': False, 'observe_parent': True, 'observe_sibling': True, 'observe_dangling': False, 'embedding': True, 'embedding_size': 64}, 'controller': {'max_length': 64, 'cell': 'lstm', 'num_layers': 1, 'num_units': 64, 'initializer': 'zeros', 'learning_rate': 0.0003, 'optimizer': 'adam', 'entropy_weight': 0.005, 'entropy_gamma': 0.8, 'pqt': True, 'pqt_k': 10, 'pqt_batch_size': 1, 'pqt_weight': 200.0, 'pqt_use_pg': False, 'summary': False, 'rl_weight': 1.0}, 'gp_meld': {'generations': 35, 'p_crossover': 0.5, 'p_mutate': 0.5, 'tournament_size': 7, 'train_n': 50, 'mutate_tree_max': 3}, 'prior': {'relational': {'targets': [], 'effectors': [], 'relationship': None}, 'length': {'min_': 4, 'max_': 12}, 'repeat': {'tokens': 'const', 'min_': None, 'max_': 5}, 'inverse': {}, 'trig': {}, 'const': {}, 'no_inputs': {}, 'uniform_arity': {}, 'soft_length': {'loc': 10, 'scale': 5}}, 'postprocess': {'show_count': 5, 'save_plots': True}, 'model': 'TransformerTreeEncoderController', 'function_names_str': 'x1,x2,add,sub,mul,sin,cos,n2', 'nesymres_train_config': {'architecture': {'sinuisodal_embeddings': False, 'dec_pf_dim': 32, 'dec_layers': 1, 'dim_hidden': 128, 'lr': 0.0001, 'dropout': 0, 'num_features': 1, 'ln': True, 'N_p': 0, 'num_inds': 64, 'activation': 'relu', 'bit16': False, 'norm': True, 'linear': True, 'input_normalization': False, 'src_pad_idx': 0, 'trg_pad_idx': 0, 'length_eq': 20, 'n_l_enc': 3, 'mean': 0.5, 'std': 0.5, 'dim_input': 64, 'num_heads': 2, 'output_dim': 10}}}

-- BUILDING DATASET START -----------
Benchmark path                 : /users/9/chen8596/LyaDis/repro/runs/vdp2d/libs/sd3/dso/dso/task/regression/benchmarks_bkup_1.csv
Generated data for benchmark   : fn_d_all_a_5
-- BUILDING DATASET END -------------

Function set                   : Koza --> ['add', 'sub', 'mul', 'sin', 'cos', 'n2']

-- RUNNING EPOCHS START -------------
torch.Size([500, 24])
/users/9/chen8596/miniconda3/envs/alfd/lib/python3.9/site-packages/torch/nn/functional.py:4999: UserWarning: Support for mismatched key_padding_mask and attn_mask is deprecated. Use same type for both instead.
  warnings.warn(
/users/9/chen8596/miniconda3/envs/alfd/lib/python3.9/site-packages/torch/nn/functional.py:4999: UserWarning: Support for mismatched key_padding_mask and attn_mask is deprecated. Use same type for both instead.
  warnings.warn(
/users/9/chen8596/miniconda3/envs/alfd/lib/python3.9/site-packages/torch/nn/functional.py:4999: UserWarning: Support for mismatched key_padding_mask and attn_mask is deprecated. Use same type for both instead.
  warnings.warn(
MainProcess| 2026-06-22 01:56:13,065,65 multiprocessing INFO Genetic Porgramming Runtime 13.279683961998671
Genetic Porgramming Runtime 13.279683961998671

=========================PGD Collection Starts=========================

MainProcess| 2026-06-22 01:56:13,549,549 multiprocessing INFO created temp directory /tmp/pymp-0prqpl95
SpawnPoolWorker-6| 2026-06-22 01:56:16,592,592 multiprocessing INFO STARTING NEW RUN ==========
SpawnPoolWorker-6| 2026-06-22 01:56:16,592,592 multiprocessing INFO SEE LOG AT : ./logs/all_Lyapunov_test_dso-fn_d_all_a_01_log.txt
SpawnPoolWorker-6| 2026-06-22 01:56:16,592,592 multiprocessing INFO See log at : ./logs/all_Lyapunov_test_dso-fn_d_all_a_01_log.txt
SpawnPoolWorker-6| 2026-06-22 01:56:16,593,593 multiprocessing INFO child process calling self.run()
SpawnPoolWorker-9| 2026-06-22 01:56:16,610,610 multiprocessing INFO STARTING NEW RUN ==========
SpawnPoolWorker-4| 2026-06-22 01:56:16,610,610 multiprocessing INFO STARTING NEW RUN ==========
SpawnPoolWorker-9| 2026-06-22 01:56:16,610,610 multiprocessing INFO SEE LOG AT : ./logs/all_Lyapunov_test_dso-fn_d_all_a_01_log.txt
SpawnPoolWorker-4| 2026-06-22 01:56:16,610,610 multiprocessing INFO SEE LOG AT : ./logs/all_Lyapunov_test_dso-fn_d_all_a_01_log.txt
SpawnPoolWorker-9| 2026-06-22 01:56:16,610,610 multiprocessing INFO See log at : ./logs/all_Lyapunov_test_dso-fn_d_all_a_01_log.txt
SpawnPoolWorker-4| 2026-06-22 01:56:16,610,610 multiprocessing INFO See log at : ./logs/all_Lyapunov_test_dso-fn_d_all_a_01_log.txt
SpawnPoolWorker-4| 2026-06-22 01:56:16,611,611 multiprocessing INFO child process calling self.run()
SpawnPoolWorker-9| 2026-06-22 01:56:16,611,611 multiprocessing INFO child process calling self.run()
SpawnPoolWorker-3| 2026-06-22 01:56:16,615,615 multiprocessing INFO STARTING NEW RUN ==========
SpawnPoolWorker-3| 2026-06-22 01:56:16,615,615 multiprocessing INFO SEE LOG AT : ./logs/all_Lyapunov_test_dso-fn_d_all_a_01_log.txt
SpawnPoolWorker-3| 2026-06-22 01:56:16,615,615 multiprocessing INFO See log at : ./logs/all_Lyapunov_test_dso-fn_d_all_a_01_log.txt
SpawnPoolWorker-3| 2026-06-22 01:56:16,616,616 multiprocessing INFO child process calling self.run()
SpawnPoolWorker-7| 2026-06-22 01:56:16,639,639 multiprocessing INFO STARTING NEW RUN ==========
SpawnPoolWorker-7| 2026-06-22 01:56:16,639,639 multiprocessing INFO SEE LOG AT : ./logs/all_Lyapunov_test_dso-fn_d_all_a_01_log.txt
SpawnPoolWorker-7| 2026-06-22 01:56:16,639,639 multiprocessing INFO See log at : ./logs/all_Lyapunov_test_dso-fn_d_all_a_01_log.txt
SpawnPoolWorker-7| 2026-06-22 01:56:16,640,640 multiprocessing INFO child process calling self.run()
SpawnPoolWorker-5| 2026-06-22 01:56:16,669,669 multiprocessing INFO STARTING NEW RUN ==========
SpawnPoolWorker-5| 2026-06-22 01:56:16,669,669 multiprocessing INFO SEE LOG AT : ./logs/all_Lyapunov_test_dso-fn_d_all_a_01_log.txt
SpawnPoolWorker-5| 2026-06-22 01:56:16,670,670 multiprocessing INFO See log at : ./logs/all_Lyapunov_test_dso-fn_d_all_a_01_log.txt
SpawnPoolWorker-5| 2026-06-22 01:56:16,671,671 multiprocessing INFO child process calling self.run()
SpawnPoolWorker-8| 2026-06-22 01:56:16,676,676 multiprocessing INFO STARTING NEW RUN ==========
SpawnPoolWorker-8| 2026-06-22 01:56:16,676,676 multiprocessing INFO SEE LOG AT : ./logs/all_Lyapunov_test_dso-fn_d_all_a_01_log.txt
SpawnPoolWorker-8| 2026-06-22 01:56:16,676,676 multiprocessing INFO See log at : ./logs/all_Lyapunov_test_dso-fn_d_all_a_01_log.txt
SpawnPoolWorker-8| 2026-06-22 01:56:16,677,677 multiprocessing INFO child process calling self.run()
SpawnPoolWorker-1| 2026-06-22 01:56:16,710,710 multiprocessing INFO STARTING NEW RUN ==========
SpawnPoolWorker-1| 2026-06-22 01:56:16,710,710 multiprocessing INFO SEE LOG AT : ./logs/all_Lyapunov_test_dso-fn_d_all_a_01_log.txt
SpawnPoolWorker-1| 2026-06-22 01:56:16,710,710 multiprocessing INFO See log at : ./logs/all_Lyapunov_test_dso-fn_d_all_a_01_log.txt
SpawnPoolWorker-1| 2026-06-22 01:56:16,711,711 multiprocessing INFO child process calling self.run()
SpawnPoolWorker-2| 2026-06-22 01:56:16,715,715 multiprocessing INFO STARTING NEW RUN ==========
SpawnPoolWorker-2| 2026-06-22 01:56:16,715,715 multiprocessing INFO SEE LOG AT : ./logs/all_Lyapunov_test_dso-fn_d_all_a_01_log.txt
SpawnPoolWorker-2| 2026-06-22 01:56:16,715,715 multiprocessing INFO See log at : ./logs/all_Lyapunov_test_dso-fn_d_all_a_01_log.txt
SpawnPoolWorker-2| 2026-06-22 01:56:16,716,716 multiprocessing INFO child process calling self.run()
SpawnPoolWorker-10| 2026-06-22 01:56:16,749,749 multiprocessing INFO STARTING NEW RUN ==========
SpawnPoolWorker-10| 2026-06-22 01:56:16,749,749 multiprocessing INFO SEE LOG AT : ./logs/all_Lyapunov_test_dso-fn_d_all_a_01_log.txt
SpawnPoolWorker-10| 2026-06-22 01:56:16,750,750 multiprocessing INFO See log at : ./logs/all_Lyapunov_test_dso-fn_d_all_a_01_log.txt
SpawnPoolWorker-10| 2026-06-22 01:56:16,751,751 multiprocessing INFO child process calling self.run()
(3000,)

===================Collect 3000 Examples===================

Epsilon 0.1
500
(550,)
(550,)
(55,)
Number of Programs for Minimization: 28
SpawnPoolWorker-15| 2026-06-22 01:58:08,351,351 multiprocessing INFO STARTING NEW RUN ==========
SpawnPoolWorker-15| 2026-06-22 01:58:08,352,352 multiprocessing INFO SEE LOG AT : ./logs/all_Lyapunov_test_dso-fn_d_all_a_01_log.txt
SpawnPoolWorker-15| 2026-06-22 01:58:08,352,352 multiprocessing INFO See log at : ./logs/all_Lyapunov_test_dso-fn_d_all_a_01_log.txt
SpawnPoolWorker-15| 2026-06-22 01:58:08,361,361 multiprocessing INFO child process calling self.run()
SpawnPoolWorker-30| 2026-06-22 01:58:08,426,426 multiprocessing INFO STARTING NEW RUN ==========
SpawnPoolWorker-30| 2026-06-22 01:58:08,427,427 multiprocessing INFO SEE LOG AT : ./logs/all_Lyapunov_test_dso-fn_d_all_a_01_log.txt
SpawnPoolWorker-30| 2026-06-22 01:58:08,427,427 multiprocessing INFO See log at : ./logs/all_Lyapunov_test_dso-fn_d_all_a_01_log.txt
SpawnPoolWorker-29| 2026-06-22 01:58:08,427,427 multiprocessing INFO STARTING NEW RUN ==========
SpawnPoolWorker-29| 2026-06-22 01:58:08,427,427 multiprocessing INFO SEE LOG AT : ./logs/all_Lyapunov_test_dso-fn_d_all_a_01_log.txt
SpawnPoolWorker-29| 2026-06-22 01:58:08,427,427 multiprocessing INFO See log at : ./logs/all_Lyapunov_test_dso-fn_d_all_a_01_log.txt
SpawnPoolWorker-30| 2026-06-22 01:58:08,428,428 multiprocessing INFO child process calling self.run()
SpawnPoolWorker-29| 2026-06-22 01:58:08,430,430 multiprocessing INFO child process calling self.run()
SpawnPoolWorker-13| 2026-06-22 01:58:08,514,514 multiprocessing INFO STARTING NEW RUN ==========
SpawnPoolWorker-13| 2026-06-22 01:58:08,514,514 multiprocessing INFO SEE LOG AT : ./logs/all_Lyapunov_test_dso-fn_d_all_a_01_log.txt
SpawnPoolWorker-13| 2026-06-22 01:58:08,514,514 multiprocessing INFO See log at : ./logs/all_Lyapunov_test_dso-fn_d_all_a_01_log.txt
SpawnPoolWorker-13| 2026-06-22 01:58:08,517,517 multiprocessing INFO child process calling self.run()
SpawnPoolWorker-17| 2026-06-22 01:58:08,667,667 multiprocessing INFO STARTING NEW RUN ==========
SpawnPoolWorker-17| 2026-06-22 01:58:08,667,667 multiprocessing INFO SEE LOG AT : ./logs/all_Lyapunov_test_dso-fn_d_all_a_01_log.txt
SpawnPoolWorker-17| 2026-06-22 01:58:08,667,667 multiprocessing INFO See log at : ./logs/all_Lyapunov_test_dso-fn_d_all_a_01_log.txt
SpawnPoolWorker-17| 2026-06-22 01:58:08,669,669 multiprocessing INFO child process calling self.run()
SpawnPoolWorker-21| 2026-06-22 01:58:08,670,670 multiprocessing INFO STARTING NEW RUN ==========
SpawnPoolWorker-21| 2026-06-22 01:58:08,670,670 multiprocessing INFO SEE LOG AT : ./logs/all_Lyapunov_test_dso-fn_d_all_a_01_log.txt
SpawnPoolWorker-21| 2026-06-22 01:58:08,670,670 multiprocessing INFO See log at : ./logs/all_Lyapunov_test_dso-fn_d_all_a_01_log.txt
SpawnPoolWorker-21| 2026-06-22 01:58:08,680,680 multiprocessing INFO child process calling self.run()
SpawnPoolWorker-14| 2026-06-22 01:58:08,838,838 multiprocessing INFO STARTING NEW RUN ==========
SpawnPoolWorker-14| 2026-06-22 01:58:08,838,838 multiprocessing INFO SEE LOG AT : ./logs/all_Lyapunov_test_dso-fn_d_all_a_01_log.txt
SpawnPoolWorker-14| 2026-06-22 01:58:08,838,838 multiprocessing INFO See log at : ./logs/all_Lyapunov_test_dso-fn_d_all_a_01_log.txt
SpawnPoolWorker-14| 2026-06-22 01:58:08,868,868 multiprocessing INFO child process calling self.run()
SpawnPoolWorker-28| 2026-06-22 01:58:09,456,456 multiprocessing INFO STARTING NEW RUN ==========
SpawnPoolWorker-28| 2026-06-22 01:58:09,456,456 multiprocessing INFO SEE LOG AT : ./logs/all_Lyapunov_test_dso-fn_d_all_a_01_log.txt
SpawnPoolWorker-28| 2026-06-22 01:58:09,456,456 multiprocessing INFO See log at : ./logs/all_Lyapunov_test_dso-fn_d_all_a_01_log.txt
SpawnPoolWorker-28| 2026-06-22 01:58:09,458,458 multiprocessing INFO child process calling self.run()
SpawnPoolWorker-15| 2026-06-22 01:58:10,138,138 multiprocessing INFO process shutting down
SpawnPoolWorker-15| 2026-06-22 01:58:10,139,139 multiprocessing INFO process exiting with exitcode 0
SpawnPoolWorker-29| 2026-06-22 01:58:10,139,139 multiprocessing INFO process shutting down
SpawnPoolWorker-21| 2026-06-22 01:58:10,139,139 multiprocessing INFO process shutting down
SpawnPoolWorker-13| 2026-06-22 01:58:10,139,139 multiprocessing INFO process shutting down
SpawnPoolWorker-30| 2026-06-22 01:58:10,140,140 multiprocessing INFO process shutting down
SpawnPoolWorker-14| 2026-06-22 01:58:10,140,140 multiprocessing INFO process shutting down
SpawnPoolWorker-14| 2026-06-22 01:58:10,140,140 multiprocessing INFO process exiting with exitcode 0
SpawnPoolWorker-29| 2026-06-22 01:58:10,140,140 multiprocessing INFO process exiting with exitcode 0
SpawnPoolWorker-28| 2026-06-22 01:58:10,140,140 multiprocessing INFO process shutting down
SpawnPoolWorker-17| 2026-06-22 01:58:10,141,141 multiprocessing INFO process shutting down
28
(30000, 2)
(30000,)
(30000, 2)
(30000,)

=======================Successfully Added (15000, 2) Counter Examples=======================

Number of valid equations: 24. Program should stopped
x1**2 + x2*(x2 + sin(x1))
[x1**2 + x2*(x2 + sin(x1)), x1**2 + x2*(x2 + sin(x1)), x1**2 + x2*(x2 + sin(x1)), x1**2 + x2*(x2 + sin(x1)), x1**2 + x2*(x1 + x2), x1**2 + x2*(x1 + x2), x1*(x1 + x2) + x2**2, x1**2 + x2*(x1 + x2), x1**2 + x2*(x1 + x2), x1**2 + x2*(x1 + x2), x1**2 + x2*(x1 + x2), 2*x1**2 + 2*x2**2, (x1**2 + x2*(x2 + sin(x1)))**2, (x1**2 + x2*(x1 + x2))**2, x1**2 + x2**2, x1**2 + x2**2, x1**2 + x2**2, x1**2 + x2**2, x1**2 + x2**2, x1**2 + x2**2, x1**2 + x2**2, x1**2 + x2**2, x1**2 + x2**2, x1**2 + x2**2]
MainProcess| 2026-06-22 02:13:31,160,160 multiprocessing INFO Number of valid equations: 24. Program should stopped
Number of valid equations: 24. Program should stopped
MainProcess| 2026-06-22 02:13:31,161,161 multiprocessing INFO x1**2 + x2*(x2 + sin(x1))
x1**2 + x2*(x2 + sin(x1))
MainProcess| 2026-06-22 02:13:31,162,162 multiprocessing INFO [x1**2 + x2*(x2 + sin(x1)), x1**2 + x2*(x2 + sin(x1)), x1**2 + x2*(x2 + sin(x1)), x1**2 + x2*(x2 + sin(x1)), x1**2 + x2*(x1 + x2), x1**2 + x2*(x1 + x2), x1*(x1 + x2) + x2**2, x1**2 + x2*(x1 + x2), x1**2 + x2*(x1 + x2), x1**2 + x2*(x1 + x2), x1**2 + x2*(x1 + x2), 2*x1**2 + 2*x2**2, (x1**2 + x2*(x2 + sin(x1)))**2, (x1**2 + x2*(x1 + x2))**2, x1**2 + x2**2, x1**2 + x2**2, x1**2 + x2**2, x1**2 + x2**2, x1**2 + x2**2, x1**2 + x2**2, x1**2 + x2**2, x1**2 + x2**2, x1**2 + x2**2, x1**2 + x2**2]
[x1**2 + x2*(x2 + sin(x1)), x1**2 + x2*(x2 + sin(x1)), x1**2 + x2*(x2 + sin(x1)), x1**2 + x2*(x2 + sin(x1)), x1**2 + x2*(x1 + x2), x1**2 + x2*(x1 + x2), x1*(x1 + x2) + x2**2, x1**2 + x2*(x1 + x2), x1**2 + x2*(x1 + x2), x1**2 + x2*(x1 + x2), x1**2 + x2*(x1 + x2), 2*x1**2 + 2*x2**2, (x1**2 + x2*(x2 + sin(x1)))**2, (x1**2 + x2*(x1 + x2))**2, x1**2 + x2**2, x1**2 + x2**2, x1**2 + x2**2, x1**2 + x2**2, x1**2 + x2**2, x1**2 + x2**2, x1**2 + x2**2, x1**2 + x2**2, x1**2 + x2**2, x1**2 + x2**2]
(55, 24)
/users/9/chen8596/miniconda3/envs/alfd/lib/python3.9/site-packages/torch/nn/functional.py:4999: UserWarning: Support for mismatched key_padding_mask and attn_mask is deprecated. Use same type for both instead.
  warnings.warn(
Traceback (most recent call last):
  File "/users/9/chen8596/LyaDis/repro/runs/vdp2d/Lyapunov_test_dso.py", line 519, in <module>
    main(dataset)
  File "/users/9/chen8596/LyaDis/repro/runs/vdp2d/Lyapunov_test_dso.py", line 162, in main
    result = perform_run(task_input)
  File "/users/9/chen8596/LyaDis/repro/runs/vdp2d/Lyapunov_test_dso.py", line 109, in perform_run
    result = top_main(
  File "/users/9/chen8596/LyaDis/repro/runs/vdp2d/Lyapunov_test_dso.py", line 347, in top_main
    optomize_at_test(
  File "/users/9/chen8596/LyaDis/repro/runs/vdp2d/utils/train.py", line 711, in optomize_at_test
    loss.backward()
  File "/users/9/chen8596/miniconda3/envs/alfd/lib/python3.9/site-packages/torch/_tensor.py", line 487, in backward
    torch.autograd.backward(
  File "/users/9/chen8596/miniconda3/envs/alfd/lib/python3.9/site-packages/torch/autograd/__init__.py", line 200, in backward
    Variable._execution_engine.run_backward(  # Calls into the C++ engine to run the backward pass
RuntimeError: CUDA error: an illegal instruction was encountered
CUDA kernel errors might be asynchronously reported at some other API call, so the stacktrace below might be incorrect.
For debugging consider passing CUDA_LAUNCH_BLOCKING=1.
Compile with `TORCH_USE_CUDA_DSA` to enable device-side assertions.

MainProcess| 2026-06-22 02:13:31,409,409 multiprocessing INFO process shutting down
