[job] sys=vdp2d benchmark=fn_d_all_a seed=3 host=aga30 gpu=0 start=2026-06-21T22:48:48-05:00
MainProcess| 2026-06-21 22:49:06,820,820 multiprocessing INFO STARTING NEW RUN ==========
MainProcess| 2026-06-21 22:49:06,820,820 multiprocessing INFO SEE LOG AT : ./logs/all_Lyapunov_test_dso-fn_d_all_a_01_log.txt
MainProcess| 2026-06-21 22:49:06,820,820 multiprocessing INFO See log at : ./logs/all_Lyapunov_test_dso-fn_d_all_a_01_log.txt
MainProcess| 2026-06-21 22:49:06,826,826 multiprocessing INFO               variables expression                                          train_spec test_spec function_set
name                                                                                                         
fn_d_all_a_5          2  0*x1+0*x2  {"x1":{"U":[-1,1,15000]}, "x2":{"U":[-1,1,15000]}}      None         Koza
              variables expression                                          train_spec test_spec function_set
name                                                                                                         
fn_d_all_a_5          2  0*x1+0*x2  {"x1":{"U":[-1,1,15000]}, "x2":{"U":[-1,1,15000]}}      None         Koza

-- BUILDING DATASET START -----------
Benchmark path                 : /users/9/chen8596/LyaDis/repro/runs/vdp2d/libs/sd3/dso/dso/task/regression/benchmarks_bkup_1.csv
Generated data for benchmark   : fn_d_all_a_5
-- BUILDING DATASET END -------------

Function set                   : Koza --> ['add', 'sub', 'mul', 'sin', 'cos', 'n2']

MainProcess| 2026-06-21 22:49:06,921,921 multiprocessing INFO [BASELINE_TESTING NOW] dataset=fn_d_all_a_5 	| baseline=transformer 	| seed=3 	| data_samples=15000 	| noise=0.0
MainProcess| 2026-06-21 22:49:06,936,936 multiprocessing INFO [RUN SETTINGS]: test_dataset=fn_d_all_a_5  batch_outer_datasets=24 pre_train=False load_pre_trained_path= priority_queue_training=True gp_meld=True model=TransformerTreeEncoderController train_path= risk_seeking_pg_train=True
[RUN SETTINGS]: test_dataset=fn_d_all_a_5  batch_outer_datasets=24 pre_train=False load_pre_trained_path= priority_queue_training=True gp_meld=True model=TransformerTreeEncoderController train_path= risk_seeking_pg_train=True
MainProcess| 2026-06-21 22:49:07,003,3 multiprocessing INFO Running model : TransformerTreeEncoderController
Running model : TransformerTreeEncoderController

-- BUILDING DATASET START -----------
Benchmark path                 : /users/9/chen8596/LyaDis/repro/runs/vdp2d/libs/sd3/dso/dso/task/regression/benchmarks_bkup_1.csv
Generated data for benchmark   : fn_d_all_a_5
-- BUILDING DATASET END -------------

Function set                   : Koza --> ['add', 'sub', 'mul', 'sin', 'cos', 'n2']

MainProcess| 2026-06-21 22:49:07,010,10 multiprocessing INFO Function set: ['x1', 'x2', 'add', 'sub', 'mul', 'sin', 'cos', 'n2']

-- BUILDING DATASET START -----------
Benchmark path                 : /users/9/chen8596/LyaDis/repro/runs/vdp2d/libs/sd3/dso/dso/task/regression/benchmarks_bkup_1.csv
Generated data for benchmark   : fn_d_all_a_5
-- BUILDING DATASET END -------------

Function set                   : Koza --> ['add', 'sub', 'mul', 'sin', 'cos', 'n2']

-- BUILDING PRIOR START -------------
WARNING: Skipping invalid 'RelationalConstraint' with arguments {'targets': [], 'effectors': [], 'relationship': None}. Reason: Prior disabled.
WARNING: Skipping invalid 'RepeatConstraint' with arguments {'tokens': 'const', 'min_': None, 'max_': 5}. Reason: Uses Tokens not in the Library.
WARNING: Skipping invalid 'InverseUnaryConstraint' with arguments {}. Reason: There are no inverse unary Token pairs in the Library.
WARNING: Skipping invalid 'ConstConstraint' with arguments {}. Reason: Prior disabled.
WARNING: Skipping invalid 'NoInputsConstraint' with arguments {}. Reason: All terminal tokens are input variables, so allsequences will have an input variable.
WARNING: Skipping invalid 'UniformArityPrior' with arguments {}. Reason: Prior disabled.
LengthConstraint: Sequences have minimum length 4.
                  Sequences have maximum length 12.
TrigConstraint: [sin, cos] cannot be a descendant of [sin, cos].
SoftLengthPrior: No description available.
-- BUILDING PRIOR END ---------------

MainProcess| 2026-06-21 22:49:07,476,476 multiprocessing INFO Transformer overwriting hidden size to input_dim 128
Transformer overwriting hidden size to input_dim 128
MainProcess| 2026-06-21 22:49:07,672,672 multiprocessing INFO Encoder params: {'sinuisodal_embeddings': False, 'dec_pf_dim': 32, 'dec_layers': 1, 'dim_hidden': 128, 'lr': 0.0001, 'dropout': 0, 'num_features': 1, 'ln': True, 'N_p': 0, 'num_inds': 64, 'activation': 'relu', 'bit16': False, 'norm': True, 'linear': True, 'input_normalization': False, 'src_pad_idx': 0, 'trg_pad_idx': 0, 'length_eq': 20, 'n_l_enc': 3, 'mean': 0.5, 'std': 0.5, 'dim_input': 64, 'num_heads': 2, 'output_dim': 10}
Encoder params: {'sinuisodal_embeddings': False, 'dec_pf_dim': 32, 'dec_layers': 1, 'dim_hidden': 128, 'lr': 0.0001, 'dropout': 0, 'num_features': 1, 'ln': True, 'N_p': 0, 'num_inds': 64, 'activation': 'relu', 'bit16': False, 'norm': True, 'linear': True, 'input_normalization': False, 'src_pad_idx': 0, 'trg_pad_idx': 0, 'length_eq': 20, 'n_l_enc': 3, 'mean': 0.5, 'std': 0.5, 'dim_input': 64, 'num_heads': 2, 'output_dim': 10}
MainProcess| 2026-06-21 22:49:07,813,813 multiprocessing INFO TransformerTreeEncoderController parameters: 4033776 	 | trainable : 4033776
TransformerTreeEncoderController parameters: 4033776 	 | trainable : 4033776
MainProcess| 2026-06-21 22:49:07,884,884 multiprocessing INFO GP CONFIG : {'verbose': False, 'generations': 35, 'p_crossover': 0.5, 'p_mutate': 0.5, 'tournament_size': 7, 'train_n': 50, 'mutate_tree_max': 3}
GP CONFIG : {'verbose': False, 'generations': 35, 'p_crossover': 0.5, 'p_mutate': 0.5, 'tournament_size': 7, 'train_n': 50, 'mutate_tree_max': 3}
MainProcess| 2026-06-21 22:49:08,056,56 multiprocessing INFO config: {'experiment': {'logdir': './log', 'seed': 13, 'timestamp': '2026-06-21-224907', 'task_name': 'fn_d_all_a_5', 'save_path': './log/fn_d_all_a_5_2026-06-21-224907_3'}, 'task': {'task_type': 'regression', 'dataset': 'fn_d_all_a_5', 'function_set': ['add', 'sub', 'mul', 'sin', 'cos', 'n2'], 'metric': 'lyapunov_risk', 'metric_params': [1.0], 'extra_metric_test': None, 'extra_metric_test_params': [], 'threshold': 1e-12, 'protected': False, 'reward_noise': 0.0, 'reward_noise_type': 'r', 'normalize_variance': False, 'decision_tree_threshold_set': []}, 'training': {'n_epochs': None, 'n_samples': 2000000, 'batch_size': 500, 'epsilon': 0.1, 'baseline': 'R_e', 'alpha': 0.5, 'b_jumpstart': False, 'n_cores_batch': 1, 'complexity': 'token', 'const_optimizer': 'scipy', 'const_params': {'method': 'L-BFGS-B', 'options': {'gtol': 0.001}}, 'verbose': True, 'debug': 0, 'early_stopping': True, 'hof': 100, 'use_memory': False, 'memory_capacity': 1000.0, 'warm_start': None, 'memory_threshold': None, 'save_all_epoch': False, 'save_summary': False, 'save_positional_entropy': False, 'save_pareto_front': True, 'save_cache': False, 'save_cache_r_min': 0.9, 'save_freq': 1, 'save_token_count': False}, 'state_manager': {'observe_action': False, 'observe_parent': True, 'observe_sibling': True, 'observe_dangling': False, 'embedding': True, 'embedding_size': 64}, 'controller': {'max_length': 64, 'cell': 'lstm', 'num_layers': 1, 'num_units': 64, 'initializer': 'zeros', 'learning_rate': 0.0003, 'optimizer': 'adam', 'entropy_weight': 0.005, 'entropy_gamma': 0.8, 'pqt': True, 'pqt_k': 10, 'pqt_batch_size': 1, 'pqt_weight': 200.0, 'pqt_use_pg': False, 'summary': False, 'rl_weight': 1.0}, 'gp_meld': {'generations': 35, 'p_crossover': 0.5, 'p_mutate': 0.5, 'tournament_size': 7, 'train_n': 50, 'mutate_tree_max': 3}, 'prior': {'relational': {'targets': [], 'effectors': [], 'relationship': None}, 'length': {'min_': 4, 'max_': 12}, 'repeat': {'tokens': 'const', 'min_': None, 'max_': 5}, 'inverse': {}, 'trig': {}, 'const': {}, 'no_inputs': {}, 'uniform_arity': {}, 'soft_length': {'loc': 10, 'scale': 5}}, 'postprocess': {'show_count': 5, 'save_plots': True}, 'model': 'TransformerTreeEncoderController', 'function_names_str': 'x1,x2,add,sub,mul,sin,cos,n2', 'nesymres_train_config': {'architecture': {'sinuisodal_embeddings': False, 'dec_pf_dim': 32, 'dec_layers': 1, 'dim_hidden': 128, 'lr': 0.0001, 'dropout': 0, 'num_features': 1, 'ln': True, 'N_p': 0, 'num_inds': 64, 'activation': 'relu', 'bit16': False, 'norm': True, 'linear': True, 'input_normalization': False, 'src_pad_idx': 0, 'trg_pad_idx': 0, 'length_eq': 20, 'n_l_enc': 3, 'mean': 0.5, 'std': 0.5, 'dim_input': 64, 'num_heads': 2, 'output_dim': 10}}}

-- BUILDING DATASET START -----------
Benchmark path                 : /users/9/chen8596/LyaDis/repro/runs/vdp2d/libs/sd3/dso/dso/task/regression/benchmarks_bkup_1.csv
Generated data for benchmark   : fn_d_all_a_5
-- BUILDING DATASET END -------------

Function set                   : Koza --> ['add', 'sub', 'mul', 'sin', 'cos', 'n2']

-- RUNNING EPOCHS START -------------
torch.Size([500, 24])
/users/9/chen8596/miniconda3/envs/alfd/lib/python3.9/site-packages/torch/nn/functional.py:4999: UserWarning: Support for mismatched key_padding_mask and attn_mask is deprecated. Use same type for both instead.
  warnings.warn(
/users/9/chen8596/miniconda3/envs/alfd/lib/python3.9/site-packages/torch/nn/functional.py:4999: UserWarning: Support for mismatched key_padding_mask and attn_mask is deprecated. Use same type for both instead.
  warnings.warn(
/users/9/chen8596/miniconda3/envs/alfd/lib/python3.9/site-packages/torch/nn/functional.py:4999: UserWarning: Support for mismatched key_padding_mask and attn_mask is deprecated. Use same type for both instead.
  warnings.warn(
MainProcess| 2026-06-21 22:49:35,676,676 multiprocessing INFO Genetic Porgramming Runtime 22.92612598906271
Genetic Porgramming Runtime 22.92612598906271

=========================PGD Collection Starts=========================

MainProcess| 2026-06-21 22:49:36,370,370 multiprocessing INFO created temp directory /tmp/pymp-_sd0clog
SpawnPoolWorker-2| 2026-06-21 22:49:42,195,195 multiprocessing INFO STARTING NEW RUN ==========
SpawnPoolWorker-2| 2026-06-21 22:49:42,195,195 multiprocessing INFO SEE LOG AT : ./logs/all_Lyapunov_test_dso-fn_d_all_a_01_log.txt
SpawnPoolWorker-2| 2026-06-21 22:49:42,195,195 multiprocessing INFO See log at : ./logs/all_Lyapunov_test_dso-fn_d_all_a_01_log.txt
SpawnPoolWorker-2| 2026-06-21 22:49:42,197,197 multiprocessing INFO child process calling self.run()
SpawnPoolWorker-10| 2026-06-21 22:49:42,198,198 multiprocessing INFO STARTING NEW RUN ==========
SpawnPoolWorker-10| 2026-06-21 22:49:42,198,198 multiprocessing INFO SEE LOG AT : ./logs/all_Lyapunov_test_dso-fn_d_all_a_01_log.txt
SpawnPoolWorker-10| 2026-06-21 22:49:42,198,198 multiprocessing INFO See log at : ./logs/all_Lyapunov_test_dso-fn_d_all_a_01_log.txt
SpawnPoolWorker-5| 2026-06-21 22:49:42,200,200 multiprocessing INFO STARTING NEW RUN ==========
SpawnPoolWorker-7| 2026-06-21 22:49:42,200,200 multiprocessing INFO STARTING NEW RUN ==========
SpawnPoolWorker-5| 2026-06-21 22:49:42,200,200 multiprocessing INFO SEE LOG AT : ./logs/all_Lyapunov_test_dso-fn_d_all_a_01_log.txt
SpawnPoolWorker-7| 2026-06-21 22:49:42,200,200 multiprocessing INFO SEE LOG AT : ./logs/all_Lyapunov_test_dso-fn_d_all_a_01_log.txt
SpawnPoolWorker-7| 2026-06-21 22:49:42,200,200 multiprocessing INFO See log at : ./logs/all_Lyapunov_test_dso-fn_d_all_a_01_log.txt
SpawnPoolWorker-5| 2026-06-21 22:49:42,200,200 multiprocessing INFO See log at : ./logs/all_Lyapunov_test_dso-fn_d_all_a_01_log.txt
SpawnPoolWorker-4| 2026-06-21 22:49:42,200,200 multiprocessing INFO STARTING NEW RUN ==========
SpawnPoolWorker-4| 2026-06-21 22:49:42,200,200 multiprocessing INFO SEE LOG AT : ./logs/all_Lyapunov_test_dso-fn_d_all_a_01_log.txt
SpawnPoolWorker-4| 2026-06-21 22:49:42,200,200 multiprocessing INFO See log at : ./logs/all_Lyapunov_test_dso-fn_d_all_a_01_log.txt
SpawnPoolWorker-10| 2026-06-21 22:49:42,200,200 multiprocessing INFO child process calling self.run()
SpawnPoolWorker-1| 2026-06-21 22:49:42,201,201 multiprocessing INFO STARTING NEW RUN ==========
SpawnPoolWorker-7| 2026-06-21 22:49:42,201,201 multiprocessing INFO child process calling self.run()
SpawnPoolWorker-5| 2026-06-21 22:49:42,202,202 multiprocessing INFO child process calling self.run()
SpawnPoolWorker-4| 2026-06-21 22:49:42,202,202 multiprocessing INFO child process calling self.run()
SpawnPoolWorker-1| 2026-06-21 22:49:42,203,203 multiprocessing INFO SEE LOG AT : ./logs/all_Lyapunov_test_dso-fn_d_all_a_01_log.txt
SpawnPoolWorker-1| 2026-06-21 22:49:42,204,204 multiprocessing INFO See log at : ./logs/all_Lyapunov_test_dso-fn_d_all_a_01_log.txt
SpawnPoolWorker-9| 2026-06-21 22:49:42,204,204 multiprocessing INFO STARTING NEW RUN ==========
SpawnPoolWorker-9| 2026-06-21 22:49:42,204,204 multiprocessing INFO SEE LOG AT : ./logs/all_Lyapunov_test_dso-fn_d_all_a_01_log.txt
SpawnPoolWorker-9| 2026-06-21 22:49:42,204,204 multiprocessing INFO See log at : ./logs/all_Lyapunov_test_dso-fn_d_all_a_01_log.txt
SpawnPoolWorker-1| 2026-06-21 22:49:42,206,206 multiprocessing INFO child process calling self.run()
SpawnPoolWorker-9| 2026-06-21 22:49:42,206,206 multiprocessing INFO child process calling self.run()
SpawnPoolWorker-6| 2026-06-21 22:49:42,213,213 multiprocessing INFO STARTING NEW RUN ==========
SpawnPoolWorker-6| 2026-06-21 22:49:42,213,213 multiprocessing INFO SEE LOG AT : ./logs/all_Lyapunov_test_dso-fn_d_all_a_01_log.txt
SpawnPoolWorker-6| 2026-06-21 22:49:42,213,213 multiprocessing INFO See log at : ./logs/all_Lyapunov_test_dso-fn_d_all_a_01_log.txt
SpawnPoolWorker-6| 2026-06-21 22:49:42,216,216 multiprocessing INFO child process calling self.run()
SpawnPoolWorker-8| 2026-06-21 22:49:42,217,217 multiprocessing INFO STARTING NEW RUN ==========
SpawnPoolWorker-8| 2026-06-21 22:49:42,217,217 multiprocessing INFO SEE LOG AT : ./logs/all_Lyapunov_test_dso-fn_d_all_a_01_log.txt
SpawnPoolWorker-8| 2026-06-21 22:49:42,217,217 multiprocessing INFO See log at : ./logs/all_Lyapunov_test_dso-fn_d_all_a_01_log.txt
SpawnPoolWorker-8| 2026-06-21 22:49:42,219,219 multiprocessing INFO child process calling self.run()
SpawnPoolWorker-3| 2026-06-21 22:49:42,249,249 multiprocessing INFO STARTING NEW RUN ==========
SpawnPoolWorker-3| 2026-06-21 22:49:42,249,249 multiprocessing INFO SEE LOG AT : ./logs/all_Lyapunov_test_dso-fn_d_all_a_01_log.txt
SpawnPoolWorker-3| 2026-06-21 22:49:42,249,249 multiprocessing INFO See log at : ./logs/all_Lyapunov_test_dso-fn_d_all_a_01_log.txt
SpawnPoolWorker-3| 2026-06-21 22:49:42,251,251 multiprocessing INFO child process calling self.run()
SpawnPoolWorker-8| 2026-06-21 22:50:48,781,781 multiprocessing INFO process shutting down
SpawnPoolWorker-3| 2026-06-21 22:50:48,781,781 multiprocessing INFO process shutting down
SpawnPoolWorker-1| 2026-06-21 22:50:48,781,781 multiprocessing INFO process shutting down
SpawnPoolWorker-6| 2026-06-21 22:50:48,781,781 multiprocessing INFO process shutting down
SpawnPoolWorker-10| 2026-06-21 22:50:48,781,781 multiprocessing INFO process shutting down
SpawnPoolWorker-3| 2026-06-21 22:50:48,782,782 multiprocessing INFO process exiting with exitcode 0
SpawnPoolWorker-6| 2026-06-21 22:50:48,782,782 multiprocessing INFO process exiting with exitcode 0
(3000,)

===================Collect 3000 Examples===================

Epsilon 0.1
500
(550,)
(550,)
(55,)
Number of Programs for Minimization: 30
SpawnPoolWorker-61| 2026-06-21 22:51:13,211,211 multiprocessing INFO STARTING NEW RUN ==========
SpawnPoolWorker-61| 2026-06-21 22:51:13,211,211 multiprocessing INFO SEE LOG AT : ./logs/all_Lyapunov_test_dso-fn_d_all_a_01_log.txt
SpawnPoolWorker-61| 2026-06-21 22:51:13,211,211 multiprocessing INFO See log at : ./logs/all_Lyapunov_test_dso-fn_d_all_a_01_log.txt
SpawnPoolWorker-61| 2026-06-21 22:51:13,226,226 multiprocessing INFO child process calling self.run()
SpawnPoolWorker-44| 2026-06-21 22:51:13,473,473 multiprocessing INFO STARTING NEW RUN ==========
SpawnPoolWorker-44| 2026-06-21 22:51:13,473,473 multiprocessing INFO SEE LOG AT : ./logs/all_Lyapunov_test_dso-fn_d_all_a_01_log.txt
SpawnPoolWorker-44| 2026-06-21 22:51:13,473,473 multiprocessing INFO See log at : ./logs/all_Lyapunov_test_dso-fn_d_all_a_01_log.txt
SpawnPoolWorker-44| 2026-06-21 22:51:13,497,497 multiprocessing INFO child process calling self.run()
SpawnPoolWorker-22| 2026-06-21 22:51:15,871,871 multiprocessing INFO STARTING NEW RUN ==========
SpawnPoolWorker-22| 2026-06-21 22:51:15,873,873 multiprocessing INFO SEE LOG AT : ./logs/all_Lyapunov_test_dso-fn_d_all_a_01_log.txt
SpawnPoolWorker-22| 2026-06-21 22:51:15,873,873 multiprocessing INFO See log at : ./logs/all_Lyapunov_test_dso-fn_d_all_a_01_log.txt
SpawnPoolWorker-22| 2026-06-21 22:51:15,888,888 multiprocessing INFO child process calling self.run()
SpawnPoolWorker-12| 2026-06-21 22:51:16,184,184 multiprocessing INFO STARTING NEW RUN ==========
SpawnPoolWorker-12| 2026-06-21 22:51:16,184,184 multiprocessing INFO SEE LOG AT : ./logs/all_Lyapunov_test_dso-fn_d_all_a_01_log.txt
SpawnPoolWorker-12| 2026-06-21 22:51:16,184,184 multiprocessing INFO See log at : ./logs/all_Lyapunov_test_dso-fn_d_all_a_01_log.txt
SpawnPoolWorker-12| 2026-06-21 22:51:16,196,196 multiprocessing INFO child process calling self.run()
SpawnPoolWorker-24| 2026-06-21 22:51:16,211,211 multiprocessing INFO STARTING NEW RUN ==========
SpawnPoolWorker-24| 2026-06-21 22:51:16,211,211 multiprocessing INFO SEE LOG AT : ./logs/all_Lyapunov_test_dso-fn_d_all_a_01_log.txt
SpawnPoolWorker-24| 2026-06-21 22:51:16,211,211 multiprocessing INFO See log at : ./logs/all_Lyapunov_test_dso-fn_d_all_a_01_log.txt
SpawnPoolWorker-24| 2026-06-21 22:51:16,223,223 multiprocessing INFO child process calling self.run()
SpawnPoolWorker-25| 2026-06-21 22:51:16,304,304 multiprocessing INFO STARTING NEW RUN ==========
SpawnPoolWorker-25| 2026-06-21 22:51:16,305,305 multiprocessing INFO SEE LOG AT : ./logs/all_Lyapunov_test_dso-fn_d_all_a_01_log.txt
SpawnPoolWorker-25| 2026-06-21 22:51:16,305,305 multiprocessing INFO See log at : ./logs/all_Lyapunov_test_dso-fn_d_all_a_01_log.txt
SpawnPoolWorker-25| 2026-06-21 22:51:16,307,307 multiprocessing INFO child process calling self.run()
SpawnPoolWorker-19| 2026-06-21 22:51:17,150,150 multiprocessing INFO STARTING NEW RUN ==========
SpawnPoolWorker-19| 2026-06-21 22:51:17,151,151 multiprocessing INFO SEE LOG AT : ./logs/all_Lyapunov_test_dso-fn_d_all_a_01_log.txt
SpawnPoolWorker-19| 2026-06-21 22:51:17,151,151 multiprocessing INFO See log at : ./logs/all_Lyapunov_test_dso-fn_d_all_a_01_log.txt
SpawnPoolWorker-19| 2026-06-21 22:51:17,168,168 multiprocessing INFO child process calling self.run()
SpawnPoolWorker-43| 2026-06-21 22:51:17,315,315 multiprocessing INFO STARTING NEW RUN ==========
SpawnPoolWorker-43| 2026-06-21 22:51:17,315,315 multiprocessing INFO SEE LOG AT : ./logs/all_Lyapunov_test_dso-fn_d_all_a_01_log.txt
SpawnPoolWorker-43| 2026-06-21 22:51:17,315,315 multiprocessing INFO See log at : ./logs/all_Lyapunov_test_dso-fn_d_all_a_01_log.txt
SpawnPoolWorker-43| 2026-06-21 22:51:17,337,337 multiprocessing INFO child process calling self.run()
SpawnPoolWorker-13| 2026-06-21 22:51:17,968,968 multiprocessing INFO STARTING NEW RUN ==========
SpawnPoolWorker-13| 2026-06-21 22:51:17,968,968 multiprocessing INFO SEE LOG AT : ./logs/all_Lyapunov_test_dso-fn_d_all_a_01_log.txt
SpawnPoolWorker-13| 2026-06-21 22:51:17,968,968 multiprocessing INFO See log at : ./logs/all_Lyapunov_test_dso-fn_d_all_a_01_log.txt
SpawnPoolWorker-13| 2026-06-21 22:51:18,000,0 multiprocessing INFO child process calling self.run()
SpawnPoolWorker-32| 2026-06-21 22:51:18,156,156 multiprocessing INFO STARTING NEW RUN ==========
SpawnPoolWorker-32| 2026-06-21 22:51:18,156,156 multiprocessing INFO SEE LOG AT : ./logs/all_Lyapunov_test_dso-fn_d_all_a_01_log.txt
SpawnPoolWorker-32| 2026-06-21 22:51:18,156,156 multiprocessing INFO See log at : ./logs/all_Lyapunov_test_dso-fn_d_all_a_01_log.txt
SpawnPoolWorker-32| 2026-06-21 22:51:18,162,162 multiprocessing INFO child process calling self.run()
SpawnPoolWorker-26| 2026-06-21 22:51:18,245,245 multiprocessing INFO STARTING NEW RUN ==========
SpawnPoolWorker-26| 2026-06-21 22:51:18,245,245 multiprocessing INFO SEE LOG AT : ./logs/all_Lyapunov_test_dso-fn_d_all_a_01_log.txt
SpawnPoolWorker-26| 2026-06-21 22:51:18,245,245 multiprocessing INFO See log at : ./logs/all_Lyapunov_test_dso-fn_d_all_a_01_log.txt
SpawnPoolWorker-26| 2026-06-21 22:51:18,251,251 multiprocessing INFO child process calling self.run()
SpawnPoolWorker-16| 2026-06-21 22:51:18,781,781 multiprocessing INFO STARTING NEW RUN ==========
SpawnPoolWorker-16| 2026-06-21 22:51:18,782,782 multiprocessing INFO SEE LOG AT : ./logs/all_Lyapunov_test_dso-fn_d_all_a_01_log.txt
SpawnPoolWorker-16| 2026-06-21 22:51:18,782,782 multiprocessing INFO See log at : ./logs/all_Lyapunov_test_dso-fn_d_all_a_01_log.txt
SpawnPoolWorker-16| 2026-06-21 22:51:18,792,792 multiprocessing INFO child process calling self.run()
SpawnPoolWorker-43| 2026-06-21 22:51:19,143,143 multiprocessing INFO process shutting down
SpawnPoolWorker-43| 2026-06-21 22:51:19,144,144 multiprocessing INFO process exiting with exitcode 0
SpawnPoolWorker-61| 2026-06-21 22:51:19,144,144 multiprocessing INFO process shutting down
SpawnPoolWorker-44| 2026-06-21 22:51:19,144,144 multiprocessing INFO process shutting down
SpawnPoolWorker-12| 2026-06-21 22:51:19,145,145 multiprocessing INFO process shutting down
SpawnPoolWorker-13| 2026-06-21 22:51:19,145,145 multiprocessing INFO process shutting down
SpawnPoolWorker-22| 2026-06-21 22:51:19,145,145 multiprocessing INFO process shutting down
SpawnPoolWorker-24| 2026-06-21 22:51:19,145,145 multiprocessing INFO process shutting down
SpawnPoolWorker-32| 2026-06-21 22:51:19,145,145 multiprocessing INFO process shutting down
SpawnPoolWorker-25| 2026-06-21 22:51:19,145,145 multiprocessing INFO process shutting down
SpawnPoolWorker-16| 2026-06-21 22:51:19,145,145 multiprocessing INFO process shutting down
SpawnPoolWorker-26| 2026-06-21 22:51:19,146,146 multiprocessing INFO process shutting down
SpawnPoolWorker-61| 2026-06-21 22:51:19,146,146 multiprocessing INFO process exiting with exitcode 0
SpawnPoolWorker-44| 2026-06-21 22:51:19,146,146 multiprocessing INFO process exiting with exitcode 0
SpawnPoolWorker-19| 2026-06-21 22:51:19,145,145 multiprocessing INFO process shutting down
30
(30000, 2)
(30000,)
(30000, 2)
(30000,)

=======================Successfully Added (15000, 2) Counter Examples=======================

Number of valid equations: 20. Program should stopped
x1**2 + x2*(x2 + sin(x1))
[x1**2 + x2*(x2 + sin(x1)), x1**2 + x2*(x2 + sin(x1)), x1**2 + x2*(x2 + sin(x1)), x1**2 + x2*(x2 + sin(x1)), x1**2 + x2*(x2 + sin(x1)), sin(x2**2) + sin(x1*(x1 + x2)), sin(x2**2) + sin(x1*(x1 + x2)), sin(x2**2) + sin(x1*(x1 + x2)), x1**2 + x2*(x1 + x2), x1*(x1 + x2) + x2**2, x1**2 + x2*(x1 + x2), x1*(x1 + x2) + x2**2, x1*(x1 + x2) + x2**2, x1**2 + x2*(x1 + x2), x1**2 + x2*(x1 + x2), x1**2 + x2*(x1 + x2), x1*(x1 + x2) + x2**2, x2**2 + sin(x1*(x1 + x2)), x2**2 + sin(x1*(x1 + x2)), x1*sin(x1 + x2) + x2**2]
MainProcess| 2026-06-21 23:13:53,617,617 multiprocessing INFO Number of valid equations: 20. Program should stopped
Number of valid equations: 20. Program should stopped
MainProcess| 2026-06-21 23:13:53,617,617 multiprocessing INFO x1**2 + x2*(x2 + sin(x1))
x1**2 + x2*(x2 + sin(x1))
MainProcess| 2026-06-21 23:13:53,618,618 multiprocessing INFO [x1**2 + x2*(x2 + sin(x1)), x1**2 + x2*(x2 + sin(x1)), x1**2 + x2*(x2 + sin(x1)), x1**2 + x2*(x2 + sin(x1)), x1**2 + x2*(x2 + sin(x1)), sin(x2**2) + sin(x1*(x1 + x2)), sin(x2**2) + sin(x1*(x1 + x2)), sin(x2**2) + sin(x1*(x1 + x2)), x1**2 + x2*(x1 + x2), x1*(x1 + x2) + x2**2, x1**2 + x2*(x1 + x2), x1*(x1 + x2) + x2**2, x1*(x1 + x2) + x2**2, x1**2 + x2*(x1 + x2), x1**2 + x2*(x1 + x2), x1**2 + x2*(x1 + x2), x1*(x1 + x2) + x2**2, x2**2 + sin(x1*(x1 + x2)), x2**2 + sin(x1*(x1 + x2)), x1*sin(x1 + x2) + x2**2]
[x1**2 + x2*(x2 + sin(x1)), x1**2 + x2*(x2 + sin(x1)), x1**2 + x2*(x2 + sin(x1)), x1**2 + x2*(x2 + sin(x1)), x1**2 + x2*(x2 + sin(x1)), sin(x2**2) + sin(x1*(x1 + x2)), sin(x2**2) + sin(x1*(x1 + x2)), sin(x2**2) + sin(x1*(x1 + x2)), x1**2 + x2*(x1 + x2), x1*(x1 + x2) + x2**2, x1**2 + x2*(x1 + x2), x1*(x1 + x2) + x2**2, x1*(x1 + x2) + x2**2, x1**2 + x2*(x1 + x2), x1**2 + x2*(x1 + x2), x1**2 + x2*(x1 + x2), x1*(x1 + x2) + x2**2, x2**2 + sin(x1*(x1 + x2)), x2**2 + sin(x1*(x1 + x2)), x1*sin(x1 + x2) + x2**2]
(55, 24)
/users/9/chen8596/miniconda3/envs/alfd/lib/python3.9/site-packages/torch/nn/functional.py:4999: UserWarning: Support for mismatched key_padding_mask and attn_mask is deprecated. Use same type for both instead.
  warnings.warn(
/users/9/chen8596/LyaDis/repro/runs/vdp2d/utils/train.py:971: RuntimeWarning: divide by zero encountered in divide
  error = np.abs(((y_hat - y) / y))
/users/9/chen8596/.local/lib/python3.9/site-packages/scipy/stats/_stats_py.py:4424: ConstantInputWarning: An input array is constant; the correlation coefficient is not defined.
  warnings.warn(stats.ConstantInputWarning(msg))
MainProcess| 2026-06-21 23:13:54,361,361 multiprocessing INFO [Test epoch=0001]  nevals=13830 	| train_loss=3680.50684 	| eqs_invalid %=0.18 	| r_best=0.98162 	| quantile=0.80908 	| r_quantile_mean=0.95491 	| r_raw_sum=200.72806 	|  r_raw_mean=0.52273 	| r2=nan 	| acc_iid=0.00000 	| acc_ood=0.00000 	| nmse_test=0.0 	| true_equation_set_count=0 	| s/it=1486.24577
[Test epoch=0001]  nevals=13830 	| train_loss=3680.50684 	| eqs_invalid %=0.18 	| r_best=0.98162 	| quantile=0.80908 	| r_quantile_mean=0.95491 	| r_raw_sum=200.72806 	|  r_raw_mean=0.52273 	| r2=nan 	| acc_iid=0.00000 	| acc_ood=0.00000 	| nmse_test=0.0 	| true_equation_set_count=0 	| s/it=1486.24577
MainProcess| 2026-06-21 23:13:54,361,361 multiprocessing INFO [00:00:24:46.29] Training epoch 1/4000, current best R: 0.9816
[00:00:24:46.29] Training epoch 1/4000, current best R: 0.9816
MainProcess| 2026-06-21 23:13:54,361,361 multiprocessing INFO 
	** New best

	** New best
MainProcess| 2026-06-21 23:13:54,361,361 multiprocessing INFO 	Reward: 0.9816190427637922
	Reward: 0.9816190427637922
MainProcess| 2026-06-21 23:13:54,361,361 multiprocessing INFO 	Count Off-policy: 1
	Count Off-policy: 1
MainProcess| 2026-06-21 23:13:54,361,361 multiprocessing INFO 	Count On-policy: 0
	Count On-policy: 0
MainProcess| 2026-06-21 23:13:54,361,361 multiprocessing INFO 	Originally on Policy: False
	Originally on Policy: False
MainProcess| 2026-06-21 23:13:54,361,361 multiprocessing INFO 	Invalid: False
	Invalid: False
MainProcess| 2026-06-21 23:13:54,361,361 multiprocessing INFO 	Traversal: add,mul,add,x2,sin,x1,x2,n2,x1
	Traversal: add,mul,add,x2,sin,x1,x2,n2,x1
MainProcess| 2026-06-21 23:13:54,361,361 multiprocessing INFO 	Expression:
	Expression:
MainProcess| 2026-06-21 23:13:54,868,868 multiprocessing INFO 
	    2                    
	  x₁  + x₂⋅(x₂ + sin(x₁))


	    2                    
	  x₁  + x₂⋅(x₂ + sin(x₁))

MainProcess| 2026-06-21 23:13:54,869,869 multiprocessing INFO [00:00:24:46.80] Early stopping criteria met; breaking early.
[00:00:24:46.80] Early stopping criteria met; breaking early.
MainProcess| 2026-06-21 23:13:54,869,869 multiprocessing INFO -- RUNNING EPOCHS END ---------------

-- RUNNING EPOCHS END ---------------

MainProcess| 2026-06-21 23:13:54,869,869 multiprocessing INFO -- EVALUATION START ----------------
-- EVALUATION START ----------------
Saving Hall of Fame to ./log/fn_d_all_a_5_2026-06-21-224907_3/dso_fn_d_all_a_5_13_hof.csv
Saving Pareto Front to ./log/fn_d_all_a_5_2026-06-21-224907_3/dso_fn_d_all_a_5_13_pf.csv
Invalid expressions: 1 of 13830 (0.0%).
Error type counts:
  square: 1 (100.0%)
Error node counts:
  underflow: 1 (100.0%)
MainProcess| 2026-06-21 23:13:55,284,284 multiprocessing INFO 
Priority queue entry 0:

Priority queue entry 0:
MainProcess| 2026-06-21 23:13:55,284,284 multiprocessing INFO 	Reward: 0.9816190427637922
	Reward: 0.9816190427637922
MainProcess| 2026-06-21 23:13:55,284,284 multiprocessing INFO 	Count Off-policy: 1
	Count Off-policy: 1
MainProcess| 2026-06-21 23:13:55,284,284 multiprocessing INFO 	Count On-policy: 0
	Count On-policy: 0
MainProcess| 2026-06-21 23:13:55,284,284 multiprocessing INFO 	Originally on Policy: False
	Originally on Policy: False
MainProcess| 2026-06-21 23:13:55,284,284 multiprocessing INFO 	Invalid: False
	Invalid: False
MainProcess| 2026-06-21 23:13:55,284,284 multiprocessing INFO 	Traversal: add,mul,add,x2,sin,x1,x2,n2,x1
	Traversal: add,mul,add,x2,sin,x1,x2,n2,x1
MainProcess| 2026-06-21 23:13:55,284,284 multiprocessing INFO 	Expression:
	Expression:
MainProcess| 2026-06-21 23:13:55,285,285 multiprocessing INFO 
	    2                    
	  x₁  + x₂⋅(x₂ + sin(x₁))


	    2                    
	  x₁  + x₂⋅(x₂ + sin(x₁))

MainProcess| 2026-06-21 23:13:55,285,285 multiprocessing INFO -- EVALUATION END ------------------
-- EVALUATION END ------------------
MainProcess| 2026-06-21 23:13:55,288,288 multiprocessing INFO == TRAINING SEED 13 END ==============
== TRAINING SEED 13 END ==============
MainProcess| 2026-06-21 23:13:55,288,288 multiprocessing INFO 
== POST-PROCESS START =================

== POST-PROCESS START =================
MainProcess| 2026-06-21 23:13:55,288,288 multiprocessing INFO -- LOADING LOGS START ----------------
-- LOADING LOGS START ----------------
MainProcess| 2026-06-21 23:13:55,344,344 multiprocessing INFO Successfully loaded Hall of Fame data
Successfully loaded Hall of Fame data
MainProcess| 2026-06-21 23:13:56,726,726 multiprocessing INFO Successfully loaded Pareto Front data
Successfully loaded Pareto Front data
MainProcess| 2026-06-21 23:13:56,726,726 multiprocessing INFO *** WARNING:
*** WARNING:
MainProcess| 2026-06-21 23:13:56,726,726 multiprocessing INFO     --> Can't load summary: [Errno 2] No such file or directory: './log/fn_d_all_a_5_2026-06-21-224907_3/summary.csv'
    --> Can't load summary: [Errno 2] No such file or directory: './log/fn_d_all_a_5_2026-06-21-224907_3/summary.csv'
MainProcess| 2026-06-21 23:13:56,726,726 multiprocessing INFO -- LOADING LOGS END ------------------
-- LOADING LOGS END ------------------
MainProcess| 2026-06-21 23:13:56,726,726 multiprocessing INFO 
-- ANALYZING LOG START --------------

-- ANALYZING LOG START --------------
MainProcess| 2026-06-21 23:13:56,727,727 multiprocessing INFO Task_____________regression
Task_____________regression
MainProcess| 2026-06-21 23:13:56,727,727 multiprocessing INFO Source path______./log/fn_d_all_a_5_2026-06-21-224907_3
Source path______./log/fn_d_all_a_5_2026-06-21-224907_3
MainProcess| 2026-06-21 23:13:56,727,727 multiprocessing INFO Runs_____________N/A
Runs_____________N/A
MainProcess| 2026-06-21 23:13:56,727,727 multiprocessing INFO Max Samples/run__2000000
Max Samples/run__2000000
MainProcess| 2026-06-21 23:13:56,727,727 multiprocessing INFO Found issues:
Found issues:
MainProcess| 2026-06-21 23:13:56,727,727 multiprocessing INFO   0
  0
MainProcess| 2026-06-21 23:13:56,727,727 multiprocessing INFO Hall of Fame (Top 5 of 100)____
Hall of Fame (Top 5 of 100)____
MainProcess| 2026-06-21 23:13:56,727,727 multiprocessing INFO     0: S=013 R=0.981619 <-- [x1**2 + x2*(x2 + sin(x1))]
    0: S=013 R=0.981619 <-- [x1**2 + x2*(x2 + sin(x1))]
MainProcess| 2026-06-21 23:13:56,728,728 multiprocessing INFO     1: S=013 R=0.981619 <-- [x1**2 + x2*(x2 + sin(x1))]
    1: S=013 R=0.981619 <-- [x1**2 + x2*(x2 + sin(x1))]
MainProcess| 2026-06-21 23:13:56,728,728 multiprocessing INFO     2: S=013 R=0.981619 <-- [x1**2 + x2*(x2 + sin(x1))]
    2: S=013 R=0.981619 <-- [x1**2 + x2*(x2 + sin(x1))]
MainProcess| 2026-06-21 23:13:56,728,728 multiprocessing INFO     3: S=013 R=0.981619 <-- [x1**2 + x2*(x2 + sin(x1))]
    3: S=013 R=0.981619 <-- [x1**2 + x2*(x2 + sin(x1))]
MainProcess| 2026-06-21 23:13:56,729,729 multiprocessing INFO     4: S=013 R=0.981619 <-- [x1**2 + x2*(x2 + sin(x1))]
    4: S=013 R=0.981619 <-- [x1**2 + x2*(x2 + sin(x1))]
MainProcess| 2026-06-21 23:13:56,729,729 multiprocessing INFO Pareto Front (4 of 4)____
Pareto Front (4 of 4)____
MainProcess| 2026-06-21 23:13:56,729,729 multiprocessing INFO     0: S=013 R=0.981619 C=10.00 <-- [x1**2 + x2*(x2 + sin(x1))]
    0: S=013 R=0.981619 C=10.00 <-- [x1**2 + x2*(x2 + sin(x1))]
MainProcess| 2026-06-21 23:13:56,730,730 multiprocessing INFO     1: S=013 R=0.977299 C=8.00 <-- [x1*(x1 + x2) + x2**2]
    1: S=013 R=0.977299 C=8.00 <-- [x1*(x1 + x2) + x2**2]
MainProcess| 2026-06-21 23:13:56,730,730 multiprocessing INFO     2: S=013 R=0.941363 C=5.00 <-- [x1**2 + x2**2]
    2: S=013 R=0.941363 C=5.00 <-- [x1**2 + x2**2]
MainProcess| 2026-06-21 23:13:56,731,731 multiprocessing INFO     3: S=013 R=0.876423 C=4.00 <-- [(x1 + x2)**2]
    3: S=013 R=0.876423 C=4.00 <-- [(x1 + x2)**2]
MainProcess| 2026-06-21 23:13:56,731,731 multiprocessing INFO -- ANALYZING LOG END ----------------
-- ANALYZING LOG END ----------------
MainProcess| 2026-06-21 23:13:56,731,731 multiprocessing INFO == POST-PROCESS END ===================
== POST-PROCESS END ===================
MainProcess| 2026-06-21 23:13:56,731,731 multiprocessing INFO [TEST RESULT] {'seed': 3, 'r': 0.9816190427637922, 'nmse_test': 0.0, 'nmse_test_noiseless': 0.0, 'success': True, 'expression': '[x1**2 + x2*(x2 + sin(x1))]', 'traversal': 'add,mul,add,x2,sin,x1,x2,n2,x1', 'program': add,mul,add,x2,sin,x1,x2,n2,x1, 'error_square': 1, 'error_node_underflow': 1, 'n_epochs': 1, 'n_samples': 13830, 'n_cached': 3592, 't': 1487.223754644394, 'baseline': 'transformer', 'run_seed': 3, 'dataset': 'fn_d_all_a_5'}
[TEST RESULT] {'seed': 3, 'r': 0.9816190427637922, 'nmse_test': 0.0, 'nmse_test_noiseless': 0.0, 'success': True, 'expression': '[x1**2 + x2*(x2 + sin(x1))]', 'traversal': 'add,mul,add,x2,sin,x1,x2,n2,x1', 'program': add,mul,add,x2,sin,x1,x2,n2,x1, 'error_square': 1, 'error_node_underflow': 1, 'n_epochs': 1, 'n_samples': 13830, 'n_cached': 3592, 't': 1487.223754644394, 'baseline': 'transformer', 'run_seed': 3, 'dataset': 'fn_d_all_a_5'}
MainProcess| 2026-06-21 23:13:56,731,731 multiprocessing INFO INFO: Completed run 1 of 1 in 1487 s | LATEST TEST_RESULT {'seed': 3, 'r': 0.9816190427637922, 'nmse_test': 0.0, 'nmse_test_noiseless': 0.0, 'success': True, 'expression': '[x1**2 + x2*(x2 + sin(x1))]', 'traversal': 'add,mul,add,x2,sin,x1,x2,n2,x1', 'program': add,mul,add,x2,sin,x1,x2,n2,x1, 'error_square': 1, 'error_node_underflow': 1, 'n_epochs': 1, 'n_samples': 13830, 'n_cached': 3592, 't': 1487.223754644394, 'baseline': 'transformer', 'run_seed': 3, 'dataset': 'fn_d_all_a_5'}
INFO: Completed run 1 of 1 in 1487 s | LATEST TEST_RESULT {'seed': 3, 'r': 0.9816190427637922, 'nmse_test': 0.0, 'nmse_test_noiseless': 0.0, 'success': True, 'expression': '[x1**2 + x2*(x2 + sin(x1))]', 'traversal': 'add,mul,add,x2,sin,x1,x2,n2,x1', 'program': add,mul,add,x2,sin,x1,x2,n2,x1, 'error_square': 1, 'error_node_underflow': 1, 'n_epochs': 1, 'n_samples': 13830, 'n_cached': 3592, 't': 1487.223754644394, 'baseline': 'transformer', 'run_seed': 3, 'dataset': 'fn_d_all_a_5'}
MainProcess| 2026-06-21 23:13:56,731,731 multiprocessing INFO Fin.
MainProcess| 2026-06-21 23:13:56,732,732 multiprocessing INFO process shutting down
[job] done sys=vdp2d seed=3 end=2026-06-21T23:13:59-05:00
