[job] sys=poly3dA benchmark=fn_d_all_c seed=4 host=aga04 gpu=0 start=2026-06-22T02:36:02-05:00
MainProcess| 2026-06-22 02:36:21,178,178 multiprocessing INFO STARTING NEW RUN ==========
MainProcess| 2026-06-22 02:36:21,179,179 multiprocessing INFO SEE LOG AT : ./logs/all_Lyapunov_test_dso-fn_d_all_c_01_log.txt
MainProcess| 2026-06-22 02:36:21,179,179 multiprocessing INFO See log at : ./logs/all_Lyapunov_test_dso-fn_d_all_c_01_log.txt
MainProcess| 2026-06-22 02:36:21,185,185 multiprocessing INFO               variables expression                                                                   train_spec test_spec function_set
name                                                                                                                                  
fn_d_all_c_5          3  0*x1+0*x2  {"x1":{"U":[-1,1,15000]}, "x2":{"U":[-1,1,15000]}, "x3":{"U":[-1,1,15000]}}      None         Koza
              variables expression                                                                   train_spec test_spec function_set
name                                                                                                                                  
fn_d_all_c_5          3  0*x1+0*x2  {"x1":{"U":[-1,1,15000]}, "x2":{"U":[-1,1,15000]}, "x3":{"U":[-1,1,15000]}}      None         Koza

-- BUILDING DATASET START -----------
Benchmark path                 : /users/9/chen8596/LyaDis/repro/runs/poly3dA/libs/sd3/dso/dso/task/regression/benchmarks_bkup_1.csv
Generated data for benchmark   : fn_d_all_c_5
-- BUILDING DATASET END -------------

Function set                   : Koza --> ['add', 'sub', 'mul', 'sin', 'cos', 'n2']

MainProcess| 2026-06-22 02:36:21,287,287 multiprocessing INFO [BASELINE_TESTING NOW] dataset=fn_d_all_c_5 	| baseline=transformer 	| seed=4 	| data_samples=15000 	| noise=0.0
MainProcess| 2026-06-22 02:36:21,300,300 multiprocessing INFO [RUN SETTINGS]: test_dataset=fn_d_all_c_5  batch_outer_datasets=24 pre_train=False load_pre_trained_path= priority_queue_training=True gp_meld=True model=TransformerTreeEncoderController train_path= risk_seeking_pg_train=True
[RUN SETTINGS]: test_dataset=fn_d_all_c_5  batch_outer_datasets=24 pre_train=False load_pre_trained_path= priority_queue_training=True gp_meld=True model=TransformerTreeEncoderController train_path= risk_seeking_pg_train=True
MainProcess| 2026-06-22 02:36:21,368,368 multiprocessing INFO Running model : TransformerTreeEncoderController
Running model : TransformerTreeEncoderController

-- BUILDING DATASET START -----------
Benchmark path                 : /users/9/chen8596/LyaDis/repro/runs/poly3dA/libs/sd3/dso/dso/task/regression/benchmarks_bkup_1.csv
Generated data for benchmark   : fn_d_all_c_5
-- BUILDING DATASET END -------------

Function set                   : Koza --> ['add', 'sub', 'mul', 'sin', 'cos', 'n2']

MainProcess| 2026-06-22 02:36:21,376,376 multiprocessing INFO Function set: ['x1', 'x2', 'x3', 'add', 'sub', 'mul', 'sin', 'cos', 'n2']

-- BUILDING DATASET START -----------
Benchmark path                 : /users/9/chen8596/LyaDis/repro/runs/poly3dA/libs/sd3/dso/dso/task/regression/benchmarks_bkup_1.csv
Generated data for benchmark   : fn_d_all_c_5
-- BUILDING DATASET END -------------

Function set                   : Koza --> ['add', 'sub', 'mul', 'sin', 'cos', 'n2']

-- BUILDING PRIOR START -------------
WARNING: Skipping invalid 'RelationalConstraint' with arguments {'targets': [], 'effectors': [], 'relationship': None}. Reason: Prior disabled.
WARNING: Skipping invalid 'RepeatConstraint' with arguments {'tokens': 'const', 'min_': None, 'max_': 5}. Reason: Uses Tokens not in the Library.
WARNING: Skipping invalid 'InverseUnaryConstraint' with arguments {}. Reason: There are no inverse unary Token pairs in the Library.
WARNING: Skipping invalid 'ConstConstraint' with arguments {}. Reason: Prior disabled.
WARNING: Skipping invalid 'NoInputsConstraint' with arguments {}. Reason: All terminal tokens are input variables, so allsequences will have an input variable.
WARNING: Skipping invalid 'UniformArityPrior' with arguments {}. Reason: Prior disabled.
LengthConstraint: Sequences have minimum length 4.
                  Sequences have maximum length 12.
TrigConstraint: [sin, cos] cannot be a descendant of [sin, cos].
SoftLengthPrior: No description available.
-- BUILDING PRIOR END ---------------

MainProcess| 2026-06-22 02:36:21,865,865 multiprocessing INFO Transformer overwriting hidden size to input_dim 128
Transformer overwriting hidden size to input_dim 128
MainProcess| 2026-06-22 02:36:22,088,88 multiprocessing INFO Encoder params: {'sinuisodal_embeddings': False, 'dec_pf_dim': 32, 'dec_layers': 1, 'dim_hidden': 128, 'lr': 0.0001, 'dropout': 0, 'num_features': 1, 'ln': True, 'N_p': 0, 'num_inds': 64, 'activation': 'relu', 'bit16': False, 'norm': True, 'linear': True, 'input_normalization': False, 'src_pad_idx': 0, 'trg_pad_idx': 0, 'length_eq': 20, 'n_l_enc': 3, 'mean': 0.5, 'std': 0.5, 'dim_input': 64, 'num_heads': 2, 'output_dim': 10}
Encoder params: {'sinuisodal_embeddings': False, 'dec_pf_dim': 32, 'dec_layers': 1, 'dim_hidden': 128, 'lr': 0.0001, 'dropout': 0, 'num_features': 1, 'ln': True, 'N_p': 0, 'num_inds': 64, 'activation': 'relu', 'bit16': False, 'norm': True, 'linear': True, 'input_normalization': False, 'src_pad_idx': 0, 'trg_pad_idx': 0, 'length_eq': 20, 'n_l_enc': 3, 'mean': 0.5, 'std': 0.5, 'dim_input': 64, 'num_heads': 2, 'output_dim': 10}
MainProcess| 2026-06-22 02:36:22,222,222 multiprocessing INFO TransformerTreeEncoderController parameters: 4034425 	 | trainable : 4034425
TransformerTreeEncoderController parameters: 4034425 	 | trainable : 4034425
MainProcess| 2026-06-22 02:36:22,310,310 multiprocessing INFO GP CONFIG : {'verbose': False, 'generations': 35, 'p_crossover': 0.5, 'p_mutate': 0.5, 'tournament_size': 7, 'train_n': 50, 'mutate_tree_max': 3}
GP CONFIG : {'verbose': False, 'generations': 35, 'p_crossover': 0.5, 'p_mutate': 0.5, 'tournament_size': 7, 'train_n': 50, 'mutate_tree_max': 3}
MainProcess| 2026-06-22 02:36:22,504,504 multiprocessing INFO config: {'experiment': {'logdir': './log', 'seed': 13, 'timestamp': '2026-06-22-023621', 'task_name': 'fn_d_all_c_5', 'save_path': './log/fn_d_all_c_5_2026-06-22-023621_4'}, 'task': {'task_type': 'regression', 'dataset': 'fn_d_all_c_5', 'function_set': ['add', 'sub', 'mul', 'sin', 'cos', 'n2'], 'metric': 'lyapunov_risk', 'metric_params': [1.0], 'extra_metric_test': None, 'extra_metric_test_params': [], 'threshold': 1e-12, 'protected': False, 'reward_noise': 0.0, 'reward_noise_type': 'r', 'normalize_variance': False, 'decision_tree_threshold_set': []}, 'training': {'n_epochs': None, 'n_samples': 2000000, 'batch_size': 500, 'epsilon': 0.1, 'baseline': 'R_e', 'alpha': 0.5, 'b_jumpstart': False, 'n_cores_batch': 1, 'complexity': 'token', 'const_optimizer': 'scipy', 'const_params': {'method': 'L-BFGS-B', 'options': {'gtol': 0.001}}, 'verbose': True, 'debug': 0, 'early_stopping': True, 'hof': 100, 'use_memory': False, 'memory_capacity': 1000.0, 'warm_start': None, 'memory_threshold': None, 'save_all_epoch': False, 'save_summary': False, 'save_positional_entropy': False, 'save_pareto_front': True, 'save_cache': False, 'save_cache_r_min': 0.9, 'save_freq': 1, 'save_token_count': False}, 'state_manager': {'observe_action': False, 'observe_parent': True, 'observe_sibling': True, 'observe_dangling': False, 'embedding': True, 'embedding_size': 64}, 'controller': {'max_length': 64, 'cell': 'lstm', 'num_layers': 1, 'num_units': 64, 'initializer': 'zeros', 'learning_rate': 0.0003, 'optimizer': 'adam', 'entropy_weight': 0.005, 'entropy_gamma': 0.8, 'pqt': True, 'pqt_k': 10, 'pqt_batch_size': 1, 'pqt_weight': 200.0, 'pqt_use_pg': False, 'summary': False, 'rl_weight': 1.0}, 'gp_meld': {'generations': 35, 'p_crossover': 0.5, 'p_mutate': 0.5, 'tournament_size': 7, 'train_n': 50, 'mutate_tree_max': 3}, 'prior': {'relational': {'targets': [], 'effectors': [], 'relationship': None}, 'length': {'min_': 4, 'max_': 12}, 'repeat': {'tokens': 'const', 'min_': None, 'max_': 5}, 'inverse': {}, 'trig': {}, 'const': {}, 'no_inputs': {}, 'uniform_arity': {}, 'soft_length': {'loc': 10, 'scale': 5}}, 'postprocess': {'show_count': 5, 'save_plots': True}, 'model': 'TransformerTreeEncoderController', 'function_names_str': 'x1,x2,x3,add,sub,mul,sin,cos,n2', 'nesymres_train_config': {'architecture': {'sinuisodal_embeddings': False, 'dec_pf_dim': 32, 'dec_layers': 1, 'dim_hidden': 128, 'lr': 0.0001, 'dropout': 0, 'num_features': 1, 'ln': True, 'N_p': 0, 'num_inds': 64, 'activation': 'relu', 'bit16': False, 'norm': True, 'linear': True, 'input_normalization': False, 'src_pad_idx': 0, 'trg_pad_idx': 0, 'length_eq': 20, 'n_l_enc': 3, 'mean': 0.5, 'std': 0.5, 'dim_input': 64, 'num_heads': 2, 'output_dim': 10}}}

-- BUILDING DATASET START -----------
Benchmark path                 : /users/9/chen8596/LyaDis/repro/runs/poly3dA/libs/sd3/dso/dso/task/regression/benchmarks_bkup_1.csv
Generated data for benchmark   : fn_d_all_c_5
-- BUILDING DATASET END -------------

Function set                   : Koza --> ['add', 'sub', 'mul', 'sin', 'cos', 'n2']

-- RUNNING EPOCHS START -------------
torch.Size([500, 49])
/users/9/chen8596/miniconda3/envs/alfd/lib/python3.9/site-packages/torch/nn/functional.py:4999: UserWarning: Support for mismatched key_padding_mask and attn_mask is deprecated. Use same type for both instead.
  warnings.warn(
/users/9/chen8596/miniconda3/envs/alfd/lib/python3.9/site-packages/torch/nn/functional.py:4999: UserWarning: Support for mismatched key_padding_mask and attn_mask is deprecated. Use same type for both instead.
  warnings.warn(
/users/9/chen8596/miniconda3/envs/alfd/lib/python3.9/site-packages/torch/nn/functional.py:4999: UserWarning: Support for mismatched key_padding_mask and attn_mask is deprecated. Use same type for both instead.
  warnings.warn(
MainProcess| 2026-06-22 02:36:58,881,881 multiprocessing INFO Genetic Porgramming Runtime 31.56223259899997
Genetic Porgramming Runtime 31.56223259899997

=========================PGD Collection Starts=========================

MainProcess| 2026-06-22 02:36:59,447,447 multiprocessing INFO created temp directory /tmp/pymp-rb_t4vax
SpawnPoolWorker-8| 2026-06-22 02:37:04,927,927 multiprocessing INFO STARTING NEW RUN ==========
SpawnPoolWorker-5| 2026-06-22 02:37:04,927,927 multiprocessing INFO STARTING NEW RUN ==========
SpawnPoolWorker-8| 2026-06-22 02:37:04,927,927 multiprocessing INFO SEE LOG AT : ./logs/all_Lyapunov_test_dso-fn_d_all_c_01_log.txt
SpawnPoolWorker-5| 2026-06-22 02:37:04,927,927 multiprocessing INFO SEE LOG AT : ./logs/all_Lyapunov_test_dso-fn_d_all_c_01_log.txt
SpawnPoolWorker-8| 2026-06-22 02:37:04,927,927 multiprocessing INFO See log at : ./logs/all_Lyapunov_test_dso-fn_d_all_c_01_log.txt
SpawnPoolWorker-5| 2026-06-22 02:37:04,927,927 multiprocessing INFO See log at : ./logs/all_Lyapunov_test_dso-fn_d_all_c_01_log.txt
SpawnPoolWorker-9| 2026-06-22 02:37:04,929,929 multiprocessing INFO STARTING NEW RUN ==========
SpawnPoolWorker-9| 2026-06-22 02:37:04,929,929 multiprocessing INFO SEE LOG AT : ./logs/all_Lyapunov_test_dso-fn_d_all_c_01_log.txt
SpawnPoolWorker-9| 2026-06-22 02:37:04,929,929 multiprocessing INFO See log at : ./logs/all_Lyapunov_test_dso-fn_d_all_c_01_log.txt
SpawnPoolWorker-8| 2026-06-22 02:37:04,929,929 multiprocessing INFO child process calling self.run()
SpawnPoolWorker-5| 2026-06-22 02:37:04,929,929 multiprocessing INFO child process calling self.run()
SpawnPoolWorker-10| 2026-06-22 02:37:04,932,932 multiprocessing INFO STARTING NEW RUN ==========
SpawnPoolWorker-10| 2026-06-22 02:37:04,932,932 multiprocessing INFO SEE LOG AT : ./logs/all_Lyapunov_test_dso-fn_d_all_c_01_log.txt
SpawnPoolWorker-10| 2026-06-22 02:37:04,932,932 multiprocessing INFO See log at : ./logs/all_Lyapunov_test_dso-fn_d_all_c_01_log.txt
SpawnPoolWorker-3| 2026-06-22 02:37:04,934,934 multiprocessing INFO STARTING NEW RUN ==========
SpawnPoolWorker-3| 2026-06-22 02:37:04,934,934 multiprocessing INFO SEE LOG AT : ./logs/all_Lyapunov_test_dso-fn_d_all_c_01_log.txt
SpawnPoolWorker-3| 2026-06-22 02:37:04,934,934 multiprocessing INFO See log at : ./logs/all_Lyapunov_test_dso-fn_d_all_c_01_log.txt
SpawnPoolWorker-10| 2026-06-22 02:37:04,934,934 multiprocessing INFO child process calling self.run()
SpawnPoolWorker-6| 2026-06-22 02:37:04,934,934 multiprocessing INFO STARTING NEW RUN ==========
SpawnPoolWorker-6| 2026-06-22 02:37:04,934,934 multiprocessing INFO SEE LOG AT : ./logs/all_Lyapunov_test_dso-fn_d_all_c_01_log.txt
SpawnPoolWorker-6| 2026-06-22 02:37:04,934,934 multiprocessing INFO See log at : ./logs/all_Lyapunov_test_dso-fn_d_all_c_01_log.txt
SpawnPoolWorker-3| 2026-06-22 02:37:04,936,936 multiprocessing INFO child process calling self.run()
SpawnPoolWorker-6| 2026-06-22 02:37:04,936,936 multiprocessing INFO child process calling self.run()
SpawnPoolWorker-2| 2026-06-22 02:37:04,937,937 multiprocessing INFO STARTING NEW RUN ==========
SpawnPoolWorker-2| 2026-06-22 02:37:04,938,938 multiprocessing INFO SEE LOG AT : ./logs/all_Lyapunov_test_dso-fn_d_all_c_01_log.txt
SpawnPoolWorker-2| 2026-06-22 02:37:04,938,938 multiprocessing INFO See log at : ./logs/all_Lyapunov_test_dso-fn_d_all_c_01_log.txt
SpawnPoolWorker-1| 2026-06-22 02:37:04,938,938 multiprocessing INFO STARTING NEW RUN ==========
SpawnPoolWorker-9| 2026-06-22 02:37:04,938,938 multiprocessing INFO child process calling self.run()
SpawnPoolWorker-1| 2026-06-22 02:37:04,938,938 multiprocessing INFO SEE LOG AT : ./logs/all_Lyapunov_test_dso-fn_d_all_c_01_log.txt
SpawnPoolWorker-1| 2026-06-22 02:37:04,938,938 multiprocessing INFO See log at : ./logs/all_Lyapunov_test_dso-fn_d_all_c_01_log.txt
SpawnPoolWorker-2| 2026-06-22 02:37:04,939,939 multiprocessing INFO child process calling self.run()
SpawnPoolWorker-1| 2026-06-22 02:37:04,940,940 multiprocessing INFO child process calling self.run()
SpawnPoolWorker-4| 2026-06-22 02:37:04,944,944 multiprocessing INFO STARTING NEW RUN ==========
SpawnPoolWorker-4| 2026-06-22 02:37:04,944,944 multiprocessing INFO SEE LOG AT : ./logs/all_Lyapunov_test_dso-fn_d_all_c_01_log.txt
SpawnPoolWorker-4| 2026-06-22 02:37:04,944,944 multiprocessing INFO See log at : ./logs/all_Lyapunov_test_dso-fn_d_all_c_01_log.txt
SpawnPoolWorker-4| 2026-06-22 02:37:04,946,946 multiprocessing INFO child process calling self.run()
SpawnPoolWorker-7| 2026-06-22 02:37:04,946,946 multiprocessing INFO STARTING NEW RUN ==========
SpawnPoolWorker-7| 2026-06-22 02:37:04,946,946 multiprocessing INFO SEE LOG AT : ./logs/all_Lyapunov_test_dso-fn_d_all_c_01_log.txt
SpawnPoolWorker-7| 2026-06-22 02:37:04,946,946 multiprocessing INFO See log at : ./logs/all_Lyapunov_test_dso-fn_d_all_c_01_log.txt
SpawnPoolWorker-7| 2026-06-22 02:37:04,948,948 multiprocessing INFO child process calling self.run()
(3000,)

===================Collect 3000 Examples===================

Epsilon 0.1
500
(550,)
(550,)
(55,)
Number of Programs for Minimization: 31
SpawnPoolWorker-17| 2026-06-22 02:38:24,130,130 multiprocessing INFO STARTING NEW RUN ==========
SpawnPoolWorker-17| 2026-06-22 02:38:24,131,131 multiprocessing INFO SEE LOG AT : ./logs/all_Lyapunov_test_dso-fn_d_all_c_01_log.txt
SpawnPoolWorker-17| 2026-06-22 02:38:24,131,131 multiprocessing INFO See log at : ./logs/all_Lyapunov_test_dso-fn_d_all_c_01_log.txt
SpawnPoolWorker-17| 2026-06-22 02:38:24,142,142 multiprocessing INFO child process calling self.run()
SpawnPoolWorker-61| 2026-06-22 02:38:25,637,637 multiprocessing INFO STARTING NEW RUN ==========
SpawnPoolWorker-61| 2026-06-22 02:38:25,637,637 multiprocessing INFO SEE LOG AT : ./logs/all_Lyapunov_test_dso-fn_d_all_c_01_log.txt
SpawnPoolWorker-61| 2026-06-22 02:38:25,637,637 multiprocessing INFO See log at : ./logs/all_Lyapunov_test_dso-fn_d_all_c_01_log.txt
SpawnPoolWorker-61| 2026-06-22 02:38:25,639,639 multiprocessing INFO child process calling self.run()
SpawnPoolWorker-36| 2026-06-22 02:38:25,679,679 multiprocessing INFO STARTING NEW RUN ==========
SpawnPoolWorker-36| 2026-06-22 02:38:25,679,679 multiprocessing INFO SEE LOG AT : ./logs/all_Lyapunov_test_dso-fn_d_all_c_01_log.txt
SpawnPoolWorker-36| 2026-06-22 02:38:25,679,679 multiprocessing INFO See log at : ./logs/all_Lyapunov_test_dso-fn_d_all_c_01_log.txt
SpawnPoolWorker-36| 2026-06-22 02:38:25,685,685 multiprocessing INFO child process calling self.run()
SpawnPoolWorker-20| 2026-06-22 02:38:25,713,713 multiprocessing INFO STARTING NEW RUN ==========
SpawnPoolWorker-20| 2026-06-22 02:38:25,713,713 multiprocessing INFO SEE LOG AT : ./logs/all_Lyapunov_test_dso-fn_d_all_c_01_log.txt
SpawnPoolWorker-20| 2026-06-22 02:38:25,713,713 multiprocessing INFO See log at : ./logs/all_Lyapunov_test_dso-fn_d_all_c_01_log.txt
SpawnPoolWorker-20| 2026-06-22 02:38:25,718,718 multiprocessing INFO child process calling self.run()
SpawnPoolWorker-11| 2026-06-22 02:38:26,066,66 multiprocessing INFO STARTING NEW RUN ==========
SpawnPoolWorker-11| 2026-06-22 02:38:26,066,66 multiprocessing INFO SEE LOG AT : ./logs/all_Lyapunov_test_dso-fn_d_all_c_01_log.txt
SpawnPoolWorker-11| 2026-06-22 02:38:26,066,66 multiprocessing INFO See log at : ./logs/all_Lyapunov_test_dso-fn_d_all_c_01_log.txt
SpawnPoolWorker-11| 2026-06-22 02:38:26,068,68 multiprocessing INFO child process calling self.run()
SpawnPoolWorker-51| 2026-06-22 02:38:27,375,375 multiprocessing INFO STARTING NEW RUN ==========
SpawnPoolWorker-51| 2026-06-22 02:38:27,375,375 multiprocessing INFO SEE LOG AT : ./logs/all_Lyapunov_test_dso-fn_d_all_c_01_log.txt
SpawnPoolWorker-51| 2026-06-22 02:38:27,375,375 multiprocessing INFO See log at : ./logs/all_Lyapunov_test_dso-fn_d_all_c_01_log.txt
SpawnPoolWorker-51| 2026-06-22 02:38:27,378,378 multiprocessing INFO child process calling self.run()
SpawnPoolWorker-34| 2026-06-22 02:38:28,637,637 multiprocessing INFO STARTING NEW RUN ==========
SpawnPoolWorker-34| 2026-06-22 02:38:28,637,637 multiprocessing INFO SEE LOG AT : ./logs/all_Lyapunov_test_dso-fn_d_all_c_01_log.txt
SpawnPoolWorker-34| 2026-06-22 02:38:28,637,637 multiprocessing INFO See log at : ./logs/all_Lyapunov_test_dso-fn_d_all_c_01_log.txt
SpawnPoolWorker-34| 2026-06-22 02:38:28,642,642 multiprocessing INFO child process calling self.run()
SpawnPoolWorker-36| 2026-06-22 02:38:28,812,812 multiprocessing INFO process shutting down
SpawnPoolWorker-36| 2026-06-22 02:38:28,812,812 multiprocessing INFO process exiting with exitcode 0
SpawnPoolWorker-51| 2026-06-22 02:38:28,812,812 multiprocessing INFO process shutting down
SpawnPoolWorker-17| 2026-06-22 02:38:28,813,813 multiprocessing INFO process shutting down
SpawnPoolWorker-11| 2026-06-22 02:38:28,813,813 multiprocessing INFO process shutting down
SpawnPoolWorker-61| 2026-06-22 02:38:28,814,814 multiprocessing INFO process shutting down
SpawnPoolWorker-34| 2026-06-22 02:38:28,814,814 multiprocessing INFO process shutting down
SpawnPoolWorker-51| 2026-06-22 02:38:28,823,823 multiprocessing INFO process exiting with exitcode 0
31
(15416, 3)
(15416,)
(15416, 3)
(15416,)

=======================Successfully Added (416, 3) Counter Examples=======================

Number of valid equations: 41. Program should stopped
4*x1**2 + x2**2 + 4*x3**2
[4*x1**2 + x2**2 + 4*x3**2, 9*x1**2 + x2**2 + x3**2, 9*x1**2 + x2**2 + x3**2, 4*x1**2 + x2**2 + x3**2, 4*x1**2 + x3**2 + sin(x2)**2, 4*x1**2 + x3**2 + sin(x2)**2, 4*x1**2 + x3**2 + (x1 - x2)**2, 4*x1**2 + x2**2 + sin(x3)**2, 4*x1**2 + sin(x2**2) + sin(x3)**2, x2**2 + (x1 + sin(x1))**2 + sin(x3)**2, 4*x1**2 + sin(x2)**2 + sin(x3)**2, x2**2 + x3**2 + (2*x1 + x2)**2, x2**2 + x3**2 + (2*x1 + x2)**2, x2**2 + x3**2 + (2*x1 + x2)**2, x2**2 + x3**2 + (2*x1 + x2)**2, x2**2 + x3**2 + (2*x1 + x2)**2, x2**2 + x3**2 + (2*x1 + x2)**2, x1**2 + x2**2 + 4*x3**2, x2**2 + 4*x3**2 + (x1 + x2)**2, x2**2 + 4*x3**2 + (x1 + x2)**2, x2**2 + 4*x3**2 + sin(x1)**2, x1**2 + 2*x2**2 + x3**2, x1**2 + 2*x2**2 + x3**2, x1**2 + 2*x2**2 + x3**2, x1**2 + 2*x2**2 + sin(x3)**2, x1**2 + 2*x2**2 + sin(x3)**2, 2*x1**2 + x2**2 + x3**2, 2*x1**2 + x2**2 + x3**2, 2*x1**2 + x2**2 + x3**2, 2*x1**2 + x2**2 + sin(x3)**2, 2*x1**2 + x2**2 + sin(x3)**2, x1**2 + x2**2 + 2*x3**2, x1**2 + x2**2 + 2*x3**2, x1**2 + x2**2 + 2*x3**2, x1**2 + x2**2 + x3**2 + sin(x3)**2, x1**2 + x2**2 + x3**2 + sin(x3)**2, x1**2 + x2**2 + x3**2 + sin(x3)**2, x1**2 + x2**2 + x3**2 + sin(x3)**2, x1**2 + x2**2 + x3**2 + sin(x3)**2, x1**2 + x2**2 + x3**4 + x3**2, x2**2 + x3**2 + (x1 - x2**2)**2]
MainProcess| 2026-06-22 05:22:44,366,366 multiprocessing INFO Number of valid equations: 41. Program should stopped
Number of valid equations: 41. Program should stopped
MainProcess| 2026-06-22 05:22:44,367,367 multiprocessing INFO 4*x1**2 + x2**2 + 4*x3**2
4*x1**2 + x2**2 + 4*x3**2
MainProcess| 2026-06-22 05:22:44,368,368 multiprocessing INFO [4*x1**2 + x2**2 + 4*x3**2, 9*x1**2 + x2**2 + x3**2, 9*x1**2 + x2**2 + x3**2, 4*x1**2 + x2**2 + x3**2, 4*x1**2 + x3**2 + sin(x2)**2, 4*x1**2 + x3**2 + sin(x2)**2, 4*x1**2 + x3**2 + (x1 - x2)**2, 4*x1**2 + x2**2 + sin(x3)**2, 4*x1**2 + sin(x2**2) + sin(x3)**2, x2**2 + (x1 + sin(x1))**2 + sin(x3)**2, 4*x1**2 + sin(x2)**2 + sin(x3)**2, x2**2 + x3**2 + (2*x1 + x2)**2, x2**2 + x3**2 + (2*x1 + x2)**2, x2**2 + x3**2 + (2*x1 + x2)**2, x2**2 + x3**2 + (2*x1 + x2)**2, x2**2 + x3**2 + (2*x1 + x2)**2, x2**2 + x3**2 + (2*x1 + x2)**2, x1**2 + x2**2 + 4*x3**2, x2**2 + 4*x3**2 + (x1 + x2)**2, x2**2 + 4*x3**2 + (x1 + x2)**2, x2**2 + 4*x3**2 + sin(x1)**2, x1**2 + 2*x2**2 + x3**2, x1**2 + 2*x2**2 + x3**2, x1**2 + 2*x2**2 + x3**2, x1**2 + 2*x2**2 + sin(x3)**2, x1**2 + 2*x2**2 + sin(x3)**2, 2*x1**2 + x2**2 + x3**2, 2*x1**2 + x2**2 + x3**2, 2*x1**2 + x2**2 + x3**2, 2*x1**2 + x2**2 + sin(x3)**2, 2*x1**2 + x2**2 + sin(x3)**2, x1**2 + x2**2 + 2*x3**2, x1**2 + x2**2 + 2*x3**2, x1**2 + x2**2 + 2*x3**2, x1**2 + x2**2 + x3**2 + sin(x3)**2, x1**2 + x2**2 + x3**2 + sin(x3)**2, x1**2 + x2**2 + x3**2 + sin(x3)**2, x1**2 + x2**2 + x3**2 + sin(x3)**2, x1**2 + x2**2 + x3**2 + sin(x3)**2, x1**2 + x2**2 + x3**4 + x3**2, x2**2 + x3**2 + (x1 - x2**2)**2]
[4*x1**2 + x2**2 + 4*x3**2, 9*x1**2 + x2**2 + x3**2, 9*x1**2 + x2**2 + x3**2, 4*x1**2 + x2**2 + x3**2, 4*x1**2 + x3**2 + sin(x2)**2, 4*x1**2 + x3**2 + sin(x2)**2, 4*x1**2 + x3**2 + (x1 - x2)**2, 4*x1**2 + x2**2 + sin(x3)**2, 4*x1**2 + sin(x2**2) + sin(x3)**2, x2**2 + (x1 + sin(x1))**2 + sin(x3)**2, 4*x1**2 + sin(x2)**2 + sin(x3)**2, x2**2 + x3**2 + (2*x1 + x2)**2, x2**2 + x3**2 + (2*x1 + x2)**2, x2**2 + x3**2 + (2*x1 + x2)**2, x2**2 + x3**2 + (2*x1 + x2)**2, x2**2 + x3**2 + (2*x1 + x2)**2, x2**2 + x3**2 + (2*x1 + x2)**2, x1**2 + x2**2 + 4*x3**2, x2**2 + 4*x3**2 + (x1 + x2)**2, x2**2 + 4*x3**2 + (x1 + x2)**2, x2**2 + 4*x3**2 + sin(x1)**2, x1**2 + 2*x2**2 + x3**2, x1**2 + 2*x2**2 + x3**2, x1**2 + 2*x2**2 + x3**2, x1**2 + 2*x2**2 + sin(x3)**2, x1**2 + 2*x2**2 + sin(x3)**2, 2*x1**2 + x2**2 + x3**2, 2*x1**2 + x2**2 + x3**2, 2*x1**2 + x2**2 + x3**2, 2*x1**2 + x2**2 + sin(x3)**2, 2*x1**2 + x2**2 + sin(x3)**2, x1**2 + x2**2 + 2*x3**2, x1**2 + x2**2 + 2*x3**2, x1**2 + x2**2 + 2*x3**2, x1**2 + x2**2 + x3**2 + sin(x3)**2, x1**2 + x2**2 + x3**2 + sin(x3)**2, x1**2 + x2**2 + x3**2 + sin(x3)**2, x1**2 + x2**2 + x3**2 + sin(x3)**2, x1**2 + x2**2 + x3**2 + sin(x3)**2, x1**2 + x2**2 + x3**4 + x3**2, x2**2 + x3**2 + (x1 - x2**2)**2]
(55, 49)
/users/9/chen8596/miniconda3/envs/alfd/lib/python3.9/site-packages/torch/nn/functional.py:4999: UserWarning: Support for mismatched key_padding_mask and attn_mask is deprecated. Use same type for both instead.
  warnings.warn(
/users/9/chen8596/LyaDis/repro/runs/poly3dA/utils/train.py:971: RuntimeWarning: divide by zero encountered in divide
  error = np.abs(((y_hat - y) / y))
/users/9/chen8596/.local/lib/python3.9/site-packages/scipy/stats/_stats_py.py:4424: ConstantInputWarning: An input array is constant; the correlation coefficient is not defined.
  warnings.warn(stats.ConstantInputWarning(msg))
MainProcess| 2026-06-22 05:22:45,291,291 multiprocessing INFO [Test epoch=0001]  nevals=13751 	| train_loss=4777.94580 	| eqs_invalid %=0.00 	| r_best=0.99960 	| quantile=0.85751 	| r_quantile_mean=0.98971 	| r_raw_sum=105.79360 	|  r_raw_mean=0.41005 	| r2=nan 	| acc_iid=0.00000 	| acc_ood=0.00000 	| nmse_test=0.0 	| true_equation_set_count=0 	| s/it=9982.72513
[Test epoch=0001]  nevals=13751 	| train_loss=4777.94580 	| eqs_invalid %=0.00 	| r_best=0.99960 	| quantile=0.85751 	| r_quantile_mean=0.98971 	| r_raw_sum=105.79360 	|  r_raw_mean=0.41005 	| r2=nan 	| acc_iid=0.00000 	| acc_ood=0.00000 	| nmse_test=0.0 	| true_equation_set_count=0 	| s/it=9982.72513
MainProcess| 2026-06-22 05:22:45,292,292 multiprocessing INFO [00:02:46:22.78] Training epoch 1/4000, current best R: 0.9996
[00:02:46:22.78] Training epoch 1/4000, current best R: 0.9996
MainProcess| 2026-06-22 05:22:45,292,292 multiprocessing INFO 
	** New best

	** New best
MainProcess| 2026-06-22 05:22:45,292,292 multiprocessing INFO 	Reward: 0.9995975414244174
	Reward: 0.9995975414244174
MainProcess| 2026-06-22 05:22:45,292,292 multiprocessing INFO 	Count Off-policy: 1
	Count Off-policy: 1
MainProcess| 2026-06-22 05:22:45,292,292 multiprocessing INFO 	Count On-policy: 0
	Count On-policy: 0
MainProcess| 2026-06-22 05:22:45,292,292 multiprocessing INFO 	Originally on Policy: False
	Originally on Policy: False
MainProcess| 2026-06-22 05:22:45,292,292 multiprocessing INFO 	Invalid: False
	Invalid: False
MainProcess| 2026-06-22 05:22:45,292,292 multiprocessing INFO 	Traversal: add,n2,add,x1,x1,add,n2,add,x3,x3,n2,x2
	Traversal: add,n2,add,x1,x1,add,n2,add,x3,x3,n2,x2
MainProcess| 2026-06-22 05:22:45,292,292 multiprocessing INFO 	Expression:
	Expression:
MainProcess| 2026-06-22 05:22:45,527,527 multiprocessing INFO 
	      2     2       2
	  4⋅x₁  + x₂  + 4⋅x₃ 


	      2     2       2
	  4⋅x₁  + x₂  + 4⋅x₃ 

MainProcess| 2026-06-22 05:22:45,527,527 multiprocessing INFO [00:02:46:23.01] Early stopping criteria met; breaking early.
[00:02:46:23.01] Early stopping criteria met; breaking early.
MainProcess| 2026-06-22 05:22:45,527,527 multiprocessing INFO -- RUNNING EPOCHS END ---------------

-- RUNNING EPOCHS END ---------------

MainProcess| 2026-06-22 05:22:45,527,527 multiprocessing INFO -- EVALUATION START ----------------
-- EVALUATION START ----------------
Saving Hall of Fame to ./log/fn_d_all_c_5_2026-06-22-023621_4/dso_fn_d_all_c_5_13_hof.csv
Saving Pareto Front to ./log/fn_d_all_c_5_2026-06-22-023621_4/dso_fn_d_all_c_5_13_pf.csv
MainProcess| 2026-06-22 05:22:46,601,601 multiprocessing INFO 
Priority queue entry 0:

Priority queue entry 0:
MainProcess| 2026-06-22 05:22:46,601,601 multiprocessing INFO 	Reward: 0.9995975414244174
	Reward: 0.9995975414244174
MainProcess| 2026-06-22 05:22:46,601,601 multiprocessing INFO 	Count Off-policy: 1
	Count Off-policy: 1
MainProcess| 2026-06-22 05:22:46,601,601 multiprocessing INFO 	Count On-policy: 0
	Count On-policy: 0
MainProcess| 2026-06-22 05:22:46,602,602 multiprocessing INFO 	Originally on Policy: False
	Originally on Policy: False
MainProcess| 2026-06-22 05:22:46,602,602 multiprocessing INFO 	Invalid: False
	Invalid: False
MainProcess| 2026-06-22 05:22:46,602,602 multiprocessing INFO 	Traversal: add,n2,add,x1,x1,add,n2,add,x3,x3,n2,x2
	Traversal: add,n2,add,x1,x1,add,n2,add,x3,x3,n2,x2
MainProcess| 2026-06-22 05:22:46,602,602 multiprocessing INFO 	Expression:
	Expression:
MainProcess| 2026-06-22 05:22:46,602,602 multiprocessing INFO 
	      2     2       2
	  4⋅x₁  + x₂  + 4⋅x₃ 


	      2     2       2
	  4⋅x₁  + x₂  + 4⋅x₃ 

MainProcess| 2026-06-22 05:22:46,603,603 multiprocessing INFO -- EVALUATION END ------------------
-- EVALUATION END ------------------
MainProcess| 2026-06-22 05:22:46,605,605 multiprocessing INFO == TRAINING SEED 13 END ==============
== TRAINING SEED 13 END ==============
MainProcess| 2026-06-22 05:22:46,606,606 multiprocessing INFO 
== POST-PROCESS START =================

== POST-PROCESS START =================
MainProcess| 2026-06-22 05:22:46,606,606 multiprocessing INFO -- LOADING LOGS START ----------------
-- LOADING LOGS START ----------------
MainProcess| 2026-06-22 05:22:46,670,670 multiprocessing INFO Successfully loaded Hall of Fame data
Successfully loaded Hall of Fame data
MainProcess| 2026-06-22 05:22:48,271,271 multiprocessing INFO Successfully loaded Pareto Front data
Successfully loaded Pareto Front data
MainProcess| 2026-06-22 05:22:48,271,271 multiprocessing INFO *** WARNING:
*** WARNING:
MainProcess| 2026-06-22 05:22:48,271,271 multiprocessing INFO     --> Can't load summary: [Errno 2] No such file or directory: './log/fn_d_all_c_5_2026-06-22-023621_4/summary.csv'
    --> Can't load summary: [Errno 2] No such file or directory: './log/fn_d_all_c_5_2026-06-22-023621_4/summary.csv'
MainProcess| 2026-06-22 05:22:48,271,271 multiprocessing INFO -- LOADING LOGS END ------------------
-- LOADING LOGS END ------------------
MainProcess| 2026-06-22 05:22:48,271,271 multiprocessing INFO 
-- ANALYZING LOG START --------------

-- ANALYZING LOG START --------------
MainProcess| 2026-06-22 05:22:48,271,271 multiprocessing INFO Task_____________regression
Task_____________regression
MainProcess| 2026-06-22 05:22:48,271,271 multiprocessing INFO Source path______./log/fn_d_all_c_5_2026-06-22-023621_4
Source path______./log/fn_d_all_c_5_2026-06-22-023621_4
MainProcess| 2026-06-22 05:22:48,271,271 multiprocessing INFO Runs_____________N/A
Runs_____________N/A
MainProcess| 2026-06-22 05:22:48,271,271 multiprocessing INFO Max Samples/run__2000000
Max Samples/run__2000000
MainProcess| 2026-06-22 05:22:48,271,271 multiprocessing INFO Found issues:
Found issues:
MainProcess| 2026-06-22 05:22:48,272,272 multiprocessing INFO   0
  0
MainProcess| 2026-06-22 05:22:48,272,272 multiprocessing INFO Hall of Fame (Top 5 of 100)____
Hall of Fame (Top 5 of 100)____
MainProcess| 2026-06-22 05:22:48,272,272 multiprocessing INFO     0: S=013 R=0.999857 <-- [4*x1**2 + x2**2 + 4*x3**2]
    0: S=013 R=0.999857 <-- [4*x1**2 + x2**2 + 4*x3**2]
MainProcess| 2026-06-22 05:22:48,272,272 multiprocessing INFO     1: S=013 R=0.999828 <-- [9*x1**2 + x2**2 + x3**2]
    1: S=013 R=0.999828 <-- [9*x1**2 + x2**2 + x3**2]
MainProcess| 2026-06-22 05:22:48,273,273 multiprocessing INFO     2: S=013 R=0.999828 <-- [9*x1**2 + x2**2 + x3**2]
    2: S=013 R=0.999828 <-- [9*x1**2 + x2**2 + x3**2]
MainProcess| 2026-06-22 05:22:48,273,273 multiprocessing INFO     3: S=013 R=0.999732 <-- [4*x1**2 + x2**2 + x3**2]
    3: S=013 R=0.999732 <-- [4*x1**2 + x2**2 + x3**2]
MainProcess| 2026-06-22 05:22:48,273,273 multiprocessing INFO     4: S=013 R=0.999730 <-- [4*x1**2 + x3**2 + sin(x2)**2]
    4: S=013 R=0.999730 <-- [4*x1**2 + x3**2 + sin(x2)**2]
MainProcess| 2026-06-22 05:22:48,274,274 multiprocessing INFO Pareto Front (5 of 7)____
Pareto Front (5 of 7)____
MainProcess| 2026-06-22 05:22:48,274,274 multiprocessing INFO     0: S=013 R=0.999857 C=12.00 <-- [4*x1**2 + x2**2 + 4*x3**2]
    0: S=013 R=0.999857 C=12.00 <-- [4*x1**2 + x2**2 + 4*x3**2]
MainProcess| 2026-06-22 05:22:48,275,275 multiprocessing INFO     1: S=013 R=0.999732 C=10.00 <-- [4*x1**2 + x2**2 + x3**2]
    1: S=013 R=0.999732 C=10.00 <-- [4*x1**2 + x2**2 + x3**2]
MainProcess| 2026-06-22 05:22:48,275,275 multiprocessing INFO     2: S=013 R=0.999418 C=8.00 <-- [x1**2 + x2**2 + x3**2]
    2: S=013 R=0.999418 C=8.00 <-- [x1**2 + x2**2 + x3**2]
MainProcess| 2026-06-22 05:22:48,275,275 multiprocessing INFO     3: S=013 R=0.989512 C=7.00 <-- [x1**2 + (-x2 + x3)**2]
    3: S=013 R=0.989512 C=7.00 <-- [x1**2 + (-x2 + x3)**2]
MainProcess| 2026-06-22 05:22:48,276,276 multiprocessing INFO     4: S=013 R=0.915541 C=6.00 <-- [x1**2*(-x2 + x3)**2]
    4: S=013 R=0.915541 C=6.00 <-- [x1**2*(-x2 + x3)**2]
MainProcess| 2026-06-22 05:22:48,276,276 multiprocessing INFO -- ANALYZING LOG END ----------------
-- ANALYZING LOG END ----------------
MainProcess| 2026-06-22 05:22:48,276,276 multiprocessing INFO == POST-PROCESS END ===================
== POST-PROCESS END ===================
MainProcess| 2026-06-22 05:22:48,277,277 multiprocessing INFO [TEST RESULT] {'seed': 4, 'r': 0.9995975414244174, 'nmse_test': 0.0, 'nmse_test_noiseless': 0.0, 'success': True, 'expression': '[4*x1**2 + x2**2 + 4*x3**2]', 'traversal': 'add,n2,add,x1,x1,add,n2,add,x3,x3,n2,x2', 'program': add,n2,add,x1,x1,add,n2,add,x3,x3,n2,x2, 'n_epochs': 1, 'n_samples': 13751, 'n_cached': 4194, 't': 9984.093462705612, 'baseline': 'transformer', 'run_seed': 4, 'dataset': 'fn_d_all_c_5'}
[TEST RESULT] {'seed': 4, 'r': 0.9995975414244174, 'nmse_test': 0.0, 'nmse_test_noiseless': 0.0, 'success': True, 'expression': '[4*x1**2 + x2**2 + 4*x3**2]', 'traversal': 'add,n2,add,x1,x1,add,n2,add,x3,x3,n2,x2', 'program': add,n2,add,x1,x1,add,n2,add,x3,x3,n2,x2, 'n_epochs': 1, 'n_samples': 13751, 'n_cached': 4194, 't': 9984.093462705612, 'baseline': 'transformer', 'run_seed': 4, 'dataset': 'fn_d_all_c_5'}
MainProcess| 2026-06-22 05:22:48,277,277 multiprocessing INFO INFO: Completed run 1 of 1 in 9984 s | LATEST TEST_RESULT {'seed': 4, 'r': 0.9995975414244174, 'nmse_test': 0.0, 'nmse_test_noiseless': 0.0, 'success': True, 'expression': '[4*x1**2 + x2**2 + 4*x3**2]', 'traversal': 'add,n2,add,x1,x1,add,n2,add,x3,x3,n2,x2', 'program': add,n2,add,x1,x1,add,n2,add,x3,x3,n2,x2, 'n_epochs': 1, 'n_samples': 13751, 'n_cached': 4194, 't': 9984.093462705612, 'baseline': 'transformer', 'run_seed': 4, 'dataset': 'fn_d_all_c_5'}
INFO: Completed run 1 of 1 in 9984 s | LATEST TEST_RESULT {'seed': 4, 'r': 0.9995975414244174, 'nmse_test': 0.0, 'nmse_test_noiseless': 0.0, 'success': True, 'expression': '[4*x1**2 + x2**2 + 4*x3**2]', 'traversal': 'add,n2,add,x1,x1,add,n2,add,x3,x3,n2,x2', 'program': add,n2,add,x1,x1,add,n2,add,x3,x3,n2,x2, 'n_epochs': 1, 'n_samples': 13751, 'n_cached': 4194, 't': 9984.093462705612, 'baseline': 'transformer', 'run_seed': 4, 'dataset': 'fn_d_all_c_5'}
MainProcess| 2026-06-22 05:22:48,278,278 multiprocessing INFO Fin.
MainProcess| 2026-06-22 05:22:48,278,278 multiprocessing INFO process shutting down
[job] done sys=poly3dA seed=4 end=2026-06-22T05:22:50-05:00
