[job] sys=poly3dA benchmark=fn_d_all_c seed=3 host=aga22 gpu=0 start=2026-06-22T02:28:36-05:00
MainProcess| 2026-06-22 02:28:42,783,783 multiprocessing INFO STARTING NEW RUN ==========
MainProcess| 2026-06-22 02:28:42,783,783 multiprocessing INFO SEE LOG AT : ./logs/all_Lyapunov_test_dso-fn_d_all_c_01_log.txt
MainProcess| 2026-06-22 02:28:42,783,783 multiprocessing INFO See log at : ./logs/all_Lyapunov_test_dso-fn_d_all_c_01_log.txt
MainProcess| 2026-06-22 02:28:42,786,786 multiprocessing INFO               variables expression                                                                   train_spec test_spec function_set
name                                                                                                                                  
fn_d_all_c_5          3  0*x1+0*x2  {"x1":{"U":[-1,1,15000]}, "x2":{"U":[-1,1,15000]}, "x3":{"U":[-1,1,15000]}}      None         Koza
              variables expression                                                                   train_spec test_spec function_set
name                                                                                                                                  
fn_d_all_c_5          3  0*x1+0*x2  {"x1":{"U":[-1,1,15000]}, "x2":{"U":[-1,1,15000]}, "x3":{"U":[-1,1,15000]}}      None         Koza

-- BUILDING DATASET START -----------
Benchmark path                 : /users/9/chen8596/LyaDis/repro/runs/poly3dA/libs/sd3/dso/dso/task/regression/benchmarks_bkup_1.csv
Generated data for benchmark   : fn_d_all_c_5
-- BUILDING DATASET END -------------

Function set                   : Koza --> ['add', 'sub', 'mul', 'sin', 'cos', 'n2']

MainProcess| 2026-06-22 02:28:42,876,876 multiprocessing INFO [BASELINE_TESTING NOW] dataset=fn_d_all_c_5 	| baseline=transformer 	| seed=3 	| data_samples=15000 	| noise=0.0
MainProcess| 2026-06-22 02:28:42,879,879 multiprocessing INFO [RUN SETTINGS]: test_dataset=fn_d_all_c_5  batch_outer_datasets=24 pre_train=False load_pre_trained_path= priority_queue_training=True gp_meld=True model=TransformerTreeEncoderController train_path= risk_seeking_pg_train=True
[RUN SETTINGS]: test_dataset=fn_d_all_c_5  batch_outer_datasets=24 pre_train=False load_pre_trained_path= priority_queue_training=True gp_meld=True model=TransformerTreeEncoderController train_path= risk_seeking_pg_train=True
MainProcess| 2026-06-22 02:28:42,940,940 multiprocessing INFO Running model : TransformerTreeEncoderController
Running model : TransformerTreeEncoderController

-- BUILDING DATASET START -----------
Benchmark path                 : /users/9/chen8596/LyaDis/repro/runs/poly3dA/libs/sd3/dso/dso/task/regression/benchmarks_bkup_1.csv
Generated data for benchmark   : fn_d_all_c_5
-- BUILDING DATASET END -------------

Function set                   : Koza --> ['add', 'sub', 'mul', 'sin', 'cos', 'n2']

MainProcess| 2026-06-22 02:28:42,947,947 multiprocessing INFO Function set: ['x1', 'x2', 'x3', 'add', 'sub', 'mul', 'sin', 'cos', 'n2']

-- BUILDING DATASET START -----------
Benchmark path                 : /users/9/chen8596/LyaDis/repro/runs/poly3dA/libs/sd3/dso/dso/task/regression/benchmarks_bkup_1.csv
Generated data for benchmark   : fn_d_all_c_5
-- BUILDING DATASET END -------------

Function set                   : Koza --> ['add', 'sub', 'mul', 'sin', 'cos', 'n2']

-- BUILDING PRIOR START -------------
WARNING: Skipping invalid 'RelationalConstraint' with arguments {'targets': [], 'effectors': [], 'relationship': None}. Reason: Prior disabled.
WARNING: Skipping invalid 'RepeatConstraint' with arguments {'tokens': 'const', 'min_': None, 'max_': 5}. Reason: Uses Tokens not in the Library.
WARNING: Skipping invalid 'InverseUnaryConstraint' with arguments {}. Reason: There are no inverse unary Token pairs in the Library.
WARNING: Skipping invalid 'ConstConstraint' with arguments {}. Reason: Prior disabled.
WARNING: Skipping invalid 'NoInputsConstraint' with arguments {}. Reason: All terminal tokens are input variables, so allsequences will have an input variable.
WARNING: Skipping invalid 'UniformArityPrior' with arguments {}. Reason: Prior disabled.
LengthConstraint: Sequences have minimum length 4.
                  Sequences have maximum length 12.
TrigConstraint: [sin, cos] cannot be a descendant of [sin, cos].
SoftLengthPrior: No description available.
-- BUILDING PRIOR END ---------------

MainProcess| 2026-06-22 02:28:43,259,259 multiprocessing INFO Transformer overwriting hidden size to input_dim 128
Transformer overwriting hidden size to input_dim 128
MainProcess| 2026-06-22 02:28:43,587,587 multiprocessing INFO Encoder params: {'sinuisodal_embeddings': False, 'dec_pf_dim': 32, 'dec_layers': 1, 'dim_hidden': 128, 'lr': 0.0001, 'dropout': 0, 'num_features': 1, 'ln': True, 'N_p': 0, 'num_inds': 64, 'activation': 'relu', 'bit16': False, 'norm': True, 'linear': True, 'input_normalization': False, 'src_pad_idx': 0, 'trg_pad_idx': 0, 'length_eq': 20, 'n_l_enc': 3, 'mean': 0.5, 'std': 0.5, 'dim_input': 64, 'num_heads': 2, 'output_dim': 10}
Encoder params: {'sinuisodal_embeddings': False, 'dec_pf_dim': 32, 'dec_layers': 1, 'dim_hidden': 128, 'lr': 0.0001, 'dropout': 0, 'num_features': 1, 'ln': True, 'N_p': 0, 'num_inds': 64, 'activation': 'relu', 'bit16': False, 'norm': True, 'linear': True, 'input_normalization': False, 'src_pad_idx': 0, 'trg_pad_idx': 0, 'length_eq': 20, 'n_l_enc': 3, 'mean': 0.5, 'std': 0.5, 'dim_input': 64, 'num_heads': 2, 'output_dim': 10}
MainProcess| 2026-06-22 02:28:43,771,771 multiprocessing INFO TransformerTreeEncoderController parameters: 4034425 	 | trainable : 4034425
TransformerTreeEncoderController parameters: 4034425 	 | trainable : 4034425
MainProcess| 2026-06-22 02:28:43,836,836 multiprocessing INFO GP CONFIG : {'verbose': False, 'generations': 35, 'p_crossover': 0.5, 'p_mutate': 0.5, 'tournament_size': 7, 'train_n': 50, 'mutate_tree_max': 3}
GP CONFIG : {'verbose': False, 'generations': 35, 'p_crossover': 0.5, 'p_mutate': 0.5, 'tournament_size': 7, 'train_n': 50, 'mutate_tree_max': 3}
MainProcess| 2026-06-22 02:28:43,920,920 multiprocessing INFO config: {'experiment': {'logdir': './log', 'seed': 13, 'timestamp': '2026-06-22-022842', 'task_name': 'fn_d_all_c_5', 'save_path': './log/fn_d_all_c_5_2026-06-22-022842_3'}, 'task': {'task_type': 'regression', 'dataset': 'fn_d_all_c_5', 'function_set': ['add', 'sub', 'mul', 'sin', 'cos', 'n2'], 'metric': 'lyapunov_risk', 'metric_params': [1.0], 'extra_metric_test': None, 'extra_metric_test_params': [], 'threshold': 1e-12, 'protected': False, 'reward_noise': 0.0, 'reward_noise_type': 'r', 'normalize_variance': False, 'decision_tree_threshold_set': []}, 'training': {'n_epochs': None, 'n_samples': 2000000, 'batch_size': 500, 'epsilon': 0.1, 'baseline': 'R_e', 'alpha': 0.5, 'b_jumpstart': False, 'n_cores_batch': 1, 'complexity': 'token', 'const_optimizer': 'scipy', 'const_params': {'method': 'L-BFGS-B', 'options': {'gtol': 0.001}}, 'verbose': True, 'debug': 0, 'early_stopping': True, 'hof': 100, 'use_memory': False, 'memory_capacity': 1000.0, 'warm_start': None, 'memory_threshold': None, 'save_all_epoch': False, 'save_summary': False, 'save_positional_entropy': False, 'save_pareto_front': True, 'save_cache': False, 'save_cache_r_min': 0.9, 'save_freq': 1, 'save_token_count': False}, 'state_manager': {'observe_action': False, 'observe_parent': True, 'observe_sibling': True, 'observe_dangling': False, 'embedding': True, 'embedding_size': 64}, 'controller': {'max_length': 64, 'cell': 'lstm', 'num_layers': 1, 'num_units': 64, 'initializer': 'zeros', 'learning_rate': 0.0003, 'optimizer': 'adam', 'entropy_weight': 0.005, 'entropy_gamma': 0.8, 'pqt': True, 'pqt_k': 10, 'pqt_batch_size': 1, 'pqt_weight': 200.0, 'pqt_use_pg': False, 'summary': False, 'rl_weight': 1.0}, 'gp_meld': {'generations': 35, 'p_crossover': 0.5, 'p_mutate': 0.5, 'tournament_size': 7, 'train_n': 50, 'mutate_tree_max': 3}, 'prior': {'relational': {'targets': [], 'effectors': [], 'relationship': None}, 'length': {'min_': 4, 'max_': 12}, 'repeat': {'tokens': 'const', 'min_': None, 'max_': 5}, 'inverse': {}, 'trig': {}, 'const': {}, 'no_inputs': {}, 'uniform_arity': {}, 'soft_length': {'loc': 10, 'scale': 5}}, 'postprocess': {'show_count': 5, 'save_plots': True}, 'model': 'TransformerTreeEncoderController', 'function_names_str': 'x1,x2,x3,add,sub,mul,sin,cos,n2', 'nesymres_train_config': {'architecture': {'sinuisodal_embeddings': False, 'dec_pf_dim': 32, 'dec_layers': 1, 'dim_hidden': 128, 'lr': 0.0001, 'dropout': 0, 'num_features': 1, 'ln': True, 'N_p': 0, 'num_inds': 64, 'activation': 'relu', 'bit16': False, 'norm': True, 'linear': True, 'input_normalization': False, 'src_pad_idx': 0, 'trg_pad_idx': 0, 'length_eq': 20, 'n_l_enc': 3, 'mean': 0.5, 'std': 0.5, 'dim_input': 64, 'num_heads': 2, 'output_dim': 10}}}

-- BUILDING DATASET START -----------
Benchmark path                 : /users/9/chen8596/LyaDis/repro/runs/poly3dA/libs/sd3/dso/dso/task/regression/benchmarks_bkup_1.csv
Generated data for benchmark   : fn_d_all_c_5
-- BUILDING DATASET END -------------

Function set                   : Koza --> ['add', 'sub', 'mul', 'sin', 'cos', 'n2']

-- RUNNING EPOCHS START -------------
torch.Size([500, 49])
/users/9/chen8596/miniconda3/envs/alfd/lib/python3.9/site-packages/torch/nn/functional.py:4999: UserWarning: Support for mismatched key_padding_mask and attn_mask is deprecated. Use same type for both instead.
  warnings.warn(
/users/9/chen8596/miniconda3/envs/alfd/lib/python3.9/site-packages/torch/nn/functional.py:4999: UserWarning: Support for mismatched key_padding_mask and attn_mask is deprecated. Use same type for both instead.
  warnings.warn(
/users/9/chen8596/miniconda3/envs/alfd/lib/python3.9/site-packages/torch/nn/functional.py:4999: UserWarning: Support for mismatched key_padding_mask and attn_mask is deprecated. Use same type for both instead.
  warnings.warn(
MainProcess| 2026-06-22 02:29:08,811,811 multiprocessing INFO Genetic Porgramming Runtime 21.735291331016924
Genetic Porgramming Runtime 21.735291331016924

=========================PGD Collection Starts=========================

MainProcess| 2026-06-22 02:29:09,727,727 multiprocessing INFO created temp directory /tmp/pymp-ujk19m2m
SpawnPoolWorker-1| 2026-06-22 02:29:13,964,964 multiprocessing INFO STARTING NEW RUN ==========
SpawnPoolWorker-1| 2026-06-22 02:29:13,964,964 multiprocessing INFO SEE LOG AT : ./logs/all_Lyapunov_test_dso-fn_d_all_c_01_log.txt
SpawnPoolWorker-1| 2026-06-22 02:29:13,964,964 multiprocessing INFO See log at : ./logs/all_Lyapunov_test_dso-fn_d_all_c_01_log.txt
SpawnPoolWorker-1| 2026-06-22 02:29:13,966,966 multiprocessing INFO child process calling self.run()
SpawnPoolWorker-4| 2026-06-22 02:29:13,966,966 multiprocessing INFO STARTING NEW RUN ==========
SpawnPoolWorker-4| 2026-06-22 02:29:13,966,966 multiprocessing INFO SEE LOG AT : ./logs/all_Lyapunov_test_dso-fn_d_all_c_01_log.txt
SpawnPoolWorker-4| 2026-06-22 02:29:13,966,966 multiprocessing INFO See log at : ./logs/all_Lyapunov_test_dso-fn_d_all_c_01_log.txt
SpawnPoolWorker-4| 2026-06-22 02:29:13,968,968 multiprocessing INFO child process calling self.run()
SpawnPoolWorker-3| 2026-06-22 02:29:13,968,968 multiprocessing INFO STARTING NEW RUN ==========
SpawnPoolWorker-3| 2026-06-22 02:29:13,968,968 multiprocessing INFO SEE LOG AT : ./logs/all_Lyapunov_test_dso-fn_d_all_c_01_log.txt
SpawnPoolWorker-3| 2026-06-22 02:29:13,968,968 multiprocessing INFO See log at : ./logs/all_Lyapunov_test_dso-fn_d_all_c_01_log.txt
SpawnPoolWorker-3| 2026-06-22 02:29:13,970,970 multiprocessing INFO child process calling self.run()
SpawnPoolWorker-6| 2026-06-22 02:29:13,972,972 multiprocessing INFO STARTING NEW RUN ==========
SpawnPoolWorker-6| 2026-06-22 02:29:13,972,972 multiprocessing INFO SEE LOG AT : ./logs/all_Lyapunov_test_dso-fn_d_all_c_01_log.txt
SpawnPoolWorker-6| 2026-06-22 02:29:13,972,972 multiprocessing INFO See log at : ./logs/all_Lyapunov_test_dso-fn_d_all_c_01_log.txt
SpawnPoolWorker-6| 2026-06-22 02:29:13,974,974 multiprocessing INFO child process calling self.run()
SpawnPoolWorker-5| 2026-06-22 02:29:13,977,977 multiprocessing INFO STARTING NEW RUN ==========
SpawnPoolWorker-5| 2026-06-22 02:29:13,977,977 multiprocessing INFO SEE LOG AT : ./logs/all_Lyapunov_test_dso-fn_d_all_c_01_log.txt
SpawnPoolWorker-5| 2026-06-22 02:29:13,977,977 multiprocessing INFO See log at : ./logs/all_Lyapunov_test_dso-fn_d_all_c_01_log.txt
SpawnPoolWorker-5| 2026-06-22 02:29:13,979,979 multiprocessing INFO child process calling self.run()
SpawnPoolWorker-7| 2026-06-22 02:29:13,996,996 multiprocessing INFO STARTING NEW RUN ==========
SpawnPoolWorker-7| 2026-06-22 02:29:13,996,996 multiprocessing INFO SEE LOG AT : ./logs/all_Lyapunov_test_dso-fn_d_all_c_01_log.txt
SpawnPoolWorker-7| 2026-06-22 02:29:13,996,996 multiprocessing INFO See log at : ./logs/all_Lyapunov_test_dso-fn_d_all_c_01_log.txt
SpawnPoolWorker-7| 2026-06-22 02:29:13,998,998 multiprocessing INFO child process calling self.run()
SpawnPoolWorker-10| 2026-06-22 02:29:14,007,7 multiprocessing INFO STARTING NEW RUN ==========
SpawnPoolWorker-10| 2026-06-22 02:29:14,007,7 multiprocessing INFO SEE LOG AT : ./logs/all_Lyapunov_test_dso-fn_d_all_c_01_log.txt
SpawnPoolWorker-10| 2026-06-22 02:29:14,007,7 multiprocessing INFO See log at : ./logs/all_Lyapunov_test_dso-fn_d_all_c_01_log.txt
SpawnPoolWorker-10| 2026-06-22 02:29:14,009,9 multiprocessing INFO child process calling self.run()
SpawnPoolWorker-2| 2026-06-22 02:29:14,026,26 multiprocessing INFO STARTING NEW RUN ==========
SpawnPoolWorker-2| 2026-06-22 02:29:14,026,26 multiprocessing INFO SEE LOG AT : ./logs/all_Lyapunov_test_dso-fn_d_all_c_01_log.txt
SpawnPoolWorker-2| 2026-06-22 02:29:14,026,26 multiprocessing INFO See log at : ./logs/all_Lyapunov_test_dso-fn_d_all_c_01_log.txt
SpawnPoolWorker-2| 2026-06-22 02:29:14,028,28 multiprocessing INFO child process calling self.run()
SpawnPoolWorker-9| 2026-06-22 02:29:14,111,111 multiprocessing INFO STARTING NEW RUN ==========
SpawnPoolWorker-9| 2026-06-22 02:29:14,111,111 multiprocessing INFO SEE LOG AT : ./logs/all_Lyapunov_test_dso-fn_d_all_c_01_log.txt
SpawnPoolWorker-9| 2026-06-22 02:29:14,111,111 multiprocessing INFO See log at : ./logs/all_Lyapunov_test_dso-fn_d_all_c_01_log.txt
SpawnPoolWorker-9| 2026-06-22 02:29:14,113,113 multiprocessing INFO child process calling self.run()
SpawnPoolWorker-8| 2026-06-22 02:29:14,164,164 multiprocessing INFO STARTING NEW RUN ==========
SpawnPoolWorker-8| 2026-06-22 02:29:14,164,164 multiprocessing INFO SEE LOG AT : ./logs/all_Lyapunov_test_dso-fn_d_all_c_01_log.txt
SpawnPoolWorker-8| 2026-06-22 02:29:14,164,164 multiprocessing INFO See log at : ./logs/all_Lyapunov_test_dso-fn_d_all_c_01_log.txt
SpawnPoolWorker-8| 2026-06-22 02:29:14,165,165 multiprocessing INFO child process calling self.run()
SpawnPoolWorker-7| 2026-06-22 02:30:06,625,625 multiprocessing INFO process shutting down
SpawnPoolWorker-9| 2026-06-22 02:30:06,625,625 multiprocessing INFO process shutting down
SpawnPoolWorker-4| 2026-06-22 02:30:06,625,625 multiprocessing INFO process shutting down
SpawnPoolWorker-5| 2026-06-22 02:30:06,625,625 multiprocessing INFO process shutting down
SpawnPoolWorker-1| 2026-06-22 02:30:06,625,625 multiprocessing INFO process shutting down
SpawnPoolWorker-10| 2026-06-22 02:30:06,625,625 multiprocessing INFO process shutting down
SpawnPoolWorker-2| 2026-06-22 02:30:06,625,625 multiprocessing INFO process shutting down
SpawnPoolWorker-8| 2026-06-22 02:30:06,625,625 multiprocessing INFO process shutting down
SpawnPoolWorker-6| 2026-06-22 02:30:06,625,625 multiprocessing INFO process shutting down
(3000,)

===================Collect 3000 Examples===================

Epsilon 0.1
500
(550,)
(550,)
(55,)
Number of Programs for Minimization: 28
SpawnPoolWorker-23| 2026-06-22 02:30:32,749,749 multiprocessing INFO STARTING NEW RUN ==========
SpawnPoolWorker-23| 2026-06-22 02:30:32,749,749 multiprocessing INFO SEE LOG AT : ./logs/all_Lyapunov_test_dso-fn_d_all_c_01_log.txt
SpawnPoolWorker-23| 2026-06-22 02:30:32,749,749 multiprocessing INFO See log at : ./logs/all_Lyapunov_test_dso-fn_d_all_c_01_log.txt
SpawnPoolWorker-23| 2026-06-22 02:30:32,762,762 multiprocessing INFO child process calling self.run()
SpawnPoolWorker-33| 2026-06-22 02:30:33,614,614 multiprocessing INFO STARTING NEW RUN ==========
SpawnPoolWorker-33| 2026-06-22 02:30:33,614,614 multiprocessing INFO SEE LOG AT : ./logs/all_Lyapunov_test_dso-fn_d_all_c_01_log.txt
SpawnPoolWorker-33| 2026-06-22 02:30:33,614,614 multiprocessing INFO See log at : ./logs/all_Lyapunov_test_dso-fn_d_all_c_01_log.txt
SpawnPoolWorker-33| 2026-06-22 02:30:33,621,621 multiprocessing INFO child process calling self.run()
SpawnPoolWorker-19| 2026-06-22 02:30:34,380,380 multiprocessing INFO STARTING NEW RUN ==========
SpawnPoolWorker-19| 2026-06-22 02:30:34,380,380 multiprocessing INFO SEE LOG AT : ./logs/all_Lyapunov_test_dso-fn_d_all_c_01_log.txt
SpawnPoolWorker-19| 2026-06-22 02:30:34,380,380 multiprocessing INFO See log at : ./logs/all_Lyapunov_test_dso-fn_d_all_c_01_log.txt
SpawnPoolWorker-19| 2026-06-22 02:30:34,391,391 multiprocessing INFO child process calling self.run()
SpawnPoolWorker-14| 2026-06-22 02:30:34,695,695 multiprocessing INFO STARTING NEW RUN ==========
SpawnPoolWorker-14| 2026-06-22 02:30:34,695,695 multiprocessing INFO SEE LOG AT : ./logs/all_Lyapunov_test_dso-fn_d_all_c_01_log.txt
SpawnPoolWorker-14| 2026-06-22 02:30:34,695,695 multiprocessing INFO See log at : ./logs/all_Lyapunov_test_dso-fn_d_all_c_01_log.txt
SpawnPoolWorker-14| 2026-06-22 02:30:34,712,712 multiprocessing INFO child process calling self.run()
SpawnPoolWorker-48| 2026-06-22 02:30:35,711,711 multiprocessing INFO STARTING NEW RUN ==========
SpawnPoolWorker-48| 2026-06-22 02:30:35,711,711 multiprocessing INFO SEE LOG AT : ./logs/all_Lyapunov_test_dso-fn_d_all_c_01_log.txt
SpawnPoolWorker-48| 2026-06-22 02:30:35,711,711 multiprocessing INFO See log at : ./logs/all_Lyapunov_test_dso-fn_d_all_c_01_log.txt
SpawnPoolWorker-48| 2026-06-22 02:30:35,717,717 multiprocessing INFO child process calling self.run()
SpawnPoolWorker-21| 2026-06-22 02:30:36,039,39 multiprocessing INFO STARTING NEW RUN ==========
SpawnPoolWorker-21| 2026-06-22 02:30:36,040,40 multiprocessing INFO SEE LOG AT : ./logs/all_Lyapunov_test_dso-fn_d_all_c_01_log.txt
SpawnPoolWorker-21| 2026-06-22 02:30:36,040,40 multiprocessing INFO See log at : ./logs/all_Lyapunov_test_dso-fn_d_all_c_01_log.txt
SpawnPoolWorker-21| 2026-06-22 02:30:36,045,45 multiprocessing INFO child process calling self.run()
SpawnPoolWorker-15| 2026-06-22 02:30:36,332,332 multiprocessing INFO STARTING NEW RUN ==========
SpawnPoolWorker-15| 2026-06-22 02:30:36,332,332 multiprocessing INFO SEE LOG AT : ./logs/all_Lyapunov_test_dso-fn_d_all_c_01_log.txt
SpawnPoolWorker-15| 2026-06-22 02:30:36,332,332 multiprocessing INFO See log at : ./logs/all_Lyapunov_test_dso-fn_d_all_c_01_log.txt
SpawnPoolWorker-15| 2026-06-22 02:30:36,348,348 multiprocessing INFO child process calling self.run()
SpawnPoolWorker-31| 2026-06-22 02:30:36,486,486 multiprocessing INFO STARTING NEW RUN ==========
SpawnPoolWorker-31| 2026-06-22 02:30:36,486,486 multiprocessing INFO SEE LOG AT : ./logs/all_Lyapunov_test_dso-fn_d_all_c_01_log.txt
SpawnPoolWorker-31| 2026-06-22 02:30:36,486,486 multiprocessing INFO See log at : ./logs/all_Lyapunov_test_dso-fn_d_all_c_01_log.txt
SpawnPoolWorker-31| 2026-06-22 02:30:36,514,514 multiprocessing INFO child process calling self.run()
SpawnPoolWorker-22| 2026-06-22 02:30:36,582,582 multiprocessing INFO STARTING NEW RUN ==========
SpawnPoolWorker-22| 2026-06-22 02:30:36,582,582 multiprocessing INFO SEE LOG AT : ./logs/all_Lyapunov_test_dso-fn_d_all_c_01_log.txt
SpawnPoolWorker-22| 2026-06-22 02:30:36,582,582 multiprocessing INFO See log at : ./logs/all_Lyapunov_test_dso-fn_d_all_c_01_log.txt
SpawnPoolWorker-22| 2026-06-22 02:30:36,590,590 multiprocessing INFO child process calling self.run()
SpawnPoolWorker-50| 2026-06-22 02:30:36,701,701 multiprocessing INFO STARTING NEW RUN ==========
SpawnPoolWorker-50| 2026-06-22 02:30:36,701,701 multiprocessing INFO SEE LOG AT : ./logs/all_Lyapunov_test_dso-fn_d_all_c_01_log.txt
SpawnPoolWorker-50| 2026-06-22 02:30:36,701,701 multiprocessing INFO See log at : ./logs/all_Lyapunov_test_dso-fn_d_all_c_01_log.txt
SpawnPoolWorker-50| 2026-06-22 02:30:36,720,720 multiprocessing INFO child process calling self.run()
SpawnPoolWorker-40| 2026-06-22 02:30:37,101,101 multiprocessing INFO STARTING NEW RUN ==========
SpawnPoolWorker-40| 2026-06-22 02:30:37,101,101 multiprocessing INFO SEE LOG AT : ./logs/all_Lyapunov_test_dso-fn_d_all_c_01_log.txt
SpawnPoolWorker-40| 2026-06-22 02:30:37,101,101 multiprocessing INFO See log at : ./logs/all_Lyapunov_test_dso-fn_d_all_c_01_log.txt
SpawnPoolWorker-40| 2026-06-22 02:30:37,107,107 multiprocessing INFO child process calling self.run()
SpawnPoolWorker-26| 2026-06-22 02:30:37,119,119 multiprocessing INFO STARTING NEW RUN ==========
SpawnPoolWorker-26| 2026-06-22 02:30:37,119,119 multiprocessing INFO SEE LOG AT : ./logs/all_Lyapunov_test_dso-fn_d_all_c_01_log.txt
SpawnPoolWorker-26| 2026-06-22 02:30:37,119,119 multiprocessing INFO See log at : ./logs/all_Lyapunov_test_dso-fn_d_all_c_01_log.txt
SpawnPoolWorker-17| 2026-06-22 02:30:37,119,119 multiprocessing INFO STARTING NEW RUN ==========
SpawnPoolWorker-17| 2026-06-22 02:30:37,119,119 multiprocessing INFO SEE LOG AT : ./logs/all_Lyapunov_test_dso-fn_d_all_c_01_log.txt
SpawnPoolWorker-17| 2026-06-22 02:30:37,119,119 multiprocessing INFO See log at : ./logs/all_Lyapunov_test_dso-fn_d_all_c_01_log.txt
SpawnPoolWorker-26| 2026-06-22 02:30:37,122,122 multiprocessing INFO child process calling self.run()
SpawnPoolWorker-17| 2026-06-22 02:30:37,122,122 multiprocessing INFO child process calling self.run()
SpawnPoolWorker-11| 2026-06-22 02:30:37,268,268 multiprocessing INFO STARTING NEW RUN ==========
SpawnPoolWorker-11| 2026-06-22 02:30:37,268,268 multiprocessing INFO SEE LOG AT : ./logs/all_Lyapunov_test_dso-fn_d_all_c_01_log.txt
SpawnPoolWorker-11| 2026-06-22 02:30:37,268,268 multiprocessing INFO See log at : ./logs/all_Lyapunov_test_dso-fn_d_all_c_01_log.txt
SpawnPoolWorker-11| 2026-06-22 02:30:37,289,289 multiprocessing INFO child process calling self.run()
SpawnPoolWorker-44| 2026-06-22 02:30:37,625,625 multiprocessing INFO STARTING NEW RUN ==========
SpawnPoolWorker-44| 2026-06-22 02:30:37,625,625 multiprocessing INFO SEE LOG AT : ./logs/all_Lyapunov_test_dso-fn_d_all_c_01_log.txt
SpawnPoolWorker-44| 2026-06-22 02:30:37,625,625 multiprocessing INFO See log at : ./logs/all_Lyapunov_test_dso-fn_d_all_c_01_log.txt
SpawnPoolWorker-44| 2026-06-22 02:30:37,631,631 multiprocessing INFO child process calling self.run()
SpawnPoolWorker-27| 2026-06-22 02:30:37,840,840 multiprocessing INFO STARTING NEW RUN ==========
SpawnPoolWorker-27| 2026-06-22 02:30:37,840,840 multiprocessing INFO SEE LOG AT : ./logs/all_Lyapunov_test_dso-fn_d_all_c_01_log.txt
SpawnPoolWorker-27| 2026-06-22 02:30:37,840,840 multiprocessing INFO See log at : ./logs/all_Lyapunov_test_dso-fn_d_all_c_01_log.txt
SpawnPoolWorker-27| 2026-06-22 02:30:37,847,847 multiprocessing INFO child process calling self.run()
SpawnPoolWorker-16| 2026-06-22 02:30:37,983,983 multiprocessing INFO STARTING NEW RUN ==========
SpawnPoolWorker-16| 2026-06-22 02:30:37,983,983 multiprocessing INFO SEE LOG AT : ./logs/all_Lyapunov_test_dso-fn_d_all_c_01_log.txt
SpawnPoolWorker-16| 2026-06-22 02:30:37,983,983 multiprocessing INFO See log at : ./logs/all_Lyapunov_test_dso-fn_d_all_c_01_log.txt
SpawnPoolWorker-16| 2026-06-22 02:30:37,991,991 multiprocessing INFO child process calling self.run()
SpawnPoolWorker-43| 2026-06-22 02:30:37,999,999 multiprocessing INFO STARTING NEW RUN ==========
SpawnPoolWorker-43| 2026-06-22 02:30:37,999,999 multiprocessing INFO SEE LOG AT : ./logs/all_Lyapunov_test_dso-fn_d_all_c_01_log.txt
SpawnPoolWorker-43| 2026-06-22 02:30:37,999,999 multiprocessing INFO See log at : ./logs/all_Lyapunov_test_dso-fn_d_all_c_01_log.txt
SpawnPoolWorker-39| 2026-06-22 02:30:38,000,0 multiprocessing INFO STARTING NEW RUN ==========
SpawnPoolWorker-39| 2026-06-22 02:30:38,001,1 multiprocessing INFO SEE LOG AT : ./logs/all_Lyapunov_test_dso-fn_d_all_c_01_log.txt
SpawnPoolWorker-39| 2026-06-22 02:30:38,001,1 multiprocessing INFO See log at : ./logs/all_Lyapunov_test_dso-fn_d_all_c_01_log.txt
SpawnPoolWorker-43| 2026-06-22 02:30:38,009,9 multiprocessing INFO child process calling self.run()
SpawnPoolWorker-39| 2026-06-22 02:30:38,015,15 multiprocessing INFO child process calling self.run()
SpawnPoolWorker-36| 2026-06-22 02:30:38,152,152 multiprocessing INFO STARTING NEW RUN ==========
SpawnPoolWorker-36| 2026-06-22 02:30:38,152,152 multiprocessing INFO SEE LOG AT : ./logs/all_Lyapunov_test_dso-fn_d_all_c_01_log.txt
SpawnPoolWorker-36| 2026-06-22 02:30:38,152,152 multiprocessing INFO See log at : ./logs/all_Lyapunov_test_dso-fn_d_all_c_01_log.txt
SpawnPoolWorker-36| 2026-06-22 02:30:38,158,158 multiprocessing INFO child process calling self.run()
SpawnPoolWorker-12| 2026-06-22 02:30:38,184,184 multiprocessing INFO STARTING NEW RUN ==========
SpawnPoolWorker-12| 2026-06-22 02:30:38,184,184 multiprocessing INFO SEE LOG AT : ./logs/all_Lyapunov_test_dso-fn_d_all_c_01_log.txt
SpawnPoolWorker-12| 2026-06-22 02:30:38,185,185 multiprocessing INFO See log at : ./logs/all_Lyapunov_test_dso-fn_d_all_c_01_log.txt
SpawnPoolWorker-12| 2026-06-22 02:30:38,195,195 multiprocessing INFO child process calling self.run()
SpawnPoolWorker-13| 2026-06-22 02:30:38,200,200 multiprocessing INFO STARTING NEW RUN ==========
SpawnPoolWorker-13| 2026-06-22 02:30:38,200,200 multiprocessing INFO SEE LOG AT : ./logs/all_Lyapunov_test_dso-fn_d_all_c_01_log.txt
SpawnPoolWorker-13| 2026-06-22 02:30:38,200,200 multiprocessing INFO See log at : ./logs/all_Lyapunov_test_dso-fn_d_all_c_01_log.txt
SpawnPoolWorker-13| 2026-06-22 02:30:38,209,209 multiprocessing INFO child process calling self.run()
SpawnPoolWorker-57| 2026-06-22 02:30:38,212,212 multiprocessing INFO STARTING NEW RUN ==========
SpawnPoolWorker-57| 2026-06-22 02:30:38,212,212 multiprocessing INFO SEE LOG AT : ./logs/all_Lyapunov_test_dso-fn_d_all_c_01_log.txt
SpawnPoolWorker-57| 2026-06-22 02:30:38,212,212 multiprocessing INFO See log at : ./logs/all_Lyapunov_test_dso-fn_d_all_c_01_log.txt
SpawnPoolWorker-57| 2026-06-22 02:30:38,215,215 multiprocessing INFO child process calling self.run()
SpawnPoolWorker-45| 2026-06-22 02:30:38,282,282 multiprocessing INFO STARTING NEW RUN ==========
SpawnPoolWorker-45| 2026-06-22 02:30:38,282,282 multiprocessing INFO SEE LOG AT : ./logs/all_Lyapunov_test_dso-fn_d_all_c_01_log.txt
SpawnPoolWorker-45| 2026-06-22 02:30:38,282,282 multiprocessing INFO See log at : ./logs/all_Lyapunov_test_dso-fn_d_all_c_01_log.txt
SpawnPoolWorker-45| 2026-06-22 02:30:38,285,285 multiprocessing INFO child process calling self.run()
SpawnPoolWorker-59| 2026-06-22 02:30:38,305,305 multiprocessing INFO STARTING NEW RUN ==========
SpawnPoolWorker-59| 2026-06-22 02:30:38,305,305 multiprocessing INFO SEE LOG AT : ./logs/all_Lyapunov_test_dso-fn_d_all_c_01_log.txt
SpawnPoolWorker-59| 2026-06-22 02:30:38,305,305 multiprocessing INFO See log at : ./logs/all_Lyapunov_test_dso-fn_d_all_c_01_log.txt
SpawnPoolWorker-59| 2026-06-22 02:30:38,308,308 multiprocessing INFO child process calling self.run()
SpawnPoolWorker-22| 2026-06-22 02:30:38,325,325 multiprocessing INFO process shutting down
SpawnPoolWorker-14| 2026-06-22 02:30:38,325,325 multiprocessing INFO process shutting down
SpawnPoolWorker-22| 2026-06-22 02:30:38,325,325 multiprocessing INFO process exiting with exitcode 0
SpawnPoolWorker-21| 2026-06-22 02:30:38,325,325 multiprocessing INFO process shutting down
SpawnPoolWorker-14| 2026-06-22 02:30:38,325,325 multiprocessing INFO process exiting with exitcode 0
SpawnPoolWorker-21| 2026-06-22 02:30:38,325,325 multiprocessing INFO process exiting with exitcode 0
SpawnPoolWorker-44| 2026-06-22 02:30:38,326,326 multiprocessing INFO process shutting down
SpawnPoolWorker-33| 2026-06-22 02:30:38,326,326 multiprocessing INFO process shutting down
SpawnPoolWorker-19| 2026-06-22 02:30:38,326,326 multiprocessing INFO process shutting down
SpawnPoolWorker-50| 2026-06-22 02:30:38,326,326 multiprocessing INFO process shutting down
SpawnPoolWorker-48| 2026-06-22 02:30:38,327,327 multiprocessing INFO process shutting down
SpawnPoolWorker-27| 2026-06-22 02:30:38,327,327 multiprocessing INFO process shutting down
SpawnPoolWorker-16| 2026-06-22 02:30:38,327,327 multiprocessing INFO process shutting down
SpawnPoolWorker-31| 2026-06-22 02:30:38,327,327 multiprocessing INFO process shutting down
SpawnPoolWorker-17| 2026-06-22 02:30:38,328,328 multiprocessing INFO process shutting down
SpawnPoolWorker-43| 2026-06-22 02:30:38,328,328 multiprocessing INFO process shutting down
SpawnPoolWorker-39| 2026-06-22 02:30:38,328,328 multiprocessing INFO process shutting down
SpawnPoolWorker-44| 2026-06-22 02:30:38,330,330 multiprocessing INFO process exiting with exitcode 0
SpawnPoolWorker-23| 2026-06-22 02:30:38,331,331 multiprocessing INFO process shutting down
SpawnPoolWorker-40| 2026-06-22 02:30:38,332,332 multiprocessing INFO process shutting down
SpawnPoolWorker-15| 2026-06-22 02:30:38,332,332 multiprocessing INFO process shutting down
SpawnPoolWorker-23| 2026-06-22 02:30:38,332,332 multiprocessing INFO process exiting with exitcode 0
SpawnPoolWorker-36| 2026-06-22 02:30:38,335,335 multiprocessing INFO process shutting down
SpawnPoolWorker-12| 2026-06-22 02:30:38,336,336 multiprocessing INFO process shutting down
SpawnPoolWorker-13| 2026-06-22 02:30:38,336,336 multiprocessing INFO process shutting down
SpawnPoolWorker-57| 2026-06-22 02:30:38,337,337 multiprocessing INFO process shutting down
SpawnPoolWorker-36| 2026-06-22 02:30:38,338,338 multiprocessing INFO process exiting with exitcode 0
SpawnPoolWorker-57| 2026-06-22 02:30:38,338,338 multiprocessing INFO process exiting with exitcode 0
SpawnPoolWorker-45| 2026-06-22 02:30:38,339,339 multiprocessing INFO process shutting down
SpawnPoolWorker-33| 2026-06-22 02:30:38,339,339 multiprocessing INFO process exiting with exitcode 0
SpawnPoolWorker-11| 2026-06-22 02:30:38,339,339 multiprocessing INFO process shutting down
SpawnPoolWorker-59| 2026-06-22 02:30:38,339,339 multiprocessing INFO process shutting down
SpawnPoolWorker-45| 2026-06-22 02:30:38,343,343 multiprocessing INFO process exiting with exitcode 0
SpawnPoolWorker-19| 2026-06-22 02:30:38,343,343 multiprocessing INFO process exiting with exitcode 0
SpawnPoolWorker-50| 2026-06-22 02:30:38,345,345 multiprocessing INFO process exiting with exitcode 0
SpawnPoolWorker-48| 2026-06-22 02:30:38,348,348 multiprocessing INFO process exiting with exitcode 0
SpawnPoolWorker-27| 2026-06-22 02:30:38,354,354 multiprocessing INFO process exiting with exitcode 0
SpawnPoolWorker-16| 2026-06-22 02:30:38,361,361 multiprocessing INFO process exiting with exitcode 0
SpawnPoolWorker-31| 2026-06-22 02:30:38,366,366 multiprocessing INFO process exiting with exitcode 0
SpawnPoolWorker-43| 2026-06-22 02:30:38,366,366 multiprocessing INFO process exiting with exitcode 0
SpawnPoolWorker-17| 2026-06-22 02:30:38,366,366 multiprocessing INFO process exiting with exitcode 0
SpawnPoolWorker-39| 2026-06-22 02:30:38,372,372 multiprocessing INFO process exiting with exitcode 0
SpawnPoolWorker-40| 2026-06-22 02:30:38,373,373 multiprocessing INFO process exiting with exitcode 0
SpawnPoolWorker-15| 2026-06-22 02:30:38,378,378 multiprocessing INFO process exiting with exitcode 0
SpawnPoolWorker-13| 2026-06-22 02:30:38,401,401 multiprocessing INFO process exiting with exitcode 0
SpawnPoolWorker-12| 2026-06-22 02:30:38,408,408 multiprocessing INFO process exiting with exitcode 0
SpawnPoolWorker-11| 2026-06-22 02:30:38,413,413 multiprocessing INFO process exiting with exitcode 0
SpawnPoolWorker-18| 2026-06-22 02:30:38,418,418 multiprocessing INFO STARTING NEW RUN ==========
SpawnPoolWorker-18| 2026-06-22 02:30:38,419,419 multiprocessing INFO SEE LOG AT : ./logs/all_Lyapunov_test_dso-fn_d_all_c_01_log.txt
SpawnPoolWorker-18| 2026-06-22 02:30:38,419,419 multiprocessing INFO See log at : ./logs/all_Lyapunov_test_dso-fn_d_all_c_01_log.txt
SpawnPoolWorker-59| 2026-06-22 02:30:38,419,419 multiprocessing INFO process exiting with exitcode 0
SpawnPoolWorker-18| 2026-06-22 02:30:38,428,428 multiprocessing INFO child process calling self.run()
SpawnPoolWorker-18| 2026-06-22 02:30:38,428,428 multiprocessing INFO process shutting down
SpawnPoolWorker-18| 2026-06-22 02:30:38,428,428 multiprocessing INFO process exiting with exitcode 0
28
(15041, 3)
(15041,)
(15041, 3)
(15041,)

=======================Successfully Added (41, 3) Counter Examples=======================

Number of valid equations: 21. Program should stopped
x1**2 - cos(2*x2**2 + x3**2)
[x1**2 - cos(2*x2**2 + x3**2), x1**2 - cos(2*x2**2 + x3**2), x1**2 - cos(2*x2**2 + x3**2), x1**2 - cos(2*x2**2 + x3**2), x1**2 - cos(2*x2**2 + x3**2), x1**2 - cos(x2**2 + 2*x3**2), x1**2 - cos(x2**2 + 2*x3**2), x1**2 - cos(x2**2 + 2*x3**2), x1**2 - cos(x2**2 + 2*x3**2), x1**2 - cos(x1**2 + x2**2 + x3**2), x1**2 - cos(x1**2 + x2**2 + x3**2), x1**2 - cos(x1**2 + x2**2 + x3**2), x1**2 - cos(x1**2 + x2**2 + x3**2), x1**2 - cos(x1**2 + x2**2 + x3**2), x1**2 - cos(x1**2 + x2**2 + x3**2), x1**2 - cos(x2**2 + x3**2), x1**2 - cos(x2**2 + x3**2), sin(x1**2) - cos(x2**2 + x3**2), sin(x1)**2 - cos(x2**2 + x3**2), x3**2 - cos(x1**2 + 2*x2**2), x3**2 - cos(x1**2 + x2**2 + x3**2)]
MainProcess| 2026-06-22 04:11:16,334,334 multiprocessing INFO Number of valid equations: 21. Program should stopped
Number of valid equations: 21. Program should stopped
MainProcess| 2026-06-22 04:11:16,335,335 multiprocessing INFO x1**2 - cos(2*x2**2 + x3**2)
x1**2 - cos(2*x2**2 + x3**2)
MainProcess| 2026-06-22 04:11:16,336,336 multiprocessing INFO [x1**2 - cos(2*x2**2 + x3**2), x1**2 - cos(2*x2**2 + x3**2), x1**2 - cos(2*x2**2 + x3**2), x1**2 - cos(2*x2**2 + x3**2), x1**2 - cos(2*x2**2 + x3**2), x1**2 - cos(x2**2 + 2*x3**2), x1**2 - cos(x2**2 + 2*x3**2), x1**2 - cos(x2**2 + 2*x3**2), x1**2 - cos(x2**2 + 2*x3**2), x1**2 - cos(x1**2 + x2**2 + x3**2), x1**2 - cos(x1**2 + x2**2 + x3**2), x1**2 - cos(x1**2 + x2**2 + x3**2), x1**2 - cos(x1**2 + x2**2 + x3**2), x1**2 - cos(x1**2 + x2**2 + x3**2), x1**2 - cos(x1**2 + x2**2 + x3**2), x1**2 - cos(x2**2 + x3**2), x1**2 - cos(x2**2 + x3**2), sin(x1**2) - cos(x2**2 + x3**2), sin(x1)**2 - cos(x2**2 + x3**2), x3**2 - cos(x1**2 + 2*x2**2), x3**2 - cos(x1**2 + x2**2 + x3**2)]
[x1**2 - cos(2*x2**2 + x3**2), x1**2 - cos(2*x2**2 + x3**2), x1**2 - cos(2*x2**2 + x3**2), x1**2 - cos(2*x2**2 + x3**2), x1**2 - cos(2*x2**2 + x3**2), x1**2 - cos(x2**2 + 2*x3**2), x1**2 - cos(x2**2 + 2*x3**2), x1**2 - cos(x2**2 + 2*x3**2), x1**2 - cos(x2**2 + 2*x3**2), x1**2 - cos(x1**2 + x2**2 + x3**2), x1**2 - cos(x1**2 + x2**2 + x3**2), x1**2 - cos(x1**2 + x2**2 + x3**2), x1**2 - cos(x1**2 + x2**2 + x3**2), x1**2 - cos(x1**2 + x2**2 + x3**2), x1**2 - cos(x1**2 + x2**2 + x3**2), x1**2 - cos(x2**2 + x3**2), x1**2 - cos(x2**2 + x3**2), sin(x1**2) - cos(x2**2 + x3**2), sin(x1)**2 - cos(x2**2 + x3**2), x3**2 - cos(x1**2 + 2*x2**2), x3**2 - cos(x1**2 + x2**2 + x3**2)]
(55, 49)
/users/9/chen8596/miniconda3/envs/alfd/lib/python3.9/site-packages/torch/nn/functional.py:4999: UserWarning: Support for mismatched key_padding_mask and attn_mask is deprecated. Use same type for both instead.
  warnings.warn(
/users/9/chen8596/LyaDis/repro/runs/poly3dA/utils/train.py:971: RuntimeWarning: divide by zero encountered in divide
  error = np.abs(((y_hat - y) / y))
/users/9/chen8596/.local/lib/python3.9/site-packages/scipy/stats/_stats_py.py:4424: ConstantInputWarning: An input array is constant; the correlation coefficient is not defined.
  warnings.warn(stats.ConstantInputWarning(msg))
MainProcess| 2026-06-22 04:11:16,716,716 multiprocessing INFO [Test epoch=0001]  nevals=13770 	| train_loss=4077.04468 	| eqs_invalid %=0.36 	| r_best=0.99705 	| quantile=0.79754 	| r_quantile_mean=0.98286 	| r_raw_sum=95.58180 	|  r_raw_mean=0.42107 	| r2=nan 	| acc_iid=0.00000 	| acc_ood=0.00000 	| nmse_test=0.0 	| true_equation_set_count=0 	| s/it=6152.77100
[Test epoch=0001]  nevals=13770 	| train_loss=4077.04468 	| eqs_invalid %=0.36 	| r_best=0.99705 	| quantile=0.79754 	| r_quantile_mean=0.98286 	| r_raw_sum=95.58180 	|  r_raw_mean=0.42107 	| r2=nan 	| acc_iid=0.00000 	| acc_ood=0.00000 	| nmse_test=0.0 	| true_equation_set_count=0 	| s/it=6152.77100
MainProcess| 2026-06-22 04:11:16,716,716 multiprocessing INFO [00:01:42:32.78] Training epoch 1/4000, current best R: 0.9970
[00:01:42:32.78] Training epoch 1/4000, current best R: 0.9970
MainProcess| 2026-06-22 04:11:16,716,716 multiprocessing INFO 
	** New best

	** New best
MainProcess| 2026-06-22 04:11:16,716,716 multiprocessing INFO 	Reward: 0.997048454017006
	Reward: 0.997048454017006
MainProcess| 2026-06-22 04:11:16,716,716 multiprocessing INFO 	Count Off-policy: 1
	Count Off-policy: 1
MainProcess| 2026-06-22 04:11:16,716,716 multiprocessing INFO 	Count On-policy: 0
	Count On-policy: 0
MainProcess| 2026-06-22 04:11:16,716,716 multiprocessing INFO 	Originally on Policy: False
	Originally on Policy: False
MainProcess| 2026-06-22 04:11:16,716,716 multiprocessing INFO 	Invalid: False
	Invalid: False
MainProcess| 2026-06-22 04:11:16,716,716 multiprocessing INFO 	Traversal: sub,n2,x1,cos,add,add,n2,x3,n2,x3,n2,x2
	Traversal: sub,n2,x1,cos,add,add,n2,x3,n2,x3,n2,x2
MainProcess| 2026-06-22 04:11:16,716,716 multiprocessing INFO 	Expression:
	Expression:
MainProcess| 2026-06-22 04:11:16,819,819 multiprocessing INFO 
	    2      ⎛  2       2⎞
	  x₁  - cos⎝x₂  + 2⋅x₃ ⎠


	    2      ⎛  2       2⎞
	  x₁  - cos⎝x₂  + 2⋅x₃ ⎠

MainProcess| 2026-06-22 04:11:16,819,819 multiprocessing INFO [00:01:42:32.89] Early stopping criteria met; breaking early.
[00:01:42:32.89] Early stopping criteria met; breaking early.
MainProcess| 2026-06-22 04:11:16,819,819 multiprocessing INFO -- RUNNING EPOCHS END ---------------

-- RUNNING EPOCHS END ---------------

MainProcess| 2026-06-22 04:11:16,819,819 multiprocessing INFO -- EVALUATION START ----------------
-- EVALUATION START ----------------
Saving Hall of Fame to ./log/fn_d_all_c_5_2026-06-22-022842_3/dso_fn_d_all_c_5_13_hof.csv
Saving Pareto Front to ./log/fn_d_all_c_5_2026-06-22-022842_3/dso_fn_d_all_c_5_13_pf.csv
Invalid expressions: 2 of 13770 (0.0%).
Error type counts:
  square: 2 (100.0%)
Error node counts:
  underflow: 2 (100.0%)
MainProcess| 2026-06-22 04:11:17,429,429 multiprocessing INFO 
Priority queue entry 0:

Priority queue entry 0:
MainProcess| 2026-06-22 04:11:17,429,429 multiprocessing INFO 	Reward: 0.997048454017006
	Reward: 0.997048454017006
MainProcess| 2026-06-22 04:11:17,429,429 multiprocessing INFO 	Count Off-policy: 1
	Count Off-policy: 1
MainProcess| 2026-06-22 04:11:17,429,429 multiprocessing INFO 	Count On-policy: 0
	Count On-policy: 0
MainProcess| 2026-06-22 04:11:17,429,429 multiprocessing INFO 	Originally on Policy: False
	Originally on Policy: False
MainProcess| 2026-06-22 04:11:17,429,429 multiprocessing INFO 	Invalid: False
	Invalid: False
MainProcess| 2026-06-22 04:11:17,429,429 multiprocessing INFO 	Traversal: sub,n2,x1,cos,add,add,n2,x3,n2,x3,n2,x2
	Traversal: sub,n2,x1,cos,add,add,n2,x3,n2,x3,n2,x2
MainProcess| 2026-06-22 04:11:17,429,429 multiprocessing INFO 	Expression:
	Expression:
MainProcess| 2026-06-22 04:11:17,430,430 multiprocessing INFO 
	    2      ⎛  2       2⎞
	  x₁  - cos⎝x₂  + 2⋅x₃ ⎠


	    2      ⎛  2       2⎞
	  x₁  - cos⎝x₂  + 2⋅x₃ ⎠

MainProcess| 2026-06-22 04:11:17,430,430 multiprocessing INFO -- EVALUATION END ------------------
-- EVALUATION END ------------------
MainProcess| 2026-06-22 04:11:17,433,433 multiprocessing INFO == TRAINING SEED 13 END ==============
== TRAINING SEED 13 END ==============
MainProcess| 2026-06-22 04:11:17,433,433 multiprocessing INFO 
== POST-PROCESS START =================

== POST-PROCESS START =================
MainProcess| 2026-06-22 04:11:17,433,433 multiprocessing INFO -- LOADING LOGS START ----------------
-- LOADING LOGS START ----------------
MainProcess| 2026-06-22 04:11:17,480,480 multiprocessing INFO Successfully loaded Hall of Fame data
Successfully loaded Hall of Fame data
MainProcess| 2026-06-22 04:11:19,121,121 multiprocessing INFO Successfully loaded Pareto Front data
Successfully loaded Pareto Front data
MainProcess| 2026-06-22 04:11:19,121,121 multiprocessing INFO *** WARNING:
*** WARNING:
MainProcess| 2026-06-22 04:11:19,121,121 multiprocessing INFO     --> Can't load summary: [Errno 2] No such file or directory: './log/fn_d_all_c_5_2026-06-22-022842_3/summary.csv'
    --> Can't load summary: [Errno 2] No such file or directory: './log/fn_d_all_c_5_2026-06-22-022842_3/summary.csv'
MainProcess| 2026-06-22 04:11:19,121,121 multiprocessing INFO -- LOADING LOGS END ------------------
-- LOADING LOGS END ------------------
MainProcess| 2026-06-22 04:11:19,121,121 multiprocessing INFO 
-- ANALYZING LOG START --------------

-- ANALYZING LOG START --------------
MainProcess| 2026-06-22 04:11:19,121,121 multiprocessing INFO Task_____________regression
Task_____________regression
MainProcess| 2026-06-22 04:11:19,121,121 multiprocessing INFO Source path______./log/fn_d_all_c_5_2026-06-22-022842_3
Source path______./log/fn_d_all_c_5_2026-06-22-022842_3
MainProcess| 2026-06-22 04:11:19,122,122 multiprocessing INFO Runs_____________N/A
Runs_____________N/A
MainProcess| 2026-06-22 04:11:19,122,122 multiprocessing INFO Max Samples/run__2000000
Max Samples/run__2000000
MainProcess| 2026-06-22 04:11:19,122,122 multiprocessing INFO Found issues:
Found issues:
MainProcess| 2026-06-22 04:11:19,122,122 multiprocessing INFO   0
  0
MainProcess| 2026-06-22 04:11:19,122,122 multiprocessing INFO Hall of Fame (Top 5 of 100)____
Hall of Fame (Top 5 of 100)____
MainProcess| 2026-06-22 04:11:19,122,122 multiprocessing INFO     0: S=013 R=0.997179 <-- [x1**2 - cos(2*x2**2 + x3**2)]
    0: S=013 R=0.997179 <-- [x1**2 - cos(2*x2**2 + x3**2)]
MainProcess| 2026-06-22 04:11:19,122,122 multiprocessing INFO     1: S=013 R=0.997179 <-- [x1**2 - cos(2*x2**2 + x3**2)]
    1: S=013 R=0.997179 <-- [x1**2 - cos(2*x2**2 + x3**2)]
MainProcess| 2026-06-22 04:11:19,123,123 multiprocessing INFO     2: S=013 R=0.997179 <-- [x1**2 - cos(2*x2**2 + x3**2)]
    2: S=013 R=0.997179 <-- [x1**2 - cos(2*x2**2 + x3**2)]
MainProcess| 2026-06-22 04:11:19,123,123 multiprocessing INFO     3: S=013 R=0.997179 <-- [x1**2 - cos(2*x2**2 + x3**2)]
    3: S=013 R=0.997179 <-- [x1**2 - cos(2*x2**2 + x3**2)]
MainProcess| 2026-06-22 04:11:19,123,123 multiprocessing INFO     4: S=013 R=0.997179 <-- [x1**2 - cos(2*x2**2 + x3**2)]
    4: S=013 R=0.997179 <-- [x1**2 - cos(2*x2**2 + x3**2)]
MainProcess| 2026-06-22 04:11:19,124,124 multiprocessing INFO Pareto Front (5 of 9)____
Pareto Front (5 of 9)____
MainProcess| 2026-06-22 04:11:19,124,124 multiprocessing INFO     0: S=013 R=0.997179 C=13.00 <-- [x1**2 - cos(2*x2**2 + x3**2)]
    0: S=013 R=0.997179 C=13.00 <-- [x1**2 - cos(2*x2**2 + x3**2)]
MainProcess| 2026-06-22 04:11:19,124,124 multiprocessing INFO     1: S=013 R=0.996097 C=12.00 <-- [x1**2 - cos(-x1 + x2**2 + x3**2)]
    1: S=013 R=0.996097 C=12.00 <-- [x1**2 - cos(-x1 + x2**2 + x3**2)]
MainProcess| 2026-06-22 04:11:19,125,125 multiprocessing INFO     2: S=013 R=0.996000 C=10.00 <-- [x1**2 - cos(x2**2 + x3**2)]
    2: S=013 R=0.996000 C=10.00 <-- [x1**2 - cos(x2**2 + x3**2)]
MainProcess| 2026-06-22 04:11:19,125,125 multiprocessing INFO     3: S=013 R=0.994087 C=9.00 <-- [x1**2 - cos(x2 + x3**2)]
    3: S=013 R=0.994087 C=9.00 <-- [x1**2 - cos(x2 + x3**2)]
MainProcess| 2026-06-22 04:11:19,126,126 multiprocessing INFO     4: S=013 R=0.991641 C=8.00 <-- [x1**2 - cos(x2 - x3)]
    4: S=013 R=0.991641 C=8.00 <-- [x1**2 - cos(x2 - x3)]
MainProcess| 2026-06-22 04:11:19,126,126 multiprocessing INFO -- ANALYZING LOG END ----------------
-- ANALYZING LOG END ----------------
MainProcess| 2026-06-22 04:11:19,126,126 multiprocessing INFO == POST-PROCESS END ===================
== POST-PROCESS END ===================
MainProcess| 2026-06-22 04:11:19,126,126 multiprocessing INFO [TEST RESULT] {'seed': 3, 'r': 0.9963506399844324, 'nmse_test': 0.0, 'nmse_test_noiseless': 0.0, 'success': True, 'expression': '[x1**2 - cos(2*x2**2 + x3**2)]', 'traversal': 'sub,n2,x1,cos,add,n2,x3,add,n2,x2,n2,x2', 'program': sub,n2,x1,cos,add,n2,x3,add,n2,x2,n2,x2, 'error_square': 2, 'error_node_underflow': 2, 'n_epochs': 1, 'n_samples': 13770, 'n_cached': 2841, 't': 6153.506109952927, 'baseline': 'transformer', 'run_seed': 3, 'dataset': 'fn_d_all_c_5'}
[TEST RESULT] {'seed': 3, 'r': 0.9963506399844324, 'nmse_test': 0.0, 'nmse_test_noiseless': 0.0, 'success': True, 'expression': '[x1**2 - cos(2*x2**2 + x3**2)]', 'traversal': 'sub,n2,x1,cos,add,n2,x3,add,n2,x2,n2,x2', 'program': sub,n2,x1,cos,add,n2,x3,add,n2,x2,n2,x2, 'error_square': 2, 'error_node_underflow': 2, 'n_epochs': 1, 'n_samples': 13770, 'n_cached': 2841, 't': 6153.506109952927, 'baseline': 'transformer', 'run_seed': 3, 'dataset': 'fn_d_all_c_5'}
MainProcess| 2026-06-22 04:11:19,126,126 multiprocessing INFO INFO: Completed run 1 of 1 in 6154 s | LATEST TEST_RESULT {'seed': 3, 'r': 0.9963506399844324, 'nmse_test': 0.0, 'nmse_test_noiseless': 0.0, 'success': True, 'expression': '[x1**2 - cos(2*x2**2 + x3**2)]', 'traversal': 'sub,n2,x1,cos,add,n2,x3,add,n2,x2,n2,x2', 'program': sub,n2,x1,cos,add,n2,x3,add,n2,x2,n2,x2, 'error_square': 2, 'error_node_underflow': 2, 'n_epochs': 1, 'n_samples': 13770, 'n_cached': 2841, 't': 6153.506109952927, 'baseline': 'transformer', 'run_seed': 3, 'dataset': 'fn_d_all_c_5'}
INFO: Completed run 1 of 1 in 6154 s | LATEST TEST_RESULT {'seed': 3, 'r': 0.9963506399844324, 'nmse_test': 0.0, 'nmse_test_noiseless': 0.0, 'success': True, 'expression': '[x1**2 - cos(2*x2**2 + x3**2)]', 'traversal': 'sub,n2,x1,cos,add,n2,x3,add,n2,x2,n2,x2', 'program': sub,n2,x1,cos,add,n2,x3,add,n2,x2,n2,x2, 'error_square': 2, 'error_node_underflow': 2, 'n_epochs': 1, 'n_samples': 13770, 'n_cached': 2841, 't': 6153.506109952927, 'baseline': 'transformer', 'run_seed': 3, 'dataset': 'fn_d_all_c_5'}
MainProcess| 2026-06-22 04:11:19,126,126 multiprocessing INFO Fin.
MainProcess| 2026-06-22 04:11:19,127,127 multiprocessing INFO process shutting down
[job] done sys=poly3dA seed=3 end=2026-06-22T04:11:20-05:00
