[job] sys=poly3dA benchmark=fn_d_all_c seed=5 host=aga22 gpu=0 start=2026-06-22T02:37:48-05:00
MainProcess| 2026-06-22 02:37:54,102,102 multiprocessing INFO STARTING NEW RUN ==========
MainProcess| 2026-06-22 02:37:54,102,102 multiprocessing INFO SEE LOG AT : ./logs/all_Lyapunov_test_dso-fn_d_all_c_01_log.txt
MainProcess| 2026-06-22 02:37:54,102,102 multiprocessing INFO See log at : ./logs/all_Lyapunov_test_dso-fn_d_all_c_01_log.txt
MainProcess| 2026-06-22 02:37:54,105,105 multiprocessing INFO               variables expression                                                                   train_spec test_spec function_set
name                                                                                                                                  
fn_d_all_c_5          3  0*x1+0*x2  {"x1":{"U":[-1,1,15000]}, "x2":{"U":[-1,1,15000]}, "x3":{"U":[-1,1,15000]}}      None         Koza
              variables expression                                                                   train_spec test_spec function_set
name                                                                                                                                  
fn_d_all_c_5          3  0*x1+0*x2  {"x1":{"U":[-1,1,15000]}, "x2":{"U":[-1,1,15000]}, "x3":{"U":[-1,1,15000]}}      None         Koza

-- BUILDING DATASET START -----------
Benchmark path                 : /users/9/chen8596/LyaDis/repro/runs/poly3dA/libs/sd3/dso/dso/task/regression/benchmarks_bkup_1.csv
Generated data for benchmark   : fn_d_all_c_5
-- BUILDING DATASET END -------------

Function set                   : Koza --> ['add', 'sub', 'mul', 'sin', 'cos', 'n2']

MainProcess| 2026-06-22 02:37:54,182,182 multiprocessing INFO [BASELINE_TESTING NOW] dataset=fn_d_all_c_5 	| baseline=transformer 	| seed=5 	| data_samples=15000 	| noise=0.0
MainProcess| 2026-06-22 02:37:54,186,186 multiprocessing INFO [RUN SETTINGS]: test_dataset=fn_d_all_c_5  batch_outer_datasets=24 pre_train=False load_pre_trained_path= priority_queue_training=True gp_meld=True model=TransformerTreeEncoderController train_path= risk_seeking_pg_train=True
[RUN SETTINGS]: test_dataset=fn_d_all_c_5  batch_outer_datasets=24 pre_train=False load_pre_trained_path= priority_queue_training=True gp_meld=True model=TransformerTreeEncoderController train_path= risk_seeking_pg_train=True
MainProcess| 2026-06-22 02:37:54,248,248 multiprocessing INFO Running model : TransformerTreeEncoderController
Running model : TransformerTreeEncoderController

-- BUILDING DATASET START -----------
Benchmark path                 : /users/9/chen8596/LyaDis/repro/runs/poly3dA/libs/sd3/dso/dso/task/regression/benchmarks_bkup_1.csv
Generated data for benchmark   : fn_d_all_c_5
-- BUILDING DATASET END -------------

Function set                   : Koza --> ['add', 'sub', 'mul', 'sin', 'cos', 'n2']

MainProcess| 2026-06-22 02:37:54,255,255 multiprocessing INFO Function set: ['x1', 'x2', 'x3', 'add', 'sub', 'mul', 'sin', 'cos', 'n2']

-- BUILDING DATASET START -----------
Benchmark path                 : /users/9/chen8596/LyaDis/repro/runs/poly3dA/libs/sd3/dso/dso/task/regression/benchmarks_bkup_1.csv
Generated data for benchmark   : fn_d_all_c_5
-- BUILDING DATASET END -------------

Function set                   : Koza --> ['add', 'sub', 'mul', 'sin', 'cos', 'n2']

-- BUILDING PRIOR START -------------
WARNING: Skipping invalid 'RelationalConstraint' with arguments {'targets': [], 'effectors': [], 'relationship': None}. Reason: Prior disabled.
WARNING: Skipping invalid 'RepeatConstraint' with arguments {'tokens': 'const', 'min_': None, 'max_': 5}. Reason: Uses Tokens not in the Library.
WARNING: Skipping invalid 'InverseUnaryConstraint' with arguments {}. Reason: There are no inverse unary Token pairs in the Library.
WARNING: Skipping invalid 'ConstConstraint' with arguments {}. Reason: Prior disabled.
WARNING: Skipping invalid 'NoInputsConstraint' with arguments {}. Reason: All terminal tokens are input variables, so allsequences will have an input variable.
WARNING: Skipping invalid 'UniformArityPrior' with arguments {}. Reason: Prior disabled.
LengthConstraint: Sequences have minimum length 4.
                  Sequences have maximum length 12.
TrigConstraint: [sin, cos] cannot be a descendant of [sin, cos].
SoftLengthPrior: No description available.
-- BUILDING PRIOR END ---------------

MainProcess| 2026-06-22 02:37:54,571,571 multiprocessing INFO Transformer overwriting hidden size to input_dim 128
Transformer overwriting hidden size to input_dim 128
MainProcess| 2026-06-22 02:37:54,813,813 multiprocessing INFO Encoder params: {'sinuisodal_embeddings': False, 'dec_pf_dim': 32, 'dec_layers': 1, 'dim_hidden': 128, 'lr': 0.0001, 'dropout': 0, 'num_features': 1, 'ln': True, 'N_p': 0, 'num_inds': 64, 'activation': 'relu', 'bit16': False, 'norm': True, 'linear': True, 'input_normalization': False, 'src_pad_idx': 0, 'trg_pad_idx': 0, 'length_eq': 20, 'n_l_enc': 3, 'mean': 0.5, 'std': 0.5, 'dim_input': 64, 'num_heads': 2, 'output_dim': 10}
Encoder params: {'sinuisodal_embeddings': False, 'dec_pf_dim': 32, 'dec_layers': 1, 'dim_hidden': 128, 'lr': 0.0001, 'dropout': 0, 'num_features': 1, 'ln': True, 'N_p': 0, 'num_inds': 64, 'activation': 'relu', 'bit16': False, 'norm': True, 'linear': True, 'input_normalization': False, 'src_pad_idx': 0, 'trg_pad_idx': 0, 'length_eq': 20, 'n_l_enc': 3, 'mean': 0.5, 'std': 0.5, 'dim_input': 64, 'num_heads': 2, 'output_dim': 10}
MainProcess| 2026-06-22 02:37:54,974,974 multiprocessing INFO TransformerTreeEncoderController parameters: 4034425 	 | trainable : 4034425
TransformerTreeEncoderController parameters: 4034425 	 | trainable : 4034425
MainProcess| 2026-06-22 02:37:55,034,34 multiprocessing INFO GP CONFIG : {'verbose': False, 'generations': 35, 'p_crossover': 0.5, 'p_mutate': 0.5, 'tournament_size': 7, 'train_n': 50, 'mutate_tree_max': 3}
GP CONFIG : {'verbose': False, 'generations': 35, 'p_crossover': 0.5, 'p_mutate': 0.5, 'tournament_size': 7, 'train_n': 50, 'mutate_tree_max': 3}
MainProcess| 2026-06-22 02:37:55,078,78 multiprocessing INFO config: {'experiment': {'logdir': './log', 'seed': 13, 'timestamp': '2026-06-22-023754', 'task_name': 'fn_d_all_c_5', 'save_path': './log/fn_d_all_c_5_2026-06-22-023754_5'}, 'task': {'task_type': 'regression', 'dataset': 'fn_d_all_c_5', 'function_set': ['add', 'sub', 'mul', 'sin', 'cos', 'n2'], 'metric': 'lyapunov_risk', 'metric_params': [1.0], 'extra_metric_test': None, 'extra_metric_test_params': [], 'threshold': 1e-12, 'protected': False, 'reward_noise': 0.0, 'reward_noise_type': 'r', 'normalize_variance': False, 'decision_tree_threshold_set': []}, 'training': {'n_epochs': None, 'n_samples': 2000000, 'batch_size': 500, 'epsilon': 0.1, 'baseline': 'R_e', 'alpha': 0.5, 'b_jumpstart': False, 'n_cores_batch': 1, 'complexity': 'token', 'const_optimizer': 'scipy', 'const_params': {'method': 'L-BFGS-B', 'options': {'gtol': 0.001}}, 'verbose': True, 'debug': 0, 'early_stopping': True, 'hof': 100, 'use_memory': False, 'memory_capacity': 1000.0, 'warm_start': None, 'memory_threshold': None, 'save_all_epoch': False, 'save_summary': False, 'save_positional_entropy': False, 'save_pareto_front': True, 'save_cache': False, 'save_cache_r_min': 0.9, 'save_freq': 1, 'save_token_count': False}, 'state_manager': {'observe_action': False, 'observe_parent': True, 'observe_sibling': True, 'observe_dangling': False, 'embedding': True, 'embedding_size': 64}, 'controller': {'max_length': 64, 'cell': 'lstm', 'num_layers': 1, 'num_units': 64, 'initializer': 'zeros', 'learning_rate': 0.0003, 'optimizer': 'adam', 'entropy_weight': 0.005, 'entropy_gamma': 0.8, 'pqt': True, 'pqt_k': 10, 'pqt_batch_size': 1, 'pqt_weight': 200.0, 'pqt_use_pg': False, 'summary': False, 'rl_weight': 1.0}, 'gp_meld': {'generations': 35, 'p_crossover': 0.5, 'p_mutate': 0.5, 'tournament_size': 7, 'train_n': 50, 'mutate_tree_max': 3}, 'prior': {'relational': {'targets': [], 'effectors': [], 'relationship': None}, 'length': {'min_': 4, 'max_': 12}, 'repeat': {'tokens': 'const', 'min_': None, 'max_': 5}, 'inverse': {}, 'trig': {}, 'const': {}, 'no_inputs': {}, 'uniform_arity': {}, 'soft_length': {'loc': 10, 'scale': 5}}, 'postprocess': {'show_count': 5, 'save_plots': True}, 'model': 'TransformerTreeEncoderController', 'function_names_str': 'x1,x2,x3,add,sub,mul,sin,cos,n2', 'nesymres_train_config': {'architecture': {'sinuisodal_embeddings': False, 'dec_pf_dim': 32, 'dec_layers': 1, 'dim_hidden': 128, 'lr': 0.0001, 'dropout': 0, 'num_features': 1, 'ln': True, 'N_p': 0, 'num_inds': 64, 'activation': 'relu', 'bit16': False, 'norm': True, 'linear': True, 'input_normalization': False, 'src_pad_idx': 0, 'trg_pad_idx': 0, 'length_eq': 20, 'n_l_enc': 3, 'mean': 0.5, 'std': 0.5, 'dim_input': 64, 'num_heads': 2, 'output_dim': 10}}}

-- BUILDING DATASET START -----------
Benchmark path                 : /users/9/chen8596/LyaDis/repro/runs/poly3dA/libs/sd3/dso/dso/task/regression/benchmarks_bkup_1.csv
Generated data for benchmark   : fn_d_all_c_5
-- BUILDING DATASET END -------------

Function set                   : Koza --> ['add', 'sub', 'mul', 'sin', 'cos', 'n2']

-- RUNNING EPOCHS START -------------
torch.Size([500, 49])
/users/9/chen8596/miniconda3/envs/alfd/lib/python3.9/site-packages/torch/nn/functional.py:4999: UserWarning: Support for mismatched key_padding_mask and attn_mask is deprecated. Use same type for both instead.
  warnings.warn(
/users/9/chen8596/miniconda3/envs/alfd/lib/python3.9/site-packages/torch/nn/functional.py:4999: UserWarning: Support for mismatched key_padding_mask and attn_mask is deprecated. Use same type for both instead.
  warnings.warn(
/users/9/chen8596/miniconda3/envs/alfd/lib/python3.9/site-packages/torch/nn/functional.py:4999: UserWarning: Support for mismatched key_padding_mask and attn_mask is deprecated. Use same type for both instead.
  warnings.warn(
MainProcess| 2026-06-22 02:38:25,386,386 multiprocessing INFO Genetic Porgramming Runtime 27.18617170403013
Genetic Porgramming Runtime 27.18617170403013

=========================PGD Collection Starts=========================

MainProcess| 2026-06-22 02:38:26,083,83 multiprocessing INFO created temp directory /tmp/pymp-ki70hgh8
SpawnPoolWorker-10| 2026-06-22 02:38:31,243,243 multiprocessing INFO STARTING NEW RUN ==========
SpawnPoolWorker-10| 2026-06-22 02:38:31,244,244 multiprocessing INFO SEE LOG AT : ./logs/all_Lyapunov_test_dso-fn_d_all_c_01_log.txt
SpawnPoolWorker-10| 2026-06-22 02:38:31,245,245 multiprocessing INFO See log at : ./logs/all_Lyapunov_test_dso-fn_d_all_c_01_log.txt
SpawnPoolWorker-9| 2026-06-22 02:38:31,245,245 multiprocessing INFO STARTING NEW RUN ==========
SpawnPoolWorker-9| 2026-06-22 02:38:31,245,245 multiprocessing INFO SEE LOG AT : ./logs/all_Lyapunov_test_dso-fn_d_all_c_01_log.txt
SpawnPoolWorker-9| 2026-06-22 02:38:31,245,245 multiprocessing INFO See log at : ./logs/all_Lyapunov_test_dso-fn_d_all_c_01_log.txt
SpawnPoolWorker-1| 2026-06-22 02:38:31,246,246 multiprocessing INFO STARTING NEW RUN ==========
SpawnPoolWorker-10| 2026-06-22 02:38:31,246,246 multiprocessing INFO child process calling self.run()
SpawnPoolWorker-6| 2026-06-22 02:38:31,247,247 multiprocessing INFO STARTING NEW RUN ==========
SpawnPoolWorker-9| 2026-06-22 02:38:31,247,247 multiprocessing INFO child process calling self.run()
SpawnPoolWorker-6| 2026-06-22 02:38:31,247,247 multiprocessing INFO SEE LOG AT : ./logs/all_Lyapunov_test_dso-fn_d_all_c_01_log.txt
SpawnPoolWorker-1| 2026-06-22 02:38:31,247,247 multiprocessing INFO SEE LOG AT : ./logs/all_Lyapunov_test_dso-fn_d_all_c_01_log.txt
SpawnPoolWorker-6| 2026-06-22 02:38:31,247,247 multiprocessing INFO See log at : ./logs/all_Lyapunov_test_dso-fn_d_all_c_01_log.txt
SpawnPoolWorker-1| 2026-06-22 02:38:31,247,247 multiprocessing INFO See log at : ./logs/all_Lyapunov_test_dso-fn_d_all_c_01_log.txt
SpawnPoolWorker-3| 2026-06-22 02:38:31,247,247 multiprocessing INFO STARTING NEW RUN ==========
SpawnPoolWorker-3| 2026-06-22 02:38:31,247,247 multiprocessing INFO SEE LOG AT : ./logs/all_Lyapunov_test_dso-fn_d_all_c_01_log.txt
SpawnPoolWorker-3| 2026-06-22 02:38:31,247,247 multiprocessing INFO See log at : ./logs/all_Lyapunov_test_dso-fn_d_all_c_01_log.txt
SpawnPoolWorker-6| 2026-06-22 02:38:31,249,249 multiprocessing INFO child process calling self.run()
SpawnPoolWorker-1| 2026-06-22 02:38:31,249,249 multiprocessing INFO child process calling self.run()
SpawnPoolWorker-8| 2026-06-22 02:38:31,249,249 multiprocessing INFO STARTING NEW RUN ==========
SpawnPoolWorker-8| 2026-06-22 02:38:31,249,249 multiprocessing INFO SEE LOG AT : ./logs/all_Lyapunov_test_dso-fn_d_all_c_01_log.txt
SpawnPoolWorker-8| 2026-06-22 02:38:31,249,249 multiprocessing INFO See log at : ./logs/all_Lyapunov_test_dso-fn_d_all_c_01_log.txt
SpawnPoolWorker-7| 2026-06-22 02:38:31,250,250 multiprocessing INFO STARTING NEW RUN ==========
SpawnPoolWorker-7| 2026-06-22 02:38:31,250,250 multiprocessing INFO SEE LOG AT : ./logs/all_Lyapunov_test_dso-fn_d_all_c_01_log.txt
SpawnPoolWorker-7| 2026-06-22 02:38:31,250,250 multiprocessing INFO See log at : ./logs/all_Lyapunov_test_dso-fn_d_all_c_01_log.txt
SpawnPoolWorker-3| 2026-06-22 02:38:31,250,250 multiprocessing INFO child process calling self.run()
SpawnPoolWorker-8| 2026-06-22 02:38:31,251,251 multiprocessing INFO child process calling self.run()
SpawnPoolWorker-7| 2026-06-22 02:38:31,253,253 multiprocessing INFO child process calling self.run()
SpawnPoolWorker-2| 2026-06-22 02:38:31,259,259 multiprocessing INFO STARTING NEW RUN ==========
SpawnPoolWorker-2| 2026-06-22 02:38:31,259,259 multiprocessing INFO SEE LOG AT : ./logs/all_Lyapunov_test_dso-fn_d_all_c_01_log.txt
SpawnPoolWorker-2| 2026-06-22 02:38:31,259,259 multiprocessing INFO See log at : ./logs/all_Lyapunov_test_dso-fn_d_all_c_01_log.txt
SpawnPoolWorker-2| 2026-06-22 02:38:31,261,261 multiprocessing INFO child process calling self.run()
SpawnPoolWorker-5| 2026-06-22 02:38:31,263,263 multiprocessing INFO STARTING NEW RUN ==========
SpawnPoolWorker-5| 2026-06-22 02:38:31,264,264 multiprocessing INFO SEE LOG AT : ./logs/all_Lyapunov_test_dso-fn_d_all_c_01_log.txt
SpawnPoolWorker-5| 2026-06-22 02:38:31,264,264 multiprocessing INFO See log at : ./logs/all_Lyapunov_test_dso-fn_d_all_c_01_log.txt
SpawnPoolWorker-5| 2026-06-22 02:38:31,265,265 multiprocessing INFO child process calling self.run()
SpawnPoolWorker-4| 2026-06-22 02:38:31,301,301 multiprocessing INFO STARTING NEW RUN ==========
SpawnPoolWorker-4| 2026-06-22 02:38:31,301,301 multiprocessing INFO SEE LOG AT : ./logs/all_Lyapunov_test_dso-fn_d_all_c_01_log.txt
SpawnPoolWorker-4| 2026-06-22 02:38:31,301,301 multiprocessing INFO See log at : ./logs/all_Lyapunov_test_dso-fn_d_all_c_01_log.txt
SpawnPoolWorker-4| 2026-06-22 02:38:31,306,306 multiprocessing INFO child process calling self.run()
SpawnPoolWorker-8| 2026-06-22 02:39:37,098,98 multiprocessing INFO process shutting down
SpawnPoolWorker-5| 2026-06-22 02:39:37,098,98 multiprocessing INFO process shutting down
SpawnPoolWorker-7| 2026-06-22 02:39:37,098,98 multiprocessing INFO process shutting down
SpawnPoolWorker-8| 2026-06-22 02:39:37,099,99 multiprocessing INFO process exiting with exitcode 0
SpawnPoolWorker-5| 2026-06-22 02:39:37,099,99 multiprocessing INFO process exiting with exitcode 0
SpawnPoolWorker-7| 2026-06-22 02:39:37,099,99 multiprocessing INFO process exiting with exitcode 0
(3000,)

===================Collect 3000 Examples===================

Epsilon 0.1
500
(550,)
(550,)
(55,)
Number of Programs for Minimization: 28
SpawnPoolWorker-38| 2026-06-22 02:40:02,887,887 multiprocessing INFO STARTING NEW RUN ==========
SpawnPoolWorker-38| 2026-06-22 02:40:02,887,887 multiprocessing INFO SEE LOG AT : ./logs/all_Lyapunov_test_dso-fn_d_all_c_01_log.txt
SpawnPoolWorker-38| 2026-06-22 02:40:02,887,887 multiprocessing INFO See log at : ./logs/all_Lyapunov_test_dso-fn_d_all_c_01_log.txt
SpawnPoolWorker-38| 2026-06-22 02:40:02,907,907 multiprocessing INFO child process calling self.run()
SpawnPoolWorker-30| 2026-06-22 02:40:04,248,248 multiprocessing INFO STARTING NEW RUN ==========
SpawnPoolWorker-30| 2026-06-22 02:40:04,249,249 multiprocessing INFO SEE LOG AT : ./logs/all_Lyapunov_test_dso-fn_d_all_c_01_log.txt
SpawnPoolWorker-30| 2026-06-22 02:40:04,249,249 multiprocessing INFO See log at : ./logs/all_Lyapunov_test_dso-fn_d_all_c_01_log.txt
SpawnPoolWorker-30| 2026-06-22 02:40:04,254,254 multiprocessing INFO child process calling self.run()
SpawnPoolWorker-46| 2026-06-22 02:40:04,374,374 multiprocessing INFO STARTING NEW RUN ==========
SpawnPoolWorker-46| 2026-06-22 02:40:04,374,374 multiprocessing INFO SEE LOG AT : ./logs/all_Lyapunov_test_dso-fn_d_all_c_01_log.txt
SpawnPoolWorker-46| 2026-06-22 02:40:04,374,374 multiprocessing INFO See log at : ./logs/all_Lyapunov_test_dso-fn_d_all_c_01_log.txt
SpawnPoolWorker-46| 2026-06-22 02:40:04,387,387 multiprocessing INFO child process calling self.run()
SpawnPoolWorker-49| 2026-06-22 02:40:04,598,598 multiprocessing INFO STARTING NEW RUN ==========
SpawnPoolWorker-49| 2026-06-22 02:40:04,598,598 multiprocessing INFO SEE LOG AT : ./logs/all_Lyapunov_test_dso-fn_d_all_c_01_log.txt
SpawnPoolWorker-49| 2026-06-22 02:40:04,598,598 multiprocessing INFO See log at : ./logs/all_Lyapunov_test_dso-fn_d_all_c_01_log.txt
SpawnPoolWorker-49| 2026-06-22 02:40:04,607,607 multiprocessing INFO child process calling self.run()
SpawnPoolWorker-20| 2026-06-22 02:40:04,871,871 multiprocessing INFO STARTING NEW RUN ==========
SpawnPoolWorker-20| 2026-06-22 02:40:04,872,872 multiprocessing INFO SEE LOG AT : ./logs/all_Lyapunov_test_dso-fn_d_all_c_01_log.txt
SpawnPoolWorker-20| 2026-06-22 02:40:04,872,872 multiprocessing INFO See log at : ./logs/all_Lyapunov_test_dso-fn_d_all_c_01_log.txt
SpawnPoolWorker-20| 2026-06-22 02:40:04,886,886 multiprocessing INFO child process calling self.run()
SpawnPoolWorker-16| 2026-06-22 02:40:05,523,523 multiprocessing INFO STARTING NEW RUN ==========
SpawnPoolWorker-16| 2026-06-22 02:40:05,523,523 multiprocessing INFO SEE LOG AT : ./logs/all_Lyapunov_test_dso-fn_d_all_c_01_log.txt
SpawnPoolWorker-16| 2026-06-22 02:40:05,523,523 multiprocessing INFO See log at : ./logs/all_Lyapunov_test_dso-fn_d_all_c_01_log.txt
SpawnPoolWorker-16| 2026-06-22 02:40:05,525,525 multiprocessing INFO child process calling self.run()
SpawnPoolWorker-17| 2026-06-22 02:40:05,758,758 multiprocessing INFO STARTING NEW RUN ==========
SpawnPoolWorker-17| 2026-06-22 02:40:05,758,758 multiprocessing INFO SEE LOG AT : ./logs/all_Lyapunov_test_dso-fn_d_all_c_01_log.txt
SpawnPoolWorker-17| 2026-06-22 02:40:05,758,758 multiprocessing INFO See log at : ./logs/all_Lyapunov_test_dso-fn_d_all_c_01_log.txt
SpawnPoolWorker-17| 2026-06-22 02:40:05,776,776 multiprocessing INFO child process calling self.run()
SpawnPoolWorker-15| 2026-06-22 02:40:05,897,897 multiprocessing INFO STARTING NEW RUN ==========
SpawnPoolWorker-15| 2026-06-22 02:40:05,897,897 multiprocessing INFO SEE LOG AT : ./logs/all_Lyapunov_test_dso-fn_d_all_c_01_log.txt
SpawnPoolWorker-15| 2026-06-22 02:40:05,897,897 multiprocessing INFO See log at : ./logs/all_Lyapunov_test_dso-fn_d_all_c_01_log.txt
SpawnPoolWorker-15| 2026-06-22 02:40:05,901,901 multiprocessing INFO child process calling self.run()
SpawnPoolWorker-37| 2026-06-22 02:40:05,936,936 multiprocessing INFO STARTING NEW RUN ==========
SpawnPoolWorker-37| 2026-06-22 02:40:05,936,936 multiprocessing INFO SEE LOG AT : ./logs/all_Lyapunov_test_dso-fn_d_all_c_01_log.txt
SpawnPoolWorker-37| 2026-06-22 02:40:05,936,936 multiprocessing INFO See log at : ./logs/all_Lyapunov_test_dso-fn_d_all_c_01_log.txt
SpawnPoolWorker-37| 2026-06-22 02:40:05,952,952 multiprocessing INFO child process calling self.run()
SpawnPoolWorker-56| 2026-06-22 02:40:05,984,984 multiprocessing INFO STARTING NEW RUN ==========
SpawnPoolWorker-56| 2026-06-22 02:40:05,984,984 multiprocessing INFO SEE LOG AT : ./logs/all_Lyapunov_test_dso-fn_d_all_c_01_log.txt
SpawnPoolWorker-56| 2026-06-22 02:40:05,984,984 multiprocessing INFO See log at : ./logs/all_Lyapunov_test_dso-fn_d_all_c_01_log.txt
SpawnPoolWorker-56| 2026-06-22 02:40:05,989,989 multiprocessing INFO child process calling self.run()
SpawnPoolWorker-34| 2026-06-22 02:40:06,002,2 multiprocessing INFO STARTING NEW RUN ==========
SpawnPoolWorker-34| 2026-06-22 02:40:06,002,2 multiprocessing INFO SEE LOG AT : ./logs/all_Lyapunov_test_dso-fn_d_all_c_01_log.txt
SpawnPoolWorker-34| 2026-06-22 02:40:06,002,2 multiprocessing INFO See log at : ./logs/all_Lyapunov_test_dso-fn_d_all_c_01_log.txt
SpawnPoolWorker-34| 2026-06-22 02:40:06,026,26 multiprocessing INFO child process calling self.run()
SpawnPoolWorker-24| 2026-06-22 02:40:06,173,173 multiprocessing INFO STARTING NEW RUN ==========
SpawnPoolWorker-24| 2026-06-22 02:40:06,173,173 multiprocessing INFO SEE LOG AT : ./logs/all_Lyapunov_test_dso-fn_d_all_c_01_log.txt
SpawnPoolWorker-24| 2026-06-22 02:40:06,173,173 multiprocessing INFO See log at : ./logs/all_Lyapunov_test_dso-fn_d_all_c_01_log.txt
SpawnPoolWorker-24| 2026-06-22 02:40:06,175,175 multiprocessing INFO child process calling self.run()
SpawnPoolWorker-40| 2026-06-22 02:40:06,276,276 multiprocessing INFO STARTING NEW RUN ==========
SpawnPoolWorker-40| 2026-06-22 02:40:06,277,277 multiprocessing INFO SEE LOG AT : ./logs/all_Lyapunov_test_dso-fn_d_all_c_01_log.txt
SpawnPoolWorker-40| 2026-06-22 02:40:06,277,277 multiprocessing INFO See log at : ./logs/all_Lyapunov_test_dso-fn_d_all_c_01_log.txt
SpawnPoolWorker-40| 2026-06-22 02:40:06,286,286 multiprocessing INFO child process calling self.run()
SpawnPoolWorker-57| 2026-06-22 02:40:06,467,467 multiprocessing INFO STARTING NEW RUN ==========
SpawnPoolWorker-57| 2026-06-22 02:40:06,467,467 multiprocessing INFO SEE LOG AT : ./logs/all_Lyapunov_test_dso-fn_d_all_c_01_log.txt
SpawnPoolWorker-57| 2026-06-22 02:40:06,467,467 multiprocessing INFO See log at : ./logs/all_Lyapunov_test_dso-fn_d_all_c_01_log.txt
SpawnPoolWorker-57| 2026-06-22 02:40:06,475,475 multiprocessing INFO child process calling self.run()
SpawnPoolWorker-22| 2026-06-22 02:40:06,652,652 multiprocessing INFO STARTING NEW RUN ==========
SpawnPoolWorker-22| 2026-06-22 02:40:06,652,652 multiprocessing INFO SEE LOG AT : ./logs/all_Lyapunov_test_dso-fn_d_all_c_01_log.txt
SpawnPoolWorker-22| 2026-06-22 02:40:06,652,652 multiprocessing INFO See log at : ./logs/all_Lyapunov_test_dso-fn_d_all_c_01_log.txt
SpawnPoolWorker-22| 2026-06-22 02:40:06,687,687 multiprocessing INFO child process calling self.run()
SpawnPoolWorker-19| 2026-06-22 02:40:07,082,82 multiprocessing INFO STARTING NEW RUN ==========
SpawnPoolWorker-19| 2026-06-22 02:40:07,082,82 multiprocessing INFO SEE LOG AT : ./logs/all_Lyapunov_test_dso-fn_d_all_c_01_log.txt
SpawnPoolWorker-19| 2026-06-22 02:40:07,082,82 multiprocessing INFO See log at : ./logs/all_Lyapunov_test_dso-fn_d_all_c_01_log.txt
SpawnPoolWorker-19| 2026-06-22 02:40:07,085,85 multiprocessing INFO child process calling self.run()
SpawnPoolWorker-18| 2026-06-22 02:40:07,098,98 multiprocessing INFO STARTING NEW RUN ==========
SpawnPoolWorker-18| 2026-06-22 02:40:07,098,98 multiprocessing INFO SEE LOG AT : ./logs/all_Lyapunov_test_dso-fn_d_all_c_01_log.txt
SpawnPoolWorker-18| 2026-06-22 02:40:07,098,98 multiprocessing INFO See log at : ./logs/all_Lyapunov_test_dso-fn_d_all_c_01_log.txt
SpawnPoolWorker-18| 2026-06-22 02:40:07,104,104 multiprocessing INFO child process calling self.run()
SpawnPoolWorker-45| 2026-06-22 02:40:07,151,151 multiprocessing INFO STARTING NEW RUN ==========
SpawnPoolWorker-45| 2026-06-22 02:40:07,152,152 multiprocessing INFO SEE LOG AT : ./logs/all_Lyapunov_test_dso-fn_d_all_c_01_log.txt
SpawnPoolWorker-45| 2026-06-22 02:40:07,152,152 multiprocessing INFO See log at : ./logs/all_Lyapunov_test_dso-fn_d_all_c_01_log.txt
SpawnPoolWorker-11| 2026-06-22 02:40:07,152,152 multiprocessing INFO STARTING NEW RUN ==========
SpawnPoolWorker-11| 2026-06-22 02:40:07,152,152 multiprocessing INFO SEE LOG AT : ./logs/all_Lyapunov_test_dso-fn_d_all_c_01_log.txt
SpawnPoolWorker-11| 2026-06-22 02:40:07,153,153 multiprocessing INFO See log at : ./logs/all_Lyapunov_test_dso-fn_d_all_c_01_log.txt
SpawnPoolWorker-45| 2026-06-22 02:40:07,154,154 multiprocessing INFO child process calling self.run()
SpawnPoolWorker-11| 2026-06-22 02:40:07,156,156 multiprocessing INFO child process calling self.run()
SpawnPoolWorker-35| 2026-06-22 02:40:07,351,351 multiprocessing INFO STARTING NEW RUN ==========
SpawnPoolWorker-35| 2026-06-22 02:40:07,352,352 multiprocessing INFO SEE LOG AT : ./logs/all_Lyapunov_test_dso-fn_d_all_c_01_log.txt
SpawnPoolWorker-35| 2026-06-22 02:40:07,352,352 multiprocessing INFO See log at : ./logs/all_Lyapunov_test_dso-fn_d_all_c_01_log.txt
SpawnPoolWorker-35| 2026-06-22 02:40:07,355,355 multiprocessing INFO child process calling self.run()
SpawnPoolWorker-55| 2026-06-22 02:40:07,449,449 multiprocessing INFO STARTING NEW RUN ==========
SpawnPoolWorker-55| 2026-06-22 02:40:07,449,449 multiprocessing INFO SEE LOG AT : ./logs/all_Lyapunov_test_dso-fn_d_all_c_01_log.txt
SpawnPoolWorker-55| 2026-06-22 02:40:07,449,449 multiprocessing INFO See log at : ./logs/all_Lyapunov_test_dso-fn_d_all_c_01_log.txt
SpawnPoolWorker-55| 2026-06-22 02:40:07,455,455 multiprocessing INFO child process calling self.run()
SpawnPoolWorker-44| 2026-06-22 02:40:07,459,459 multiprocessing INFO STARTING NEW RUN ==========
SpawnPoolWorker-44| 2026-06-22 02:40:07,459,459 multiprocessing INFO SEE LOG AT : ./logs/all_Lyapunov_test_dso-fn_d_all_c_01_log.txt
SpawnPoolWorker-44| 2026-06-22 02:40:07,459,459 multiprocessing INFO See log at : ./logs/all_Lyapunov_test_dso-fn_d_all_c_01_log.txt
SpawnPoolWorker-44| 2026-06-22 02:40:07,461,461 multiprocessing INFO child process calling self.run()
SpawnPoolWorker-41| 2026-06-22 02:40:07,492,492 multiprocessing INFO STARTING NEW RUN ==========
SpawnPoolWorker-41| 2026-06-22 02:40:07,492,492 multiprocessing INFO SEE LOG AT : ./logs/all_Lyapunov_test_dso-fn_d_all_c_01_log.txt
SpawnPoolWorker-41| 2026-06-22 02:40:07,492,492 multiprocessing INFO See log at : ./logs/all_Lyapunov_test_dso-fn_d_all_c_01_log.txt
SpawnPoolWorker-41| 2026-06-22 02:40:07,495,495 multiprocessing INFO child process calling self.run()
SpawnPoolWorker-39| 2026-06-22 02:40:07,661,661 multiprocessing INFO STARTING NEW RUN ==========
SpawnPoolWorker-39| 2026-06-22 02:40:07,662,662 multiprocessing INFO SEE LOG AT : ./logs/all_Lyapunov_test_dso-fn_d_all_c_01_log.txt
SpawnPoolWorker-39| 2026-06-22 02:40:07,662,662 multiprocessing INFO See log at : ./logs/all_Lyapunov_test_dso-fn_d_all_c_01_log.txt
SpawnPoolWorker-39| 2026-06-22 02:40:07,665,665 multiprocessing INFO child process calling self.run()
SpawnPoolWorker-56| 2026-06-22 02:40:07,904,904 multiprocessing INFO process shutting down
SpawnPoolWorker-56| 2026-06-22 02:40:07,904,904 multiprocessing INFO process exiting with exitcode 0
SpawnPoolWorker-46| 2026-06-22 02:40:07,904,904 multiprocessing INFO process shutting down
SpawnPoolWorker-40| 2026-06-22 02:40:07,905,905 multiprocessing INFO process shutting down
SpawnPoolWorker-57| 2026-06-22 02:40:07,905,905 multiprocessing INFO process shutting down
SpawnPoolWorker-38| 2026-06-22 02:40:07,905,905 multiprocessing INFO process shutting down
SpawnPoolWorker-19| 2026-06-22 02:40:07,905,905 multiprocessing INFO process shutting down
SpawnPoolWorker-45| 2026-06-22 02:40:07,905,905 multiprocessing INFO process shutting down
SpawnPoolWorker-24| 2026-06-22 02:40:07,905,905 multiprocessing INFO process shutting down
SpawnPoolWorker-11| 2026-06-22 02:40:07,906,906 multiprocessing INFO process shutting down
SpawnPoolWorker-34| 2026-06-22 02:40:07,906,906 multiprocessing INFO process shutting down
SpawnPoolWorker-37| 2026-06-22 02:40:07,906,906 multiprocessing INFO process shutting down
SpawnPoolWorker-17| 2026-06-22 02:40:07,907,907 multiprocessing INFO process shutting down
SpawnPoolWorker-35| 2026-06-22 02:40:07,907,907 multiprocessing INFO process shutting down
SpawnPoolWorker-15| 2026-06-22 02:40:07,907,907 multiprocessing INFO process shutting down
SpawnPoolWorker-16| 2026-06-22 02:40:07,908,908 multiprocessing INFO process shutting down
SpawnPoolWorker-55| 2026-06-22 02:40:07,908,908 multiprocessing INFO process shutting down
SpawnPoolWorker-44| 2026-06-22 02:40:07,908,908 multiprocessing INFO process shutting down
SpawnPoolWorker-41| 2026-06-22 02:40:07,909,909 multiprocessing INFO process shutting down
SpawnPoolWorker-22| 2026-06-22 02:40:07,909,909 multiprocessing INFO process shutting down
SpawnPoolWorker-39| 2026-06-22 02:40:07,909,909 multiprocessing INFO process shutting down
SpawnPoolWorker-30| 2026-06-22 02:40:07,910,910 multiprocessing INFO process shutting down
SpawnPoolWorker-46| 2026-06-22 02:40:07,910,910 multiprocessing INFO process exiting with exitcode 0
SpawnPoolWorker-40| 2026-06-22 02:40:07,910,910 multiprocessing INFO process exiting with exitcode 0
28
(17435, 3)
(17435,)
(17435, 3)
(17435,)

=======================Successfully Added (2435, 3) Counter Examples=======================

Number of valid equations: 38. Program should stopped
(x1*(cos(x2) + cos(x3)) + 2*x1)**2
[(x1*(cos(x2) + cos(x3)) + 2*x1)**2, (x1*(cos(x2) + cos(x3)) + 2*x1)**2, (x1*(cos(x2) + cos(x3)) + 2*x1)**2, (x1*(cos(x2) + cos(x3)) + 2*x1)**2, (x1*(x3**2 + cos(x2)) + 2*x1)**2, (x1*(x2**2 + cos(x3)) + 2*x1)**2, (x1*(x2**2 + cos(x3)) + 2*x1)**2, (x1*(x2**2 + cos(x3)) + 2*x1)**2, (x1*(x2**2 + x3**2) + 2*x1)**2, (x1*(x2**2 + x3**2) + 2*x1)**2, (x1*(sin(x3) + cos(x2)) + 2*x1)**2, (x1*(sin(x3) + cos(x2)) + 2*x1)**2, (x1*(x3 + cos(x2)) + 2*x1)**2, (x1*(x3 + cos(x2)) + 2*x1)**2, (x1*(x3 + cos(x2)) + 2*x1)**2, (x1*(x3 + cos(x2)) + 2*x1)**2, (2*x1 + (x3 + cos(x2))*sin(x1))**2, (2*x1 + (x3 + cos(x2))*sin(x1))**2, (x1*cos(x2)*cos(x3) + 2*x1)**2, (x1*cos(x2)*cos(x3) + 2*x1)**2, (x1*cos(x2)*cos(x3) + 2*x1)**2, (x1*((x2 + x3)**2 + cos(x3)) + x1)**2, (x1*((x2 + x3)**2 + cos(x3)) + x1)**2, (x1*x3**2*cos(x2) + 2*x1)**2, (x1*x2**2*cos(x3) + 2*x1)**2, (x1*(x2**2 + sin(x3)) + 2*x1)**2, (2*x1 + (x2**2 + x3)*sin(x1))**2, (x1*(x2**2 + x3) + 2*x1)**2, (x1*(x2**2 + x3) + 2*x1)**2, (x1*(x3**2 + cos(x2)) + x1)**2, (x1 + (x3**2 + cos(x2))*sin(x1))**2, (x1 + (x3**2 + cos(x2))*sin(x1))**2, (x1*x2**2*x3**2 + 2*x1)**2, (x1*(x2 + x3**2) + 2*x1)**2, (x1*((x1 + x2)**2 + cos(x3)) + x1)**2, (x1*((x1 + x2)**2 + cos(x3)) + x1)**2, (x1*(x2**2 + cos(x3)) + x1)**2, (x1*(x2**2 + cos(x3)) + x1)**2]
MainProcess| 2026-06-22 06:05:11,822,822 multiprocessing INFO Number of valid equations: 38. Program should stopped
Number of valid equations: 38. Program should stopped
MainProcess| 2026-06-22 06:05:11,823,823 multiprocessing INFO (x1*(cos(x2) + cos(x3)) + 2*x1)**2
(x1*(cos(x2) + cos(x3)) + 2*x1)**2
MainProcess| 2026-06-22 06:05:11,824,824 multiprocessing INFO [(x1*(cos(x2) + cos(x3)) + 2*x1)**2, (x1*(cos(x2) + cos(x3)) + 2*x1)**2, (x1*(cos(x2) + cos(x3)) + 2*x1)**2, (x1*(cos(x2) + cos(x3)) + 2*x1)**2, (x1*(x3**2 + cos(x2)) + 2*x1)**2, (x1*(x2**2 + cos(x3)) + 2*x1)**2, (x1*(x2**2 + cos(x3)) + 2*x1)**2, (x1*(x2**2 + cos(x3)) + 2*x1)**2, (x1*(x2**2 + x3**2) + 2*x1)**2, (x1*(x2**2 + x3**2) + 2*x1)**2, (x1*(sin(x3) + cos(x2)) + 2*x1)**2, (x1*(sin(x3) + cos(x2)) + 2*x1)**2, (x1*(x3 + cos(x2)) + 2*x1)**2, (x1*(x3 + cos(x2)) + 2*x1)**2, (x1*(x3 + cos(x2)) + 2*x1)**2, (x1*(x3 + cos(x2)) + 2*x1)**2, (2*x1 + (x3 + cos(x2))*sin(x1))**2, (2*x1 + (x3 + cos(x2))*sin(x1))**2, (x1*cos(x2)*cos(x3) + 2*x1)**2, (x1*cos(x2)*cos(x3) + 2*x1)**2, (x1*cos(x2)*cos(x3) + 2*x1)**2, (x1*((x2 + x3)**2 + cos(x3)) + x1)**2, (x1*((x2 + x3)**2 + cos(x3)) + x1)**2, (x1*x3**2*cos(x2) + 2*x1)**2, (x1*x2**2*cos(x3) + 2*x1)**2, (x1*(x2**2 + sin(x3)) + 2*x1)**2, (2*x1 + (x2**2 + x3)*sin(x1))**2, (x1*(x2**2 + x3) + 2*x1)**2, (x1*(x2**2 + x3) + 2*x1)**2, (x1*(x3**2 + cos(x2)) + x1)**2, (x1 + (x3**2 + cos(x2))*sin(x1))**2, (x1 + (x3**2 + cos(x2))*sin(x1))**2, (x1*x2**2*x3**2 + 2*x1)**2, (x1*(x2 + x3**2) + 2*x1)**2, (x1*((x1 + x2)**2 + cos(x3)) + x1)**2, (x1*((x1 + x2)**2 + cos(x3)) + x1)**2, (x1*(x2**2 + cos(x3)) + x1)**2, (x1*(x2**2 + cos(x3)) + x1)**2]
[(x1*(cos(x2) + cos(x3)) + 2*x1)**2, (x1*(cos(x2) + cos(x3)) + 2*x1)**2, (x1*(cos(x2) + cos(x3)) + 2*x1)**2, (x1*(cos(x2) + cos(x3)) + 2*x1)**2, (x1*(x3**2 + cos(x2)) + 2*x1)**2, (x1*(x2**2 + cos(x3)) + 2*x1)**2, (x1*(x2**2 + cos(x3)) + 2*x1)**2, (x1*(x2**2 + cos(x3)) + 2*x1)**2, (x1*(x2**2 + x3**2) + 2*x1)**2, (x1*(x2**2 + x3**2) + 2*x1)**2, (x1*(sin(x3) + cos(x2)) + 2*x1)**2, (x1*(sin(x3) + cos(x2)) + 2*x1)**2, (x1*(x3 + cos(x2)) + 2*x1)**2, (x1*(x3 + cos(x2)) + 2*x1)**2, (x1*(x3 + cos(x2)) + 2*x1)**2, (x1*(x3 + cos(x2)) + 2*x1)**2, (2*x1 + (x3 + cos(x2))*sin(x1))**2, (2*x1 + (x3 + cos(x2))*sin(x1))**2, (x1*cos(x2)*cos(x3) + 2*x1)**2, (x1*cos(x2)*cos(x3) + 2*x1)**2, (x1*cos(x2)*cos(x3) + 2*x1)**2, (x1*((x2 + x3)**2 + cos(x3)) + x1)**2, (x1*((x2 + x3)**2 + cos(x3)) + x1)**2, (x1*x3**2*cos(x2) + 2*x1)**2, (x1*x2**2*cos(x3) + 2*x1)**2, (x1*(x2**2 + sin(x3)) + 2*x1)**2, (2*x1 + (x2**2 + x3)*sin(x1))**2, (x1*(x2**2 + x3) + 2*x1)**2, (x1*(x2**2 + x3) + 2*x1)**2, (x1*(x3**2 + cos(x2)) + x1)**2, (x1 + (x3**2 + cos(x2))*sin(x1))**2, (x1 + (x3**2 + cos(x2))*sin(x1))**2, (x1*x2**2*x3**2 + 2*x1)**2, (x1*(x2 + x3**2) + 2*x1)**2, (x1*((x1 + x2)**2 + cos(x3)) + x1)**2, (x1*((x1 + x2)**2 + cos(x3)) + x1)**2, (x1*(x2**2 + cos(x3)) + x1)**2, (x1*(x2**2 + cos(x3)) + x1)**2]
(55, 49)
/users/9/chen8596/miniconda3/envs/alfd/lib/python3.9/site-packages/torch/nn/functional.py:4999: UserWarning: Support for mismatched key_padding_mask and attn_mask is deprecated. Use same type for both instead.
  warnings.warn(
/users/9/chen8596/LyaDis/repro/runs/poly3dA/utils/train.py:971: RuntimeWarning: divide by zero encountered in divide
  error = np.abs(((y_hat - y) / y))
/users/9/chen8596/.local/lib/python3.9/site-packages/scipy/stats/_stats_py.py:4424: ConstantInputWarning: An input array is constant; the correlation coefficient is not defined.
  warnings.warn(stats.ConstantInputWarning(msg))
MainProcess| 2026-06-22 06:05:12,232,232 multiprocessing INFO [Test epoch=0001]  nevals=13679 	| train_loss=4004.17578 	| eqs_invalid %=0.18 	| r_best=0.98992 	| quantile=0.83208 	| r_quantile_mean=0.97432 	| r_raw_sum=107.14448 	|  r_raw_mean=0.35596 	| r2=nan 	| acc_iid=0.00000 	| acc_ood=0.00000 	| nmse_test=0.0 	| true_equation_set_count=0 	| s/it=12437.12699
[Test epoch=0001]  nevals=13679 	| train_loss=4004.17578 	| eqs_invalid %=0.18 	| r_best=0.98992 	| quantile=0.83208 	| r_quantile_mean=0.97432 	| r_raw_sum=107.14448 	|  r_raw_mean=0.35596 	| r2=nan 	| acc_iid=0.00000 	| acc_ood=0.00000 	| nmse_test=0.0 	| true_equation_set_count=0 	| s/it=12437.12699
MainProcess| 2026-06-22 06:05:12,232,232 multiprocessing INFO [00:03:27:17.14] Training epoch 1/4000, current best R: 0.9899
[00:03:27:17.14] Training epoch 1/4000, current best R: 0.9899
MainProcess| 2026-06-22 06:05:12,232,232 multiprocessing INFO 
	** New best

	** New best
MainProcess| 2026-06-22 06:05:12,232,232 multiprocessing INFO 	Reward: 0.9899176807281916
	Reward: 0.9899176807281916
MainProcess| 2026-06-22 06:05:12,232,232 multiprocessing INFO 	Count Off-policy: 1
	Count Off-policy: 1
MainProcess| 2026-06-22 06:05:12,232,232 multiprocessing INFO 	Count On-policy: 0
	Count On-policy: 0
MainProcess| 2026-06-22 06:05:12,232,232 multiprocessing INFO 	Originally on Policy: False
	Originally on Policy: False
MainProcess| 2026-06-22 06:05:12,232,232 multiprocessing INFO 	Invalid: False
	Invalid: False
MainProcess| 2026-06-22 06:05:12,232,232 multiprocessing INFO 	Traversal: n2,add,x1,add,x1,mul,add,cos,x2,cos,x3,x1
	Traversal: n2,add,x1,add,x1,mul,add,cos,x2,cos,x3,x1
MainProcess| 2026-06-22 06:05:12,232,232 multiprocessing INFO 	Expression:
	Expression:
MainProcess| 2026-06-22 06:05:12,344,344 multiprocessing INFO 
	                                 2
	  (x₁⋅(cos(x₂) + cos(x₃)) + 2⋅x₁) 


	                                 2
	  (x₁⋅(cos(x₂) + cos(x₃)) + 2⋅x₁) 

MainProcess| 2026-06-22 06:05:12,344,344 multiprocessing INFO [00:03:27:17.25] Early stopping criteria met; breaking early.
[00:03:27:17.25] Early stopping criteria met; breaking early.
MainProcess| 2026-06-22 06:05:12,344,344 multiprocessing INFO -- RUNNING EPOCHS END ---------------

-- RUNNING EPOCHS END ---------------

MainProcess| 2026-06-22 06:05:12,344,344 multiprocessing INFO -- EVALUATION START ----------------
-- EVALUATION START ----------------
Saving Hall of Fame to ./log/fn_d_all_c_5_2026-06-22-023754_5/dso_fn_d_all_c_5_13_hof.csv
Saving Pareto Front to ./log/fn_d_all_c_5_2026-06-22-023754_5/dso_fn_d_all_c_5_13_pf.csv
Invalid expressions: 1 of 13679 (0.0%).
Error type counts:
  square: 1 (100.0%)
Error node counts:
  underflow: 1 (100.0%)
MainProcess| 2026-06-22 06:05:12,971,971 multiprocessing INFO 
Priority queue entry 0:

Priority queue entry 0:
MainProcess| 2026-06-22 06:05:12,971,971 multiprocessing INFO 	Reward: 0.9899176807281916
	Reward: 0.9899176807281916
MainProcess| 2026-06-22 06:05:12,971,971 multiprocessing INFO 	Count Off-policy: 1
	Count Off-policy: 1
MainProcess| 2026-06-22 06:05:12,971,971 multiprocessing INFO 	Count On-policy: 0
	Count On-policy: 0
MainProcess| 2026-06-22 06:05:12,971,971 multiprocessing INFO 	Originally on Policy: False
	Originally on Policy: False
MainProcess| 2026-06-22 06:05:12,971,971 multiprocessing INFO 	Invalid: False
	Invalid: False
MainProcess| 2026-06-22 06:05:12,971,971 multiprocessing INFO 	Traversal: n2,add,x1,add,x1,mul,add,cos,x2,cos,x3,x1
	Traversal: n2,add,x1,add,x1,mul,add,cos,x2,cos,x3,x1
MainProcess| 2026-06-22 06:05:12,971,971 multiprocessing INFO 	Expression:
	Expression:
MainProcess| 2026-06-22 06:05:12,972,972 multiprocessing INFO 
	                                 2
	  (x₁⋅(cos(x₂) + cos(x₃)) + 2⋅x₁) 


	                                 2
	  (x₁⋅(cos(x₂) + cos(x₃)) + 2⋅x₁) 

MainProcess| 2026-06-22 06:05:12,973,973 multiprocessing INFO -- EVALUATION END ------------------
-- EVALUATION END ------------------
MainProcess| 2026-06-22 06:05:12,974,974 multiprocessing INFO == TRAINING SEED 13 END ==============
== TRAINING SEED 13 END ==============
MainProcess| 2026-06-22 06:05:12,975,975 multiprocessing INFO 
== POST-PROCESS START =================

== POST-PROCESS START =================
MainProcess| 2026-06-22 06:05:12,975,975 multiprocessing INFO -- LOADING LOGS START ----------------
-- LOADING LOGS START ----------------
MainProcess| 2026-06-22 06:05:13,021,21 multiprocessing INFO Successfully loaded Hall of Fame data
Successfully loaded Hall of Fame data
MainProcess| 2026-06-22 06:05:14,733,733 multiprocessing INFO Successfully loaded Pareto Front data
Successfully loaded Pareto Front data
MainProcess| 2026-06-22 06:05:14,733,733 multiprocessing INFO *** WARNING:
*** WARNING:
MainProcess| 2026-06-22 06:05:14,733,733 multiprocessing INFO     --> Can't load summary: [Errno 2] No such file or directory: './log/fn_d_all_c_5_2026-06-22-023754_5/summary.csv'
    --> Can't load summary: [Errno 2] No such file or directory: './log/fn_d_all_c_5_2026-06-22-023754_5/summary.csv'
MainProcess| 2026-06-22 06:05:14,733,733 multiprocessing INFO -- LOADING LOGS END ------------------
-- LOADING LOGS END ------------------
MainProcess| 2026-06-22 06:05:14,733,733 multiprocessing INFO 
-- ANALYZING LOG START --------------

-- ANALYZING LOG START --------------
MainProcess| 2026-06-22 06:05:14,733,733 multiprocessing INFO Task_____________regression
Task_____________regression
MainProcess| 2026-06-22 06:05:14,733,733 multiprocessing INFO Source path______./log/fn_d_all_c_5_2026-06-22-023754_5
Source path______./log/fn_d_all_c_5_2026-06-22-023754_5
MainProcess| 2026-06-22 06:05:14,733,733 multiprocessing INFO Runs_____________N/A
Runs_____________N/A
MainProcess| 2026-06-22 06:05:14,733,733 multiprocessing INFO Max Samples/run__2000000
Max Samples/run__2000000
MainProcess| 2026-06-22 06:05:14,733,733 multiprocessing INFO Found issues:
Found issues:
MainProcess| 2026-06-22 06:05:14,734,734 multiprocessing INFO   0
  0
MainProcess| 2026-06-22 06:05:14,734,734 multiprocessing INFO Hall of Fame (Top 5 of 100)____
Hall of Fame (Top 5 of 100)____
MainProcess| 2026-06-22 06:05:14,734,734 multiprocessing INFO     0: S=013 R=0.990862 <-- [(x1*(cos(x2) + cos(x3)) + 2*x1)**2]
    0: S=013 R=0.990862 <-- [(x1*(cos(x2) + cos(x3)) + 2*x1)**2]
MainProcess| 2026-06-22 06:05:14,735,735 multiprocessing INFO     1: S=013 R=0.990862 <-- [(x1*(cos(x2) + cos(x3)) + 2*x1)**2]
    1: S=013 R=0.990862 <-- [(x1*(cos(x2) + cos(x3)) + 2*x1)**2]
MainProcess| 2026-06-22 06:05:14,735,735 multiprocessing INFO     2: S=013 R=0.990862 <-- [(x1*(cos(x2) + cos(x3)) + 2*x1)**2]
    2: S=013 R=0.990862 <-- [(x1*(cos(x2) + cos(x3)) + 2*x1)**2]
MainProcess| 2026-06-22 06:05:14,736,736 multiprocessing INFO     3: S=013 R=0.990862 <-- [(x1*(cos(x2) + cos(x3)) + 2*x1)**2]
    3: S=013 R=0.990862 <-- [(x1*(cos(x2) + cos(x3)) + 2*x1)**2]
MainProcess| 2026-06-22 06:05:14,736,736 multiprocessing INFO     4: S=013 R=0.989918 <-- [(x1*(cos(x2) + cos(x3)) + 2*x1)**2]
    4: S=013 R=0.989918 <-- [(x1*(cos(x2) + cos(x3)) + 2*x1)**2]
MainProcess| 2026-06-22 06:05:14,736,736 multiprocessing INFO Pareto Front (5 of 9)____
Pareto Front (5 of 9)____
MainProcess| 2026-06-22 06:05:14,737,737 multiprocessing INFO     0: S=013 R=0.990862 C=14.00 <-- [(x1*(cos(x2) + cos(x3)) + 2*x1)**2]
    0: S=013 R=0.990862 C=14.00 <-- [(x1*(cos(x2) + cos(x3)) + 2*x1)**2]
MainProcess| 2026-06-22 06:05:14,738,738 multiprocessing INFO     1: S=013 R=0.989753 C=13.00 <-- [(x1*(x3**2 + cos(x2)) + 2*x1)**2]
    1: S=013 R=0.989753 C=13.00 <-- [(x1*(x3**2 + cos(x2)) + 2*x1)**2]
MainProcess| 2026-06-22 06:05:14,738,738 multiprocessing INFO     2: S=013 R=0.987963 C=12.00 <-- [(x1*(x2**2 + x3**2) + 2*x1)**2]
    2: S=013 R=0.987963 C=12.00 <-- [(x1*(x2**2 + x3**2) + 2*x1)**2]
MainProcess| 2026-06-22 06:05:14,739,739 multiprocessing INFO     3: S=013 R=0.984990 C=11.00 <-- [(x1*(x2**2 + x3) + 2*x1)**2]
    3: S=013 R=0.984990 C=11.00 <-- [(x1*(x2**2 + x3) + 2*x1)**2]
MainProcess| 2026-06-22 06:05:14,739,739 multiprocessing INFO     4: S=013 R=0.980407 C=10.00 <-- [(x1*(x2**2 + x3**2) + x1)**2]
    4: S=013 R=0.980407 C=10.00 <-- [(x1*(x2**2 + x3**2) + x1)**2]
MainProcess| 2026-06-22 06:05:14,739,739 multiprocessing INFO -- ANALYZING LOG END ----------------
-- ANALYZING LOG END ----------------
MainProcess| 2026-06-22 06:05:14,739,739 multiprocessing INFO == POST-PROCESS END ===================
== POST-PROCESS END ===================
MainProcess| 2026-06-22 06:05:14,741,741 multiprocessing INFO [TEST RESULT] {'seed': 5, 'r': 0.9899176807281916, 'nmse_test': 0.0, 'nmse_test_noiseless': 0.0, 'success': True, 'expression': '[(x1*(cos(x2) + cos(x3)) + 2*x1)**2]', 'traversal': 'n2,add,x1,add,x1,mul,add,cos,x2,cos,x3,x1', 'program': n2,add,x1,add,x1,mul,add,cos,x2,cos,x3,x1, 'error_square': 1, 'error_node_underflow': 1, 'n_epochs': 1, 'n_samples': 13679, 'n_cached': 3018, 't': 12437.889470100403, 'baseline': 'transformer', 'run_seed': 5, 'dataset': 'fn_d_all_c_5'}
[TEST RESULT] {'seed': 5, 'r': 0.9899176807281916, 'nmse_test': 0.0, 'nmse_test_noiseless': 0.0, 'success': True, 'expression': '[(x1*(cos(x2) + cos(x3)) + 2*x1)**2]', 'traversal': 'n2,add,x1,add,x1,mul,add,cos,x2,cos,x3,x1', 'program': n2,add,x1,add,x1,mul,add,cos,x2,cos,x3,x1, 'error_square': 1, 'error_node_underflow': 1, 'n_epochs': 1, 'n_samples': 13679, 'n_cached': 3018, 't': 12437.889470100403, 'baseline': 'transformer', 'run_seed': 5, 'dataset': 'fn_d_all_c_5'}
MainProcess| 2026-06-22 06:05:14,742,742 multiprocessing INFO INFO: Completed run 1 of 1 in 12438 s | LATEST TEST_RESULT {'seed': 5, 'r': 0.9899176807281916, 'nmse_test': 0.0, 'nmse_test_noiseless': 0.0, 'success': True, 'expression': '[(x1*(cos(x2) + cos(x3)) + 2*x1)**2]', 'traversal': 'n2,add,x1,add,x1,mul,add,cos,x2,cos,x3,x1', 'program': n2,add,x1,add,x1,mul,add,cos,x2,cos,x3,x1, 'error_square': 1, 'error_node_underflow': 1, 'n_epochs': 1, 'n_samples': 13679, 'n_cached': 3018, 't': 12437.889470100403, 'baseline': 'transformer', 'run_seed': 5, 'dataset': 'fn_d_all_c_5'}
INFO: Completed run 1 of 1 in 12438 s | LATEST TEST_RESULT {'seed': 5, 'r': 0.9899176807281916, 'nmse_test': 0.0, 'nmse_test_noiseless': 0.0, 'success': True, 'expression': '[(x1*(cos(x2) + cos(x3)) + 2*x1)**2]', 'traversal': 'n2,add,x1,add,x1,mul,add,cos,x2,cos,x3,x1', 'program': n2,add,x1,add,x1,mul,add,cos,x2,cos,x3,x1, 'error_square': 1, 'error_node_underflow': 1, 'n_epochs': 1, 'n_samples': 13679, 'n_cached': 3018, 't': 12437.889470100403, 'baseline': 'transformer', 'run_seed': 5, 'dataset': 'fn_d_all_c_5'}
MainProcess| 2026-06-22 06:05:14,742,742 multiprocessing INFO Fin.
MainProcess| 2026-06-22 06:05:14,743,743 multiprocessing INFO process shutting down
[job] done sys=poly3dA seed=5 end=2026-06-22T06:05:16-05:00
