[job] sys=poly3dA benchmark=fn_d_all_c seed=2 host=e8 gpu=0 start=2026-06-22T02:18:04-05:00
MainProcess| 2026-06-22 02:18:09,397,397 multiprocessing INFO STARTING NEW RUN ==========
MainProcess| 2026-06-22 02:18:09,397,397 multiprocessing INFO SEE LOG AT : ./logs/all_Lyapunov_test_dso-fn_d_all_c_01_log.txt
MainProcess| 2026-06-22 02:18:09,397,397 multiprocessing INFO See log at : ./logs/all_Lyapunov_test_dso-fn_d_all_c_01_log.txt
MainProcess| 2026-06-22 02:18:09,399,399 multiprocessing INFO               variables expression                                                                   train_spec test_spec function_set
name                                                                                                                                  
fn_d_all_c_5          3  0*x1+0*x2  {"x1":{"U":[-1,1,15000]}, "x2":{"U":[-1,1,15000]}, "x3":{"U":[-1,1,15000]}}      None         Koza
              variables expression                                                                   train_spec test_spec function_set
name                                                                                                                                  
fn_d_all_c_5          3  0*x1+0*x2  {"x1":{"U":[-1,1,15000]}, "x2":{"U":[-1,1,15000]}, "x3":{"U":[-1,1,15000]}}      None         Koza

-- BUILDING DATASET START -----------
Benchmark path                 : /users/9/chen8596/LyaDis/repro/runs/poly3dA/libs/sd3/dso/dso/task/regression/benchmarks_bkup_1.csv
Generated data for benchmark   : fn_d_all_c_5
-- BUILDING DATASET END -------------

Function set                   : Koza --> ['add', 'sub', 'mul', 'sin', 'cos', 'n2']

MainProcess| 2026-06-22 02:18:09,441,441 multiprocessing INFO [BASELINE_TESTING NOW] dataset=fn_d_all_c_5 	| baseline=transformer 	| seed=2 	| data_samples=15000 	| noise=0.0
MainProcess| 2026-06-22 02:18:09,444,444 multiprocessing INFO [RUN SETTINGS]: test_dataset=fn_d_all_c_5  batch_outer_datasets=24 pre_train=False load_pre_trained_path= priority_queue_training=True gp_meld=True model=TransformerTreeEncoderController train_path= risk_seeking_pg_train=True
[RUN SETTINGS]: test_dataset=fn_d_all_c_5  batch_outer_datasets=24 pre_train=False load_pre_trained_path= priority_queue_training=True gp_meld=True model=TransformerTreeEncoderController train_path= risk_seeking_pg_train=True
MainProcess| 2026-06-22 02:18:09,477,477 multiprocessing INFO Running model : TransformerTreeEncoderController
Running model : TransformerTreeEncoderController

-- BUILDING DATASET START -----------
Benchmark path                 : /users/9/chen8596/LyaDis/repro/runs/poly3dA/libs/sd3/dso/dso/task/regression/benchmarks_bkup_1.csv
Generated data for benchmark   : fn_d_all_c_5
-- BUILDING DATASET END -------------

Function set                   : Koza --> ['add', 'sub', 'mul', 'sin', 'cos', 'n2']

MainProcess| 2026-06-22 02:18:09,481,481 multiprocessing INFO Function set: ['x1', 'x2', 'x3', 'add', 'sub', 'mul', 'sin', 'cos', 'n2']

-- BUILDING DATASET START -----------
Benchmark path                 : /users/9/chen8596/LyaDis/repro/runs/poly3dA/libs/sd3/dso/dso/task/regression/benchmarks_bkup_1.csv
Generated data for benchmark   : fn_d_all_c_5
-- BUILDING DATASET END -------------

Function set                   : Koza --> ['add', 'sub', 'mul', 'sin', 'cos', 'n2']

-- BUILDING PRIOR START -------------
WARNING: Skipping invalid 'RelationalConstraint' with arguments {'targets': [], 'effectors': [], 'relationship': None}. Reason: Prior disabled.
WARNING: Skipping invalid 'RepeatConstraint' with arguments {'tokens': 'const', 'min_': None, 'max_': 5}. Reason: Uses Tokens not in the Library.
WARNING: Skipping invalid 'InverseUnaryConstraint' with arguments {}. Reason: There are no inverse unary Token pairs in the Library.
WARNING: Skipping invalid 'ConstConstraint' with arguments {}. Reason: Prior disabled.
WARNING: Skipping invalid 'NoInputsConstraint' with arguments {}. Reason: All terminal tokens are input variables, so allsequences will have an input variable.
WARNING: Skipping invalid 'UniformArityPrior' with arguments {}. Reason: Prior disabled.
LengthConstraint: Sequences have minimum length 4.
                  Sequences have maximum length 12.
TrigConstraint: [sin, cos] cannot be a descendant of [sin, cos].
SoftLengthPrior: No description available.
-- BUILDING PRIOR END ---------------

MainProcess| 2026-06-22 02:18:09,729,729 multiprocessing INFO Transformer overwriting hidden size to input_dim 128
Transformer overwriting hidden size to input_dim 128
MainProcess| 2026-06-22 02:18:09,758,758 multiprocessing INFO Encoder params: {'sinuisodal_embeddings': False, 'dec_pf_dim': 32, 'dec_layers': 1, 'dim_hidden': 128, 'lr': 0.0001, 'dropout': 0, 'num_features': 1, 'ln': True, 'N_p': 0, 'num_inds': 64, 'activation': 'relu', 'bit16': False, 'norm': True, 'linear': True, 'input_normalization': False, 'src_pad_idx': 0, 'trg_pad_idx': 0, 'length_eq': 20, 'n_l_enc': 3, 'mean': 0.5, 'std': 0.5, 'dim_input': 64, 'num_heads': 2, 'output_dim': 10}
Encoder params: {'sinuisodal_embeddings': False, 'dec_pf_dim': 32, 'dec_layers': 1, 'dim_hidden': 128, 'lr': 0.0001, 'dropout': 0, 'num_features': 1, 'ln': True, 'N_p': 0, 'num_inds': 64, 'activation': 'relu', 'bit16': False, 'norm': True, 'linear': True, 'input_normalization': False, 'src_pad_idx': 0, 'trg_pad_idx': 0, 'length_eq': 20, 'n_l_enc': 3, 'mean': 0.5, 'std': 0.5, 'dim_input': 64, 'num_heads': 2, 'output_dim': 10}
MainProcess| 2026-06-22 02:18:09,844,844 multiprocessing INFO TransformerTreeEncoderController parameters: 4034425 	 | trainable : 4034425
TransformerTreeEncoderController parameters: 4034425 	 | trainable : 4034425
MainProcess| 2026-06-22 02:18:09,901,901 multiprocessing INFO GP CONFIG : {'verbose': False, 'generations': 35, 'p_crossover': 0.5, 'p_mutate': 0.5, 'tournament_size': 7, 'train_n': 50, 'mutate_tree_max': 3}
GP CONFIG : {'verbose': False, 'generations': 35, 'p_crossover': 0.5, 'p_mutate': 0.5, 'tournament_size': 7, 'train_n': 50, 'mutate_tree_max': 3}
MainProcess| 2026-06-22 02:18:09,954,954 multiprocessing INFO config: {'experiment': {'logdir': './log', 'seed': 13, 'timestamp': '2026-06-22-021809', 'task_name': 'fn_d_all_c_5', 'save_path': './log/fn_d_all_c_5_2026-06-22-021809_2'}, 'task': {'task_type': 'regression', 'dataset': 'fn_d_all_c_5', 'function_set': ['add', 'sub', 'mul', 'sin', 'cos', 'n2'], 'metric': 'lyapunov_risk', 'metric_params': [1.0], 'extra_metric_test': None, 'extra_metric_test_params': [], 'threshold': 1e-12, 'protected': False, 'reward_noise': 0.0, 'reward_noise_type': 'r', 'normalize_variance': False, 'decision_tree_threshold_set': []}, 'training': {'n_epochs': None, 'n_samples': 2000000, 'batch_size': 500, 'epsilon': 0.1, 'baseline': 'R_e', 'alpha': 0.5, 'b_jumpstart': False, 'n_cores_batch': 1, 'complexity': 'token', 'const_optimizer': 'scipy', 'const_params': {'method': 'L-BFGS-B', 'options': {'gtol': 0.001}}, 'verbose': True, 'debug': 0, 'early_stopping': True, 'hof': 100, 'use_memory': False, 'memory_capacity': 1000.0, 'warm_start': None, 'memory_threshold': None, 'save_all_epoch': False, 'save_summary': False, 'save_positional_entropy': False, 'save_pareto_front': True, 'save_cache': False, 'save_cache_r_min': 0.9, 'save_freq': 1, 'save_token_count': False}, 'state_manager': {'observe_action': False, 'observe_parent': True, 'observe_sibling': True, 'observe_dangling': False, 'embedding': True, 'embedding_size': 64}, 'controller': {'max_length': 64, 'cell': 'lstm', 'num_layers': 1, 'num_units': 64, 'initializer': 'zeros', 'learning_rate': 0.0003, 'optimizer': 'adam', 'entropy_weight': 0.005, 'entropy_gamma': 0.8, 'pqt': True, 'pqt_k': 10, 'pqt_batch_size': 1, 'pqt_weight': 200.0, 'pqt_use_pg': False, 'summary': False, 'rl_weight': 1.0}, 'gp_meld': {'generations': 35, 'p_crossover': 0.5, 'p_mutate': 0.5, 'tournament_size': 7, 'train_n': 50, 'mutate_tree_max': 3}, 'prior': {'relational': {'targets': [], 'effectors': [], 'relationship': None}, 'length': {'min_': 4, 'max_': 12}, 'repeat': {'tokens': 'const', 'min_': None, 'max_': 5}, 'inverse': {}, 'trig': {}, 'const': {}, 'no_inputs': {}, 'uniform_arity': {}, 'soft_length': {'loc': 10, 'scale': 5}}, 'postprocess': {'show_count': 5, 'save_plots': True}, 'model': 'TransformerTreeEncoderController', 'function_names_str': 'x1,x2,x3,add,sub,mul,sin,cos,n2', 'nesymres_train_config': {'architecture': {'sinuisodal_embeddings': False, 'dec_pf_dim': 32, 'dec_layers': 1, 'dim_hidden': 128, 'lr': 0.0001, 'dropout': 0, 'num_features': 1, 'ln': True, 'N_p': 0, 'num_inds': 64, 'activation': 'relu', 'bit16': False, 'norm': True, 'linear': True, 'input_normalization': False, 'src_pad_idx': 0, 'trg_pad_idx': 0, 'length_eq': 20, 'n_l_enc': 3, 'mean': 0.5, 'std': 0.5, 'dim_input': 64, 'num_heads': 2, 'output_dim': 10}}}

-- BUILDING DATASET START -----------
Benchmark path                 : /users/9/chen8596/LyaDis/repro/runs/poly3dA/libs/sd3/dso/dso/task/regression/benchmarks_bkup_1.csv
Generated data for benchmark   : fn_d_all_c_5
-- BUILDING DATASET END -------------

Function set                   : Koza --> ['add', 'sub', 'mul', 'sin', 'cos', 'n2']

-- RUNNING EPOCHS START -------------
torch.Size([500, 49])
/users/9/chen8596/miniconda3/envs/alfd/lib/python3.9/site-packages/torch/nn/functional.py:4999: UserWarning: Support for mismatched key_padding_mask and attn_mask is deprecated. Use same type for both instead.
  warnings.warn(
/users/9/chen8596/miniconda3/envs/alfd/lib/python3.9/site-packages/torch/nn/functional.py:4999: UserWarning: Support for mismatched key_padding_mask and attn_mask is deprecated. Use same type for both instead.
  warnings.warn(
/users/9/chen8596/miniconda3/envs/alfd/lib/python3.9/site-packages/torch/nn/functional.py:4999: UserWarning: Support for mismatched key_padding_mask and attn_mask is deprecated. Use same type for both instead.
  warnings.warn(
MainProcess| 2026-06-22 02:18:37,126,126 multiprocessing INFO Genetic Porgramming Runtime 25.159625274827704
Genetic Porgramming Runtime 25.159625274827704

=========================PGD Collection Starts=========================

MainProcess| 2026-06-22 02:18:37,699,699 multiprocessing INFO created temp directory /tmp/pymp-6aowov8p
SpawnPoolWorker-1| 2026-06-22 02:18:40,539,539 multiprocessing INFO STARTING NEW RUN ==========
SpawnPoolWorker-1| 2026-06-22 02:18:40,539,539 multiprocessing INFO SEE LOG AT : ./logs/all_Lyapunov_test_dso-fn_d_all_c_01_log.txt
SpawnPoolWorker-1| 2026-06-22 02:18:40,539,539 multiprocessing INFO See log at : ./logs/all_Lyapunov_test_dso-fn_d_all_c_01_log.txt
SpawnPoolWorker-1| 2026-06-22 02:18:40,540,540 multiprocessing INFO child process calling self.run()
SpawnPoolWorker-9| 2026-06-22 02:18:40,561,561 multiprocessing INFO STARTING NEW RUN ==========
SpawnPoolWorker-9| 2026-06-22 02:18:40,562,562 multiprocessing INFO SEE LOG AT : ./logs/all_Lyapunov_test_dso-fn_d_all_c_01_log.txt
SpawnPoolWorker-9| 2026-06-22 02:18:40,562,562 multiprocessing INFO See log at : ./logs/all_Lyapunov_test_dso-fn_d_all_c_01_log.txt
SpawnPoolWorker-9| 2026-06-22 02:18:40,564,564 multiprocessing INFO child process calling self.run()
SpawnPoolWorker-5| 2026-06-22 02:18:40,568,568 multiprocessing INFO STARTING NEW RUN ==========
SpawnPoolWorker-5| 2026-06-22 02:18:40,568,568 multiprocessing INFO SEE LOG AT : ./logs/all_Lyapunov_test_dso-fn_d_all_c_01_log.txt
SpawnPoolWorker-5| 2026-06-22 02:18:40,568,568 multiprocessing INFO See log at : ./logs/all_Lyapunov_test_dso-fn_d_all_c_01_log.txt
SpawnPoolWorker-5| 2026-06-22 02:18:40,569,569 multiprocessing INFO child process calling self.run()
SpawnPoolWorker-6| 2026-06-22 02:18:40,636,636 multiprocessing INFO STARTING NEW RUN ==========
SpawnPoolWorker-6| 2026-06-22 02:18:40,636,636 multiprocessing INFO SEE LOG AT : ./logs/all_Lyapunov_test_dso-fn_d_all_c_01_log.txt
SpawnPoolWorker-6| 2026-06-22 02:18:40,636,636 multiprocessing INFO See log at : ./logs/all_Lyapunov_test_dso-fn_d_all_c_01_log.txt
SpawnPoolWorker-6| 2026-06-22 02:18:40,638,638 multiprocessing INFO child process calling self.run()
SpawnPoolWorker-3| 2026-06-22 02:18:40,675,675 multiprocessing INFO STARTING NEW RUN ==========
SpawnPoolWorker-3| 2026-06-22 02:18:40,675,675 multiprocessing INFO SEE LOG AT : ./logs/all_Lyapunov_test_dso-fn_d_all_c_01_log.txt
SpawnPoolWorker-3| 2026-06-22 02:18:40,675,675 multiprocessing INFO See log at : ./logs/all_Lyapunov_test_dso-fn_d_all_c_01_log.txt
SpawnPoolWorker-3| 2026-06-22 02:18:40,676,676 multiprocessing INFO child process calling self.run()
SpawnPoolWorker-2| 2026-06-22 02:18:40,708,708 multiprocessing INFO STARTING NEW RUN ==========
SpawnPoolWorker-8| 2026-06-22 02:18:40,708,708 multiprocessing INFO STARTING NEW RUN ==========
SpawnPoolWorker-2| 2026-06-22 02:18:40,708,708 multiprocessing INFO SEE LOG AT : ./logs/all_Lyapunov_test_dso-fn_d_all_c_01_log.txt
SpawnPoolWorker-8| 2026-06-22 02:18:40,708,708 multiprocessing INFO SEE LOG AT : ./logs/all_Lyapunov_test_dso-fn_d_all_c_01_log.txt
SpawnPoolWorker-2| 2026-06-22 02:18:40,708,708 multiprocessing INFO See log at : ./logs/all_Lyapunov_test_dso-fn_d_all_c_01_log.txt
SpawnPoolWorker-8| 2026-06-22 02:18:40,708,708 multiprocessing INFO See log at : ./logs/all_Lyapunov_test_dso-fn_d_all_c_01_log.txt
SpawnPoolWorker-2| 2026-06-22 02:18:40,709,709 multiprocessing INFO child process calling self.run()
SpawnPoolWorker-8| 2026-06-22 02:18:40,710,710 multiprocessing INFO child process calling self.run()
SpawnPoolWorker-7| 2026-06-22 02:18:40,718,718 multiprocessing INFO STARTING NEW RUN ==========
SpawnPoolWorker-7| 2026-06-22 02:18:40,718,718 multiprocessing INFO SEE LOG AT : ./logs/all_Lyapunov_test_dso-fn_d_all_c_01_log.txt
SpawnPoolWorker-7| 2026-06-22 02:18:40,718,718 multiprocessing INFO See log at : ./logs/all_Lyapunov_test_dso-fn_d_all_c_01_log.txt
SpawnPoolWorker-7| 2026-06-22 02:18:40,720,720 multiprocessing INFO child process calling self.run()
SpawnPoolWorker-10| 2026-06-22 02:18:40,721,721 multiprocessing INFO STARTING NEW RUN ==========
SpawnPoolWorker-10| 2026-06-22 02:18:40,721,721 multiprocessing INFO SEE LOG AT : ./logs/all_Lyapunov_test_dso-fn_d_all_c_01_log.txt
SpawnPoolWorker-10| 2026-06-22 02:18:40,721,721 multiprocessing INFO See log at : ./logs/all_Lyapunov_test_dso-fn_d_all_c_01_log.txt
SpawnPoolWorker-10| 2026-06-22 02:18:40,722,722 multiprocessing INFO child process calling self.run()
SpawnPoolWorker-4| 2026-06-22 02:18:40,825,825 multiprocessing INFO STARTING NEW RUN ==========
SpawnPoolWorker-4| 2026-06-22 02:18:40,825,825 multiprocessing INFO SEE LOG AT : ./logs/all_Lyapunov_test_dso-fn_d_all_c_01_log.txt
SpawnPoolWorker-4| 2026-06-22 02:18:40,825,825 multiprocessing INFO See log at : ./logs/all_Lyapunov_test_dso-fn_d_all_c_01_log.txt
SpawnPoolWorker-4| 2026-06-22 02:18:40,826,826 multiprocessing INFO child process calling self.run()
(3000,)

===================Collect 3000 Examples===================

Epsilon 0.1
500
(550,)
(550,)
(55,)
Number of Programs for Minimization: 28
SpawnPoolWorker-37| 2026-06-22 02:20:10,142,142 multiprocessing INFO STARTING NEW RUN ==========
SpawnPoolWorker-59| 2026-06-22 02:20:10,142,142 multiprocessing INFO STARTING NEW RUN ==========
SpawnPoolWorker-37| 2026-06-22 02:20:10,142,142 multiprocessing INFO SEE LOG AT : ./logs/all_Lyapunov_test_dso-fn_d_all_c_01_log.txt
SpawnPoolWorker-59| 2026-06-22 02:20:10,142,142 multiprocessing INFO SEE LOG AT : ./logs/all_Lyapunov_test_dso-fn_d_all_c_01_log.txt
SpawnPoolWorker-89| 2026-06-22 02:20:10,142,142 multiprocessing INFO STARTING NEW RUN ==========
SpawnPoolWorker-37| 2026-06-22 02:20:10,143,143 multiprocessing INFO See log at : ./logs/all_Lyapunov_test_dso-fn_d_all_c_01_log.txt
SpawnPoolWorker-59| 2026-06-22 02:20:10,143,143 multiprocessing INFO See log at : ./logs/all_Lyapunov_test_dso-fn_d_all_c_01_log.txt
SpawnPoolWorker-89| 2026-06-22 02:20:10,143,143 multiprocessing INFO SEE LOG AT : ./logs/all_Lyapunov_test_dso-fn_d_all_c_01_log.txt
SpawnPoolWorker-89| 2026-06-22 02:20:10,143,143 multiprocessing INFO See log at : ./logs/all_Lyapunov_test_dso-fn_d_all_c_01_log.txt
SpawnPoolWorker-22| 2026-06-22 02:20:10,143,143 multiprocessing INFO STARTING NEW RUN ==========
SpawnPoolWorker-62| 2026-06-22 02:20:10,143,143 multiprocessing INFO STARTING NEW RUN ==========
SpawnPoolWorker-22| 2026-06-22 02:20:10,143,143 multiprocessing INFO SEE LOG AT : ./logs/all_Lyapunov_test_dso-fn_d_all_c_01_log.txt
SpawnPoolWorker-62| 2026-06-22 02:20:10,143,143 multiprocessing INFO SEE LOG AT : ./logs/all_Lyapunov_test_dso-fn_d_all_c_01_log.txt
SpawnPoolWorker-22| 2026-06-22 02:20:10,143,143 multiprocessing INFO See log at : ./logs/all_Lyapunov_test_dso-fn_d_all_c_01_log.txt
SpawnPoolWorker-62| 2026-06-22 02:20:10,143,143 multiprocessing INFO See log at : ./logs/all_Lyapunov_test_dso-fn_d_all_c_01_log.txt
SpawnPoolWorker-37| 2026-06-22 02:20:10,145,145 multiprocessing INFO child process calling self.run()
SpawnPoolWorker-89| 2026-06-22 02:20:10,145,145 multiprocessing INFO child process calling self.run()
SpawnPoolWorker-22| 2026-06-22 02:20:10,145,145 multiprocessing INFO child process calling self.run()
SpawnPoolWorker-59| 2026-06-22 02:20:10,145,145 multiprocessing INFO child process calling self.run()
SpawnPoolWorker-62| 2026-06-22 02:20:10,145,145 multiprocessing INFO child process calling self.run()
SpawnPoolWorker-79| 2026-06-22 02:20:10,145,145 multiprocessing INFO STARTING NEW RUN ==========
SpawnPoolWorker-79| 2026-06-22 02:20:10,145,145 multiprocessing INFO SEE LOG AT : ./logs/all_Lyapunov_test_dso-fn_d_all_c_01_log.txt
SpawnPoolWorker-79| 2026-06-22 02:20:10,145,145 multiprocessing INFO See log at : ./logs/all_Lyapunov_test_dso-fn_d_all_c_01_log.txt
SpawnPoolWorker-79| 2026-06-22 02:20:10,147,147 multiprocessing INFO child process calling self.run()
SpawnPoolWorker-46| 2026-06-22 02:20:10,246,246 multiprocessing INFO STARTING NEW RUN ==========
SpawnPoolWorker-46| 2026-06-22 02:20:10,246,246 multiprocessing INFO SEE LOG AT : ./logs/all_Lyapunov_test_dso-fn_d_all_c_01_log.txt
SpawnPoolWorker-46| 2026-06-22 02:20:10,246,246 multiprocessing INFO See log at : ./logs/all_Lyapunov_test_dso-fn_d_all_c_01_log.txt
SpawnPoolWorker-46| 2026-06-22 02:20:10,251,251 multiprocessing INFO child process calling self.run()
SpawnPoolWorker-62| 2026-06-22 02:20:10,567,567 multiprocessing INFO process shutting down
SpawnPoolWorker-89| 2026-06-22 02:20:10,567,567 multiprocessing INFO process shutting down
SpawnPoolWorker-89| 2026-06-22 02:20:10,567,567 multiprocessing INFO process exiting with exitcode 0
SpawnPoolWorker-62| 2026-06-22 02:20:10,567,567 multiprocessing INFO process exiting with exitcode 0
SpawnPoolWorker-59| 2026-06-22 02:20:10,567,567 multiprocessing INFO process shutting down
SpawnPoolWorker-59| 2026-06-22 02:20:10,567,567 multiprocessing INFO process exiting with exitcode 0
SpawnPoolWorker-37| 2026-06-22 02:20:10,568,568 multiprocessing INFO process shutting down
SpawnPoolWorker-46| 2026-06-22 02:20:10,568,568 multiprocessing INFO process shutting down
SpawnPoolWorker-22| 2026-06-22 02:20:10,568,568 multiprocessing INFO process shutting down
SpawnPoolWorker-79| 2026-06-22 02:20:10,568,568 multiprocessing INFO process shutting down
SpawnPoolWorker-79| 2026-06-22 02:20:10,573,573 multiprocessing INFO process exiting with exitcode 0
28
(15000, 3)
(15000,)
(15000, 3)
(15000,)

=======================Successfully Added (0,) Counter Examples=======================

Number of valid equations: 47. Program should stopped
(x1**2 + x2**2 + x3**2 + cos(x3))**2
[(x1**2 + x2**2 + x3**2 + cos(x3))**2, (x1**2 + x2**2 + x3**2 + cos(x3))**2, (x1**2 + x2**2 + x3**2 + cos(x1))**2, (x1**2 + x2**2 + x3**2 + cos(x1))**2, (x1**2 + x2**2 + x3**2 + cos(x2))**2, (x1**2 + 4*x2**2 + x3**2)**2, (x1**2 + 4*x2**2 + x3**2)**2, (x1**2 + x3**2 + (x2 + sin(x2))**2)**2, (4*x2**2 + x3**2 + sin(x1)**2)**2, (4*x2**2 + x3**2 + sin(x1)**2)**2, (x1**2 + 2*x2**2 + x3**2)**2, (x1**2 + 2*x2**2 + x3**2)**2, (x1**2 + 2*x2**2 + x3**2)**2, (x1**2 + 2*x2**2 + x3**2)**2, (2*x1**2 + x2**2 + x3**2)**2, (2*x1**2 + x2**2 + x3**2)**2, (2*x1**2 + x2**2 + x3**2)**2, (2*x1**2 + x2**2 + x3**2)**2, (2*x1**2 + x2**2 + x3**2)**2, (x1**2 + x2**2 + 2*x3**2)**2, (x1**2 + x2**2 + 2*x3**2)**2, (x1**2 + x2**2 + 2*x3**2)**2, (x1**2 + x2**2 + 2*x3**2)**2, (x1**2 + x3**2 + (x2 + sin(x1))**2)**2, (x1**2 + x3**2 + (x2 + sin(x1))**2)**2, (x1**2 + x3**2 + (x1 + x2)**2)**2, (x1**2 + x3**2 + (x1 + x2)**2)**2, (x1**2 + x3**2 + (x1 + x2)**2)**2, (x1**2 + x3**2 + (x1 + x2)**2)**2, (x2**2 + x3**2 + (x1 + x2)**2)**2, (x2**2 + x3**2 + (x1 + x2)**2)**2, (x1**2 + x3**2 + (x2 + x3**2)**2)**2, (x1**2 + x3**2 + (x2 + x3**2)**2)**2, (x1**2 + x3**2 + (x2 + x3**2)**2)**2, (x1**2 + x3**2 + (x2 + x3**2)**2)**2, (x1**2 + x3**2 + (x1**2 + x2)**2)**2, (x1**2 + x3**2 + (x1**2 + x2)**2)**2, (x1**2 + x3**2 + (x1**2 + x2)**2)**2, (x1**2 + x3**2 + (x1**2 + x2)**2)**2, (x1**2 + x2**2 + x3**2)**2, (x1**2 + x2**2 + x3**2)**2, (x1**2 + x2**2 + x3**2)**2, (x1**2 + x2**2 + x3**2)**2, (x1**2 + x3**2 + sin(x2**2))**2, (x1**2 + x3**2 + sin(x2**2))**2, (x1**2 + x2**2 + sin(x3**2))**2, (x1**2 + x3**2 + (x1**2 - x2)**2)**2]
MainProcess| 2026-06-22 04:44:49,084,84 multiprocessing INFO Number of valid equations: 47. Program should stopped
Number of valid equations: 47. Program should stopped
MainProcess| 2026-06-22 04:44:49,085,85 multiprocessing INFO (x1**2 + x2**2 + x3**2 + cos(x3))**2
(x1**2 + x2**2 + x3**2 + cos(x3))**2
MainProcess| 2026-06-22 04:44:49,085,85 multiprocessing INFO [(x1**2 + x2**2 + x3**2 + cos(x3))**2, (x1**2 + x2**2 + x3**2 + cos(x3))**2, (x1**2 + x2**2 + x3**2 + cos(x1))**2, (x1**2 + x2**2 + x3**2 + cos(x1))**2, (x1**2 + x2**2 + x3**2 + cos(x2))**2, (x1**2 + 4*x2**2 + x3**2)**2, (x1**2 + 4*x2**2 + x3**2)**2, (x1**2 + x3**2 + (x2 + sin(x2))**2)**2, (4*x2**2 + x3**2 + sin(x1)**2)**2, (4*x2**2 + x3**2 + sin(x1)**2)**2, (x1**2 + 2*x2**2 + x3**2)**2, (x1**2 + 2*x2**2 + x3**2)**2, (x1**2 + 2*x2**2 + x3**2)**2, (x1**2 + 2*x2**2 + x3**2)**2, (2*x1**2 + x2**2 + x3**2)**2, (2*x1**2 + x2**2 + x3**2)**2, (2*x1**2 + x2**2 + x3**2)**2, (2*x1**2 + x2**2 + x3**2)**2, (2*x1**2 + x2**2 + x3**2)**2, (x1**2 + x2**2 + 2*x3**2)**2, (x1**2 + x2**2 + 2*x3**2)**2, (x1**2 + x2**2 + 2*x3**2)**2, (x1**2 + x2**2 + 2*x3**2)**2, (x1**2 + x3**2 + (x2 + sin(x1))**2)**2, (x1**2 + x3**2 + (x2 + sin(x1))**2)**2, (x1**2 + x3**2 + (x1 + x2)**2)**2, (x1**2 + x3**2 + (x1 + x2)**2)**2, (x1**2 + x3**2 + (x1 + x2)**2)**2, (x1**2 + x3**2 + (x1 + x2)**2)**2, (x2**2 + x3**2 + (x1 + x2)**2)**2, (x2**2 + x3**2 + (x1 + x2)**2)**2, (x1**2 + x3**2 + (x2 + x3**2)**2)**2, (x1**2 + x3**2 + (x2 + x3**2)**2)**2, (x1**2 + x3**2 + (x2 + x3**2)**2)**2, (x1**2 + x3**2 + (x2 + x3**2)**2)**2, (x1**2 + x3**2 + (x1**2 + x2)**2)**2, (x1**2 + x3**2 + (x1**2 + x2)**2)**2, (x1**2 + x3**2 + (x1**2 + x2)**2)**2, (x1**2 + x3**2 + (x1**2 + x2)**2)**2, (x1**2 + x2**2 + x3**2)**2, (x1**2 + x2**2 + x3**2)**2, (x1**2 + x2**2 + x3**2)**2, (x1**2 + x2**2 + x3**2)**2, (x1**2 + x3**2 + sin(x2**2))**2, (x1**2 + x3**2 + sin(x2**2))**2, (x1**2 + x2**2 + sin(x3**2))**2, (x1**2 + x3**2 + (x1**2 - x2)**2)**2]
[(x1**2 + x2**2 + x3**2 + cos(x3))**2, (x1**2 + x2**2 + x3**2 + cos(x3))**2, (x1**2 + x2**2 + x3**2 + cos(x1))**2, (x1**2 + x2**2 + x3**2 + cos(x1))**2, (x1**2 + x2**2 + x3**2 + cos(x2))**2, (x1**2 + 4*x2**2 + x3**2)**2, (x1**2 + 4*x2**2 + x3**2)**2, (x1**2 + x3**2 + (x2 + sin(x2))**2)**2, (4*x2**2 + x3**2 + sin(x1)**2)**2, (4*x2**2 + x3**2 + sin(x1)**2)**2, (x1**2 + 2*x2**2 + x3**2)**2, (x1**2 + 2*x2**2 + x3**2)**2, (x1**2 + 2*x2**2 + x3**2)**2, (x1**2 + 2*x2**2 + x3**2)**2, (2*x1**2 + x2**2 + x3**2)**2, (2*x1**2 + x2**2 + x3**2)**2, (2*x1**2 + x2**2 + x3**2)**2, (2*x1**2 + x2**2 + x3**2)**2, (2*x1**2 + x2**2 + x3**2)**2, (x1**2 + x2**2 + 2*x3**2)**2, (x1**2 + x2**2 + 2*x3**2)**2, (x1**2 + x2**2 + 2*x3**2)**2, (x1**2 + x2**2 + 2*x3**2)**2, (x1**2 + x3**2 + (x2 + sin(x1))**2)**2, (x1**2 + x3**2 + (x2 + sin(x1))**2)**2, (x1**2 + x3**2 + (x1 + x2)**2)**2, (x1**2 + x3**2 + (x1 + x2)**2)**2, (x1**2 + x3**2 + (x1 + x2)**2)**2, (x1**2 + x3**2 + (x1 + x2)**2)**2, (x2**2 + x3**2 + (x1 + x2)**2)**2, (x2**2 + x3**2 + (x1 + x2)**2)**2, (x1**2 + x3**2 + (x2 + x3**2)**2)**2, (x1**2 + x3**2 + (x2 + x3**2)**2)**2, (x1**2 + x3**2 + (x2 + x3**2)**2)**2, (x1**2 + x3**2 + (x2 + x3**2)**2)**2, (x1**2 + x3**2 + (x1**2 + x2)**2)**2, (x1**2 + x3**2 + (x1**2 + x2)**2)**2, (x1**2 + x3**2 + (x1**2 + x2)**2)**2, (x1**2 + x3**2 + (x1**2 + x2)**2)**2, (x1**2 + x2**2 + x3**2)**2, (x1**2 + x2**2 + x3**2)**2, (x1**2 + x2**2 + x3**2)**2, (x1**2 + x2**2 + x3**2)**2, (x1**2 + x3**2 + sin(x2**2))**2, (x1**2 + x3**2 + sin(x2**2))**2, (x1**2 + x2**2 + sin(x3**2))**2, (x1**2 + x3**2 + (x1**2 - x2)**2)**2]
(55, 49)
/users/9/chen8596/miniconda3/envs/alfd/lib/python3.9/site-packages/torch/nn/functional.py:4999: UserWarning: Support for mismatched key_padding_mask and attn_mask is deprecated. Use same type for both instead.
  warnings.warn(
Traceback (most recent call last):
  File "/users/9/chen8596/LyaDis/repro/runs/poly3dA/Lyapunov_test_dso.py", line 519, in <module>
    main(dataset)
  File "/users/9/chen8596/LyaDis/repro/runs/poly3dA/Lyapunov_test_dso.py", line 162, in main
    result = perform_run(task_input)
  File "/users/9/chen8596/LyaDis/repro/runs/poly3dA/Lyapunov_test_dso.py", line 109, in perform_run
    result = top_main(
  File "/users/9/chen8596/LyaDis/repro/runs/poly3dA/Lyapunov_test_dso.py", line 347, in top_main
    optomize_at_test(
  File "/users/9/chen8596/LyaDis/repro/runs/poly3dA/utils/train.py", line 711, in optomize_at_test
    loss.backward()
  File "/users/9/chen8596/miniconda3/envs/alfd/lib/python3.9/site-packages/torch/_tensor.py", line 487, in backward
    torch.autograd.backward(
  File "/users/9/chen8596/miniconda3/envs/alfd/lib/python3.9/site-packages/torch/autograd/__init__.py", line 200, in backward
    Variable._execution_engine.run_backward(  # Calls into the C++ engine to run the backward pass
RuntimeError: CUDA error: an illegal instruction was encountered
CUDA kernel errors might be asynchronously reported at some other API call, so the stacktrace below might be incorrect.
For debugging consider passing CUDA_LAUNCH_BLOCKING=1.
Compile with `TORCH_USE_CUDA_DSA` to enable device-side assertions.

MainProcess| 2026-06-22 04:44:49,525,525 multiprocessing INFO process shutting down
