[job] sys=power4d benchmark=fn_d_all_o seed=4 host=cn2112 gpu=0 start=2026-06-22T06:24:54-05:00
MainProcess| 2026-06-22 06:25:00,129,129 multiprocessing INFO STARTING NEW RUN ==========
MainProcess| 2026-06-22 06:25:00,130,130 multiprocessing INFO SEE LOG AT : ./logs/all_Lyapunov_test_dso-fn_d_all_o_01_log.txt
MainProcess| 2026-06-22 06:25:00,130,130 multiprocessing INFO See log at : ./logs/all_Lyapunov_test_dso-fn_d_all_o_01_log.txt
MainProcess| 2026-06-22 06:25:00,133,133 multiprocessing INFO               variables           expression                                                                                                      train_spec test_spec function_set
name                                                                                                                                                                               
fn_d_all_o_5          4  0*x1+0*x2+0*x3+0*x4  {"x1":{"U":[-0.75,0.75,50000]}, "x2":{"U":[-0.75,0.75,50000]},"x3":{"U":[-2,2,50000]},"x4":{"U":[-2,2,50000]}}      None         Koza
              variables           expression                                                                                                      train_spec test_spec function_set
name                                                                                                                                                                               
fn_d_all_o_5          4  0*x1+0*x2+0*x3+0*x4  {"x1":{"U":[-0.75,0.75,50000]}, "x2":{"U":[-0.75,0.75,50000]},"x3":{"U":[-2,2,50000]},"x4":{"U":[-2,2,50000]}}      None         Koza

-- BUILDING DATASET START -----------
Benchmark path                 : /users/9/chen8596/LyaDis/repro/runs/power4d/libs/sd3/dso/dso/task/regression/benchmarks_bkup_1.csv
Generated data for benchmark   : fn_d_all_o_5
-- BUILDING DATASET END -------------

Function set                   : Koza --> ['add', 'sub', 'mul', 'sin', 'cos', 'n2']

MainProcess| 2026-06-22 06:25:00,215,215 multiprocessing INFO [BASELINE_TESTING NOW] dataset=fn_d_all_o_5 	| baseline=transformer 	| seed=4 	| data_samples=50000 	| noise=0.0
MainProcess| 2026-06-22 06:25:00,219,219 multiprocessing INFO [RUN SETTINGS]: test_dataset=fn_d_all_o_5  batch_outer_datasets=24 pre_train=False load_pre_trained_path= priority_queue_training=True gp_meld=True model=TransformerTreeEncoderController train_path= risk_seeking_pg_train=True
[RUN SETTINGS]: test_dataset=fn_d_all_o_5  batch_outer_datasets=24 pre_train=False load_pre_trained_path= priority_queue_training=True gp_meld=True model=TransformerTreeEncoderController train_path= risk_seeking_pg_train=True
MainProcess| 2026-06-22 06:25:00,270,270 multiprocessing INFO Running model : TransformerTreeEncoderController
Running model : TransformerTreeEncoderController

-- BUILDING DATASET START -----------
Benchmark path                 : /users/9/chen8596/LyaDis/repro/runs/power4d/libs/sd3/dso/dso/task/regression/benchmarks_bkup_1.csv
Generated data for benchmark   : fn_d_all_o_5
-- BUILDING DATASET END -------------

Function set                   : Koza --> ['add', 'sub', 'mul', 'sin', 'cos', 'n2']

MainProcess| 2026-06-22 06:25:00,284,284 multiprocessing INFO Function set: ['x1', 'x2', 'x3', 'x4', 'add', 'sub', 'mul', 'sin', 'cos', 'n2']

-- BUILDING DATASET START -----------
Benchmark path                 : /users/9/chen8596/LyaDis/repro/runs/power4d/libs/sd3/dso/dso/task/regression/benchmarks_bkup_1.csv
Generated data for benchmark   : fn_d_all_o_5
-- BUILDING DATASET END -------------

Function set                   : Koza --> ['add', 'sub', 'mul', 'sin', 'cos', 'n2']

-- BUILDING PRIOR START -------------
WARNING: Skipping invalid 'RelationalConstraint' with arguments {'targets': [], 'effectors': [], 'relationship': None}. Reason: Prior disabled.
WARNING: Skipping invalid 'RepeatConstraint' with arguments {'tokens': 'const', 'min_': None, 'max_': 5}. Reason: Uses Tokens not in the Library.
WARNING: Skipping invalid 'InverseUnaryConstraint' with arguments {}. Reason: There are no inverse unary Token pairs in the Library.
WARNING: Skipping invalid 'ConstConstraint' with arguments {}. Reason: Prior disabled.
WARNING: Skipping invalid 'NoInputsConstraint' with arguments {}. Reason: All terminal tokens are input variables, so allsequences will have an input variable.
WARNING: Skipping invalid 'UniformArityPrior' with arguments {}. Reason: Prior disabled.
LengthConstraint: Sequences have minimum length 10.
                  Sequences have maximum length 15.
TrigConstraint: [sin, cos] cannot be a descendant of [sin, cos].
SoftLengthPrior: No description available.
-- BUILDING PRIOR END ---------------

MainProcess| 2026-06-22 06:25:00,498,498 multiprocessing INFO Transformer overwriting hidden size to input_dim 128
Transformer overwriting hidden size to input_dim 128
MainProcess| 2026-06-22 06:25:00,647,647 multiprocessing INFO Encoder params: {'sinuisodal_embeddings': False, 'dec_pf_dim': 32, 'dec_layers': 1, 'dim_hidden': 128, 'lr': 0.0001, 'dropout': 0, 'num_features': 1, 'ln': True, 'N_p': 0, 'num_inds': 64, 'activation': 'relu', 'bit16': False, 'norm': True, 'linear': True, 'input_normalization': False, 'src_pad_idx': 0, 'trg_pad_idx': 0, 'length_eq': 20, 'n_l_enc': 3, 'mean': 0.5, 'std': 0.5, 'dim_input': 64, 'num_heads': 2, 'output_dim': 10}
Encoder params: {'sinuisodal_embeddings': False, 'dec_pf_dim': 32, 'dec_layers': 1, 'dim_hidden': 128, 'lr': 0.0001, 'dropout': 0, 'num_features': 1, 'ln': True, 'N_p': 0, 'num_inds': 64, 'activation': 'relu', 'bit16': False, 'norm': True, 'linear': True, 'input_normalization': False, 'src_pad_idx': 0, 'trg_pad_idx': 0, 'length_eq': 20, 'n_l_enc': 3, 'mean': 0.5, 'std': 0.5, 'dim_input': 64, 'num_heads': 2, 'output_dim': 10}
MainProcess| 2026-06-22 06:25:00,663,663 multiprocessing INFO TransformerTreeEncoderController parameters: 4035606 	 | trainable : 4035606
TransformerTreeEncoderController parameters: 4035606 	 | trainable : 4035606
MainProcess| 2026-06-22 06:25:00,744,744 multiprocessing INFO GP CONFIG : {'verbose': False, 'generations': 35, 'p_crossover': 0.5, 'p_mutate': 0.5, 'tournament_size': 7, 'train_n': 50, 'mutate_tree_max': 3}
GP CONFIG : {'verbose': False, 'generations': 35, 'p_crossover': 0.5, 'p_mutate': 0.5, 'tournament_size': 7, 'train_n': 50, 'mutate_tree_max': 3}
MainProcess| 2026-06-22 06:25:00,815,815 multiprocessing INFO config: {'experiment': {'logdir': './log', 'seed': 13, 'timestamp': '2026-06-22-062500', 'task_name': 'fn_d_all_o_5', 'save_path': './log/fn_d_all_o_5_2026-06-22-062500_4'}, 'task': {'task_type': 'regression', 'dataset': 'fn_d_all_o_5', 'function_set': ['add', 'sub', 'mul', 'sin', 'cos', 'n2'], 'metric': 'lyapunov_risk', 'metric_params': [1.0], 'extra_metric_test': None, 'extra_metric_test_params': [], 'threshold': 1e-12, 'protected': False, 'reward_noise': 0.0, 'reward_noise_type': 'r', 'normalize_variance': False, 'decision_tree_threshold_set': []}, 'training': {'n_epochs': None, 'n_samples': 2000000, 'batch_size': 500, 'epsilon': 0.1, 'baseline': 'R_e', 'alpha': 0.5, 'b_jumpstart': False, 'n_cores_batch': 1, 'complexity': 'token', 'const_optimizer': 'scipy', 'const_params': {'method': 'L-BFGS-B', 'options': {'gtol': 0.001}}, 'verbose': True, 'debug': 0, 'early_stopping': True, 'hof': 100, 'use_memory': False, 'memory_capacity': 1000.0, 'warm_start': None, 'memory_threshold': None, 'save_all_epoch': False, 'save_summary': False, 'save_positional_entropy': False, 'save_pareto_front': True, 'save_cache': False, 'save_cache_r_min': 0.9, 'save_freq': 1, 'save_token_count': False}, 'state_manager': {'observe_action': False, 'observe_parent': True, 'observe_sibling': True, 'observe_dangling': False, 'embedding': True, 'embedding_size': 64}, 'controller': {'max_length': 64, 'cell': 'lstm', 'num_layers': 1, 'num_units': 64, 'initializer': 'zeros', 'learning_rate': 0.0003, 'optimizer': 'adam', 'entropy_weight': 0.005, 'entropy_gamma': 0.8, 'pqt': True, 'pqt_k': 10, 'pqt_batch_size': 1, 'pqt_weight': 200.0, 'pqt_use_pg': False, 'summary': False, 'rl_weight': 1.0}, 'gp_meld': {'generations': 35, 'p_crossover': 0.5, 'p_mutate': 0.5, 'tournament_size': 7, 'train_n': 50, 'mutate_tree_max': 3}, 'prior': {'relational': {'targets': [], 'effectors': [], 'relationship': None}, 'length': {'min_': 10, 'max_': 15}, 'repeat': {'tokens': 'const', 'min_': None, 'max_': 5}, 'inverse': {}, 'trig': {}, 'const': {}, 'no_inputs': {}, 'uniform_arity': {}, 'soft_length': {'loc': 10, 'scale': 5}}, 'postprocess': {'show_count': 5, 'save_plots': True}, 'model': 'TransformerTreeEncoderController', 'function_names_str': 'x1,x2,x3,x4,add,sub,mul,sin,cos,n2', 'nesymres_train_config': {'architecture': {'sinuisodal_embeddings': False, 'dec_pf_dim': 32, 'dec_layers': 1, 'dim_hidden': 128, 'lr': 0.0001, 'dropout': 0, 'num_features': 1, 'ln': True, 'N_p': 0, 'num_inds': 64, 'activation': 'relu', 'bit16': False, 'norm': True, 'linear': True, 'input_normalization': False, 'src_pad_idx': 0, 'trg_pad_idx': 0, 'length_eq': 20, 'n_l_enc': 3, 'mean': 0.5, 'std': 0.5, 'dim_input': 64, 'num_heads': 2, 'output_dim': 10}}}

-- BUILDING DATASET START -----------
Benchmark path                 : /users/9/chen8596/LyaDis/repro/runs/power4d/libs/sd3/dso/dso/task/regression/benchmarks_bkup_1.csv
Generated data for benchmark   : fn_d_all_o_5
-- BUILDING DATASET END -------------

Function set                   : Koza --> ['add', 'sub', 'mul', 'sin', 'cos', 'n2']

-- RUNNING EPOCHS START -------------
torch.Size([500, 128])
/users/9/chen8596/miniconda3/envs/alfd/lib/python3.9/site-packages/torch/nn/functional.py:4999: UserWarning: Support for mismatched key_padding_mask and attn_mask is deprecated. Use same type for both instead.
  warnings.warn(
/users/9/chen8596/miniconda3/envs/alfd/lib/python3.9/site-packages/torch/nn/functional.py:4999: UserWarning: Support for mismatched key_padding_mask and attn_mask is deprecated. Use same type for both instead.
  warnings.warn(
/users/9/chen8596/miniconda3/envs/alfd/lib/python3.9/site-packages/torch/nn/functional.py:4999: UserWarning: Support for mismatched key_padding_mask and attn_mask is deprecated. Use same type for both instead.
  warnings.warn(
MainProcess| 2026-06-22 06:25:52,937,937 multiprocessing INFO Genetic Porgramming Runtime 48.93324085790664
Genetic Porgramming Runtime 48.93324085790664

=========================PGD Collection Starts=========================

MainProcess| 2026-06-22 06:25:53,754,754 multiprocessing INFO created temp directory /tmp/pymp-g7ai_cwk
SpawnPoolWorker-8| 2026-06-22 06:25:56,984,984 multiprocessing INFO STARTING NEW RUN ==========
SpawnPoolWorker-8| 2026-06-22 06:25:56,984,984 multiprocessing INFO SEE LOG AT : ./logs/all_Lyapunov_test_dso-fn_d_all_o_01_log.txt
SpawnPoolWorker-8| 2026-06-22 06:25:56,984,984 multiprocessing INFO See log at : ./logs/all_Lyapunov_test_dso-fn_d_all_o_01_log.txt
SpawnPoolWorker-14| 2026-06-22 06:25:56,986,986 multiprocessing INFO STARTING NEW RUN ==========
SpawnPoolWorker-14| 2026-06-22 06:25:56,986,986 multiprocessing INFO SEE LOG AT : ./logs/all_Lyapunov_test_dso-fn_d_all_o_01_log.txt
SpawnPoolWorker-8| 2026-06-22 06:25:56,986,986 multiprocessing INFO child process calling self.run()
SpawnPoolWorker-14| 2026-06-22 06:25:56,986,986 multiprocessing INFO See log at : ./logs/all_Lyapunov_test_dso-fn_d_all_o_01_log.txt
SpawnPoolWorker-13| 2026-06-22 06:25:56,987,987 multiprocessing INFO STARTING NEW RUN ==========
SpawnPoolWorker-1| 2026-06-22 06:25:56,987,987 multiprocessing INFO STARTING NEW RUN ==========
SpawnPoolWorker-13| 2026-06-22 06:25:56,987,987 multiprocessing INFO SEE LOG AT : ./logs/all_Lyapunov_test_dso-fn_d_all_o_01_log.txt
SpawnPoolWorker-1| 2026-06-22 06:25:56,987,987 multiprocessing INFO SEE LOG AT : ./logs/all_Lyapunov_test_dso-fn_d_all_o_01_log.txt
SpawnPoolWorker-13| 2026-06-22 06:25:56,987,987 multiprocessing INFO See log at : ./logs/all_Lyapunov_test_dso-fn_d_all_o_01_log.txt
SpawnPoolWorker-1| 2026-06-22 06:25:56,987,987 multiprocessing INFO See log at : ./logs/all_Lyapunov_test_dso-fn_d_all_o_01_log.txt
SpawnPoolWorker-6| 2026-06-22 06:25:56,988,988 multiprocessing INFO STARTING NEW RUN ==========
SpawnPoolWorker-6| 2026-06-22 06:25:56,988,988 multiprocessing INFO SEE LOG AT : ./logs/all_Lyapunov_test_dso-fn_d_all_o_01_log.txt
SpawnPoolWorker-6| 2026-06-22 06:25:56,988,988 multiprocessing INFO See log at : ./logs/all_Lyapunov_test_dso-fn_d_all_o_01_log.txt
SpawnPoolWorker-14| 2026-06-22 06:25:56,988,988 multiprocessing INFO child process calling self.run()
SpawnPoolWorker-1| 2026-06-22 06:25:56,989,989 multiprocessing INFO child process calling self.run()
SpawnPoolWorker-13| 2026-06-22 06:25:56,989,989 multiprocessing INFO child process calling self.run()
SpawnPoolWorker-6| 2026-06-22 06:25:56,990,990 multiprocessing INFO child process calling self.run()
SpawnPoolWorker-16| 2026-06-22 06:25:56,994,994 multiprocessing INFO STARTING NEW RUN ==========
SpawnPoolWorker-5| 2026-06-22 06:25:56,994,994 multiprocessing INFO STARTING NEW RUN ==========
SpawnPoolWorker-2| 2026-06-22 06:25:56,994,994 multiprocessing INFO STARTING NEW RUN ==========
SpawnPoolWorker-16| 2026-06-22 06:25:56,994,994 multiprocessing INFO SEE LOG AT : ./logs/all_Lyapunov_test_dso-fn_d_all_o_01_log.txt
SpawnPoolWorker-5| 2026-06-22 06:25:56,994,994 multiprocessing INFO SEE LOG AT : ./logs/all_Lyapunov_test_dso-fn_d_all_o_01_log.txt
SpawnPoolWorker-2| 2026-06-22 06:25:56,994,994 multiprocessing INFO SEE LOG AT : ./logs/all_Lyapunov_test_dso-fn_d_all_o_01_log.txt
SpawnPoolWorker-7| 2026-06-22 06:25:56,994,994 multiprocessing INFO STARTING NEW RUN ==========
SpawnPoolWorker-16| 2026-06-22 06:25:56,994,994 multiprocessing INFO See log at : ./logs/all_Lyapunov_test_dso-fn_d_all_o_01_log.txt
SpawnPoolWorker-5| 2026-06-22 06:25:56,994,994 multiprocessing INFO See log at : ./logs/all_Lyapunov_test_dso-fn_d_all_o_01_log.txt
SpawnPoolWorker-2| 2026-06-22 06:25:56,994,994 multiprocessing INFO See log at : ./logs/all_Lyapunov_test_dso-fn_d_all_o_01_log.txt
SpawnPoolWorker-7| 2026-06-22 06:25:56,994,994 multiprocessing INFO SEE LOG AT : ./logs/all_Lyapunov_test_dso-fn_d_all_o_01_log.txt
SpawnPoolWorker-7| 2026-06-22 06:25:56,994,994 multiprocessing INFO See log at : ./logs/all_Lyapunov_test_dso-fn_d_all_o_01_log.txt
SpawnPoolWorker-5| 2026-06-22 06:25:56,996,996 multiprocessing INFO child process calling self.run()
SpawnPoolWorker-16| 2026-06-22 06:25:56,996,996 multiprocessing INFO child process calling self.run()
SpawnPoolWorker-3| 2026-06-22 06:25:56,996,996 multiprocessing INFO STARTING NEW RUN ==========
SpawnPoolWorker-12| 2026-06-22 06:25:56,996,996 multiprocessing INFO STARTING NEW RUN ==========
SpawnPoolWorker-3| 2026-06-22 06:25:56,996,996 multiprocessing INFO SEE LOG AT : ./logs/all_Lyapunov_test_dso-fn_d_all_o_01_log.txt
SpawnPoolWorker-3| 2026-06-22 06:25:56,996,996 multiprocessing INFO See log at : ./logs/all_Lyapunov_test_dso-fn_d_all_o_01_log.txt
SpawnPoolWorker-12| 2026-06-22 06:25:56,996,996 multiprocessing INFO SEE LOG AT : ./logs/all_Lyapunov_test_dso-fn_d_all_o_01_log.txt
SpawnPoolWorker-12| 2026-06-22 06:25:56,996,996 multiprocessing INFO See log at : ./logs/all_Lyapunov_test_dso-fn_d_all_o_01_log.txt
SpawnPoolWorker-7| 2026-06-22 06:25:56,996,996 multiprocessing INFO child process calling self.run()
SpawnPoolWorker-2| 2026-06-22 06:25:56,997,997 multiprocessing INFO child process calling self.run()
SpawnPoolWorker-3| 2026-06-22 06:25:56,997,997 multiprocessing INFO child process calling self.run()
SpawnPoolWorker-12| 2026-06-22 06:25:56,998,998 multiprocessing INFO child process calling self.run()
SpawnPoolWorker-15| 2026-06-22 06:25:57,000,0 multiprocessing INFO STARTING NEW RUN ==========
SpawnPoolWorker-15| 2026-06-22 06:25:57,000,0 multiprocessing INFO SEE LOG AT : ./logs/all_Lyapunov_test_dso-fn_d_all_o_01_log.txt
SpawnPoolWorker-15| 2026-06-22 06:25:57,000,0 multiprocessing INFO See log at : ./logs/all_Lyapunov_test_dso-fn_d_all_o_01_log.txt
SpawnPoolWorker-15| 2026-06-22 06:25:57,002,2 multiprocessing INFO child process calling self.run()
SpawnPoolWorker-10| 2026-06-22 06:25:57,019,19 multiprocessing INFO STARTING NEW RUN ==========
SpawnPoolWorker-10| 2026-06-22 06:25:57,019,19 multiprocessing INFO SEE LOG AT : ./logs/all_Lyapunov_test_dso-fn_d_all_o_01_log.txt
SpawnPoolWorker-10| 2026-06-22 06:25:57,019,19 multiprocessing INFO See log at : ./logs/all_Lyapunov_test_dso-fn_d_all_o_01_log.txt
SpawnPoolWorker-10| 2026-06-22 06:25:57,020,20 multiprocessing INFO child process calling self.run()
SpawnPoolWorker-11| 2026-06-22 06:25:57,024,24 multiprocessing INFO STARTING NEW RUN ==========
SpawnPoolWorker-11| 2026-06-22 06:25:57,024,24 multiprocessing INFO SEE LOG AT : ./logs/all_Lyapunov_test_dso-fn_d_all_o_01_log.txt
SpawnPoolWorker-11| 2026-06-22 06:25:57,024,24 multiprocessing INFO See log at : ./logs/all_Lyapunov_test_dso-fn_d_all_o_01_log.txt
SpawnPoolWorker-11| 2026-06-22 06:25:57,025,25 multiprocessing INFO child process calling self.run()
SpawnPoolWorker-9| 2026-06-22 06:25:57,030,30 multiprocessing INFO STARTING NEW RUN ==========
SpawnPoolWorker-9| 2026-06-22 06:25:57,030,30 multiprocessing INFO SEE LOG AT : ./logs/all_Lyapunov_test_dso-fn_d_all_o_01_log.txt
SpawnPoolWorker-9| 2026-06-22 06:25:57,030,30 multiprocessing INFO See log at : ./logs/all_Lyapunov_test_dso-fn_d_all_o_01_log.txt
SpawnPoolWorker-9| 2026-06-22 06:25:57,031,31 multiprocessing INFO child process calling self.run()
SpawnPoolWorker-4| 2026-06-22 06:25:57,077,77 multiprocessing INFO STARTING NEW RUN ==========
SpawnPoolWorker-4| 2026-06-22 06:25:57,077,77 multiprocessing INFO SEE LOG AT : ./logs/all_Lyapunov_test_dso-fn_d_all_o_01_log.txt
SpawnPoolWorker-4| 2026-06-22 06:25:57,077,77 multiprocessing INFO See log at : ./logs/all_Lyapunov_test_dso-fn_d_all_o_01_log.txt
SpawnPoolWorker-4| 2026-06-22 06:25:57,079,79 multiprocessing INFO child process calling self.run()
SpawnPoolWorker-10| 2026-06-22 06:26:30,025,25 multiprocessing INFO process shutting down
SpawnPoolWorker-8| 2026-06-22 06:26:30,025,25 multiprocessing INFO process shutting down
SpawnPoolWorker-14| 2026-06-22 06:26:30,025,25 multiprocessing INFO process shutting down
SpawnPoolWorker-10| 2026-06-22 06:26:30,025,25 multiprocessing INFO process exiting with exitcode 0
SpawnPoolWorker-8| 2026-06-22 06:26:30,025,25 multiprocessing INFO process exiting with exitcode 0
SpawnPoolWorker-14| 2026-06-22 06:26:30,026,26 multiprocessing INFO process exiting with exitcode 0
SpawnPoolWorker-1| 2026-06-22 06:26:30,025,25 multiprocessing INFO process shutting down
SpawnPoolWorker-12| 2026-06-22 06:26:30,026,26 multiprocessing INFO process shutting down
SpawnPoolWorker-1| 2026-06-22 06:26:30,026,26 multiprocessing INFO process exiting with exitcode 0
SpawnPoolWorker-9| 2026-06-22 06:26:30,026,26 multiprocessing INFO process shutting down
SpawnPoolWorker-15| 2026-06-22 06:26:30,026,26 multiprocessing INFO process shutting down
SpawnPoolWorker-11| 2026-06-22 06:26:30,026,26 multiprocessing INFO process shutting down
SpawnPoolWorker-3| 2026-06-22 06:26:30,025,25 multiprocessing INFO process shutting down
SpawnPoolWorker-4| 2026-06-22 06:26:30,026,26 multiprocessing INFO process shutting down
SpawnPoolWorker-13| 2026-06-22 06:26:30,026,26 multiprocessing INFO process shutting down
(10000,)

===================Collect 10000 Examples===================

[2026-06-22T06:26:35.968] error: *** JOB 11514920 ON cn2112 CANCELLED AT 2026-06-22T06:26:35 DUE to SIGNAL Terminated ***
