[job] sys=poly2d benchmark=fn_d_all_b seed=2 host=aga30 gpu=0 start=2026-06-22T02:03:46-05:00
MainProcess| 2026-06-22 02:03:53,376,376 multiprocessing INFO STARTING NEW RUN ==========
MainProcess| 2026-06-22 02:03:53,376,376 multiprocessing INFO SEE LOG AT : ./logs/all_Lyapunov_test_dso-fn_d_all_b_01_log.txt
MainProcess| 2026-06-22 02:03:53,376,376 multiprocessing INFO See log at : ./logs/all_Lyapunov_test_dso-fn_d_all_b_01_log.txt
MainProcess| 2026-06-22 02:03:53,381,381 multiprocessing INFO               variables expression                                          train_spec test_spec function_set
name                                                                                                         
fn_d_all_b_5          2  0*x1+0*x2  {"x1":{"U":[-1,1,15000]}, "x2":{"U":[-1,1,15000]}}      None         Koza
              variables expression                                          train_spec test_spec function_set
name                                                                                                         
fn_d_all_b_5          2  0*x1+0*x2  {"x1":{"U":[-1,1,15000]}, "x2":{"U":[-1,1,15000]}}      None         Koza

-- BUILDING DATASET START -----------
Benchmark path                 : /users/9/chen8596/LyaDis/repro/runs/poly2d/libs/sd3/dso/dso/task/regression/benchmarks_bkup_1.csv
Generated data for benchmark   : fn_d_all_b_5
-- BUILDING DATASET END -------------

Function set                   : Koza --> ['add', 'sub', 'mul', 'sin', 'cos', 'n2']

MainProcess| 2026-06-22 02:03:53,536,536 multiprocessing INFO [BASELINE_TESTING NOW] dataset=fn_d_all_b_5 	| baseline=transformer 	| seed=2 	| data_samples=15000 	| noise=0.0
MainProcess| 2026-06-22 02:03:53,541,541 multiprocessing INFO [RUN SETTINGS]: test_dataset=fn_d_all_b_5  batch_outer_datasets=24 pre_train=False load_pre_trained_path= priority_queue_training=True gp_meld=True model=TransformerTreeEncoderController train_path= risk_seeking_pg_train=True
[RUN SETTINGS]: test_dataset=fn_d_all_b_5  batch_outer_datasets=24 pre_train=False load_pre_trained_path= priority_queue_training=True gp_meld=True model=TransformerTreeEncoderController train_path= risk_seeking_pg_train=True
MainProcess| 2026-06-22 02:03:53,630,630 multiprocessing INFO Running model : TransformerTreeEncoderController
Running model : TransformerTreeEncoderController

-- BUILDING DATASET START -----------
Benchmark path                 : /users/9/chen8596/LyaDis/repro/runs/poly2d/libs/sd3/dso/dso/task/regression/benchmarks_bkup_1.csv
Generated data for benchmark   : fn_d_all_b_5
-- BUILDING DATASET END -------------

Function set                   : Koza --> ['add', 'sub', 'mul', 'sin', 'cos', 'n2']

MainProcess| 2026-06-22 02:03:53,639,639 multiprocessing INFO Function set: ['x1', 'x2', 'add', 'sub', 'mul', 'sin', 'cos', 'n2']

-- BUILDING DATASET START -----------
Benchmark path                 : /users/9/chen8596/LyaDis/repro/runs/poly2d/libs/sd3/dso/dso/task/regression/benchmarks_bkup_1.csv
Generated data for benchmark   : fn_d_all_b_5
-- BUILDING DATASET END -------------

Function set                   : Koza --> ['add', 'sub', 'mul', 'sin', 'cos', 'n2']

-- BUILDING PRIOR START -------------
WARNING: Skipping invalid 'RelationalConstraint' with arguments {'targets': [], 'effectors': [], 'relationship': None}. Reason: Prior disabled.
WARNING: Skipping invalid 'RepeatConstraint' with arguments {'tokens': 'const', 'min_': None, 'max_': 5}. Reason: Uses Tokens not in the Library.
WARNING: Skipping invalid 'InverseUnaryConstraint' with arguments {}. Reason: There are no inverse unary Token pairs in the Library.
WARNING: Skipping invalid 'ConstConstraint' with arguments {}. Reason: Prior disabled.
WARNING: Skipping invalid 'NoInputsConstraint' with arguments {}. Reason: All terminal tokens are input variables, so allsequences will have an input variable.
WARNING: Skipping invalid 'UniformArityPrior' with arguments {}. Reason: Prior disabled.
LengthConstraint: Sequences have minimum length 4.
                  Sequences have maximum length 12.
TrigConstraint: [sin, cos] cannot be a descendant of [sin, cos].
SoftLengthPrior: No description available.
-- BUILDING PRIOR END ---------------

MainProcess| 2026-06-22 02:03:54,039,39 multiprocessing INFO Transformer overwriting hidden size to input_dim 128
Transformer overwriting hidden size to input_dim 128
MainProcess| 2026-06-22 02:03:54,630,630 multiprocessing INFO Encoder params: {'sinuisodal_embeddings': False, 'dec_pf_dim': 32, 'dec_layers': 1, 'dim_hidden': 128, 'lr': 0.0001, 'dropout': 0, 'num_features': 1, 'ln': True, 'N_p': 0, 'num_inds': 64, 'activation': 'relu', 'bit16': False, 'norm': True, 'linear': True, 'input_normalization': False, 'src_pad_idx': 0, 'trg_pad_idx': 0, 'length_eq': 20, 'n_l_enc': 3, 'mean': 0.5, 'std': 0.5, 'dim_input': 64, 'num_heads': 2, 'output_dim': 10}
Encoder params: {'sinuisodal_embeddings': False, 'dec_pf_dim': 32, 'dec_layers': 1, 'dim_hidden': 128, 'lr': 0.0001, 'dropout': 0, 'num_features': 1, 'ln': True, 'N_p': 0, 'num_inds': 64, 'activation': 'relu', 'bit16': False, 'norm': True, 'linear': True, 'input_normalization': False, 'src_pad_idx': 0, 'trg_pad_idx': 0, 'length_eq': 20, 'n_l_enc': 3, 'mean': 0.5, 'std': 0.5, 'dim_input': 64, 'num_heads': 2, 'output_dim': 10}
MainProcess| 2026-06-22 02:03:54,807,807 multiprocessing INFO TransformerTreeEncoderController parameters: 4033852 	 | trainable : 4033852
TransformerTreeEncoderController parameters: 4033852 	 | trainable : 4033852
MainProcess| 2026-06-22 02:03:54,868,868 multiprocessing INFO GP CONFIG : {'verbose': False, 'generations': 35, 'p_crossover': 0.5, 'p_mutate': 0.5, 'tournament_size': 7, 'train_n': 50, 'mutate_tree_max': 3}
GP CONFIG : {'verbose': False, 'generations': 35, 'p_crossover': 0.5, 'p_mutate': 0.5, 'tournament_size': 7, 'train_n': 50, 'mutate_tree_max': 3}
MainProcess| 2026-06-22 02:03:54,940,940 multiprocessing INFO config: {'experiment': {'logdir': './log', 'seed': 13, 'timestamp': '2026-06-22-020353', 'task_name': 'fn_d_all_b_5', 'save_path': './log/fn_d_all_b_5_2026-06-22-020353_2'}, 'task': {'task_type': 'regression', 'dataset': 'fn_d_all_b_5', 'function_set': ['add', 'sub', 'mul', 'sin', 'cos', 'n2'], 'metric': 'lyapunov_risk', 'metric_params': [1.0], 'extra_metric_test': None, 'extra_metric_test_params': [], 'threshold': 1e-12, 'protected': False, 'reward_noise': 0.0, 'reward_noise_type': 'r', 'normalize_variance': False, 'decision_tree_threshold_set': []}, 'training': {'n_epochs': None, 'n_samples': 2000000, 'batch_size': 500, 'epsilon': 0.1, 'baseline': 'R_e', 'alpha': 0.5, 'b_jumpstart': False, 'n_cores_batch': 1, 'complexity': 'token', 'const_optimizer': 'scipy', 'const_params': {'method': 'L-BFGS-B', 'options': {'gtol': 0.001}}, 'verbose': True, 'debug': 0, 'early_stopping': True, 'hof': 100, 'use_memory': False, 'memory_capacity': 1000.0, 'warm_start': None, 'memory_threshold': None, 'save_all_epoch': False, 'save_summary': False, 'save_positional_entropy': False, 'save_pareto_front': True, 'save_cache': False, 'save_cache_r_min': 0.9, 'save_freq': 1, 'save_token_count': False}, 'state_manager': {'observe_action': False, 'observe_parent': True, 'observe_sibling': True, 'observe_dangling': False, 'embedding': True, 'embedding_size': 64}, 'controller': {'max_length': 64, 'cell': 'lstm', 'num_layers': 1, 'num_units': 64, 'initializer': 'zeros', 'learning_rate': 0.0003, 'optimizer': 'adam', 'entropy_weight': 0.005, 'entropy_gamma': 0.8, 'pqt': True, 'pqt_k': 10, 'pqt_batch_size': 1, 'pqt_weight': 200.0, 'pqt_use_pg': False, 'summary': False, 'rl_weight': 1.0}, 'gp_meld': {'generations': 35, 'p_crossover': 0.5, 'p_mutate': 0.5, 'tournament_size': 7, 'train_n': 50, 'mutate_tree_max': 3}, 'prior': {'relational': {'targets': [], 'effectors': [], 'relationship': None}, 'length': {'min_': 4, 'max_': 12}, 'repeat': {'tokens': 'const', 'min_': None, 'max_': 5}, 'inverse': {}, 'trig': {}, 'const': {}, 'no_inputs': {}, 'uniform_arity': {}, 'soft_length': {'loc': 10, 'scale': 5}}, 'postprocess': {'show_count': 5, 'save_plots': True}, 'model': 'TransformerTreeEncoderController', 'function_names_str': 'x1,x2,add,sub,mul,sin,cos,n2', 'nesymres_train_config': {'architecture': {'sinuisodal_embeddings': False, 'dec_pf_dim': 32, 'dec_layers': 1, 'dim_hidden': 128, 'lr': 0.0001, 'dropout': 0, 'num_features': 1, 'ln': True, 'N_p': 0, 'num_inds': 64, 'activation': 'relu', 'bit16': False, 'norm': True, 'linear': True, 'input_normalization': False, 'src_pad_idx': 0, 'trg_pad_idx': 0, 'length_eq': 20, 'n_l_enc': 3, 'mean': 0.5, 'std': 0.5, 'dim_input': 64, 'num_heads': 2, 'output_dim': 10}}}

-- BUILDING DATASET START -----------
Benchmark path                 : /users/9/chen8596/LyaDis/repro/runs/poly2d/libs/sd3/dso/dso/task/regression/benchmarks_bkup_1.csv
Generated data for benchmark   : fn_d_all_b_5
-- BUILDING DATASET END -------------

Function set                   : Koza --> ['add', 'sub', 'mul', 'sin', 'cos', 'n2']

-- RUNNING EPOCHS START -------------
torch.Size([500, 43])
/users/9/chen8596/miniconda3/envs/alfd/lib/python3.9/site-packages/torch/nn/functional.py:4999: UserWarning: Support for mismatched key_padding_mask and attn_mask is deprecated. Use same type for both instead.
  warnings.warn(
/users/9/chen8596/miniconda3/envs/alfd/lib/python3.9/site-packages/torch/nn/functional.py:4999: UserWarning: Support for mismatched key_padding_mask and attn_mask is deprecated. Use same type for both instead.
  warnings.warn(
/users/9/chen8596/miniconda3/envs/alfd/lib/python3.9/site-packages/torch/nn/functional.py:4999: UserWarning: Support for mismatched key_padding_mask and attn_mask is deprecated. Use same type for both instead.
  warnings.warn(
MainProcess| 2026-06-22 02:04:29,676,676 multiprocessing INFO Genetic Porgramming Runtime 31.64024847908877
Genetic Porgramming Runtime 31.64024847908877

=========================PGD Collection Starts=========================

MainProcess| 2026-06-22 02:04:30,425,425 multiprocessing INFO created temp directory /tmp/pymp-0p8o413y
SpawnPoolWorker-6| 2026-06-22 02:04:34,749,749 multiprocessing INFO STARTING NEW RUN ==========
SpawnPoolWorker-6| 2026-06-22 02:04:34,749,749 multiprocessing INFO SEE LOG AT : ./logs/all_Lyapunov_test_dso-fn_d_all_b_01_log.txt
SpawnPoolWorker-6| 2026-06-22 02:04:34,749,749 multiprocessing INFO See log at : ./logs/all_Lyapunov_test_dso-fn_d_all_b_01_log.txt
SpawnPoolWorker-6| 2026-06-22 02:04:34,751,751 multiprocessing INFO child process calling self.run()
SpawnPoolWorker-4| 2026-06-22 02:04:34,826,826 multiprocessing INFO STARTING NEW RUN ==========
SpawnPoolWorker-4| 2026-06-22 02:04:34,826,826 multiprocessing INFO SEE LOG AT : ./logs/all_Lyapunov_test_dso-fn_d_all_b_01_log.txt
SpawnPoolWorker-4| 2026-06-22 02:04:34,827,827 multiprocessing INFO See log at : ./logs/all_Lyapunov_test_dso-fn_d_all_b_01_log.txt
SpawnPoolWorker-4| 2026-06-22 02:04:34,828,828 multiprocessing INFO child process calling self.run()
SpawnPoolWorker-8| 2026-06-22 02:04:34,828,828 multiprocessing INFO STARTING NEW RUN ==========
SpawnPoolWorker-8| 2026-06-22 02:04:34,828,828 multiprocessing INFO SEE LOG AT : ./logs/all_Lyapunov_test_dso-fn_d_all_b_01_log.txt
SpawnPoolWorker-8| 2026-06-22 02:04:34,828,828 multiprocessing INFO See log at : ./logs/all_Lyapunov_test_dso-fn_d_all_b_01_log.txt
SpawnPoolWorker-8| 2026-06-22 02:04:34,830,830 multiprocessing INFO child process calling self.run()
SpawnPoolWorker-2| 2026-06-22 02:04:34,921,921 multiprocessing INFO STARTING NEW RUN ==========
SpawnPoolWorker-2| 2026-06-22 02:04:34,921,921 multiprocessing INFO SEE LOG AT : ./logs/all_Lyapunov_test_dso-fn_d_all_b_01_log.txt
SpawnPoolWorker-2| 2026-06-22 02:04:34,921,921 multiprocessing INFO See log at : ./logs/all_Lyapunov_test_dso-fn_d_all_b_01_log.txt
SpawnPoolWorker-2| 2026-06-22 02:04:34,923,923 multiprocessing INFO child process calling self.run()
SpawnPoolWorker-10| 2026-06-22 02:04:34,958,958 multiprocessing INFO STARTING NEW RUN ==========
SpawnPoolWorker-10| 2026-06-22 02:04:34,958,958 multiprocessing INFO SEE LOG AT : ./logs/all_Lyapunov_test_dso-fn_d_all_b_01_log.txt
SpawnPoolWorker-10| 2026-06-22 02:04:34,958,958 multiprocessing INFO See log at : ./logs/all_Lyapunov_test_dso-fn_d_all_b_01_log.txt
SpawnPoolWorker-10| 2026-06-22 02:04:34,960,960 multiprocessing INFO child process calling self.run()
SpawnPoolWorker-5| 2026-06-22 02:04:34,969,969 multiprocessing INFO STARTING NEW RUN ==========
SpawnPoolWorker-5| 2026-06-22 02:04:34,969,969 multiprocessing INFO SEE LOG AT : ./logs/all_Lyapunov_test_dso-fn_d_all_b_01_log.txt
SpawnPoolWorker-5| 2026-06-22 02:04:34,969,969 multiprocessing INFO See log at : ./logs/all_Lyapunov_test_dso-fn_d_all_b_01_log.txt
SpawnPoolWorker-5| 2026-06-22 02:04:34,970,970 multiprocessing INFO child process calling self.run()
SpawnPoolWorker-3| 2026-06-22 02:04:35,136,136 multiprocessing INFO STARTING NEW RUN ==========
SpawnPoolWorker-3| 2026-06-22 02:04:35,136,136 multiprocessing INFO SEE LOG AT : ./logs/all_Lyapunov_test_dso-fn_d_all_b_01_log.txt
SpawnPoolWorker-3| 2026-06-22 02:04:35,136,136 multiprocessing INFO See log at : ./logs/all_Lyapunov_test_dso-fn_d_all_b_01_log.txt
SpawnPoolWorker-3| 2026-06-22 02:04:35,137,137 multiprocessing INFO child process calling self.run()
SpawnPoolWorker-7| 2026-06-22 02:04:35,141,141 multiprocessing INFO STARTING NEW RUN ==========
SpawnPoolWorker-9| 2026-06-22 02:04:35,141,141 multiprocessing INFO STARTING NEW RUN ==========
SpawnPoolWorker-7| 2026-06-22 02:04:35,142,142 multiprocessing INFO SEE LOG AT : ./logs/all_Lyapunov_test_dso-fn_d_all_b_01_log.txt
SpawnPoolWorker-9| 2026-06-22 02:04:35,142,142 multiprocessing INFO SEE LOG AT : ./logs/all_Lyapunov_test_dso-fn_d_all_b_01_log.txt
SpawnPoolWorker-7| 2026-06-22 02:04:35,142,142 multiprocessing INFO See log at : ./logs/all_Lyapunov_test_dso-fn_d_all_b_01_log.txt
SpawnPoolWorker-9| 2026-06-22 02:04:35,142,142 multiprocessing INFO See log at : ./logs/all_Lyapunov_test_dso-fn_d_all_b_01_log.txt
SpawnPoolWorker-9| 2026-06-22 02:04:35,143,143 multiprocessing INFO child process calling self.run()
SpawnPoolWorker-7| 2026-06-22 02:04:35,143,143 multiprocessing INFO child process calling self.run()
SpawnPoolWorker-1| 2026-06-22 02:04:35,152,152 multiprocessing INFO STARTING NEW RUN ==========
SpawnPoolWorker-1| 2026-06-22 02:04:35,152,152 multiprocessing INFO SEE LOG AT : ./logs/all_Lyapunov_test_dso-fn_d_all_b_01_log.txt
SpawnPoolWorker-1| 2026-06-22 02:04:35,152,152 multiprocessing INFO See log at : ./logs/all_Lyapunov_test_dso-fn_d_all_b_01_log.txt
SpawnPoolWorker-1| 2026-06-22 02:04:35,153,153 multiprocessing INFO child process calling self.run()
SpawnPoolWorker-3| 2026-06-22 02:06:03,374,374 multiprocessing INFO process shutting down
SpawnPoolWorker-8| 2026-06-22 02:06:03,374,374 multiprocessing INFO process shutting down
SpawnPoolWorker-3| 2026-06-22 02:06:03,375,375 multiprocessing INFO process exiting with exitcode 0
SpawnPoolWorker-6| 2026-06-22 02:06:03,375,375 multiprocessing INFO process shutting down
SpawnPoolWorker-5| 2026-06-22 02:06:03,376,376 multiprocessing INFO process shutting down
SpawnPoolWorker-6| 2026-06-22 02:06:03,376,376 multiprocessing INFO process exiting with exitcode 0
SpawnPoolWorker-5| 2026-06-22 02:06:03,377,377 multiprocessing INFO process exiting with exitcode 0
SpawnPoolWorker-1| 2026-06-22 02:06:03,376,376 multiprocessing INFO process shutting down
SpawnPoolWorker-7| 2026-06-22 02:06:03,376,376 multiprocessing INFO process shutting down
SpawnPoolWorker-9| 2026-06-22 02:06:03,377,377 multiprocessing INFO process shutting down
SpawnPoolWorker-10| 2026-06-22 02:06:03,378,378 multiprocessing INFO process shutting down
SpawnPoolWorker-4| 2026-06-22 02:06:03,378,378 multiprocessing INFO process shutting down
(3000,)

===================Collect 3000 Examples===================

Epsilon 0.1
500
(550,)
(550,)
(55,)
Number of Programs for Minimization: 28
SpawnPoolWorker-13| 2026-06-22 02:06:30,089,89 multiprocessing INFO STARTING NEW RUN ==========
SpawnPoolWorker-13| 2026-06-22 02:06:30,090,90 multiprocessing INFO SEE LOG AT : ./logs/all_Lyapunov_test_dso-fn_d_all_b_01_log.txt
SpawnPoolWorker-13| 2026-06-22 02:06:30,090,90 multiprocessing INFO See log at : ./logs/all_Lyapunov_test_dso-fn_d_all_b_01_log.txt
SpawnPoolWorker-13| 2026-06-22 02:06:30,112,112 multiprocessing INFO child process calling self.run()
SpawnPoolWorker-46| 2026-06-22 02:06:30,916,916 multiprocessing INFO STARTING NEW RUN ==========
SpawnPoolWorker-46| 2026-06-22 02:06:30,916,916 multiprocessing INFO SEE LOG AT : ./logs/all_Lyapunov_test_dso-fn_d_all_b_01_log.txt
SpawnPoolWorker-46| 2026-06-22 02:06:30,916,916 multiprocessing INFO See log at : ./logs/all_Lyapunov_test_dso-fn_d_all_b_01_log.txt
SpawnPoolWorker-46| 2026-06-22 02:06:30,940,940 multiprocessing INFO child process calling self.run()
SpawnPoolWorker-21| 2026-06-22 02:06:32,143,143 multiprocessing INFO STARTING NEW RUN ==========
SpawnPoolWorker-21| 2026-06-22 02:06:32,144,144 multiprocessing INFO SEE LOG AT : ./logs/all_Lyapunov_test_dso-fn_d_all_b_01_log.txt
SpawnPoolWorker-21| 2026-06-22 02:06:32,144,144 multiprocessing INFO See log at : ./logs/all_Lyapunov_test_dso-fn_d_all_b_01_log.txt
SpawnPoolWorker-21| 2026-06-22 02:06:32,151,151 multiprocessing INFO child process calling self.run()
SpawnPoolWorker-32| 2026-06-22 02:06:32,782,782 multiprocessing INFO STARTING NEW RUN ==========
SpawnPoolWorker-32| 2026-06-22 02:06:32,782,782 multiprocessing INFO SEE LOG AT : ./logs/all_Lyapunov_test_dso-fn_d_all_b_01_log.txt
SpawnPoolWorker-32| 2026-06-22 02:06:32,782,782 multiprocessing INFO See log at : ./logs/all_Lyapunov_test_dso-fn_d_all_b_01_log.txt
SpawnPoolWorker-32| 2026-06-22 02:06:32,786,786 multiprocessing INFO child process calling self.run()
SpawnPoolWorker-12| 2026-06-22 02:06:33,061,61 multiprocessing INFO STARTING NEW RUN ==========
SpawnPoolWorker-12| 2026-06-22 02:06:33,061,61 multiprocessing INFO SEE LOG AT : ./logs/all_Lyapunov_test_dso-fn_d_all_b_01_log.txt
SpawnPoolWorker-12| 2026-06-22 02:06:33,061,61 multiprocessing INFO See log at : ./logs/all_Lyapunov_test_dso-fn_d_all_b_01_log.txt
SpawnPoolWorker-12| 2026-06-22 02:06:33,067,67 multiprocessing INFO child process calling self.run()
SpawnPoolWorker-14| 2026-06-22 02:06:33,574,574 multiprocessing INFO STARTING NEW RUN ==========
SpawnPoolWorker-14| 2026-06-22 02:06:33,574,574 multiprocessing INFO SEE LOG AT : ./logs/all_Lyapunov_test_dso-fn_d_all_b_01_log.txt
SpawnPoolWorker-14| 2026-06-22 02:06:33,574,574 multiprocessing INFO See log at : ./logs/all_Lyapunov_test_dso-fn_d_all_b_01_log.txt
SpawnPoolWorker-14| 2026-06-22 02:06:33,578,578 multiprocessing INFO child process calling self.run()
SpawnPoolWorker-22| 2026-06-22 02:06:33,705,705 multiprocessing INFO STARTING NEW RUN ==========
SpawnPoolWorker-22| 2026-06-22 02:06:33,705,705 multiprocessing INFO SEE LOG AT : ./logs/all_Lyapunov_test_dso-fn_d_all_b_01_log.txt
SpawnPoolWorker-22| 2026-06-22 02:06:33,705,705 multiprocessing INFO See log at : ./logs/all_Lyapunov_test_dso-fn_d_all_b_01_log.txt
SpawnPoolWorker-22| 2026-06-22 02:06:33,734,734 multiprocessing INFO child process calling self.run()
SpawnPoolWorker-11| 2026-06-22 02:06:34,077,77 multiprocessing INFO STARTING NEW RUN ==========
SpawnPoolWorker-11| 2026-06-22 02:06:34,077,77 multiprocessing INFO SEE LOG AT : ./logs/all_Lyapunov_test_dso-fn_d_all_b_01_log.txt
SpawnPoolWorker-11| 2026-06-22 02:06:34,077,77 multiprocessing INFO See log at : ./logs/all_Lyapunov_test_dso-fn_d_all_b_01_log.txt
SpawnPoolWorker-11| 2026-06-22 02:06:34,081,81 multiprocessing INFO child process calling self.run()
SpawnPoolWorker-17| 2026-06-22 02:06:34,350,350 multiprocessing INFO STARTING NEW RUN ==========
SpawnPoolWorker-17| 2026-06-22 02:06:34,350,350 multiprocessing INFO SEE LOG AT : ./logs/all_Lyapunov_test_dso-fn_d_all_b_01_log.txt
SpawnPoolWorker-17| 2026-06-22 02:06:34,350,350 multiprocessing INFO See log at : ./logs/all_Lyapunov_test_dso-fn_d_all_b_01_log.txt
SpawnPoolWorker-17| 2026-06-22 02:06:34,358,358 multiprocessing INFO child process calling self.run()
SpawnPoolWorker-38| 2026-06-22 02:06:34,669,669 multiprocessing INFO STARTING NEW RUN ==========
SpawnPoolWorker-38| 2026-06-22 02:06:34,669,669 multiprocessing INFO SEE LOG AT : ./logs/all_Lyapunov_test_dso-fn_d_all_b_01_log.txt
SpawnPoolWorker-38| 2026-06-22 02:06:34,669,669 multiprocessing INFO See log at : ./logs/all_Lyapunov_test_dso-fn_d_all_b_01_log.txt
SpawnPoolWorker-38| 2026-06-22 02:06:34,707,707 multiprocessing INFO child process calling self.run()
SpawnPoolWorker-16| 2026-06-22 02:06:34,904,904 multiprocessing INFO STARTING NEW RUN ==========
SpawnPoolWorker-16| 2026-06-22 02:06:34,904,904 multiprocessing INFO SEE LOG AT : ./logs/all_Lyapunov_test_dso-fn_d_all_b_01_log.txt
SpawnPoolWorker-16| 2026-06-22 02:06:34,904,904 multiprocessing INFO See log at : ./logs/all_Lyapunov_test_dso-fn_d_all_b_01_log.txt
SpawnPoolWorker-16| 2026-06-22 02:06:34,921,921 multiprocessing INFO child process calling self.run()
SpawnPoolWorker-43| 2026-06-22 02:06:35,610,610 multiprocessing INFO STARTING NEW RUN ==========
SpawnPoolWorker-43| 2026-06-22 02:06:35,610,610 multiprocessing INFO SEE LOG AT : ./logs/all_Lyapunov_test_dso-fn_d_all_b_01_log.txt
SpawnPoolWorker-43| 2026-06-22 02:06:35,610,610 multiprocessing INFO See log at : ./logs/all_Lyapunov_test_dso-fn_d_all_b_01_log.txt
SpawnPoolWorker-43| 2026-06-22 02:06:35,638,638 multiprocessing INFO child process calling self.run()
SpawnPoolWorker-45| 2026-06-22 02:06:35,719,719 multiprocessing INFO STARTING NEW RUN ==========
SpawnPoolWorker-45| 2026-06-22 02:06:35,719,719 multiprocessing INFO SEE LOG AT : ./logs/all_Lyapunov_test_dso-fn_d_all_b_01_log.txt
SpawnPoolWorker-45| 2026-06-22 02:06:35,719,719 multiprocessing INFO See log at : ./logs/all_Lyapunov_test_dso-fn_d_all_b_01_log.txt
SpawnPoolWorker-20| 2026-06-22 02:06:35,722,722 multiprocessing INFO STARTING NEW RUN ==========
SpawnPoolWorker-20| 2026-06-22 02:06:35,722,722 multiprocessing INFO SEE LOG AT : ./logs/all_Lyapunov_test_dso-fn_d_all_b_01_log.txt
SpawnPoolWorker-20| 2026-06-22 02:06:35,722,722 multiprocessing INFO See log at : ./logs/all_Lyapunov_test_dso-fn_d_all_b_01_log.txt
SpawnPoolWorker-20| 2026-06-22 02:06:35,724,724 multiprocessing INFO child process calling self.run()
SpawnPoolWorker-45| 2026-06-22 02:06:35,733,733 multiprocessing INFO child process calling self.run()
SpawnPoolWorker-32| 2026-06-22 02:06:35,953,953 multiprocessing INFO process shutting down
SpawnPoolWorker-13| 2026-06-22 02:06:35,953,953 multiprocessing INFO process shutting down
SpawnPoolWorker-13| 2026-06-22 02:06:35,954,954 multiprocessing INFO process exiting with exitcode 0
SpawnPoolWorker-32| 2026-06-22 02:06:35,954,954 multiprocessing INFO process exiting with exitcode 0
SpawnPoolWorker-22| 2026-06-22 02:06:35,954,954 multiprocessing INFO process shutting down
SpawnPoolWorker-11| 2026-06-22 02:06:35,955,955 multiprocessing INFO process shutting down
SpawnPoolWorker-12| 2026-06-22 02:06:35,955,955 multiprocessing INFO process shutting down
SpawnPoolWorker-14| 2026-06-22 02:06:35,955,955 multiprocessing INFO process shutting down
SpawnPoolWorker-22| 2026-06-22 02:06:35,956,956 multiprocessing INFO process exiting with exitcode 0
SpawnPoolWorker-21| 2026-06-22 02:06:35,956,956 multiprocessing INFO process shutting down
SpawnPoolWorker-17| 2026-06-22 02:06:35,959,959 multiprocessing INFO process shutting down
SpawnPoolWorker-11| 2026-06-22 02:06:35,959,959 multiprocessing INFO process exiting with exitcode 0
SpawnPoolWorker-17| 2026-06-22 02:06:35,960,960 multiprocessing INFO process exiting with exitcode 0
SpawnPoolWorker-46| 2026-06-22 02:06:35,959,959 multiprocessing INFO process shutting down
SpawnPoolWorker-46| 2026-06-22 02:06:35,960,960 multiprocessing INFO process exiting with exitcode 0
SpawnPoolWorker-43| 2026-06-22 02:06:35,960,960 multiprocessing INFO process shutting down
SpawnPoolWorker-20| 2026-06-22 02:06:35,963,963 multiprocessing INFO process shutting down
SpawnPoolWorker-38| 2026-06-22 02:06:35,963,963 multiprocessing INFO process shutting down
SpawnPoolWorker-45| 2026-06-22 02:06:35,964,964 multiprocessing INFO process shutting down
SpawnPoolWorker-12| 2026-06-22 02:06:35,964,964 multiprocessing INFO process exiting with exitcode 0
SpawnPoolWorker-45| 2026-06-22 02:06:35,964,964 multiprocessing INFO process exiting with exitcode 0
SpawnPoolWorker-43| 2026-06-22 02:06:35,972,972 multiprocessing INFO process exiting with exitcode 0
SpawnPoolWorker-38| 2026-06-22 02:06:35,973,973 multiprocessing INFO process exiting with exitcode 0
28
(15003, 2)
(15003,)
(15003, 2)
(15003,)

=======================Successfully Added (3, 2) Counter Examples=======================

Number of valid equations: 49. Program should stopped
9*x1**2 + 4*x2**2
[9*x1**2 + 4*x2**2, 4*x2**2 + (2*x1 + sin(x1))**2, 4*x2**2 + (2*x1 + sin(x1))**2, 4*x2**2 + (2*x1 + sin(x1))**2, 9*x1**2 + (x2 + sin(x2))**2, 9*x1**2 + (x2 + sin(x2))**2, 9*x1**2 + 2*x2**2, 4*x1**2 + (x1 + 2*x2)**2, 4*x1**2 + (x1 + 2*x2)**2, 4*x1**2 + (x1 + 2*x2)**2, 4*x1**2 + (x1 + 2*x2)**2, 4*x1**2 + (2*x2 + sin(x1))**2, 4*x1**2 + (x1 + x2 + sin(x2))**2, 4*x1**2 + (x1 + x2 + sin(x2))**2, 4*x1**2 + (x2 + sin(x1 + x2))**2, 4*x1**2 + (x2 + sin(x2))**2, 4*x1**2 + (x2 + sin(x2))**2, 10*x1**2 + x2**2, x2**2 + (2*x1 + sin(x1 - x2))**2, 9*x1**2 + (-x1 + x2)**2, 9*x1**2 + (x1 - x2)**2, x2**2 + (3*x1 + x2)**2, x2**2 + (2*x1 + sin(x1 + x2))**2, 9*x1**2 + (x1 + x2)**2, 9*x1**2 + (x1 + x2)**2, 9*x1**2 + (x1 + x2)**2, 9*x1**2 + (x1 + x2)**2, 9*x1**2 + (x2 + sin(x1))**2, 9*x1**2 + (x2 + sin(x1))**2, (x1 + x2)**2 + (2*x1 + sin(x1))**2, (x1 + x2)**2 + (2*x1 + sin(x1))**2, 9*x1**2 + sin(x1 - x2)**2, 9*x1**2 + (x1**2 + x2)**2, 9*x1**2 + (x1**2 + x2)**2, 9*x1**2 + x2**2, 9*x1**2 + x2**2, 9*x1**2 + x2**2, 9*x1**2 + x2**2, 9*x1**2 + sin(x2**2), x2**2 + (2*x1 + sin(x1))**2, 9*x1**2 + (x1 + sin(x2))**2, 9*x1**2 + sin(x1 + x2)**2, 9*x1**2 + sin(x2)**2, (x1 + x2)**2 + (2*x1 - x2)**2, (x1 + x2)**2 + (2*x1 - x2)**2, (x1 + x2)**2 + (2*x1 - x2)**2, (x1 + x2)**2 + (2*x1 - x2)**2, (2*x1 - x2)**2 + (x2 + sin(x1))**2, (x1 + x2)**2 + (x1 - x2 + sin(x1))**2]
MainProcess| 2026-06-22 04:36:01,438,438 multiprocessing INFO Number of valid equations: 49. Program should stopped
Number of valid equations: 49. Program should stopped
MainProcess| 2026-06-22 04:36:01,440,440 multiprocessing INFO 9*x1**2 + 4*x2**2
9*x1**2 + 4*x2**2
MainProcess| 2026-06-22 04:36:01,441,441 multiprocessing INFO [9*x1**2 + 4*x2**2, 4*x2**2 + (2*x1 + sin(x1))**2, 4*x2**2 + (2*x1 + sin(x1))**2, 4*x2**2 + (2*x1 + sin(x1))**2, 9*x1**2 + (x2 + sin(x2))**2, 9*x1**2 + (x2 + sin(x2))**2, 9*x1**2 + 2*x2**2, 4*x1**2 + (x1 + 2*x2)**2, 4*x1**2 + (x1 + 2*x2)**2, 4*x1**2 + (x1 + 2*x2)**2, 4*x1**2 + (x1 + 2*x2)**2, 4*x1**2 + (2*x2 + sin(x1))**2, 4*x1**2 + (x1 + x2 + sin(x2))**2, 4*x1**2 + (x1 + x2 + sin(x2))**2, 4*x1**2 + (x2 + sin(x1 + x2))**2, 4*x1**2 + (x2 + sin(x2))**2, 4*x1**2 + (x2 + sin(x2))**2, 10*x1**2 + x2**2, x2**2 + (2*x1 + sin(x1 - x2))**2, 9*x1**2 + (-x1 + x2)**2, 9*x1**2 + (x1 - x2)**2, x2**2 + (3*x1 + x2)**2, x2**2 + (2*x1 + sin(x1 + x2))**2, 9*x1**2 + (x1 + x2)**2, 9*x1**2 + (x1 + x2)**2, 9*x1**2 + (x1 + x2)**2, 9*x1**2 + (x1 + x2)**2, 9*x1**2 + (x2 + sin(x1))**2, 9*x1**2 + (x2 + sin(x1))**2, (x1 + x2)**2 + (2*x1 + sin(x1))**2, (x1 + x2)**2 + (2*x1 + sin(x1))**2, 9*x1**2 + sin(x1 - x2)**2, 9*x1**2 + (x1**2 + x2)**2, 9*x1**2 + (x1**2 + x2)**2, 9*x1**2 + x2**2, 9*x1**2 + x2**2, 9*x1**2 + x2**2, 9*x1**2 + x2**2, 9*x1**2 + sin(x2**2), x2**2 + (2*x1 + sin(x1))**2, 9*x1**2 + (x1 + sin(x2))**2, 9*x1**2 + sin(x1 + x2)**2, 9*x1**2 + sin(x2)**2, (x1 + x2)**2 + (2*x1 - x2)**2, (x1 + x2)**2 + (2*x1 - x2)**2, (x1 + x2)**2 + (2*x1 - x2)**2, (x1 + x2)**2 + (2*x1 - x2)**2, (2*x1 - x2)**2 + (x2 + sin(x1))**2, (x1 + x2)**2 + (x1 - x2 + sin(x1))**2]
[9*x1**2 + 4*x2**2, 4*x2**2 + (2*x1 + sin(x1))**2, 4*x2**2 + (2*x1 + sin(x1))**2, 4*x2**2 + (2*x1 + sin(x1))**2, 9*x1**2 + (x2 + sin(x2))**2, 9*x1**2 + (x2 + sin(x2))**2, 9*x1**2 + 2*x2**2, 4*x1**2 + (x1 + 2*x2)**2, 4*x1**2 + (x1 + 2*x2)**2, 4*x1**2 + (x1 + 2*x2)**2, 4*x1**2 + (x1 + 2*x2)**2, 4*x1**2 + (2*x2 + sin(x1))**2, 4*x1**2 + (x1 + x2 + sin(x2))**2, 4*x1**2 + (x1 + x2 + sin(x2))**2, 4*x1**2 + (x2 + sin(x1 + x2))**2, 4*x1**2 + (x2 + sin(x2))**2, 4*x1**2 + (x2 + sin(x2))**2, 10*x1**2 + x2**2, x2**2 + (2*x1 + sin(x1 - x2))**2, 9*x1**2 + (-x1 + x2)**2, 9*x1**2 + (x1 - x2)**2, x2**2 + (3*x1 + x2)**2, x2**2 + (2*x1 + sin(x1 + x2))**2, 9*x1**2 + (x1 + x2)**2, 9*x1**2 + (x1 + x2)**2, 9*x1**2 + (x1 + x2)**2, 9*x1**2 + (x1 + x2)**2, 9*x1**2 + (x2 + sin(x1))**2, 9*x1**2 + (x2 + sin(x1))**2, (x1 + x2)**2 + (2*x1 + sin(x1))**2, (x1 + x2)**2 + (2*x1 + sin(x1))**2, 9*x1**2 + sin(x1 - x2)**2, 9*x1**2 + (x1**2 + x2)**2, 9*x1**2 + (x1**2 + x2)**2, 9*x1**2 + x2**2, 9*x1**2 + x2**2, 9*x1**2 + x2**2, 9*x1**2 + x2**2, 9*x1**2 + sin(x2**2), x2**2 + (2*x1 + sin(x1))**2, 9*x1**2 + (x1 + sin(x2))**2, 9*x1**2 + sin(x1 + x2)**2, 9*x1**2 + sin(x2)**2, (x1 + x2)**2 + (2*x1 - x2)**2, (x1 + x2)**2 + (2*x1 - x2)**2, (x1 + x2)**2 + (2*x1 - x2)**2, (x1 + x2)**2 + (2*x1 - x2)**2, (2*x1 - x2)**2 + (x2 + sin(x1))**2, (x1 + x2)**2 + (x1 - x2 + sin(x1))**2]
(55, 43)
/users/9/chen8596/miniconda3/envs/alfd/lib/python3.9/site-packages/torch/nn/functional.py:4999: UserWarning: Support for mismatched key_padding_mask and attn_mask is deprecated. Use same type for both instead.
  warnings.warn(
/users/9/chen8596/LyaDis/repro/runs/poly2d/utils/train.py:971: RuntimeWarning: divide by zero encountered in divide
  error = np.abs(((y_hat - y) / y))
/users/9/chen8596/.local/lib/python3.9/site-packages/scipy/stats/_stats_py.py:4424: ConstantInputWarning: An input array is constant; the correlation coefficient is not defined.
  warnings.warn(stats.ConstantInputWarning(msg))
MainProcess| 2026-06-22 04:36:01,844,844 multiprocessing INFO [Test epoch=0001]  nevals=13862 	| train_loss=4476.00635 	| eqs_invalid %=0.18 	| r_best=0.99318 	| quantile=0.90712 	| r_quantile_mean=0.98515 	| r_raw_sum=179.30999 	|  r_raw_mean=0.44604 	| r2=nan 	| acc_iid=0.00000 	| acc_ood=0.00000 	| nmse_test=0.0 	| true_equation_set_count=0 	| s/it=9126.87065
[Test epoch=0001]  nevals=13862 	| train_loss=4476.00635 	| eqs_invalid %=0.18 	| r_best=0.99318 	| quantile=0.90712 	| r_quantile_mean=0.98515 	| r_raw_sum=179.30999 	|  r_raw_mean=0.44604 	| r2=nan 	| acc_iid=0.00000 	| acc_ood=0.00000 	| nmse_test=0.0 	| true_equation_set_count=0 	| s/it=9126.87065
MainProcess| 2026-06-22 04:36:01,844,844 multiprocessing INFO [00:02:32:06.89] Training epoch 1/4000, current best R: 0.9932
[00:02:32:06.89] Training epoch 1/4000, current best R: 0.9932
MainProcess| 2026-06-22 04:36:01,844,844 multiprocessing INFO 
	** New best

	** New best
MainProcess| 2026-06-22 04:36:01,844,844 multiprocessing INFO 	Reward: 0.9931795737757266
	Reward: 0.9931795737757266
MainProcess| 2026-06-22 04:36:01,844,844 multiprocessing INFO 	Count Off-policy: 1
	Count Off-policy: 1
MainProcess| 2026-06-22 04:36:01,844,844 multiprocessing INFO 	Count On-policy: 0
	Count On-policy: 0
MainProcess| 2026-06-22 04:36:01,844,844 multiprocessing INFO 	Originally on Policy: False
	Originally on Policy: False
MainProcess| 2026-06-22 04:36:01,844,844 multiprocessing INFO 	Invalid: False
	Invalid: False
MainProcess| 2026-06-22 04:36:01,845,845 multiprocessing INFO 	Traversal: add,n2,add,x2,x2,n2,add,add,x1,x1,x1
	Traversal: add,n2,add,x2,x2,n2,add,add,x1,x1,x1
MainProcess| 2026-06-22 04:36:01,845,845 multiprocessing INFO 	Expression:
	Expression:
MainProcess| 2026-06-22 04:36:01,957,957 multiprocessing INFO 
	      2       2
	  9⋅x₁  + 4⋅x₂ 


	      2       2
	  9⋅x₁  + 4⋅x₂ 

MainProcess| 2026-06-22 04:36:01,958,958 multiprocessing INFO [00:02:32:07.00] Early stopping criteria met; breaking early.
[00:02:32:07.00] Early stopping criteria met; breaking early.
MainProcess| 2026-06-22 04:36:01,958,958 multiprocessing INFO -- RUNNING EPOCHS END ---------------

-- RUNNING EPOCHS END ---------------

MainProcess| 2026-06-22 04:36:01,958,958 multiprocessing INFO -- EVALUATION START ----------------
-- EVALUATION START ----------------
Saving Hall of Fame to ./log/fn_d_all_b_5_2026-06-22-020353_2/dso_fn_d_all_b_5_13_hof.csv
Saving Pareto Front to ./log/fn_d_all_b_5_2026-06-22-020353_2/dso_fn_d_all_b_5_13_pf.csv
Invalid expressions: 1 of 13862 (0.0%).
Error type counts:
  square: 1 (100.0%)
Error node counts:
  underflow: 1 (100.0%)
MainProcess| 2026-06-22 04:36:02,413,413 multiprocessing INFO 
Priority queue entry 0:

Priority queue entry 0:
MainProcess| 2026-06-22 04:36:02,413,413 multiprocessing INFO 	Reward: 0.9931795737757266
	Reward: 0.9931795737757266
MainProcess| 2026-06-22 04:36:02,413,413 multiprocessing INFO 	Count Off-policy: 1
	Count Off-policy: 1
MainProcess| 2026-06-22 04:36:02,413,413 multiprocessing INFO 	Count On-policy: 0
	Count On-policy: 0
MainProcess| 2026-06-22 04:36:02,413,413 multiprocessing INFO 	Originally on Policy: False
	Originally on Policy: False
MainProcess| 2026-06-22 04:36:02,413,413 multiprocessing INFO 	Invalid: False
	Invalid: False
MainProcess| 2026-06-22 04:36:02,413,413 multiprocessing INFO 	Traversal: add,n2,add,x2,x2,n2,add,add,x1,x1,x1
	Traversal: add,n2,add,x2,x2,n2,add,add,x1,x1,x1
MainProcess| 2026-06-22 04:36:02,413,413 multiprocessing INFO 	Expression:
	Expression:
MainProcess| 2026-06-22 04:36:02,414,414 multiprocessing INFO 
	      2       2
	  9⋅x₁  + 4⋅x₂ 


	      2       2
	  9⋅x₁  + 4⋅x₂ 

MainProcess| 2026-06-22 04:36:02,414,414 multiprocessing INFO -- EVALUATION END ------------------
-- EVALUATION END ------------------
MainProcess| 2026-06-22 04:36:02,417,417 multiprocessing INFO == TRAINING SEED 13 END ==============
== TRAINING SEED 13 END ==============
MainProcess| 2026-06-22 04:36:02,418,418 multiprocessing INFO 
== POST-PROCESS START =================

== POST-PROCESS START =================
MainProcess| 2026-06-22 04:36:02,418,418 multiprocessing INFO -- LOADING LOGS START ----------------
-- LOADING LOGS START ----------------
MainProcess| 2026-06-22 04:36:02,466,466 multiprocessing INFO Successfully loaded Hall of Fame data
Successfully loaded Hall of Fame data
MainProcess| 2026-06-22 04:36:03,817,817 multiprocessing INFO Successfully loaded Pareto Front data
Successfully loaded Pareto Front data
MainProcess| 2026-06-22 04:36:03,817,817 multiprocessing INFO *** WARNING:
*** WARNING:
MainProcess| 2026-06-22 04:36:03,817,817 multiprocessing INFO     --> Can't load summary: [Errno 2] No such file or directory: './log/fn_d_all_b_5_2026-06-22-020353_2/summary.csv'
    --> Can't load summary: [Errno 2] No such file or directory: './log/fn_d_all_b_5_2026-06-22-020353_2/summary.csv'
MainProcess| 2026-06-22 04:36:03,818,818 multiprocessing INFO -- LOADING LOGS END ------------------
-- LOADING LOGS END ------------------
MainProcess| 2026-06-22 04:36:03,818,818 multiprocessing INFO 
-- ANALYZING LOG START --------------

-- ANALYZING LOG START --------------
MainProcess| 2026-06-22 04:36:03,818,818 multiprocessing INFO Task_____________regression
Task_____________regression
MainProcess| 2026-06-22 04:36:03,818,818 multiprocessing INFO Source path______./log/fn_d_all_b_5_2026-06-22-020353_2
Source path______./log/fn_d_all_b_5_2026-06-22-020353_2
MainProcess| 2026-06-22 04:36:03,818,818 multiprocessing INFO Runs_____________N/A
Runs_____________N/A
MainProcess| 2026-06-22 04:36:03,818,818 multiprocessing INFO Max Samples/run__2000000
Max Samples/run__2000000
MainProcess| 2026-06-22 04:36:03,818,818 multiprocessing INFO Found issues:
Found issues:
MainProcess| 2026-06-22 04:36:03,818,818 multiprocessing INFO   0
  0
MainProcess| 2026-06-22 04:36:03,818,818 multiprocessing INFO Hall of Fame (Top 5 of 100)____
Hall of Fame (Top 5 of 100)____
MainProcess| 2026-06-22 04:36:03,819,819 multiprocessing INFO     0: S=013 R=0.993180 <-- [9*x1**2 + 4*x2**2]
    0: S=013 R=0.993180 <-- [9*x1**2 + 4*x2**2]
MainProcess| 2026-06-22 04:36:03,819,819 multiprocessing INFO     1: S=013 R=0.993169 <-- [4*x2**2 + (2*x1 + sin(x1))**2]
    1: S=013 R=0.993169 <-- [4*x2**2 + (2*x1 + sin(x1))**2]
MainProcess| 2026-06-22 04:36:03,820,820 multiprocessing INFO     2: S=013 R=0.993169 <-- [4*x2**2 + (2*x1 + sin(x1))**2]
    2: S=013 R=0.993169 <-- [4*x2**2 + (2*x1 + sin(x1))**2]
MainProcess| 2026-06-22 04:36:03,820,820 multiprocessing INFO     3: S=013 R=0.993169 <-- [4*x2**2 + (2*x1 + sin(x1))**2]
    3: S=013 R=0.993169 <-- [4*x2**2 + (2*x1 + sin(x1))**2]
MainProcess| 2026-06-22 04:36:03,821,821 multiprocessing INFO     4: S=013 R=0.993156 <-- [9*x1**2 + (x2 + sin(x2))**2]
    4: S=013 R=0.993156 <-- [9*x1**2 + (x2 + sin(x2))**2]
MainProcess| 2026-06-22 04:36:03,821,821 multiprocessing INFO Pareto Front (5 of 6)____
Pareto Front (5 of 6)____
MainProcess| 2026-06-22 04:36:03,821,821 multiprocessing INFO     0: S=013 R=0.993180 C=11.00 <-- [9*x1**2 + 4*x2**2]
    0: S=013 R=0.993180 C=11.00 <-- [9*x1**2 + 4*x2**2]
MainProcess| 2026-06-22 04:36:03,822,822 multiprocessing INFO     1: S=013 R=0.990762 C=9.00 <-- [9*x1**2 + x2**2]
    1: S=013 R=0.990762 C=9.00 <-- [9*x1**2 + x2**2]
MainProcess| 2026-06-22 04:36:03,823,823 multiprocessing INFO     2: S=013 R=0.986964 C=7.00 <-- [4*x1**2 + x2**2]
    2: S=013 R=0.986964 C=7.00 <-- [4*x1**2 + x2**2]
MainProcess| 2026-06-22 04:36:03,823,823 multiprocessing INFO     3: S=013 R=0.968179 C=6.00 <-- [(-2*x1 + x2)**2]
    3: S=013 R=0.968179 C=6.00 <-- [(-2*x1 + x2)**2]
MainProcess| 2026-06-22 04:36:03,824,824 multiprocessing INFO     4: S=013 R=0.968028 C=5.00 <-- [x1**2 + x2**2]
    4: S=013 R=0.968028 C=5.00 <-- [x1**2 + x2**2]
MainProcess| 2026-06-22 04:36:03,824,824 multiprocessing INFO -- ANALYZING LOG END ----------------
-- ANALYZING LOG END ----------------
MainProcess| 2026-06-22 04:36:03,824,824 multiprocessing INFO == POST-PROCESS END ===================
== POST-PROCESS END ===================
MainProcess| 2026-06-22 04:36:03,824,824 multiprocessing INFO [TEST RESULT] {'seed': 2, 'r': 0.9931795737757266, 'nmse_test': 0.0, 'nmse_test_noiseless': 0.0, 'success': True, 'expression': '[9*x1**2 + 4*x2**2]', 'traversal': 'add,n2,add,x2,x2,n2,add,add,x1,x1,x1', 'program': add,n2,add,x2,x2,n2,add,add,x1,x1,x1, 'error_square': 1, 'error_node_underflow': 1, 'n_epochs': 1, 'n_samples': 13862, 'n_cached': 3399, 't': 9127.466978549957, 'baseline': 'transformer', 'run_seed': 2, 'dataset': 'fn_d_all_b_5'}
[TEST RESULT] {'seed': 2, 'r': 0.9931795737757266, 'nmse_test': 0.0, 'nmse_test_noiseless': 0.0, 'success': True, 'expression': '[9*x1**2 + 4*x2**2]', 'traversal': 'add,n2,add,x2,x2,n2,add,add,x1,x1,x1', 'program': add,n2,add,x2,x2,n2,add,add,x1,x1,x1, 'error_square': 1, 'error_node_underflow': 1, 'n_epochs': 1, 'n_samples': 13862, 'n_cached': 3399, 't': 9127.466978549957, 'baseline': 'transformer', 'run_seed': 2, 'dataset': 'fn_d_all_b_5'}
MainProcess| 2026-06-22 04:36:03,824,824 multiprocessing INFO INFO: Completed run 1 of 1 in 9127 s | LATEST TEST_RESULT {'seed': 2, 'r': 0.9931795737757266, 'nmse_test': 0.0, 'nmse_test_noiseless': 0.0, 'success': True, 'expression': '[9*x1**2 + 4*x2**2]', 'traversal': 'add,n2,add,x2,x2,n2,add,add,x1,x1,x1', 'program': add,n2,add,x2,x2,n2,add,add,x1,x1,x1, 'error_square': 1, 'error_node_underflow': 1, 'n_epochs': 1, 'n_samples': 13862, 'n_cached': 3399, 't': 9127.466978549957, 'baseline': 'transformer', 'run_seed': 2, 'dataset': 'fn_d_all_b_5'}
INFO: Completed run 1 of 1 in 9127 s | LATEST TEST_RESULT {'seed': 2, 'r': 0.9931795737757266, 'nmse_test': 0.0, 'nmse_test_noiseless': 0.0, 'success': True, 'expression': '[9*x1**2 + 4*x2**2]', 'traversal': 'add,n2,add,x2,x2,n2,add,add,x1,x1,x1', 'program': add,n2,add,x2,x2,n2,add,add,x1,x1,x1, 'error_square': 1, 'error_node_underflow': 1, 'n_epochs': 1, 'n_samples': 13862, 'n_cached': 3399, 't': 9127.466978549957, 'baseline': 'transformer', 'run_seed': 2, 'dataset': 'fn_d_all_b_5'}
MainProcess| 2026-06-22 04:36:03,824,824 multiprocessing INFO Fin.
MainProcess| 2026-06-22 04:36:03,827,827 multiprocessing INFO process shutting down
[job] done sys=poly2d seed=2 end=2026-06-22T04:36:05-05:00
