[job] sys=poly2d benchmark=fn_d_all_b seed=3 host=aga26 gpu=0 start=2026-06-22T02:07:31-05:00
MainProcess| 2026-06-22 02:07:37,804,804 multiprocessing INFO STARTING NEW RUN ==========
MainProcess| 2026-06-22 02:07:37,804,804 multiprocessing INFO SEE LOG AT : ./logs/all_Lyapunov_test_dso-fn_d_all_b_01_log.txt
MainProcess| 2026-06-22 02:07:37,804,804 multiprocessing INFO See log at : ./logs/all_Lyapunov_test_dso-fn_d_all_b_01_log.txt
MainProcess| 2026-06-22 02:07:37,807,807 multiprocessing INFO               variables expression                                          train_spec test_spec function_set
name                                                                                                         
fn_d_all_b_5          2  0*x1+0*x2  {"x1":{"U":[-1,1,15000]}, "x2":{"U":[-1,1,15000]}}      None         Koza
              variables expression                                          train_spec test_spec function_set
name                                                                                                         
fn_d_all_b_5          2  0*x1+0*x2  {"x1":{"U":[-1,1,15000]}, "x2":{"U":[-1,1,15000]}}      None         Koza

-- BUILDING DATASET START -----------
Benchmark path                 : /users/9/chen8596/LyaDis/repro/runs/poly2d/libs/sd3/dso/dso/task/regression/benchmarks_bkup_1.csv
Generated data for benchmark   : fn_d_all_b_5
-- BUILDING DATASET END -------------

Function set                   : Koza --> ['add', 'sub', 'mul', 'sin', 'cos', 'n2']

MainProcess| 2026-06-22 02:07:37,887,887 multiprocessing INFO [BASELINE_TESTING NOW] dataset=fn_d_all_b_5 	| baseline=transformer 	| seed=3 	| data_samples=15000 	| noise=0.0
MainProcess| 2026-06-22 02:07:37,892,892 multiprocessing INFO [RUN SETTINGS]: test_dataset=fn_d_all_b_5  batch_outer_datasets=24 pre_train=False load_pre_trained_path= priority_queue_training=True gp_meld=True model=TransformerTreeEncoderController train_path= risk_seeking_pg_train=True
[RUN SETTINGS]: test_dataset=fn_d_all_b_5  batch_outer_datasets=24 pre_train=False load_pre_trained_path= priority_queue_training=True gp_meld=True model=TransformerTreeEncoderController train_path= risk_seeking_pg_train=True
MainProcess| 2026-06-22 02:07:37,959,959 multiprocessing INFO Running model : TransformerTreeEncoderController
Running model : TransformerTreeEncoderController

-- BUILDING DATASET START -----------
Benchmark path                 : /users/9/chen8596/LyaDis/repro/runs/poly2d/libs/sd3/dso/dso/task/regression/benchmarks_bkup_1.csv
Generated data for benchmark   : fn_d_all_b_5
-- BUILDING DATASET END -------------

Function set                   : Koza --> ['add', 'sub', 'mul', 'sin', 'cos', 'n2']

MainProcess| 2026-06-22 02:07:37,966,966 multiprocessing INFO Function set: ['x1', 'x2', 'add', 'sub', 'mul', 'sin', 'cos', 'n2']

-- BUILDING DATASET START -----------
Benchmark path                 : /users/9/chen8596/LyaDis/repro/runs/poly2d/libs/sd3/dso/dso/task/regression/benchmarks_bkup_1.csv
Generated data for benchmark   : fn_d_all_b_5
-- BUILDING DATASET END -------------

Function set                   : Koza --> ['add', 'sub', 'mul', 'sin', 'cos', 'n2']

-- BUILDING PRIOR START -------------
WARNING: Skipping invalid 'RelationalConstraint' with arguments {'targets': [], 'effectors': [], 'relationship': None}. Reason: Prior disabled.
WARNING: Skipping invalid 'RepeatConstraint' with arguments {'tokens': 'const', 'min_': None, 'max_': 5}. Reason: Uses Tokens not in the Library.
WARNING: Skipping invalid 'InverseUnaryConstraint' with arguments {}. Reason: There are no inverse unary Token pairs in the Library.
WARNING: Skipping invalid 'ConstConstraint' with arguments {}. Reason: Prior disabled.
WARNING: Skipping invalid 'NoInputsConstraint' with arguments {}. Reason: All terminal tokens are input variables, so allsequences will have an input variable.
WARNING: Skipping invalid 'UniformArityPrior' with arguments {}. Reason: Prior disabled.
LengthConstraint: Sequences have minimum length 4.
                  Sequences have maximum length 12.
TrigConstraint: [sin, cos] cannot be a descendant of [sin, cos].
SoftLengthPrior: No description available.
-- BUILDING PRIOR END ---------------

MainProcess| 2026-06-22 02:07:38,306,306 multiprocessing INFO Transformer overwriting hidden size to input_dim 128
Transformer overwriting hidden size to input_dim 128
MainProcess| 2026-06-22 02:07:38,360,360 multiprocessing INFO Encoder params: {'sinuisodal_embeddings': False, 'dec_pf_dim': 32, 'dec_layers': 1, 'dim_hidden': 128, 'lr': 0.0001, 'dropout': 0, 'num_features': 1, 'ln': True, 'N_p': 0, 'num_inds': 64, 'activation': 'relu', 'bit16': False, 'norm': True, 'linear': True, 'input_normalization': False, 'src_pad_idx': 0, 'trg_pad_idx': 0, 'length_eq': 20, 'n_l_enc': 3, 'mean': 0.5, 'std': 0.5, 'dim_input': 64, 'num_heads': 2, 'output_dim': 10}
Encoder params: {'sinuisodal_embeddings': False, 'dec_pf_dim': 32, 'dec_layers': 1, 'dim_hidden': 128, 'lr': 0.0001, 'dropout': 0, 'num_features': 1, 'ln': True, 'N_p': 0, 'num_inds': 64, 'activation': 'relu', 'bit16': False, 'norm': True, 'linear': True, 'input_normalization': False, 'src_pad_idx': 0, 'trg_pad_idx': 0, 'length_eq': 20, 'n_l_enc': 3, 'mean': 0.5, 'std': 0.5, 'dim_input': 64, 'num_heads': 2, 'output_dim': 10}
MainProcess| 2026-06-22 02:07:38,502,502 multiprocessing INFO TransformerTreeEncoderController parameters: 4033852 	 | trainable : 4033852
TransformerTreeEncoderController parameters: 4033852 	 | trainable : 4033852
MainProcess| 2026-06-22 02:07:38,563,563 multiprocessing INFO GP CONFIG : {'verbose': False, 'generations': 35, 'p_crossover': 0.5, 'p_mutate': 0.5, 'tournament_size': 7, 'train_n': 50, 'mutate_tree_max': 3}
GP CONFIG : {'verbose': False, 'generations': 35, 'p_crossover': 0.5, 'p_mutate': 0.5, 'tournament_size': 7, 'train_n': 50, 'mutate_tree_max': 3}
MainProcess| 2026-06-22 02:07:38,624,624 multiprocessing INFO config: {'experiment': {'logdir': './log', 'seed': 13, 'timestamp': '2026-06-22-020737', 'task_name': 'fn_d_all_b_5', 'save_path': './log/fn_d_all_b_5_2026-06-22-020737_3'}, 'task': {'task_type': 'regression', 'dataset': 'fn_d_all_b_5', 'function_set': ['add', 'sub', 'mul', 'sin', 'cos', 'n2'], 'metric': 'lyapunov_risk', 'metric_params': [1.0], 'extra_metric_test': None, 'extra_metric_test_params': [], 'threshold': 1e-12, 'protected': False, 'reward_noise': 0.0, 'reward_noise_type': 'r', 'normalize_variance': False, 'decision_tree_threshold_set': []}, 'training': {'n_epochs': None, 'n_samples': 2000000, 'batch_size': 500, 'epsilon': 0.1, 'baseline': 'R_e', 'alpha': 0.5, 'b_jumpstart': False, 'n_cores_batch': 1, 'complexity': 'token', 'const_optimizer': 'scipy', 'const_params': {'method': 'L-BFGS-B', 'options': {'gtol': 0.001}}, 'verbose': True, 'debug': 0, 'early_stopping': True, 'hof': 100, 'use_memory': False, 'memory_capacity': 1000.0, 'warm_start': None, 'memory_threshold': None, 'save_all_epoch': False, 'save_summary': False, 'save_positional_entropy': False, 'save_pareto_front': True, 'save_cache': False, 'save_cache_r_min': 0.9, 'save_freq': 1, 'save_token_count': False}, 'state_manager': {'observe_action': False, 'observe_parent': True, 'observe_sibling': True, 'observe_dangling': False, 'embedding': True, 'embedding_size': 64}, 'controller': {'max_length': 64, 'cell': 'lstm', 'num_layers': 1, 'num_units': 64, 'initializer': 'zeros', 'learning_rate': 0.0003, 'optimizer': 'adam', 'entropy_weight': 0.005, 'entropy_gamma': 0.8, 'pqt': True, 'pqt_k': 10, 'pqt_batch_size': 1, 'pqt_weight': 200.0, 'pqt_use_pg': False, 'summary': False, 'rl_weight': 1.0}, 'gp_meld': {'generations': 35, 'p_crossover': 0.5, 'p_mutate': 0.5, 'tournament_size': 7, 'train_n': 50, 'mutate_tree_max': 3}, 'prior': {'relational': {'targets': [], 'effectors': [], 'relationship': None}, 'length': {'min_': 4, 'max_': 12}, 'repeat': {'tokens': 'const', 'min_': None, 'max_': 5}, 'inverse': {}, 'trig': {}, 'const': {}, 'no_inputs': {}, 'uniform_arity': {}, 'soft_length': {'loc': 10, 'scale': 5}}, 'postprocess': {'show_count': 5, 'save_plots': True}, 'model': 'TransformerTreeEncoderController', 'function_names_str': 'x1,x2,add,sub,mul,sin,cos,n2', 'nesymres_train_config': {'architecture': {'sinuisodal_embeddings': False, 'dec_pf_dim': 32, 'dec_layers': 1, 'dim_hidden': 128, 'lr': 0.0001, 'dropout': 0, 'num_features': 1, 'ln': True, 'N_p': 0, 'num_inds': 64, 'activation': 'relu', 'bit16': False, 'norm': True, 'linear': True, 'input_normalization': False, 'src_pad_idx': 0, 'trg_pad_idx': 0, 'length_eq': 20, 'n_l_enc': 3, 'mean': 0.5, 'std': 0.5, 'dim_input': 64, 'num_heads': 2, 'output_dim': 10}}}

-- BUILDING DATASET START -----------
Benchmark path                 : /users/9/chen8596/LyaDis/repro/runs/poly2d/libs/sd3/dso/dso/task/regression/benchmarks_bkup_1.csv
Generated data for benchmark   : fn_d_all_b_5
-- BUILDING DATASET END -------------

Function set                   : Koza --> ['add', 'sub', 'mul', 'sin', 'cos', 'n2']

-- RUNNING EPOCHS START -------------
torch.Size([500, 43])
/users/9/chen8596/miniconda3/envs/alfd/lib/python3.9/site-packages/torch/nn/functional.py:4999: UserWarning: Support for mismatched key_padding_mask and attn_mask is deprecated. Use same type for both instead.
  warnings.warn(
/users/9/chen8596/miniconda3/envs/alfd/lib/python3.9/site-packages/torch/nn/functional.py:4999: UserWarning: Support for mismatched key_padding_mask and attn_mask is deprecated. Use same type for both instead.
  warnings.warn(
/users/9/chen8596/miniconda3/envs/alfd/lib/python3.9/site-packages/torch/nn/functional.py:4999: UserWarning: Support for mismatched key_padding_mask and attn_mask is deprecated. Use same type for both instead.
  warnings.warn(
MainProcess| 2026-06-22 02:08:14,554,554 multiprocessing INFO Genetic Porgramming Runtime 32.652295269072056
Genetic Porgramming Runtime 32.652295269072056

=========================PGD Collection Starts=========================

MainProcess| 2026-06-22 02:08:15,340,340 multiprocessing INFO created temp directory /tmp/pymp-ygk33oo1
SpawnPoolWorker-7| 2026-06-22 02:08:19,603,603 multiprocessing INFO STARTING NEW RUN ==========
SpawnPoolWorker-7| 2026-06-22 02:08:19,603,603 multiprocessing INFO SEE LOG AT : ./logs/all_Lyapunov_test_dso-fn_d_all_b_01_log.txt
SpawnPoolWorker-7| 2026-06-22 02:08:19,603,603 multiprocessing INFO See log at : ./logs/all_Lyapunov_test_dso-fn_d_all_b_01_log.txt
SpawnPoolWorker-7| 2026-06-22 02:08:19,605,605 multiprocessing INFO child process calling self.run()
SpawnPoolWorker-1| 2026-06-22 02:08:19,628,628 multiprocessing INFO STARTING NEW RUN ==========
SpawnPoolWorker-1| 2026-06-22 02:08:19,628,628 multiprocessing INFO SEE LOG AT : ./logs/all_Lyapunov_test_dso-fn_d_all_b_01_log.txt
SpawnPoolWorker-1| 2026-06-22 02:08:19,628,628 multiprocessing INFO See log at : ./logs/all_Lyapunov_test_dso-fn_d_all_b_01_log.txt
SpawnPoolWorker-1| 2026-06-22 02:08:19,629,629 multiprocessing INFO child process calling self.run()
SpawnPoolWorker-2| 2026-06-22 02:08:19,631,631 multiprocessing INFO STARTING NEW RUN ==========
SpawnPoolWorker-2| 2026-06-22 02:08:19,631,631 multiprocessing INFO SEE LOG AT : ./logs/all_Lyapunov_test_dso-fn_d_all_b_01_log.txt
SpawnPoolWorker-2| 2026-06-22 02:08:19,631,631 multiprocessing INFO See log at : ./logs/all_Lyapunov_test_dso-fn_d_all_b_01_log.txt
SpawnPoolWorker-2| 2026-06-22 02:08:19,632,632 multiprocessing INFO child process calling self.run()
SpawnPoolWorker-5| 2026-06-22 02:08:19,668,668 multiprocessing INFO STARTING NEW RUN ==========
SpawnPoolWorker-5| 2026-06-22 02:08:19,668,668 multiprocessing INFO SEE LOG AT : ./logs/all_Lyapunov_test_dso-fn_d_all_b_01_log.txt
SpawnPoolWorker-5| 2026-06-22 02:08:19,668,668 multiprocessing INFO See log at : ./logs/all_Lyapunov_test_dso-fn_d_all_b_01_log.txt
SpawnPoolWorker-5| 2026-06-22 02:08:19,669,669 multiprocessing INFO child process calling self.run()
SpawnPoolWorker-3| 2026-06-22 02:08:19,711,711 multiprocessing INFO STARTING NEW RUN ==========
SpawnPoolWorker-3| 2026-06-22 02:08:19,712,712 multiprocessing INFO SEE LOG AT : ./logs/all_Lyapunov_test_dso-fn_d_all_b_01_log.txt
SpawnPoolWorker-3| 2026-06-22 02:08:19,712,712 multiprocessing INFO See log at : ./logs/all_Lyapunov_test_dso-fn_d_all_b_01_log.txt
SpawnPoolWorker-3| 2026-06-22 02:08:19,713,713 multiprocessing INFO child process calling self.run()
SpawnPoolWorker-4| 2026-06-22 02:08:19,727,727 multiprocessing INFO STARTING NEW RUN ==========
SpawnPoolWorker-4| 2026-06-22 02:08:19,727,727 multiprocessing INFO SEE LOG AT : ./logs/all_Lyapunov_test_dso-fn_d_all_b_01_log.txt
SpawnPoolWorker-4| 2026-06-22 02:08:19,727,727 multiprocessing INFO See log at : ./logs/all_Lyapunov_test_dso-fn_d_all_b_01_log.txt
SpawnPoolWorker-4| 2026-06-22 02:08:19,729,729 multiprocessing INFO child process calling self.run()
SpawnPoolWorker-10| 2026-06-22 02:08:19,735,735 multiprocessing INFO STARTING NEW RUN ==========
SpawnPoolWorker-10| 2026-06-22 02:08:19,735,735 multiprocessing INFO SEE LOG AT : ./logs/all_Lyapunov_test_dso-fn_d_all_b_01_log.txt
SpawnPoolWorker-10| 2026-06-22 02:08:19,735,735 multiprocessing INFO See log at : ./logs/all_Lyapunov_test_dso-fn_d_all_b_01_log.txt
SpawnPoolWorker-10| 2026-06-22 02:08:19,736,736 multiprocessing INFO child process calling self.run()
SpawnPoolWorker-9| 2026-06-22 02:08:19,741,741 multiprocessing INFO STARTING NEW RUN ==========
SpawnPoolWorker-9| 2026-06-22 02:08:19,741,741 multiprocessing INFO SEE LOG AT : ./logs/all_Lyapunov_test_dso-fn_d_all_b_01_log.txt
SpawnPoolWorker-9| 2026-06-22 02:08:19,741,741 multiprocessing INFO See log at : ./logs/all_Lyapunov_test_dso-fn_d_all_b_01_log.txt
SpawnPoolWorker-9| 2026-06-22 02:08:19,743,743 multiprocessing INFO child process calling self.run()
SpawnPoolWorker-8| 2026-06-22 02:08:19,768,768 multiprocessing INFO STARTING NEW RUN ==========
SpawnPoolWorker-8| 2026-06-22 02:08:19,768,768 multiprocessing INFO SEE LOG AT : ./logs/all_Lyapunov_test_dso-fn_d_all_b_01_log.txt
SpawnPoolWorker-8| 2026-06-22 02:08:19,768,768 multiprocessing INFO See log at : ./logs/all_Lyapunov_test_dso-fn_d_all_b_01_log.txt
SpawnPoolWorker-8| 2026-06-22 02:08:19,770,770 multiprocessing INFO child process calling self.run()
SpawnPoolWorker-6| 2026-06-22 02:08:19,990,990 multiprocessing INFO STARTING NEW RUN ==========
SpawnPoolWorker-6| 2026-06-22 02:08:19,990,990 multiprocessing INFO SEE LOG AT : ./logs/all_Lyapunov_test_dso-fn_d_all_b_01_log.txt
SpawnPoolWorker-6| 2026-06-22 02:08:19,990,990 multiprocessing INFO See log at : ./logs/all_Lyapunov_test_dso-fn_d_all_b_01_log.txt
SpawnPoolWorker-6| 2026-06-22 02:08:19,993,993 multiprocessing INFO child process calling self.run()
SpawnPoolWorker-8| 2026-06-22 02:09:46,815,815 multiprocessing INFO process shutting down
SpawnPoolWorker-4| 2026-06-22 02:09:46,815,815 multiprocessing INFO process shutting down
SpawnPoolWorker-1| 2026-06-22 02:09:46,815,815 multiprocessing INFO process shutting down
SpawnPoolWorker-7| 2026-06-22 02:09:46,815,815 multiprocessing INFO process shutting down
SpawnPoolWorker-6| 2026-06-22 02:09:46,815,815 multiprocessing INFO process shutting down
SpawnPoolWorker-5| 2026-06-22 02:09:46,815,815 multiprocessing INFO process shutting down
SpawnPoolWorker-9| 2026-06-22 02:09:46,815,815 multiprocessing INFO process shutting down
SpawnPoolWorker-8| 2026-06-22 02:09:46,816,816 multiprocessing INFO process exiting with exitcode 0
(3000,)

===================Collect 3000 Examples===================

Epsilon 0.1
500
(550,)
(550,)
(55,)
Number of Programs for Minimization: 28
SpawnPoolWorker-33| 2026-06-22 02:10:13,673,673 multiprocessing INFO STARTING NEW RUN ==========
SpawnPoolWorker-33| 2026-06-22 02:10:13,673,673 multiprocessing INFO SEE LOG AT : ./logs/all_Lyapunov_test_dso-fn_d_all_b_01_log.txt
SpawnPoolWorker-33| 2026-06-22 02:10:13,673,673 multiprocessing INFO See log at : ./logs/all_Lyapunov_test_dso-fn_d_all_b_01_log.txt
SpawnPoolWorker-33| 2026-06-22 02:10:13,676,676 multiprocessing INFO child process calling self.run()
SpawnPoolWorker-31| 2026-06-22 02:10:13,850,850 multiprocessing INFO STARTING NEW RUN ==========
SpawnPoolWorker-31| 2026-06-22 02:10:13,850,850 multiprocessing INFO SEE LOG AT : ./logs/all_Lyapunov_test_dso-fn_d_all_b_01_log.txt
SpawnPoolWorker-31| 2026-06-22 02:10:13,850,850 multiprocessing INFO See log at : ./logs/all_Lyapunov_test_dso-fn_d_all_b_01_log.txt
SpawnPoolWorker-31| 2026-06-22 02:10:13,879,879 multiprocessing INFO child process calling self.run()
SpawnPoolWorker-16| 2026-06-22 02:10:14,205,205 multiprocessing INFO STARTING NEW RUN ==========
SpawnPoolWorker-16| 2026-06-22 02:10:14,205,205 multiprocessing INFO SEE LOG AT : ./logs/all_Lyapunov_test_dso-fn_d_all_b_01_log.txt
SpawnPoolWorker-16| 2026-06-22 02:10:14,205,205 multiprocessing INFO See log at : ./logs/all_Lyapunov_test_dso-fn_d_all_b_01_log.txt
SpawnPoolWorker-16| 2026-06-22 02:10:14,236,236 multiprocessing INFO child process calling self.run()
SpawnPoolWorker-18| 2026-06-22 02:10:15,846,846 multiprocessing INFO STARTING NEW RUN ==========
SpawnPoolWorker-18| 2026-06-22 02:10:15,846,846 multiprocessing INFO SEE LOG AT : ./logs/all_Lyapunov_test_dso-fn_d_all_b_01_log.txt
SpawnPoolWorker-18| 2026-06-22 02:10:15,846,846 multiprocessing INFO See log at : ./logs/all_Lyapunov_test_dso-fn_d_all_b_01_log.txt
SpawnPoolWorker-18| 2026-06-22 02:10:15,849,849 multiprocessing INFO child process calling self.run()
SpawnPoolWorker-32| 2026-06-22 02:10:16,910,910 multiprocessing INFO STARTING NEW RUN ==========
SpawnPoolWorker-32| 2026-06-22 02:10:16,910,910 multiprocessing INFO SEE LOG AT : ./logs/all_Lyapunov_test_dso-fn_d_all_b_01_log.txt
SpawnPoolWorker-32| 2026-06-22 02:10:16,910,910 multiprocessing INFO See log at : ./logs/all_Lyapunov_test_dso-fn_d_all_b_01_log.txt
SpawnPoolWorker-32| 2026-06-22 02:10:16,919,919 multiprocessing INFO child process calling self.run()
SpawnPoolWorker-34| 2026-06-22 02:10:17,580,580 multiprocessing INFO STARTING NEW RUN ==========
SpawnPoolWorker-34| 2026-06-22 02:10:17,580,580 multiprocessing INFO SEE LOG AT : ./logs/all_Lyapunov_test_dso-fn_d_all_b_01_log.txt
SpawnPoolWorker-34| 2026-06-22 02:10:17,580,580 multiprocessing INFO See log at : ./logs/all_Lyapunov_test_dso-fn_d_all_b_01_log.txt
SpawnPoolWorker-34| 2026-06-22 02:10:17,598,598 multiprocessing INFO child process calling self.run()
SpawnPoolWorker-33| 2026-06-22 02:10:17,731,731 multiprocessing INFO process shutting down
SpawnPoolWorker-31| 2026-06-22 02:10:17,731,731 multiprocessing INFO process shutting down
SpawnPoolWorker-16| 2026-06-22 02:10:17,731,731 multiprocessing INFO process shutting down
SpawnPoolWorker-33| 2026-06-22 02:10:17,731,731 multiprocessing INFO process exiting with exitcode 0
SpawnPoolWorker-31| 2026-06-22 02:10:17,731,731 multiprocessing INFO process exiting with exitcode 0
SpawnPoolWorker-16| 2026-06-22 02:10:17,731,731 multiprocessing INFO process exiting with exitcode 0
SpawnPoolWorker-32| 2026-06-22 02:10:17,732,732 multiprocessing INFO process shutting down
SpawnPoolWorker-34| 2026-06-22 02:10:17,732,732 multiprocessing INFO process shutting down
SpawnPoolWorker-18| 2026-06-22 02:10:17,732,732 multiprocessing INFO process shutting down
SpawnPoolWorker-32| 2026-06-22 02:10:17,733,733 multiprocessing INFO process exiting with exitcode 0
SpawnPoolWorker-34| 2026-06-22 02:10:17,738,738 multiprocessing INFO process exiting with exitcode 0
SpawnPoolWorker-55| 2026-06-22 02:10:17,851,851 multiprocessing INFO STARTING NEW RUN ==========
SpawnPoolWorker-55| 2026-06-22 02:10:17,851,851 multiprocessing INFO SEE LOG AT : ./logs/all_Lyapunov_test_dso-fn_d_all_b_01_log.txt
SpawnPoolWorker-55| 2026-06-22 02:10:17,851,851 multiprocessing INFO See log at : ./logs/all_Lyapunov_test_dso-fn_d_all_b_01_log.txt
SpawnPoolWorker-55| 2026-06-22 02:10:17,869,869 multiprocessing INFO child process calling self.run()
28
(15000, 2)
(15000,)
(15000, 2)
(15000,)

=======================Successfully Added (0,) Counter Examples=======================

Number of valid equations: 48. Program should stopped
16*x1**2 + x2**2
[16*x1**2 + x2**2, 16*x1**2 + sin(x2**2), x2**2 + (3*x1 + sin(x1))**2, x2**2 + (3*x1 + sin(x1))**2, x2**2 + (3*x1 + sin(x1))**2, x2**2 + (3*x1 + sin(x1))**2, x2**2 + (2*x1 + sin(2*x1))**2, 16*x1**2 + sin(x2)**2, x2**2 + (3*x1 - x2)**2, x2**2 + (3*x1 - x2)**2, x2**2 + (3*x1 - x2)**2, x2**2 + (3*x1 - x2)**2, x2**2 + (3*x1 - x2)**2, x2**2 + (2*x1 + sin(x1 - x2))**2, x2**2 + (2*x1 + sin(x1 - x2))**2, 9*x1**2 + (x1 - x2)**2, x2**2 + (3*x1 + x2)**2, x2**2 + (3*x1 + x2)**2, x2**2 + (3*x1 + x2)**2, x2**2 + (3*x1 + x2)**2, x2**2 + (3*x1 + x2)**2, x2**2 + (3*x1 + sin(x2))**2, x2**2 + (3*x1 + sin(x2))**2, x2**2 + (3*x1 + sin(x2))**2, (x1 - x2)**2 + (2*x1 + sin(x1))**2, x2**2 + (2*x1 + x2 + sin(x1))**2, x2**2 + (2*x1 + x2 + sin(x1))**2, x2**2 + (2*x1 + x2 + sin(x1))**2, x2**2 + (2*x1 + sin(x1 + x2))**2, x2**2 + (2*x1 + sin(x1 + x2))**2, 9*x1**2 + (x1 + x2)**2, (3*x1 + x2)**2 + sin(x2)**2, 9*x1**2 + x2**2, x2**2 + (2*x1 + sin(x1))**2, x2**2 + (2*x1 + sin(x1))**2, x2**2 + (2*x1 + sin(x1))**2, x2**2 + (x1**2 + 3*x1)**2, x2**2 + (x1**2 + 3*x1)**2, x2**2 + (x1**2 + 3*x1)**2, x2**2 + (x1**2 + 3*x1)**2, x2**2 + (x1**2 + 3*x1)**2, x2**2 + (3*x1 - x2**2)**2, 9*x1**2 + sin(x2)**2, (x1 + x2)**2 + (2*x1 - x2)**2, 256*x1**4 + x2**2, (x1 - x2)**2 + (2*x1 + x2)**2, 16*x1**2 + x2**4, 4*x1**2 + (2*x1 - x2)**2]
MainProcess| 2026-06-22 04:36:57,073,73 multiprocessing INFO Number of valid equations: 48. Program should stopped
Number of valid equations: 48. Program should stopped
MainProcess| 2026-06-22 04:36:57,074,74 multiprocessing INFO 16*x1**2 + x2**2
16*x1**2 + x2**2
MainProcess| 2026-06-22 04:36:57,075,75 multiprocessing INFO [16*x1**2 + x2**2, 16*x1**2 + sin(x2**2), x2**2 + (3*x1 + sin(x1))**2, x2**2 + (3*x1 + sin(x1))**2, x2**2 + (3*x1 + sin(x1))**2, x2**2 + (3*x1 + sin(x1))**2, x2**2 + (2*x1 + sin(2*x1))**2, 16*x1**2 + sin(x2)**2, x2**2 + (3*x1 - x2)**2, x2**2 + (3*x1 - x2)**2, x2**2 + (3*x1 - x2)**2, x2**2 + (3*x1 - x2)**2, x2**2 + (3*x1 - x2)**2, x2**2 + (2*x1 + sin(x1 - x2))**2, x2**2 + (2*x1 + sin(x1 - x2))**2, 9*x1**2 + (x1 - x2)**2, x2**2 + (3*x1 + x2)**2, x2**2 + (3*x1 + x2)**2, x2**2 + (3*x1 + x2)**2, x2**2 + (3*x1 + x2)**2, x2**2 + (3*x1 + x2)**2, x2**2 + (3*x1 + sin(x2))**2, x2**2 + (3*x1 + sin(x2))**2, x2**2 + (3*x1 + sin(x2))**2, (x1 - x2)**2 + (2*x1 + sin(x1))**2, x2**2 + (2*x1 + x2 + sin(x1))**2, x2**2 + (2*x1 + x2 + sin(x1))**2, x2**2 + (2*x1 + x2 + sin(x1))**2, x2**2 + (2*x1 + sin(x1 + x2))**2, x2**2 + (2*x1 + sin(x1 + x2))**2, 9*x1**2 + (x1 + x2)**2, (3*x1 + x2)**2 + sin(x2)**2, 9*x1**2 + x2**2, x2**2 + (2*x1 + sin(x1))**2, x2**2 + (2*x1 + sin(x1))**2, x2**2 + (2*x1 + sin(x1))**2, x2**2 + (x1**2 + 3*x1)**2, x2**2 + (x1**2 + 3*x1)**2, x2**2 + (x1**2 + 3*x1)**2, x2**2 + (x1**2 + 3*x1)**2, x2**2 + (x1**2 + 3*x1)**2, x2**2 + (3*x1 - x2**2)**2, 9*x1**2 + sin(x2)**2, (x1 + x2)**2 + (2*x1 - x2)**2, 256*x1**4 + x2**2, (x1 - x2)**2 + (2*x1 + x2)**2, 16*x1**2 + x2**4, 4*x1**2 + (2*x1 - x2)**2]
[16*x1**2 + x2**2, 16*x1**2 + sin(x2**2), x2**2 + (3*x1 + sin(x1))**2, x2**2 + (3*x1 + sin(x1))**2, x2**2 + (3*x1 + sin(x1))**2, x2**2 + (3*x1 + sin(x1))**2, x2**2 + (2*x1 + sin(2*x1))**2, 16*x1**2 + sin(x2)**2, x2**2 + (3*x1 - x2)**2, x2**2 + (3*x1 - x2)**2, x2**2 + (3*x1 - x2)**2, x2**2 + (3*x1 - x2)**2, x2**2 + (3*x1 - x2)**2, x2**2 + (2*x1 + sin(x1 - x2))**2, x2**2 + (2*x1 + sin(x1 - x2))**2, 9*x1**2 + (x1 - x2)**2, x2**2 + (3*x1 + x2)**2, x2**2 + (3*x1 + x2)**2, x2**2 + (3*x1 + x2)**2, x2**2 + (3*x1 + x2)**2, x2**2 + (3*x1 + x2)**2, x2**2 + (3*x1 + sin(x2))**2, x2**2 + (3*x1 + sin(x2))**2, x2**2 + (3*x1 + sin(x2))**2, (x1 - x2)**2 + (2*x1 + sin(x1))**2, x2**2 + (2*x1 + x2 + sin(x1))**2, x2**2 + (2*x1 + x2 + sin(x1))**2, x2**2 + (2*x1 + x2 + sin(x1))**2, x2**2 + (2*x1 + sin(x1 + x2))**2, x2**2 + (2*x1 + sin(x1 + x2))**2, 9*x1**2 + (x1 + x2)**2, (3*x1 + x2)**2 + sin(x2)**2, 9*x1**2 + x2**2, x2**2 + (2*x1 + sin(x1))**2, x2**2 + (2*x1 + sin(x1))**2, x2**2 + (2*x1 + sin(x1))**2, x2**2 + (x1**2 + 3*x1)**2, x2**2 + (x1**2 + 3*x1)**2, x2**2 + (x1**2 + 3*x1)**2, x2**2 + (x1**2 + 3*x1)**2, x2**2 + (x1**2 + 3*x1)**2, x2**2 + (3*x1 - x2**2)**2, 9*x1**2 + sin(x2)**2, (x1 + x2)**2 + (2*x1 - x2)**2, 256*x1**4 + x2**2, (x1 - x2)**2 + (2*x1 + x2)**2, 16*x1**2 + x2**4, 4*x1**2 + (2*x1 - x2)**2]
(55, 43)
/users/9/chen8596/miniconda3/envs/alfd/lib/python3.9/site-packages/torch/nn/functional.py:4999: UserWarning: Support for mismatched key_padding_mask and attn_mask is deprecated. Use same type for both instead.
  warnings.warn(
/users/9/chen8596/LyaDis/repro/runs/poly2d/utils/train.py:971: RuntimeWarning: divide by zero encountered in divide
  error = np.abs(((y_hat - y) / y))
/users/9/chen8596/.local/lib/python3.9/site-packages/scipy/stats/_stats_py.py:4424: ConstantInputWarning: An input array is constant; the correlation coefficient is not defined.
  warnings.warn(stats.ConstantInputWarning(msg))
MainProcess| 2026-06-22 04:36:57,456,456 multiprocessing INFO [Test epoch=0001]  nevals=13767 	| train_loss=4211.48291 	| eqs_invalid %=0.00 	| r_best=0.99171 	| quantile=0.75936 	| r_quantile_mean=0.97388 	| r_raw_sum=134.44221 	|  r_raw_mean=0.33865 	| r2=nan 	| acc_iid=0.00000 	| acc_ood=0.00000 	| nmse_test=0.0 	| true_equation_set_count=0 	| s/it=8958.80499
[Test epoch=0001]  nevals=13767 	| train_loss=4211.48291 	| eqs_invalid %=0.00 	| r_best=0.99171 	| quantile=0.75936 	| r_quantile_mean=0.97388 	| r_raw_sum=134.44221 	|  r_raw_mean=0.33865 	| r2=nan 	| acc_iid=0.00000 	| acc_ood=0.00000 	| nmse_test=0.0 	| true_equation_set_count=0 	| s/it=8958.80499
MainProcess| 2026-06-22 04:36:57,457,457 multiprocessing INFO [00:02:29:18.82] Training epoch 1/4000, current best R: 0.9917
[00:02:29:18.82] Training epoch 1/4000, current best R: 0.9917
MainProcess| 2026-06-22 04:36:57,457,457 multiprocessing INFO 
	** New best

	** New best
MainProcess| 2026-06-22 04:36:57,457,457 multiprocessing INFO 	Reward: 0.9917050573435305
	Reward: 0.9917050573435305
MainProcess| 2026-06-22 04:36:57,457,457 multiprocessing INFO 	Count Off-policy: 1
	Count Off-policy: 1
MainProcess| 2026-06-22 04:36:57,457,457 multiprocessing INFO 	Count On-policy: 0
	Count On-policy: 0
MainProcess| 2026-06-22 04:36:57,457,457 multiprocessing INFO 	Originally on Policy: False
	Originally on Policy: False
MainProcess| 2026-06-22 04:36:57,457,457 multiprocessing INFO 	Invalid: False
	Invalid: False
MainProcess| 2026-06-22 04:36:57,457,457 multiprocessing INFO 	Traversal: add,n2,x2,n2,add,add,add,x1,x1,x1,x1
	Traversal: add,n2,x2,n2,add,add,add,x1,x1,x1,x1
MainProcess| 2026-06-22 04:36:57,457,457 multiprocessing INFO 	Expression:
	Expression:
MainProcess| 2026-06-22 04:36:57,562,562 multiprocessing INFO 
	       2     2
	  16⋅x₁  + x₂ 


	       2     2
	  16⋅x₁  + x₂ 

MainProcess| 2026-06-22 04:36:57,562,562 multiprocessing INFO [00:02:29:18.92] Early stopping criteria met; breaking early.
[00:02:29:18.92] Early stopping criteria met; breaking early.
MainProcess| 2026-06-22 04:36:57,562,562 multiprocessing INFO -- RUNNING EPOCHS END ---------------

-- RUNNING EPOCHS END ---------------

MainProcess| 2026-06-22 04:36:57,562,562 multiprocessing INFO -- EVALUATION START ----------------
-- EVALUATION START ----------------
Saving Hall of Fame to ./log/fn_d_all_b_5_2026-06-22-020737_3/dso_fn_d_all_b_5_13_hof.csv
Saving Pareto Front to ./log/fn_d_all_b_5_2026-06-22-020737_3/dso_fn_d_all_b_5_13_pf.csv
Invalid expressions: 1 of 13767 (0.0%).
Error type counts:
  square: 1 (100.0%)
Error node counts:
  underflow: 1 (100.0%)
MainProcess| 2026-06-22 04:36:57,995,995 multiprocessing INFO 
Priority queue entry 0:

Priority queue entry 0:
MainProcess| 2026-06-22 04:36:57,996,996 multiprocessing INFO 	Reward: 0.9917050573435305
	Reward: 0.9917050573435305
MainProcess| 2026-06-22 04:36:57,996,996 multiprocessing INFO 	Count Off-policy: 1
	Count Off-policy: 1
MainProcess| 2026-06-22 04:36:57,996,996 multiprocessing INFO 	Count On-policy: 0
	Count On-policy: 0
MainProcess| 2026-06-22 04:36:57,996,996 multiprocessing INFO 	Originally on Policy: False
	Originally on Policy: False
MainProcess| 2026-06-22 04:36:57,996,996 multiprocessing INFO 	Invalid: False
	Invalid: False
MainProcess| 2026-06-22 04:36:57,996,996 multiprocessing INFO 	Traversal: add,n2,x2,n2,add,add,add,x1,x1,x1,x1
	Traversal: add,n2,x2,n2,add,add,add,x1,x1,x1,x1
MainProcess| 2026-06-22 04:36:57,996,996 multiprocessing INFO 	Expression:
	Expression:
MainProcess| 2026-06-22 04:36:57,996,996 multiprocessing INFO 
	       2     2
	  16⋅x₁  + x₂ 


	       2     2
	  16⋅x₁  + x₂ 

MainProcess| 2026-06-22 04:36:57,996,996 multiprocessing INFO -- EVALUATION END ------------------
-- EVALUATION END ------------------
MainProcess| 2026-06-22 04:36:57,998,998 multiprocessing INFO == TRAINING SEED 13 END ==============
== TRAINING SEED 13 END ==============
MainProcess| 2026-06-22 04:36:57,999,999 multiprocessing INFO 
== POST-PROCESS START =================

== POST-PROCESS START =================
MainProcess| 2026-06-22 04:36:57,999,999 multiprocessing INFO -- LOADING LOGS START ----------------
-- LOADING LOGS START ----------------
MainProcess| 2026-06-22 04:36:58,055,55 multiprocessing INFO Successfully loaded Hall of Fame data
Successfully loaded Hall of Fame data
MainProcess| 2026-06-22 04:36:59,454,454 multiprocessing INFO Successfully loaded Pareto Front data
Successfully loaded Pareto Front data
MainProcess| 2026-06-22 04:36:59,454,454 multiprocessing INFO *** WARNING:
*** WARNING:
MainProcess| 2026-06-22 04:36:59,454,454 multiprocessing INFO     --> Can't load summary: [Errno 2] No such file or directory: './log/fn_d_all_b_5_2026-06-22-020737_3/summary.csv'
    --> Can't load summary: [Errno 2] No such file or directory: './log/fn_d_all_b_5_2026-06-22-020737_3/summary.csv'
MainProcess| 2026-06-22 04:36:59,454,454 multiprocessing INFO -- LOADING LOGS END ------------------
-- LOADING LOGS END ------------------
MainProcess| 2026-06-22 04:36:59,454,454 multiprocessing INFO 
-- ANALYZING LOG START --------------

-- ANALYZING LOG START --------------
MainProcess| 2026-06-22 04:36:59,454,454 multiprocessing INFO Task_____________regression
Task_____________regression
MainProcess| 2026-06-22 04:36:59,454,454 multiprocessing INFO Source path______./log/fn_d_all_b_5_2026-06-22-020737_3
Source path______./log/fn_d_all_b_5_2026-06-22-020737_3
MainProcess| 2026-06-22 04:36:59,454,454 multiprocessing INFO Runs_____________N/A
Runs_____________N/A
MainProcess| 2026-06-22 04:36:59,454,454 multiprocessing INFO Max Samples/run__2000000
Max Samples/run__2000000
MainProcess| 2026-06-22 04:36:59,454,454 multiprocessing INFO Found issues:
Found issues:
MainProcess| 2026-06-22 04:36:59,454,454 multiprocessing INFO   0
  0
MainProcess| 2026-06-22 04:36:59,454,454 multiprocessing INFO Hall of Fame (Top 5 of 100)____
Hall of Fame (Top 5 of 100)____
MainProcess| 2026-06-22 04:36:59,455,455 multiprocessing INFO     0: S=013 R=0.991705 <-- [16*x1**2 + x2**2]
    0: S=013 R=0.991705 <-- [16*x1**2 + x2**2]
MainProcess| 2026-06-22 04:36:59,455,455 multiprocessing INFO     1: S=013 R=0.991698 <-- [16*x1**2 + sin(x2**2)]
    1: S=013 R=0.991698 <-- [16*x1**2 + sin(x2**2)]
MainProcess| 2026-06-22 04:36:59,455,455 multiprocessing INFO     2: S=013 R=0.991698 <-- [x2**2 + (3*x1 + sin(x1))**2]
    2: S=013 R=0.991698 <-- [x2**2 + (3*x1 + sin(x1))**2]
MainProcess| 2026-06-22 04:36:59,456,456 multiprocessing INFO     3: S=013 R=0.991698 <-- [x2**2 + (3*x1 + sin(x1))**2]
    3: S=013 R=0.991698 <-- [x2**2 + (3*x1 + sin(x1))**2]
MainProcess| 2026-06-22 04:36:59,456,456 multiprocessing INFO     4: S=013 R=0.991698 <-- [x2**2 + (3*x1 + sin(x1))**2]
    4: S=013 R=0.991698 <-- [x2**2 + (3*x1 + sin(x1))**2]
MainProcess| 2026-06-22 04:36:59,456,456 multiprocessing INFO Pareto Front (5 of 6)____
Pareto Front (5 of 6)____
MainProcess| 2026-06-22 04:36:59,457,457 multiprocessing INFO     0: S=013 R=0.991705 C=11.00 <-- [16*x1**2 + x2**2]
    0: S=013 R=0.991705 C=11.00 <-- [16*x1**2 + x2**2]
MainProcess| 2026-06-22 04:36:59,457,457 multiprocessing INFO     1: S=013 R=0.990157 C=9.00 <-- [9*x1**2 + x2**2]
    1: S=013 R=0.990157 C=9.00 <-- [9*x1**2 + x2**2]
MainProcess| 2026-06-22 04:36:59,458,458 multiprocessing INFO     2: S=013 R=0.986964 C=7.00 <-- [4*x1**2 + x2**2]
    2: S=013 R=0.986964 C=7.00 <-- [4*x1**2 + x2**2]
MainProcess| 2026-06-22 04:36:59,458,458 multiprocessing INFO     3: S=013 R=0.968179 C=6.00 <-- [(2*x1 - x2)**2]
    3: S=013 R=0.968179 C=6.00 <-- [(2*x1 - x2)**2]
MainProcess| 2026-06-22 04:36:59,458,458 multiprocessing INFO     4: S=013 R=0.968028 C=5.00 <-- [x1**2 + x2**2]
    4: S=013 R=0.968028 C=5.00 <-- [x1**2 + x2**2]
MainProcess| 2026-06-22 04:36:59,459,459 multiprocessing INFO -- ANALYZING LOG END ----------------
-- ANALYZING LOG END ----------------
MainProcess| 2026-06-22 04:36:59,459,459 multiprocessing INFO == POST-PROCESS END ===================
== POST-PROCESS END ===================
MainProcess| 2026-06-22 04:36:59,459,459 multiprocessing INFO [TEST RESULT] {'seed': 3, 'r': 0.9917050573435305, 'nmse_test': 0.0, 'nmse_test_noiseless': 0.0, 'success': True, 'expression': '[16*x1**2 + x2**2]', 'traversal': 'add,n2,x2,n2,add,add,add,x1,x1,x1,x1', 'program': add,n2,x2,n2,add,add,add,x1,x1,x1,x1, 'error_square': 1, 'error_node_underflow': 1, 'n_epochs': 1, 'n_samples': 13767, 'n_cached': 3308, 't': 8959.367685079575, 'baseline': 'transformer', 'run_seed': 3, 'dataset': 'fn_d_all_b_5'}
[TEST RESULT] {'seed': 3, 'r': 0.9917050573435305, 'nmse_test': 0.0, 'nmse_test_noiseless': 0.0, 'success': True, 'expression': '[16*x1**2 + x2**2]', 'traversal': 'add,n2,x2,n2,add,add,add,x1,x1,x1,x1', 'program': add,n2,x2,n2,add,add,add,x1,x1,x1,x1, 'error_square': 1, 'error_node_underflow': 1, 'n_epochs': 1, 'n_samples': 13767, 'n_cached': 3308, 't': 8959.367685079575, 'baseline': 'transformer', 'run_seed': 3, 'dataset': 'fn_d_all_b_5'}
MainProcess| 2026-06-22 04:36:59,459,459 multiprocessing INFO INFO: Completed run 1 of 1 in 8959 s | LATEST TEST_RESULT {'seed': 3, 'r': 0.9917050573435305, 'nmse_test': 0.0, 'nmse_test_noiseless': 0.0, 'success': True, 'expression': '[16*x1**2 + x2**2]', 'traversal': 'add,n2,x2,n2,add,add,add,x1,x1,x1,x1', 'program': add,n2,x2,n2,add,add,add,x1,x1,x1,x1, 'error_square': 1, 'error_node_underflow': 1, 'n_epochs': 1, 'n_samples': 13767, 'n_cached': 3308, 't': 8959.367685079575, 'baseline': 'transformer', 'run_seed': 3, 'dataset': 'fn_d_all_b_5'}
INFO: Completed run 1 of 1 in 8959 s | LATEST TEST_RESULT {'seed': 3, 'r': 0.9917050573435305, 'nmse_test': 0.0, 'nmse_test_noiseless': 0.0, 'success': True, 'expression': '[16*x1**2 + x2**2]', 'traversal': 'add,n2,x2,n2,add,add,add,x1,x1,x1,x1', 'program': add,n2,x2,n2,add,add,add,x1,x1,x1,x1, 'error_square': 1, 'error_node_underflow': 1, 'n_epochs': 1, 'n_samples': 13767, 'n_cached': 3308, 't': 8959.367685079575, 'baseline': 'transformer', 'run_seed': 3, 'dataset': 'fn_d_all_b_5'}
MainProcess| 2026-06-22 04:36:59,459,459 multiprocessing INFO Fin.
MainProcess| 2026-06-22 04:36:59,460,460 multiprocessing INFO process shutting down
[job] done sys=poly2d seed=3 end=2026-06-22T04:37:00-05:00
