[job] sys=poly2d benchmark=fn_d_all_b seed=1 host=aga26 gpu=0 start=2026-06-21T22:50:22-05:00
MainProcess| 2026-06-21 22:50:44,582,582 multiprocessing INFO STARTING NEW RUN ==========
MainProcess| 2026-06-21 22:50:44,582,582 multiprocessing INFO SEE LOG AT : ./logs/all_Lyapunov_test_dso-fn_d_all_b_01_log.txt
MainProcess| 2026-06-21 22:50:44,582,582 multiprocessing INFO See log at : ./logs/all_Lyapunov_test_dso-fn_d_all_b_01_log.txt
MainProcess| 2026-06-21 22:50:44,589,589 multiprocessing INFO               variables expression                                          train_spec test_spec function_set
name                                                                                                         
fn_d_all_b_5          2  0*x1+0*x2  {"x1":{"U":[-1,1,15000]}, "x2":{"U":[-1,1,15000]}}      None         Koza
              variables expression                                          train_spec test_spec function_set
name                                                                                                         
fn_d_all_b_5          2  0*x1+0*x2  {"x1":{"U":[-1,1,15000]}, "x2":{"U":[-1,1,15000]}}      None         Koza

-- BUILDING DATASET START -----------
Benchmark path                 : /users/9/chen8596/LyaDis/repro/runs/poly2d/libs/sd3/dso/dso/task/regression/benchmarks_bkup_1.csv
Generated data for benchmark   : fn_d_all_b_5
-- BUILDING DATASET END -------------

Function set                   : Koza --> ['add', 'sub', 'mul', 'sin', 'cos', 'n2']

MainProcess| 2026-06-21 22:50:44,689,689 multiprocessing INFO [BASELINE_TESTING NOW] dataset=fn_d_all_b_5 	| baseline=transformer 	| seed=1 	| data_samples=15000 	| noise=0.0
MainProcess| 2026-06-21 22:50:44,705,705 multiprocessing INFO [RUN SETTINGS]: test_dataset=fn_d_all_b_5  batch_outer_datasets=24 pre_train=False load_pre_trained_path= priority_queue_training=True gp_meld=True model=TransformerTreeEncoderController train_path= risk_seeking_pg_train=True
[RUN SETTINGS]: test_dataset=fn_d_all_b_5  batch_outer_datasets=24 pre_train=False load_pre_trained_path= priority_queue_training=True gp_meld=True model=TransformerTreeEncoderController train_path= risk_seeking_pg_train=True
MainProcess| 2026-06-21 22:50:44,772,772 multiprocessing INFO Running model : TransformerTreeEncoderController
Running model : TransformerTreeEncoderController

-- BUILDING DATASET START -----------
Benchmark path                 : /users/9/chen8596/LyaDis/repro/runs/poly2d/libs/sd3/dso/dso/task/regression/benchmarks_bkup_1.csv
Generated data for benchmark   : fn_d_all_b_5
-- BUILDING DATASET END -------------

Function set                   : Koza --> ['add', 'sub', 'mul', 'sin', 'cos', 'n2']

MainProcess| 2026-06-21 22:50:44,778,778 multiprocessing INFO Function set: ['x1', 'x2', 'add', 'sub', 'mul', 'sin', 'cos', 'n2']

-- BUILDING DATASET START -----------
Benchmark path                 : /users/9/chen8596/LyaDis/repro/runs/poly2d/libs/sd3/dso/dso/task/regression/benchmarks_bkup_1.csv
Generated data for benchmark   : fn_d_all_b_5
-- BUILDING DATASET END -------------

Function set                   : Koza --> ['add', 'sub', 'mul', 'sin', 'cos', 'n2']

-- BUILDING PRIOR START -------------
WARNING: Skipping invalid 'RelationalConstraint' with arguments {'targets': [], 'effectors': [], 'relationship': None}. Reason: Prior disabled.
WARNING: Skipping invalid 'RepeatConstraint' with arguments {'tokens': 'const', 'min_': None, 'max_': 5}. Reason: Uses Tokens not in the Library.
WARNING: Skipping invalid 'InverseUnaryConstraint' with arguments {}. Reason: There are no inverse unary Token pairs in the Library.
WARNING: Skipping invalid 'ConstConstraint' with arguments {}. Reason: Prior disabled.
WARNING: Skipping invalid 'NoInputsConstraint' with arguments {}. Reason: All terminal tokens are input variables, so allsequences will have an input variable.
WARNING: Skipping invalid 'UniformArityPrior' with arguments {}. Reason: Prior disabled.
LengthConstraint: Sequences have minimum length 4.
                  Sequences have maximum length 12.
TrigConstraint: [sin, cos] cannot be a descendant of [sin, cos].
SoftLengthPrior: No description available.
-- BUILDING PRIOR END ---------------

MainProcess| 2026-06-21 22:50:45,252,252 multiprocessing INFO Transformer overwriting hidden size to input_dim 128
Transformer overwriting hidden size to input_dim 128
MainProcess| 2026-06-21 22:50:45,436,436 multiprocessing INFO Encoder params: {'sinuisodal_embeddings': False, 'dec_pf_dim': 32, 'dec_layers': 1, 'dim_hidden': 128, 'lr': 0.0001, 'dropout': 0, 'num_features': 1, 'ln': True, 'N_p': 0, 'num_inds': 64, 'activation': 'relu', 'bit16': False, 'norm': True, 'linear': True, 'input_normalization': False, 'src_pad_idx': 0, 'trg_pad_idx': 0, 'length_eq': 20, 'n_l_enc': 3, 'mean': 0.5, 'std': 0.5, 'dim_input': 64, 'num_heads': 2, 'output_dim': 10}
Encoder params: {'sinuisodal_embeddings': False, 'dec_pf_dim': 32, 'dec_layers': 1, 'dim_hidden': 128, 'lr': 0.0001, 'dropout': 0, 'num_features': 1, 'ln': True, 'N_p': 0, 'num_inds': 64, 'activation': 'relu', 'bit16': False, 'norm': True, 'linear': True, 'input_normalization': False, 'src_pad_idx': 0, 'trg_pad_idx': 0, 'length_eq': 20, 'n_l_enc': 3, 'mean': 0.5, 'std': 0.5, 'dim_input': 64, 'num_heads': 2, 'output_dim': 10}
MainProcess| 2026-06-21 22:50:45,601,601 multiprocessing INFO TransformerTreeEncoderController parameters: 4033852 	 | trainable : 4033852
TransformerTreeEncoderController parameters: 4033852 	 | trainable : 4033852
MainProcess| 2026-06-21 22:50:45,669,669 multiprocessing INFO GP CONFIG : {'verbose': False, 'generations': 35, 'p_crossover': 0.5, 'p_mutate': 0.5, 'tournament_size': 7, 'train_n': 50, 'mutate_tree_max': 3}
GP CONFIG : {'verbose': False, 'generations': 35, 'p_crossover': 0.5, 'p_mutate': 0.5, 'tournament_size': 7, 'train_n': 50, 'mutate_tree_max': 3}
MainProcess| 2026-06-21 22:50:45,883,883 multiprocessing INFO config: {'experiment': {'logdir': './log', 'seed': 13, 'timestamp': '2026-06-21-225044', 'task_name': 'fn_d_all_b_5', 'save_path': './log/fn_d_all_b_5_2026-06-21-225044_1'}, 'task': {'task_type': 'regression', 'dataset': 'fn_d_all_b_5', 'function_set': ['add', 'sub', 'mul', 'sin', 'cos', 'n2'], 'metric': 'lyapunov_risk', 'metric_params': [1.0], 'extra_metric_test': None, 'extra_metric_test_params': [], 'threshold': 1e-12, 'protected': False, 'reward_noise': 0.0, 'reward_noise_type': 'r', 'normalize_variance': False, 'decision_tree_threshold_set': []}, 'training': {'n_epochs': None, 'n_samples': 2000000, 'batch_size': 500, 'epsilon': 0.1, 'baseline': 'R_e', 'alpha': 0.5, 'b_jumpstart': False, 'n_cores_batch': 1, 'complexity': 'token', 'const_optimizer': 'scipy', 'const_params': {'method': 'L-BFGS-B', 'options': {'gtol': 0.001}}, 'verbose': True, 'debug': 0, 'early_stopping': True, 'hof': 100, 'use_memory': False, 'memory_capacity': 1000.0, 'warm_start': None, 'memory_threshold': None, 'save_all_epoch': False, 'save_summary': False, 'save_positional_entropy': False, 'save_pareto_front': True, 'save_cache': False, 'save_cache_r_min': 0.9, 'save_freq': 1, 'save_token_count': False}, 'state_manager': {'observe_action': False, 'observe_parent': True, 'observe_sibling': True, 'observe_dangling': False, 'embedding': True, 'embedding_size': 64}, 'controller': {'max_length': 64, 'cell': 'lstm', 'num_layers': 1, 'num_units': 64, 'initializer': 'zeros', 'learning_rate': 0.0003, 'optimizer': 'adam', 'entropy_weight': 0.005, 'entropy_gamma': 0.8, 'pqt': True, 'pqt_k': 10, 'pqt_batch_size': 1, 'pqt_weight': 200.0, 'pqt_use_pg': False, 'summary': False, 'rl_weight': 1.0}, 'gp_meld': {'generations': 35, 'p_crossover': 0.5, 'p_mutate': 0.5, 'tournament_size': 7, 'train_n': 50, 'mutate_tree_max': 3}, 'prior': {'relational': {'targets': [], 'effectors': [], 'relationship': None}, 'length': {'min_': 4, 'max_': 12}, 'repeat': {'tokens': 'const', 'min_': None, 'max_': 5}, 'inverse': {}, 'trig': {}, 'const': {}, 'no_inputs': {}, 'uniform_arity': {}, 'soft_length': {'loc': 10, 'scale': 5}}, 'postprocess': {'show_count': 5, 'save_plots': True}, 'model': 'TransformerTreeEncoderController', 'function_names_str': 'x1,x2,add,sub,mul,sin,cos,n2', 'nesymres_train_config': {'architecture': {'sinuisodal_embeddings': False, 'dec_pf_dim': 32, 'dec_layers': 1, 'dim_hidden': 128, 'lr': 0.0001, 'dropout': 0, 'num_features': 1, 'ln': True, 'N_p': 0, 'num_inds': 64, 'activation': 'relu', 'bit16': False, 'norm': True, 'linear': True, 'input_normalization': False, 'src_pad_idx': 0, 'trg_pad_idx': 0, 'length_eq': 20, 'n_l_enc': 3, 'mean': 0.5, 'std': 0.5, 'dim_input': 64, 'num_heads': 2, 'output_dim': 10}}}

-- BUILDING DATASET START -----------
Benchmark path                 : /users/9/chen8596/LyaDis/repro/runs/poly2d/libs/sd3/dso/dso/task/regression/benchmarks_bkup_1.csv
Generated data for benchmark   : fn_d_all_b_5
-- BUILDING DATASET END -------------

Function set                   : Koza --> ['add', 'sub', 'mul', 'sin', 'cos', 'n2']

-- RUNNING EPOCHS START -------------
torch.Size([500, 43])
/users/9/chen8596/miniconda3/envs/alfd/lib/python3.9/site-packages/torch/nn/functional.py:4999: UserWarning: Support for mismatched key_padding_mask and attn_mask is deprecated. Use same type for both instead.
  warnings.warn(
/users/9/chen8596/miniconda3/envs/alfd/lib/python3.9/site-packages/torch/nn/functional.py:4999: UserWarning: Support for mismatched key_padding_mask and attn_mask is deprecated. Use same type for both instead.
  warnings.warn(
/users/9/chen8596/miniconda3/envs/alfd/lib/python3.9/site-packages/torch/nn/functional.py:4999: UserWarning: Support for mismatched key_padding_mask and attn_mask is deprecated. Use same type for both instead.
  warnings.warn(
MainProcess| 2026-06-21 22:51:25,277,277 multiprocessing INFO Genetic Porgramming Runtime 34.28058605780825
Genetic Porgramming Runtime 34.28058605780825

=========================PGD Collection Starts=========================

MainProcess| 2026-06-21 22:51:25,983,983 multiprocessing INFO created temp directory /tmp/pymp-zn34795f
SpawnPoolWorker-9| 2026-06-21 22:51:32,042,42 multiprocessing INFO STARTING NEW RUN ==========
SpawnPoolWorker-9| 2026-06-21 22:51:32,042,42 multiprocessing INFO SEE LOG AT : ./logs/all_Lyapunov_test_dso-fn_d_all_b_01_log.txt
SpawnPoolWorker-9| 2026-06-21 22:51:32,042,42 multiprocessing INFO See log at : ./logs/all_Lyapunov_test_dso-fn_d_all_b_01_log.txt
SpawnPoolWorker-3| 2026-06-21 22:51:32,042,42 multiprocessing INFO STARTING NEW RUN ==========
SpawnPoolWorker-3| 2026-06-21 22:51:32,042,42 multiprocessing INFO SEE LOG AT : ./logs/all_Lyapunov_test_dso-fn_d_all_b_01_log.txt
SpawnPoolWorker-3| 2026-06-21 22:51:32,042,42 multiprocessing INFO See log at : ./logs/all_Lyapunov_test_dso-fn_d_all_b_01_log.txt
SpawnPoolWorker-6| 2026-06-21 22:51:32,043,43 multiprocessing INFO STARTING NEW RUN ==========
SpawnPoolWorker-6| 2026-06-21 22:51:32,043,43 multiprocessing INFO SEE LOG AT : ./logs/all_Lyapunov_test_dso-fn_d_all_b_01_log.txt
SpawnPoolWorker-6| 2026-06-21 22:51:32,043,43 multiprocessing INFO See log at : ./logs/all_Lyapunov_test_dso-fn_d_all_b_01_log.txt
SpawnPoolWorker-9| 2026-06-21 22:51:32,044,44 multiprocessing INFO child process calling self.run()
SpawnPoolWorker-6| 2026-06-21 22:51:32,046,46 multiprocessing INFO child process calling self.run()
SpawnPoolWorker-3| 2026-06-21 22:51:32,046,46 multiprocessing INFO child process calling self.run()
SpawnPoolWorker-4| 2026-06-21 22:51:32,049,49 multiprocessing INFO STARTING NEW RUN ==========
SpawnPoolWorker-10| 2026-06-21 22:51:32,049,49 multiprocessing INFO STARTING NEW RUN ==========
SpawnPoolWorker-4| 2026-06-21 22:51:32,049,49 multiprocessing INFO SEE LOG AT : ./logs/all_Lyapunov_test_dso-fn_d_all_b_01_log.txt
SpawnPoolWorker-10| 2026-06-21 22:51:32,049,49 multiprocessing INFO SEE LOG AT : ./logs/all_Lyapunov_test_dso-fn_d_all_b_01_log.txt
SpawnPoolWorker-4| 2026-06-21 22:51:32,049,49 multiprocessing INFO See log at : ./logs/all_Lyapunov_test_dso-fn_d_all_b_01_log.txt
SpawnPoolWorker-10| 2026-06-21 22:51:32,049,49 multiprocessing INFO See log at : ./logs/all_Lyapunov_test_dso-fn_d_all_b_01_log.txt
SpawnPoolWorker-10| 2026-06-21 22:51:32,051,51 multiprocessing INFO child process calling self.run()
SpawnPoolWorker-4| 2026-06-21 22:51:32,051,51 multiprocessing INFO child process calling self.run()
SpawnPoolWorker-5| 2026-06-21 22:51:32,057,57 multiprocessing INFO STARTING NEW RUN ==========
SpawnPoolWorker-5| 2026-06-21 22:51:32,057,57 multiprocessing INFO SEE LOG AT : ./logs/all_Lyapunov_test_dso-fn_d_all_b_01_log.txt
SpawnPoolWorker-5| 2026-06-21 22:51:32,057,57 multiprocessing INFO See log at : ./logs/all_Lyapunov_test_dso-fn_d_all_b_01_log.txt
SpawnPoolWorker-8| 2026-06-21 22:51:32,057,57 multiprocessing INFO STARTING NEW RUN ==========
SpawnPoolWorker-8| 2026-06-21 22:51:32,057,57 multiprocessing INFO SEE LOG AT : ./logs/all_Lyapunov_test_dso-fn_d_all_b_01_log.txt
SpawnPoolWorker-8| 2026-06-21 22:51:32,057,57 multiprocessing INFO See log at : ./logs/all_Lyapunov_test_dso-fn_d_all_b_01_log.txt
SpawnPoolWorker-8| 2026-06-21 22:51:32,059,59 multiprocessing INFO child process calling self.run()
SpawnPoolWorker-2| 2026-06-21 22:51:32,060,60 multiprocessing INFO STARTING NEW RUN ==========
SpawnPoolWorker-2| 2026-06-21 22:51:32,060,60 multiprocessing INFO SEE LOG AT : ./logs/all_Lyapunov_test_dso-fn_d_all_b_01_log.txt
SpawnPoolWorker-2| 2026-06-21 22:51:32,060,60 multiprocessing INFO See log at : ./logs/all_Lyapunov_test_dso-fn_d_all_b_01_log.txt
SpawnPoolWorker-1| 2026-06-21 22:51:32,060,60 multiprocessing INFO STARTING NEW RUN ==========
SpawnPoolWorker-1| 2026-06-21 22:51:32,060,60 multiprocessing INFO SEE LOG AT : ./logs/all_Lyapunov_test_dso-fn_d_all_b_01_log.txt
SpawnPoolWorker-1| 2026-06-21 22:51:32,060,60 multiprocessing INFO See log at : ./logs/all_Lyapunov_test_dso-fn_d_all_b_01_log.txt
SpawnPoolWorker-2| 2026-06-21 22:51:32,062,62 multiprocessing INFO child process calling self.run()
SpawnPoolWorker-1| 2026-06-21 22:51:32,063,63 multiprocessing INFO child process calling self.run()
SpawnPoolWorker-5| 2026-06-21 22:51:32,064,64 multiprocessing INFO child process calling self.run()
SpawnPoolWorker-7| 2026-06-21 22:51:32,065,65 multiprocessing INFO STARTING NEW RUN ==========
SpawnPoolWorker-7| 2026-06-21 22:51:32,065,65 multiprocessing INFO SEE LOG AT : ./logs/all_Lyapunov_test_dso-fn_d_all_b_01_log.txt
SpawnPoolWorker-7| 2026-06-21 22:51:32,065,65 multiprocessing INFO See log at : ./logs/all_Lyapunov_test_dso-fn_d_all_b_01_log.txt
SpawnPoolWorker-7| 2026-06-21 22:51:32,067,67 multiprocessing INFO child process calling self.run()
(3000,)

===================Collect 3000 Examples===================

Epsilon 0.1
500
(550,)
(550,)
(55,)
Number of Programs for Minimization: 30
SpawnPoolWorker-26| 2026-06-21 22:53:46,314,314 multiprocessing INFO STARTING NEW RUN ==========
SpawnPoolWorker-26| 2026-06-21 22:53:46,314,314 multiprocessing INFO SEE LOG AT : ./logs/all_Lyapunov_test_dso-fn_d_all_b_01_log.txt
SpawnPoolWorker-26| 2026-06-21 22:53:46,314,314 multiprocessing INFO See log at : ./logs/all_Lyapunov_test_dso-fn_d_all_b_01_log.txt
SpawnPoolWorker-26| 2026-06-21 22:53:46,326,326 multiprocessing INFO child process calling self.run()
SpawnPoolWorker-37| 2026-06-21 22:53:47,531,531 multiprocessing INFO STARTING NEW RUN ==========
SpawnPoolWorker-37| 2026-06-21 22:53:47,532,532 multiprocessing INFO SEE LOG AT : ./logs/all_Lyapunov_test_dso-fn_d_all_b_01_log.txt
SpawnPoolWorker-37| 2026-06-21 22:53:47,532,532 multiprocessing INFO See log at : ./logs/all_Lyapunov_test_dso-fn_d_all_b_01_log.txt
SpawnPoolWorker-37| 2026-06-21 22:53:47,533,533 multiprocessing INFO child process calling self.run()
SpawnPoolWorker-31| 2026-06-21 22:53:47,822,822 multiprocessing INFO STARTING NEW RUN ==========
SpawnPoolWorker-31| 2026-06-21 22:53:47,822,822 multiprocessing INFO SEE LOG AT : ./logs/all_Lyapunov_test_dso-fn_d_all_b_01_log.txt
SpawnPoolWorker-31| 2026-06-21 22:53:47,822,822 multiprocessing INFO See log at : ./logs/all_Lyapunov_test_dso-fn_d_all_b_01_log.txt
SpawnPoolWorker-31| 2026-06-21 22:53:47,839,839 multiprocessing INFO child process calling self.run()
SpawnPoolWorker-46| 2026-06-21 22:53:47,929,929 multiprocessing INFO STARTING NEW RUN ==========
SpawnPoolWorker-46| 2026-06-21 22:53:47,929,929 multiprocessing INFO SEE LOG AT : ./logs/all_Lyapunov_test_dso-fn_d_all_b_01_log.txt
SpawnPoolWorker-46| 2026-06-21 22:53:47,929,929 multiprocessing INFO See log at : ./logs/all_Lyapunov_test_dso-fn_d_all_b_01_log.txt
SpawnPoolWorker-28| 2026-06-21 22:53:47,929,929 multiprocessing INFO STARTING NEW RUN ==========
SpawnPoolWorker-28| 2026-06-21 22:53:47,929,929 multiprocessing INFO SEE LOG AT : ./logs/all_Lyapunov_test_dso-fn_d_all_b_01_log.txt
SpawnPoolWorker-28| 2026-06-21 22:53:47,929,929 multiprocessing INFO See log at : ./logs/all_Lyapunov_test_dso-fn_d_all_b_01_log.txt
SpawnPoolWorker-28| 2026-06-21 22:53:47,932,932 multiprocessing INFO child process calling self.run()
SpawnPoolWorker-46| 2026-06-21 22:53:47,933,933 multiprocessing INFO child process calling self.run()
SpawnPoolWorker-14| 2026-06-21 22:53:47,965,965 multiprocessing INFO STARTING NEW RUN ==========
SpawnPoolWorker-14| 2026-06-21 22:53:47,965,965 multiprocessing INFO SEE LOG AT : ./logs/all_Lyapunov_test_dso-fn_d_all_b_01_log.txt
SpawnPoolWorker-14| 2026-06-21 22:53:47,965,965 multiprocessing INFO See log at : ./logs/all_Lyapunov_test_dso-fn_d_all_b_01_log.txt
SpawnPoolWorker-14| 2026-06-21 22:53:47,978,978 multiprocessing INFO child process calling self.run()
SpawnPoolWorker-19| 2026-06-21 22:53:48,885,885 multiprocessing INFO STARTING NEW RUN ==========
SpawnPoolWorker-19| 2026-06-21 22:53:48,885,885 multiprocessing INFO SEE LOG AT : ./logs/all_Lyapunov_test_dso-fn_d_all_b_01_log.txt
SpawnPoolWorker-19| 2026-06-21 22:53:48,886,886 multiprocessing INFO See log at : ./logs/all_Lyapunov_test_dso-fn_d_all_b_01_log.txt
SpawnPoolWorker-19| 2026-06-21 22:53:48,944,944 multiprocessing INFO child process calling self.run()
SpawnPoolWorker-12| 2026-06-21 22:53:50,165,165 multiprocessing INFO STARTING NEW RUN ==========
SpawnPoolWorker-12| 2026-06-21 22:53:50,165,165 multiprocessing INFO SEE LOG AT : ./logs/all_Lyapunov_test_dso-fn_d_all_b_01_log.txt
SpawnPoolWorker-12| 2026-06-21 22:53:50,165,165 multiprocessing INFO See log at : ./logs/all_Lyapunov_test_dso-fn_d_all_b_01_log.txt
SpawnPoolWorker-12| 2026-06-21 22:53:50,197,197 multiprocessing INFO child process calling self.run()
SpawnPoolWorker-59| 2026-06-21 22:53:50,206,206 multiprocessing INFO STARTING NEW RUN ==========
SpawnPoolWorker-59| 2026-06-21 22:53:50,206,206 multiprocessing INFO SEE LOG AT : ./logs/all_Lyapunov_test_dso-fn_d_all_b_01_log.txt
SpawnPoolWorker-59| 2026-06-21 22:53:50,206,206 multiprocessing INFO See log at : ./logs/all_Lyapunov_test_dso-fn_d_all_b_01_log.txt
SpawnPoolWorker-59| 2026-06-21 22:53:50,208,208 multiprocessing INFO child process calling self.run()
SpawnPoolWorker-40| 2026-06-21 22:53:50,321,321 multiprocessing INFO STARTING NEW RUN ==========
SpawnPoolWorker-40| 2026-06-21 22:53:50,321,321 multiprocessing INFO SEE LOG AT : ./logs/all_Lyapunov_test_dso-fn_d_all_b_01_log.txt
SpawnPoolWorker-40| 2026-06-21 22:53:50,321,321 multiprocessing INFO See log at : ./logs/all_Lyapunov_test_dso-fn_d_all_b_01_log.txt
SpawnPoolWorker-40| 2026-06-21 22:53:50,324,324 multiprocessing INFO child process calling self.run()
SpawnPoolWorker-32| 2026-06-21 22:53:50,490,490 multiprocessing INFO STARTING NEW RUN ==========
SpawnPoolWorker-32| 2026-06-21 22:53:50,490,490 multiprocessing INFO SEE LOG AT : ./logs/all_Lyapunov_test_dso-fn_d_all_b_01_log.txt
SpawnPoolWorker-32| 2026-06-21 22:53:50,490,490 multiprocessing INFO See log at : ./logs/all_Lyapunov_test_dso-fn_d_all_b_01_log.txt
SpawnPoolWorker-32| 2026-06-21 22:53:50,492,492 multiprocessing INFO child process calling self.run()
SpawnPoolWorker-21| 2026-06-21 22:53:50,717,717 multiprocessing INFO STARTING NEW RUN ==========
SpawnPoolWorker-21| 2026-06-21 22:53:50,717,717 multiprocessing INFO SEE LOG AT : ./logs/all_Lyapunov_test_dso-fn_d_all_b_01_log.txt
SpawnPoolWorker-21| 2026-06-21 22:53:50,717,717 multiprocessing INFO See log at : ./logs/all_Lyapunov_test_dso-fn_d_all_b_01_log.txt
SpawnPoolWorker-21| 2026-06-21 22:53:50,723,723 multiprocessing INFO child process calling self.run()
SpawnPoolWorker-13| 2026-06-21 22:53:50,973,973 multiprocessing INFO STARTING NEW RUN ==========
SpawnPoolWorker-13| 2026-06-21 22:53:50,973,973 multiprocessing INFO SEE LOG AT : ./logs/all_Lyapunov_test_dso-fn_d_all_b_01_log.txt
SpawnPoolWorker-13| 2026-06-21 22:53:50,973,973 multiprocessing INFO See log at : ./logs/all_Lyapunov_test_dso-fn_d_all_b_01_log.txt
SpawnPoolWorker-13| 2026-06-21 22:53:50,975,975 multiprocessing INFO child process calling self.run()
SpawnPoolWorker-28| 2026-06-21 22:53:51,054,54 multiprocessing INFO process shutting down
SpawnPoolWorker-28| 2026-06-21 22:53:51,054,54 multiprocessing INFO process exiting with exitcode 0
SpawnPoolWorker-31| 2026-06-21 22:53:51,055,55 multiprocessing INFO process shutting down
SpawnPoolWorker-19| 2026-06-21 22:53:51,055,55 multiprocessing INFO process shutting down
SpawnPoolWorker-46| 2026-06-21 22:53:51,055,55 multiprocessing INFO process shutting down
SpawnPoolWorker-12| 2026-06-21 22:53:51,056,56 multiprocessing INFO process shutting down
SpawnPoolWorker-59| 2026-06-21 22:53:51,056,56 multiprocessing INFO process shutting down
SpawnPoolWorker-40| 2026-06-21 22:53:51,056,56 multiprocessing INFO process shutting down
SpawnPoolWorker-32| 2026-06-21 22:53:51,056,56 multiprocessing INFO process shutting down
SpawnPoolWorker-14| 2026-06-21 22:53:51,056,56 multiprocessing INFO process shutting down
SpawnPoolWorker-21| 2026-06-21 22:53:51,057,57 multiprocessing INFO process shutting down
SpawnPoolWorker-37| 2026-06-21 22:53:51,057,57 multiprocessing INFO process shutting down
SpawnPoolWorker-13| 2026-06-21 22:53:51,057,57 multiprocessing INFO process shutting down
SpawnPoolWorker-31| 2026-06-21 22:53:51,062,62 multiprocessing INFO process exiting with exitcode 0
30
(15000, 2)
(15000,)
(15000, 2)
(15000,)

=======================Successfully Added (0,) Counter Examples=======================

Number of valid equations: 46. Program should stopped
9*x1**2 - cos(2*x2)
[9*x1**2 - cos(2*x2), (2*x1 + sin(x1))**2 - cos(2*x2), (2*x1 + sin(x1))**2 - cos(2*x2), (2*x1 + sin(x1))**2 - cos(2*x2), 4*x1**2 - cos(3*x2), 4*x1**2 - cos(3*x2), (x1 + sin(x1))**2 - cos(3*x2), (x1 + sin(x1))**2 - cos(3*x2), 9*x1**2 - cos(x2)**2, 4*x1**2 - cos(x1 - 2*x2), 4*x1**2 - cos(x1 - 2*x2), (2*x1 + x2)**2 - cos(2*x2), (2*x1 + x2)**2 - cos(2*x2), (2*x1 + x2)**2 - cos(2*x2), (2*x1 + x2)**2 - cos(2*x2), (2*x1 + sin(x2))**2 - cos(2*x2), (2*x1 + sin(x2))**2 - cos(2*x2), 4*x1**2 - cos(x1 + 2*x2), 4*x1**2 - cos(x1 + 2*x2), 4*x1**2 - cos(x1 + 2*x2), 4*x1**2 - cos(x1**2 + 2*x2), 4*x1**2 - cos(x1**2 + 2*x2), 4*x1**2 - cos(2*x2), (x1 + sin(x1))**2 - cos(2*x2), (-3*x1 + x2)**2 - cos(x2), (3*x1 + x2)**2 - cos(x2), 4*x1**2 - cos(x2**2 + 2*x2), 4*x1**2 - cos(x2**2 + 2*x2), 4*x1**2 - cos(x2**2 + 2*x2), 9*x1**2 - cos(x1 - x2), 9*x1**2 - cos(x1 - x2), 9*x1**2 - cos(x1 + x2), 9*x1**2 - cos(x1 + x2), (2*x1 + sin(x1))**2 - cos(x1 + x2), (2*x1 + sin(x1))**2 - cos(x1 + x2), 9*x1**2 - cos(x1**2 + x2), 9*x1**2 - cos(x1**2 + x2), 9*x1**2 - cos(x1**2 + x2), 9*x1**2 - cos(x2), 9*x1**2 - cos(x2), (2*x1 + sin(x1))**2 - cos(x2), (-2*x1 + x2)**2 - cos(x1 + x2), (-2*x1 + x2)**2 - cos(x1 + x2), (2*x1 + x2)**2 - cos(x1 - x2), 4*x1**2 - cos(x1 + x2)**2, (-2*x1 + x2)**2 - cos(2*x1)]
MainProcess| 2026-06-22 01:25:04,935,935 multiprocessing INFO Number of valid equations: 46. Program should stopped
Number of valid equations: 46. Program should stopped
MainProcess| 2026-06-22 01:25:04,936,936 multiprocessing INFO 9*x1**2 - cos(2*x2)
9*x1**2 - cos(2*x2)
MainProcess| 2026-06-22 01:25:04,937,937 multiprocessing INFO [9*x1**2 - cos(2*x2), (2*x1 + sin(x1))**2 - cos(2*x2), (2*x1 + sin(x1))**2 - cos(2*x2), (2*x1 + sin(x1))**2 - cos(2*x2), 4*x1**2 - cos(3*x2), 4*x1**2 - cos(3*x2), (x1 + sin(x1))**2 - cos(3*x2), (x1 + sin(x1))**2 - cos(3*x2), 9*x1**2 - cos(x2)**2, 4*x1**2 - cos(x1 - 2*x2), 4*x1**2 - cos(x1 - 2*x2), (2*x1 + x2)**2 - cos(2*x2), (2*x1 + x2)**2 - cos(2*x2), (2*x1 + x2)**2 - cos(2*x2), (2*x1 + x2)**2 - cos(2*x2), (2*x1 + sin(x2))**2 - cos(2*x2), (2*x1 + sin(x2))**2 - cos(2*x2), 4*x1**2 - cos(x1 + 2*x2), 4*x1**2 - cos(x1 + 2*x2), 4*x1**2 - cos(x1 + 2*x2), 4*x1**2 - cos(x1**2 + 2*x2), 4*x1**2 - cos(x1**2 + 2*x2), 4*x1**2 - cos(2*x2), (x1 + sin(x1))**2 - cos(2*x2), (-3*x1 + x2)**2 - cos(x2), (3*x1 + x2)**2 - cos(x2), 4*x1**2 - cos(x2**2 + 2*x2), 4*x1**2 - cos(x2**2 + 2*x2), 4*x1**2 - cos(x2**2 + 2*x2), 9*x1**2 - cos(x1 - x2), 9*x1**2 - cos(x1 - x2), 9*x1**2 - cos(x1 + x2), 9*x1**2 - cos(x1 + x2), (2*x1 + sin(x1))**2 - cos(x1 + x2), (2*x1 + sin(x1))**2 - cos(x1 + x2), 9*x1**2 - cos(x1**2 + x2), 9*x1**2 - cos(x1**2 + x2), 9*x1**2 - cos(x1**2 + x2), 9*x1**2 - cos(x2), 9*x1**2 - cos(x2), (2*x1 + sin(x1))**2 - cos(x2), (-2*x1 + x2)**2 - cos(x1 + x2), (-2*x1 + x2)**2 - cos(x1 + x2), (2*x1 + x2)**2 - cos(x1 - x2), 4*x1**2 - cos(x1 + x2)**2, (-2*x1 + x2)**2 - cos(2*x1)]
[9*x1**2 - cos(2*x2), (2*x1 + sin(x1))**2 - cos(2*x2), (2*x1 + sin(x1))**2 - cos(2*x2), (2*x1 + sin(x1))**2 - cos(2*x2), 4*x1**2 - cos(3*x2), 4*x1**2 - cos(3*x2), (x1 + sin(x1))**2 - cos(3*x2), (x1 + sin(x1))**2 - cos(3*x2), 9*x1**2 - cos(x2)**2, 4*x1**2 - cos(x1 - 2*x2), 4*x1**2 - cos(x1 - 2*x2), (2*x1 + x2)**2 - cos(2*x2), (2*x1 + x2)**2 - cos(2*x2), (2*x1 + x2)**2 - cos(2*x2), (2*x1 + x2)**2 - cos(2*x2), (2*x1 + sin(x2))**2 - cos(2*x2), (2*x1 + sin(x2))**2 - cos(2*x2), 4*x1**2 - cos(x1 + 2*x2), 4*x1**2 - cos(x1 + 2*x2), 4*x1**2 - cos(x1 + 2*x2), 4*x1**2 - cos(x1**2 + 2*x2), 4*x1**2 - cos(x1**2 + 2*x2), 4*x1**2 - cos(2*x2), (x1 + sin(x1))**2 - cos(2*x2), (-3*x1 + x2)**2 - cos(x2), (3*x1 + x2)**2 - cos(x2), 4*x1**2 - cos(x2**2 + 2*x2), 4*x1**2 - cos(x2**2 + 2*x2), 4*x1**2 - cos(x2**2 + 2*x2), 9*x1**2 - cos(x1 - x2), 9*x1**2 - cos(x1 - x2), 9*x1**2 - cos(x1 + x2), 9*x1**2 - cos(x1 + x2), (2*x1 + sin(x1))**2 - cos(x1 + x2), (2*x1 + sin(x1))**2 - cos(x1 + x2), 9*x1**2 - cos(x1**2 + x2), 9*x1**2 - cos(x1**2 + x2), 9*x1**2 - cos(x1**2 + x2), 9*x1**2 - cos(x2), 9*x1**2 - cos(x2), (2*x1 + sin(x1))**2 - cos(x2), (-2*x1 + x2)**2 - cos(x1 + x2), (-2*x1 + x2)**2 - cos(x1 + x2), (2*x1 + x2)**2 - cos(x1 - x2), 4*x1**2 - cos(x1 + x2)**2, (-2*x1 + x2)**2 - cos(2*x1)]
(55, 43)
/users/9/chen8596/miniconda3/envs/alfd/lib/python3.9/site-packages/torch/nn/functional.py:4999: UserWarning: Support for mismatched key_padding_mask and attn_mask is deprecated. Use same type for both instead.
  warnings.warn(
/users/9/chen8596/LyaDis/repro/runs/poly2d/utils/train.py:971: RuntimeWarning: divide by zero encountered in divide
  error = np.abs(((y_hat - y) / y))
/users/9/chen8596/.local/lib/python3.9/site-packages/scipy/stats/_stats_py.py:4424: ConstantInputWarning: An input array is constant; the correlation coefficient is not defined.
  warnings.warn(stats.ConstantInputWarning(msg))
MainProcess| 2026-06-22 01:25:05,743,743 multiprocessing INFO [Test epoch=0001]  nevals=13713 	| train_loss=4419.89502 	| eqs_invalid %=0.00 	| r_best=0.99142 	| quantile=0.87067 	| r_quantile_mean=0.98104 	| r_raw_sum=193.79157 	|  r_raw_mean=0.40289 	| r2=nan 	| acc_iid=0.00000 	| acc_ood=0.00000 	| nmse_test=0.0 	| true_equation_set_count=0 	| s/it=9259.78724
[Test epoch=0001]  nevals=13713 	| train_loss=4419.89502 	| eqs_invalid %=0.00 	| r_best=0.99142 	| quantile=0.87067 	| r_quantile_mean=0.98104 	| r_raw_sum=193.79157 	|  r_raw_mean=0.40289 	| r2=nan 	| acc_iid=0.00000 	| acc_ood=0.00000 	| nmse_test=0.0 	| true_equation_set_count=0 	| s/it=9259.78724
MainProcess| 2026-06-22 01:25:05,743,743 multiprocessing INFO [00:02:34:19.85] Training epoch 1/4000, current best R: 0.9914
[00:02:34:19.85] Training epoch 1/4000, current best R: 0.9914
MainProcess| 2026-06-22 01:25:05,743,743 multiprocessing INFO 
	** New best

	** New best
MainProcess| 2026-06-22 01:25:05,743,743 multiprocessing INFO 	Reward: 0.9914223671281142
	Reward: 0.9914223671281142
MainProcess| 2026-06-22 01:25:05,744,744 multiprocessing INFO 	Count Off-policy: 1
	Count Off-policy: 1
MainProcess| 2026-06-22 01:25:05,744,744 multiprocessing INFO 	Count On-policy: 0
	Count On-policy: 0
MainProcess| 2026-06-22 01:25:05,744,744 multiprocessing INFO 	Originally on Policy: False
	Originally on Policy: False
MainProcess| 2026-06-22 01:25:05,744,744 multiprocessing INFO 	Invalid: False
	Invalid: False
MainProcess| 2026-06-22 01:25:05,744,744 multiprocessing INFO 	Traversal: sub,n2,add,add,x1,x1,x1,cos,add,x2,x2
	Traversal: sub,n2,add,add,x1,x1,x1,cos,add,x2,x2
MainProcess| 2026-06-22 01:25:05,744,744 multiprocessing INFO 	Expression:
	Expression:
MainProcess| 2026-06-22 01:25:05,924,924 multiprocessing INFO 
	      2            
	  9⋅x₁  - cos(2⋅x₂)


	      2            
	  9⋅x₁  - cos(2⋅x₂)

MainProcess| 2026-06-22 01:25:05,924,924 multiprocessing INFO [00:02:34:20.03] Early stopping criteria met; breaking early.
[00:02:34:20.03] Early stopping criteria met; breaking early.
MainProcess| 2026-06-22 01:25:05,924,924 multiprocessing INFO -- RUNNING EPOCHS END ---------------

-- RUNNING EPOCHS END ---------------

MainProcess| 2026-06-22 01:25:05,924,924 multiprocessing INFO -- EVALUATION START ----------------
-- EVALUATION START ----------------
Saving Hall of Fame to ./log/fn_d_all_b_5_2026-06-21-225044_1/dso_fn_d_all_b_5_13_hof.csv
Saving Pareto Front to ./log/fn_d_all_b_5_2026-06-21-225044_1/dso_fn_d_all_b_5_13_pf.csv
MainProcess| 2026-06-22 01:25:06,543,543 multiprocessing INFO 
Priority queue entry 0:

Priority queue entry 0:
MainProcess| 2026-06-22 01:25:06,543,543 multiprocessing INFO 	Reward: 0.9914223671281142
	Reward: 0.9914223671281142
MainProcess| 2026-06-22 01:25:06,543,543 multiprocessing INFO 	Count Off-policy: 1
	Count Off-policy: 1
MainProcess| 2026-06-22 01:25:06,543,543 multiprocessing INFO 	Count On-policy: 0
	Count On-policy: 0
MainProcess| 2026-06-22 01:25:06,543,543 multiprocessing INFO 	Originally on Policy: False
	Originally on Policy: False
MainProcess| 2026-06-22 01:25:06,543,543 multiprocessing INFO 	Invalid: False
	Invalid: False
MainProcess| 2026-06-22 01:25:06,543,543 multiprocessing INFO 	Traversal: sub,n2,add,add,x1,x1,x1,cos,add,x2,x2
	Traversal: sub,n2,add,add,x1,x1,x1,cos,add,x2,x2
MainProcess| 2026-06-22 01:25:06,544,544 multiprocessing INFO 	Expression:
	Expression:
MainProcess| 2026-06-22 01:25:06,544,544 multiprocessing INFO 
	      2            
	  9⋅x₁  - cos(2⋅x₂)


	      2            
	  9⋅x₁  - cos(2⋅x₂)

MainProcess| 2026-06-22 01:25:06,545,545 multiprocessing INFO -- EVALUATION END ------------------
-- EVALUATION END ------------------
MainProcess| 2026-06-22 01:25:06,547,547 multiprocessing INFO == TRAINING SEED 13 END ==============
== TRAINING SEED 13 END ==============
MainProcess| 2026-06-22 01:25:06,547,547 multiprocessing INFO 
== POST-PROCESS START =================

== POST-PROCESS START =================
MainProcess| 2026-06-22 01:25:06,547,547 multiprocessing INFO -- LOADING LOGS START ----------------
-- LOADING LOGS START ----------------
MainProcess| 2026-06-22 01:25:06,615,615 multiprocessing INFO Successfully loaded Hall of Fame data
Successfully loaded Hall of Fame data
MainProcess| 2026-06-22 01:25:08,172,172 multiprocessing INFO Successfully loaded Pareto Front data
Successfully loaded Pareto Front data
MainProcess| 2026-06-22 01:25:08,172,172 multiprocessing INFO *** WARNING:
*** WARNING:
MainProcess| 2026-06-22 01:25:08,172,172 multiprocessing INFO     --> Can't load summary: [Errno 2] No such file or directory: './log/fn_d_all_b_5_2026-06-21-225044_1/summary.csv'
    --> Can't load summary: [Errno 2] No such file or directory: './log/fn_d_all_b_5_2026-06-21-225044_1/summary.csv'
MainProcess| 2026-06-22 01:25:08,172,172 multiprocessing INFO -- LOADING LOGS END ------------------
-- LOADING LOGS END ------------------
MainProcess| 2026-06-22 01:25:08,172,172 multiprocessing INFO 
-- ANALYZING LOG START --------------

-- ANALYZING LOG START --------------
MainProcess| 2026-06-22 01:25:08,172,172 multiprocessing INFO Task_____________regression
Task_____________regression
MainProcess| 2026-06-22 01:25:08,172,172 multiprocessing INFO Source path______./log/fn_d_all_b_5_2026-06-21-225044_1
Source path______./log/fn_d_all_b_5_2026-06-21-225044_1
MainProcess| 2026-06-22 01:25:08,172,172 multiprocessing INFO Runs_____________N/A
Runs_____________N/A
MainProcess| 2026-06-22 01:25:08,172,172 multiprocessing INFO Max Samples/run__2000000
Max Samples/run__2000000
MainProcess| 2026-06-22 01:25:08,172,172 multiprocessing INFO Found issues:
Found issues:
MainProcess| 2026-06-22 01:25:08,172,172 multiprocessing INFO   0
  0
MainProcess| 2026-06-22 01:25:08,172,172 multiprocessing INFO Hall of Fame (Top 5 of 100)____
Hall of Fame (Top 5 of 100)____
MainProcess| 2026-06-22 01:25:08,173,173 multiprocessing INFO     0: S=013 R=0.991422 <-- [9*x1**2 - cos(2*x2)]
    0: S=013 R=0.991422 <-- [9*x1**2 - cos(2*x2)]
MainProcess| 2026-06-22 01:25:08,173,173 multiprocessing INFO     1: S=013 R=0.991410 <-- [(2*x1 + sin(x1))**2 - cos(2*x2)]
    1: S=013 R=0.991410 <-- [(2*x1 + sin(x1))**2 - cos(2*x2)]
MainProcess| 2026-06-22 01:25:08,174,174 multiprocessing INFO     2: S=013 R=0.991410 <-- [(2*x1 + sin(x1))**2 - cos(2*x2)]
    2: S=013 R=0.991410 <-- [(2*x1 + sin(x1))**2 - cos(2*x2)]
MainProcess| 2026-06-22 01:25:08,174,174 multiprocessing INFO     3: S=013 R=0.991410 <-- [(2*x1 + sin(x1))**2 - cos(2*x2)]
    3: S=013 R=0.991410 <-- [(2*x1 + sin(x1))**2 - cos(2*x2)]
MainProcess| 2026-06-22 01:25:08,174,174 multiprocessing INFO     4: S=013 R=0.991230 <-- [9*x1**2 - cos(2*x2)]
    4: S=013 R=0.991230 <-- [9*x1**2 - cos(2*x2)]
MainProcess| 2026-06-22 01:25:08,174,174 multiprocessing INFO Pareto Front (5 of 7)____
Pareto Front (5 of 7)____
MainProcess| 2026-06-22 01:25:08,175,175 multiprocessing INFO     0: S=013 R=0.991422 C=12.00 <-- [9*x1**2 - cos(2*x2)]
    0: S=013 R=0.991422 C=12.00 <-- [9*x1**2 - cos(2*x2)]
MainProcess| 2026-06-22 01:25:08,175,175 multiprocessing INFO     1: S=013 R=0.989997 C=11.00 <-- [9*x1**2 - cos(x2)**2]
    1: S=013 R=0.989997 C=11.00 <-- [9*x1**2 - cos(x2)**2]
MainProcess| 2026-06-22 01:25:08,176,176 multiprocessing INFO     2: S=013 R=0.989204 C=10.00 <-- [4*x1**2 - cos(2*x2)]
    2: S=013 R=0.989204 C=10.00 <-- [4*x1**2 - cos(2*x2)]
MainProcess| 2026-06-22 01:25:08,176,176 multiprocessing INFO     3: S=013 R=0.984666 C=8.00 <-- [4*x1**2 - cos(x2)]
    3: S=013 R=0.984666 C=8.00 <-- [4*x1**2 - cos(x2)]
MainProcess| 2026-06-22 01:25:08,177,177 multiprocessing INFO     4: S=013 R=0.976408 C=6.00 <-- [x1**2 - cos(x2)]
    4: S=013 R=0.976408 C=6.00 <-- [x1**2 - cos(x2)]
MainProcess| 2026-06-22 01:25:08,177,177 multiprocessing INFO -- ANALYZING LOG END ----------------
-- ANALYZING LOG END ----------------
MainProcess| 2026-06-22 01:25:08,177,177 multiprocessing INFO == POST-PROCESS END ===================
== POST-PROCESS END ===================
MainProcess| 2026-06-22 01:25:08,178,178 multiprocessing INFO [TEST RESULT] {'seed': 1, 'r': 0.9914223671281142, 'nmse_test': 0.0, 'nmse_test_noiseless': 0.0, 'success': True, 'expression': '[9*x1**2 - cos(2*x2)]', 'traversal': 'sub,n2,add,add,x1,x1,x1,cos,add,x2,x2', 'program': sub,n2,add,add,x1,x1,x1,cos,add,x2,x2, 'n_epochs': 1, 'n_samples': 13713, 'n_cached': 3137, 't': 9260.65445137024, 'baseline': 'transformer', 'run_seed': 1, 'dataset': 'fn_d_all_b_5'}
[TEST RESULT] {'seed': 1, 'r': 0.9914223671281142, 'nmse_test': 0.0, 'nmse_test_noiseless': 0.0, 'success': True, 'expression': '[9*x1**2 - cos(2*x2)]', 'traversal': 'sub,n2,add,add,x1,x1,x1,cos,add,x2,x2', 'program': sub,n2,add,add,x1,x1,x1,cos,add,x2,x2, 'n_epochs': 1, 'n_samples': 13713, 'n_cached': 3137, 't': 9260.65445137024, 'baseline': 'transformer', 'run_seed': 1, 'dataset': 'fn_d_all_b_5'}
MainProcess| 2026-06-22 01:25:08,178,178 multiprocessing INFO INFO: Completed run 1 of 1 in 9261 s | LATEST TEST_RESULT {'seed': 1, 'r': 0.9914223671281142, 'nmse_test': 0.0, 'nmse_test_noiseless': 0.0, 'success': True, 'expression': '[9*x1**2 - cos(2*x2)]', 'traversal': 'sub,n2,add,add,x1,x1,x1,cos,add,x2,x2', 'program': sub,n2,add,add,x1,x1,x1,cos,add,x2,x2, 'n_epochs': 1, 'n_samples': 13713, 'n_cached': 3137, 't': 9260.65445137024, 'baseline': 'transformer', 'run_seed': 1, 'dataset': 'fn_d_all_b_5'}
INFO: Completed run 1 of 1 in 9261 s | LATEST TEST_RESULT {'seed': 1, 'r': 0.9914223671281142, 'nmse_test': 0.0, 'nmse_test_noiseless': 0.0, 'success': True, 'expression': '[9*x1**2 - cos(2*x2)]', 'traversal': 'sub,n2,add,add,x1,x1,x1,cos,add,x2,x2', 'program': sub,n2,add,add,x1,x1,x1,cos,add,x2,x2, 'n_epochs': 1, 'n_samples': 13713, 'n_cached': 3137, 't': 9260.65445137024, 'baseline': 'transformer', 'run_seed': 1, 'dataset': 'fn_d_all_b_5'}
MainProcess| 2026-06-22 01:25:08,178,178 multiprocessing INFO Fin.
MainProcess| 2026-06-22 01:25:08,179,179 multiprocessing INFO process shutting down
[job] done sys=poly2d seed=1 end=2026-06-22T01:25:10-05:00
