[job] sys=poly2d benchmark=fn_d_all_b seed=5 host=e8 gpu=0 start=2026-06-22T02:09:18-05:00
MainProcess| 2026-06-22 02:09:23,336,336 multiprocessing INFO STARTING NEW RUN ==========
MainProcess| 2026-06-22 02:09:23,336,336 multiprocessing INFO SEE LOG AT : ./logs/all_Lyapunov_test_dso-fn_d_all_b_01_log.txt
MainProcess| 2026-06-22 02:09:23,336,336 multiprocessing INFO See log at : ./logs/all_Lyapunov_test_dso-fn_d_all_b_01_log.txt
MainProcess| 2026-06-22 02:09:23,338,338 multiprocessing INFO               variables expression                                          train_spec test_spec function_set
name                                                                                                         
fn_d_all_b_5          2  0*x1+0*x2  {"x1":{"U":[-1,1,15000]}, "x2":{"U":[-1,1,15000]}}      None         Koza
              variables expression                                          train_spec test_spec function_set
name                                                                                                         
fn_d_all_b_5          2  0*x1+0*x2  {"x1":{"U":[-1,1,15000]}, "x2":{"U":[-1,1,15000]}}      None         Koza

-- BUILDING DATASET START -----------
Benchmark path                 : /users/9/chen8596/LyaDis/repro/runs/poly2d/libs/sd3/dso/dso/task/regression/benchmarks_bkup_1.csv
Generated data for benchmark   : fn_d_all_b_5
-- BUILDING DATASET END -------------

Function set                   : Koza --> ['add', 'sub', 'mul', 'sin', 'cos', 'n2']

MainProcess| 2026-06-22 02:09:23,384,384 multiprocessing INFO [BASELINE_TESTING NOW] dataset=fn_d_all_b_5 	| baseline=transformer 	| seed=5 	| data_samples=15000 	| noise=0.0
MainProcess| 2026-06-22 02:09:23,386,386 multiprocessing INFO [RUN SETTINGS]: test_dataset=fn_d_all_b_5  batch_outer_datasets=24 pre_train=False load_pre_trained_path= priority_queue_training=True gp_meld=True model=TransformerTreeEncoderController train_path= risk_seeking_pg_train=True
[RUN SETTINGS]: test_dataset=fn_d_all_b_5  batch_outer_datasets=24 pre_train=False load_pre_trained_path= priority_queue_training=True gp_meld=True model=TransformerTreeEncoderController train_path= risk_seeking_pg_train=True
MainProcess| 2026-06-22 02:09:23,419,419 multiprocessing INFO Running model : TransformerTreeEncoderController
Running model : TransformerTreeEncoderController

-- BUILDING DATASET START -----------
Benchmark path                 : /users/9/chen8596/LyaDis/repro/runs/poly2d/libs/sd3/dso/dso/task/regression/benchmarks_bkup_1.csv
Generated data for benchmark   : fn_d_all_b_5
-- BUILDING DATASET END -------------

Function set                   : Koza --> ['add', 'sub', 'mul', 'sin', 'cos', 'n2']

MainProcess| 2026-06-22 02:09:23,423,423 multiprocessing INFO Function set: ['x1', 'x2', 'add', 'sub', 'mul', 'sin', 'cos', 'n2']

-- BUILDING DATASET START -----------
Benchmark path                 : /users/9/chen8596/LyaDis/repro/runs/poly2d/libs/sd3/dso/dso/task/regression/benchmarks_bkup_1.csv
Generated data for benchmark   : fn_d_all_b_5
-- BUILDING DATASET END -------------

Function set                   : Koza --> ['add', 'sub', 'mul', 'sin', 'cos', 'n2']

-- BUILDING PRIOR START -------------
WARNING: Skipping invalid 'RelationalConstraint' with arguments {'targets': [], 'effectors': [], 'relationship': None}. Reason: Prior disabled.
WARNING: Skipping invalid 'RepeatConstraint' with arguments {'tokens': 'const', 'min_': None, 'max_': 5}. Reason: Uses Tokens not in the Library.
WARNING: Skipping invalid 'InverseUnaryConstraint' with arguments {}. Reason: There are no inverse unary Token pairs in the Library.
WARNING: Skipping invalid 'ConstConstraint' with arguments {}. Reason: Prior disabled.
WARNING: Skipping invalid 'NoInputsConstraint' with arguments {}. Reason: All terminal tokens are input variables, so allsequences will have an input variable.
WARNING: Skipping invalid 'UniformArityPrior' with arguments {}. Reason: Prior disabled.
LengthConstraint: Sequences have minimum length 4.
                  Sequences have maximum length 12.
TrigConstraint: [sin, cos] cannot be a descendant of [sin, cos].
SoftLengthPrior: No description available.
-- BUILDING PRIOR END ---------------

MainProcess| 2026-06-22 02:09:23,655,655 multiprocessing INFO Transformer overwriting hidden size to input_dim 128
Transformer overwriting hidden size to input_dim 128
MainProcess| 2026-06-22 02:09:23,684,684 multiprocessing INFO Encoder params: {'sinuisodal_embeddings': False, 'dec_pf_dim': 32, 'dec_layers': 1, 'dim_hidden': 128, 'lr': 0.0001, 'dropout': 0, 'num_features': 1, 'ln': True, 'N_p': 0, 'num_inds': 64, 'activation': 'relu', 'bit16': False, 'norm': True, 'linear': True, 'input_normalization': False, 'src_pad_idx': 0, 'trg_pad_idx': 0, 'length_eq': 20, 'n_l_enc': 3, 'mean': 0.5, 'std': 0.5, 'dim_input': 64, 'num_heads': 2, 'output_dim': 10}
Encoder params: {'sinuisodal_embeddings': False, 'dec_pf_dim': 32, 'dec_layers': 1, 'dim_hidden': 128, 'lr': 0.0001, 'dropout': 0, 'num_features': 1, 'ln': True, 'N_p': 0, 'num_inds': 64, 'activation': 'relu', 'bit16': False, 'norm': True, 'linear': True, 'input_normalization': False, 'src_pad_idx': 0, 'trg_pad_idx': 0, 'length_eq': 20, 'n_l_enc': 3, 'mean': 0.5, 'std': 0.5, 'dim_input': 64, 'num_heads': 2, 'output_dim': 10}
MainProcess| 2026-06-22 02:09:23,769,769 multiprocessing INFO TransformerTreeEncoderController parameters: 4033852 	 | trainable : 4033852
TransformerTreeEncoderController parameters: 4033852 	 | trainable : 4033852
MainProcess| 2026-06-22 02:09:23,830,830 multiprocessing INFO GP CONFIG : {'verbose': False, 'generations': 35, 'p_crossover': 0.5, 'p_mutate': 0.5, 'tournament_size': 7, 'train_n': 50, 'mutate_tree_max': 3}
GP CONFIG : {'verbose': False, 'generations': 35, 'p_crossover': 0.5, 'p_mutate': 0.5, 'tournament_size': 7, 'train_n': 50, 'mutate_tree_max': 3}
MainProcess| 2026-06-22 02:09:23,857,857 multiprocessing INFO config: {'experiment': {'logdir': './log', 'seed': 13, 'timestamp': '2026-06-22-020923', 'task_name': 'fn_d_all_b_5', 'save_path': './log/fn_d_all_b_5_2026-06-22-020923_5'}, 'task': {'task_type': 'regression', 'dataset': 'fn_d_all_b_5', 'function_set': ['add', 'sub', 'mul', 'sin', 'cos', 'n2'], 'metric': 'lyapunov_risk', 'metric_params': [1.0], 'extra_metric_test': None, 'extra_metric_test_params': [], 'threshold': 1e-12, 'protected': False, 'reward_noise': 0.0, 'reward_noise_type': 'r', 'normalize_variance': False, 'decision_tree_threshold_set': []}, 'training': {'n_epochs': None, 'n_samples': 2000000, 'batch_size': 500, 'epsilon': 0.1, 'baseline': 'R_e', 'alpha': 0.5, 'b_jumpstart': False, 'n_cores_batch': 1, 'complexity': 'token', 'const_optimizer': 'scipy', 'const_params': {'method': 'L-BFGS-B', 'options': {'gtol': 0.001}}, 'verbose': True, 'debug': 0, 'early_stopping': True, 'hof': 100, 'use_memory': False, 'memory_capacity': 1000.0, 'warm_start': None, 'memory_threshold': None, 'save_all_epoch': False, 'save_summary': False, 'save_positional_entropy': False, 'save_pareto_front': True, 'save_cache': False, 'save_cache_r_min': 0.9, 'save_freq': 1, 'save_token_count': False}, 'state_manager': {'observe_action': False, 'observe_parent': True, 'observe_sibling': True, 'observe_dangling': False, 'embedding': True, 'embedding_size': 64}, 'controller': {'max_length': 64, 'cell': 'lstm', 'num_layers': 1, 'num_units': 64, 'initializer': 'zeros', 'learning_rate': 0.0003, 'optimizer': 'adam', 'entropy_weight': 0.005, 'entropy_gamma': 0.8, 'pqt': True, 'pqt_k': 10, 'pqt_batch_size': 1, 'pqt_weight': 200.0, 'pqt_use_pg': False, 'summary': False, 'rl_weight': 1.0}, 'gp_meld': {'generations': 35, 'p_crossover': 0.5, 'p_mutate': 0.5, 'tournament_size': 7, 'train_n': 50, 'mutate_tree_max': 3}, 'prior': {'relational': {'targets': [], 'effectors': [], 'relationship': None}, 'length': {'min_': 4, 'max_': 12}, 'repeat': {'tokens': 'const', 'min_': None, 'max_': 5}, 'inverse': {}, 'trig': {}, 'const': {}, 'no_inputs': {}, 'uniform_arity': {}, 'soft_length': {'loc': 10, 'scale': 5}}, 'postprocess': {'show_count': 5, 'save_plots': True}, 'model': 'TransformerTreeEncoderController', 'function_names_str': 'x1,x2,add,sub,mul,sin,cos,n2', 'nesymres_train_config': {'architecture': {'sinuisodal_embeddings': False, 'dec_pf_dim': 32, 'dec_layers': 1, 'dim_hidden': 128, 'lr': 0.0001, 'dropout': 0, 'num_features': 1, 'ln': True, 'N_p': 0, 'num_inds': 64, 'activation': 'relu', 'bit16': False, 'norm': True, 'linear': True, 'input_normalization': False, 'src_pad_idx': 0, 'trg_pad_idx': 0, 'length_eq': 20, 'n_l_enc': 3, 'mean': 0.5, 'std': 0.5, 'dim_input': 64, 'num_heads': 2, 'output_dim': 10}}}

-- BUILDING DATASET START -----------
Benchmark path                 : /users/9/chen8596/LyaDis/repro/runs/poly2d/libs/sd3/dso/dso/task/regression/benchmarks_bkup_1.csv
Generated data for benchmark   : fn_d_all_b_5
-- BUILDING DATASET END -------------

Function set                   : Koza --> ['add', 'sub', 'mul', 'sin', 'cos', 'n2']

-- RUNNING EPOCHS START -------------
torch.Size([500, 43])
/users/9/chen8596/miniconda3/envs/alfd/lib/python3.9/site-packages/torch/nn/functional.py:4999: UserWarning: Support for mismatched key_padding_mask and attn_mask is deprecated. Use same type for both instead.
  warnings.warn(
/users/9/chen8596/miniconda3/envs/alfd/lib/python3.9/site-packages/torch/nn/functional.py:4999: UserWarning: Support for mismatched key_padding_mask and attn_mask is deprecated. Use same type for both instead.
  warnings.warn(
/users/9/chen8596/miniconda3/envs/alfd/lib/python3.9/site-packages/torch/nn/functional.py:4999: UserWarning: Support for mismatched key_padding_mask and attn_mask is deprecated. Use same type for both instead.
  warnings.warn(
MainProcess| 2026-06-22 02:09:43,735,735 multiprocessing INFO Genetic Porgramming Runtime 17.893968775169924
Genetic Porgramming Runtime 17.893968775169924

=========================PGD Collection Starts=========================

MainProcess| 2026-06-22 02:09:44,291,291 multiprocessing INFO created temp directory /tmp/pymp-8d9qc78g
SpawnPoolWorker-2| 2026-06-22 02:09:47,004,4 multiprocessing INFO STARTING NEW RUN ==========
SpawnPoolWorker-2| 2026-06-22 02:09:47,004,4 multiprocessing INFO SEE LOG AT : ./logs/all_Lyapunov_test_dso-fn_d_all_b_01_log.txt
SpawnPoolWorker-3| 2026-06-22 02:09:47,004,4 multiprocessing INFO STARTING NEW RUN ==========
SpawnPoolWorker-2| 2026-06-22 02:09:47,004,4 multiprocessing INFO See log at : ./logs/all_Lyapunov_test_dso-fn_d_all_b_01_log.txt
SpawnPoolWorker-3| 2026-06-22 02:09:47,004,4 multiprocessing INFO SEE LOG AT : ./logs/all_Lyapunov_test_dso-fn_d_all_b_01_log.txt
SpawnPoolWorker-3| 2026-06-22 02:09:47,004,4 multiprocessing INFO See log at : ./logs/all_Lyapunov_test_dso-fn_d_all_b_01_log.txt
SpawnPoolWorker-2| 2026-06-22 02:09:47,005,5 multiprocessing INFO child process calling self.run()
SpawnPoolWorker-3| 2026-06-22 02:09:47,005,5 multiprocessing INFO child process calling self.run()
SpawnPoolWorker-7| 2026-06-22 02:09:47,014,14 multiprocessing INFO STARTING NEW RUN ==========
SpawnPoolWorker-7| 2026-06-22 02:09:47,014,14 multiprocessing INFO SEE LOG AT : ./logs/all_Lyapunov_test_dso-fn_d_all_b_01_log.txt
SpawnPoolWorker-7| 2026-06-22 02:09:47,014,14 multiprocessing INFO See log at : ./logs/all_Lyapunov_test_dso-fn_d_all_b_01_log.txt
SpawnPoolWorker-7| 2026-06-22 02:09:47,015,15 multiprocessing INFO child process calling self.run()
SpawnPoolWorker-1| 2026-06-22 02:09:47,059,59 multiprocessing INFO STARTING NEW RUN ==========
SpawnPoolWorker-1| 2026-06-22 02:09:47,059,59 multiprocessing INFO SEE LOG AT : ./logs/all_Lyapunov_test_dso-fn_d_all_b_01_log.txt
SpawnPoolWorker-1| 2026-06-22 02:09:47,059,59 multiprocessing INFO See log at : ./logs/all_Lyapunov_test_dso-fn_d_all_b_01_log.txt
SpawnPoolWorker-1| 2026-06-22 02:09:47,060,60 multiprocessing INFO child process calling self.run()
SpawnPoolWorker-5| 2026-06-22 02:09:47,071,71 multiprocessing INFO STARTING NEW RUN ==========
SpawnPoolWorker-5| 2026-06-22 02:09:47,071,71 multiprocessing INFO SEE LOG AT : ./logs/all_Lyapunov_test_dso-fn_d_all_b_01_log.txt
SpawnPoolWorker-5| 2026-06-22 02:09:47,071,71 multiprocessing INFO See log at : ./logs/all_Lyapunov_test_dso-fn_d_all_b_01_log.txt
SpawnPoolWorker-9| 2026-06-22 02:09:47,072,72 multiprocessing INFO STARTING NEW RUN ==========
SpawnPoolWorker-5| 2026-06-22 02:09:47,072,72 multiprocessing INFO child process calling self.run()
SpawnPoolWorker-9| 2026-06-22 02:09:47,072,72 multiprocessing INFO SEE LOG AT : ./logs/all_Lyapunov_test_dso-fn_d_all_b_01_log.txt
SpawnPoolWorker-9| 2026-06-22 02:09:47,072,72 multiprocessing INFO See log at : ./logs/all_Lyapunov_test_dso-fn_d_all_b_01_log.txt
SpawnPoolWorker-9| 2026-06-22 02:09:47,074,74 multiprocessing INFO child process calling self.run()
SpawnPoolWorker-8| 2026-06-22 02:09:47,135,135 multiprocessing INFO STARTING NEW RUN ==========
SpawnPoolWorker-8| 2026-06-22 02:09:47,135,135 multiprocessing INFO SEE LOG AT : ./logs/all_Lyapunov_test_dso-fn_d_all_b_01_log.txt
SpawnPoolWorker-8| 2026-06-22 02:09:47,135,135 multiprocessing INFO See log at : ./logs/all_Lyapunov_test_dso-fn_d_all_b_01_log.txt
SpawnPoolWorker-8| 2026-06-22 02:09:47,136,136 multiprocessing INFO child process calling self.run()
SpawnPoolWorker-4| 2026-06-22 02:09:47,144,144 multiprocessing INFO STARTING NEW RUN ==========
SpawnPoolWorker-4| 2026-06-22 02:09:47,144,144 multiprocessing INFO SEE LOG AT : ./logs/all_Lyapunov_test_dso-fn_d_all_b_01_log.txt
SpawnPoolWorker-4| 2026-06-22 02:09:47,144,144 multiprocessing INFO See log at : ./logs/all_Lyapunov_test_dso-fn_d_all_b_01_log.txt
SpawnPoolWorker-4| 2026-06-22 02:09:47,146,146 multiprocessing INFO child process calling self.run()
SpawnPoolWorker-6| 2026-06-22 02:09:47,164,164 multiprocessing INFO STARTING NEW RUN ==========
SpawnPoolWorker-6| 2026-06-22 02:09:47,164,164 multiprocessing INFO SEE LOG AT : ./logs/all_Lyapunov_test_dso-fn_d_all_b_01_log.txt
SpawnPoolWorker-6| 2026-06-22 02:09:47,164,164 multiprocessing INFO See log at : ./logs/all_Lyapunov_test_dso-fn_d_all_b_01_log.txt
SpawnPoolWorker-6| 2026-06-22 02:09:47,166,166 multiprocessing INFO child process calling self.run()
SpawnPoolWorker-10| 2026-06-22 02:09:47,200,200 multiprocessing INFO STARTING NEW RUN ==========
SpawnPoolWorker-10| 2026-06-22 02:09:47,200,200 multiprocessing INFO SEE LOG AT : ./logs/all_Lyapunov_test_dso-fn_d_all_b_01_log.txt
SpawnPoolWorker-10| 2026-06-22 02:09:47,200,200 multiprocessing INFO See log at : ./logs/all_Lyapunov_test_dso-fn_d_all_b_01_log.txt
SpawnPoolWorker-10| 2026-06-22 02:09:47,201,201 multiprocessing INFO child process calling self.run()
SpawnPoolWorker-8| 2026-06-22 02:11:15,978,978 multiprocessing INFO process shutting down
SpawnPoolWorker-4| 2026-06-22 02:11:15,978,978 multiprocessing INFO process shutting down
SpawnPoolWorker-6| 2026-06-22 02:11:15,978,978 multiprocessing INFO process shutting down
SpawnPoolWorker-4| 2026-06-22 02:11:15,979,979 multiprocessing INFO process exiting with exitcode 0
(3000,)

===================Collect 3000 Examples===================

Epsilon 0.1
500
(550,)
(550,)
(55,)
Number of Programs for Minimization: 29
SpawnPoolWorker-16| 2026-06-22 02:11:49,887,887 multiprocessing INFO STARTING NEW RUN ==========
SpawnPoolWorker-16| 2026-06-22 02:11:49,888,888 multiprocessing INFO SEE LOG AT : ./logs/all_Lyapunov_test_dso-fn_d_all_b_01_log.txt
SpawnPoolWorker-16| 2026-06-22 02:11:49,888,888 multiprocessing INFO See log at : ./logs/all_Lyapunov_test_dso-fn_d_all_b_01_log.txt
SpawnPoolWorker-16| 2026-06-22 02:11:49,910,910 multiprocessing INFO child process calling self.run()
SpawnPoolWorker-19| 2026-06-22 02:11:50,376,376 multiprocessing INFO STARTING NEW RUN ==========
SpawnPoolWorker-19| 2026-06-22 02:11:50,376,376 multiprocessing INFO SEE LOG AT : ./logs/all_Lyapunov_test_dso-fn_d_all_b_01_log.txt
SpawnPoolWorker-19| 2026-06-22 02:11:50,376,376 multiprocessing INFO See log at : ./logs/all_Lyapunov_test_dso-fn_d_all_b_01_log.txt
SpawnPoolWorker-14| 2026-06-22 02:11:50,395,395 multiprocessing INFO STARTING NEW RUN ==========
SpawnPoolWorker-14| 2026-06-22 02:11:50,395,395 multiprocessing INFO SEE LOG AT : ./logs/all_Lyapunov_test_dso-fn_d_all_b_01_log.txt
SpawnPoolWorker-14| 2026-06-22 02:11:50,395,395 multiprocessing INFO See log at : ./logs/all_Lyapunov_test_dso-fn_d_all_b_01_log.txt
SpawnPoolWorker-19| 2026-06-22 02:11:50,409,409 multiprocessing INFO child process calling self.run()
SpawnPoolWorker-14| 2026-06-22 02:11:50,430,430 multiprocessing INFO child process calling self.run()
SpawnPoolWorker-21| 2026-06-22 02:11:50,481,481 multiprocessing INFO STARTING NEW RUN ==========
SpawnPoolWorker-21| 2026-06-22 02:11:50,481,481 multiprocessing INFO SEE LOG AT : ./logs/all_Lyapunov_test_dso-fn_d_all_b_01_log.txt
SpawnPoolWorker-21| 2026-06-22 02:11:50,481,481 multiprocessing INFO See log at : ./logs/all_Lyapunov_test_dso-fn_d_all_b_01_log.txt
SpawnPoolWorker-21| 2026-06-22 02:11:50,514,514 multiprocessing INFO child process calling self.run()
SpawnPoolWorker-23| 2026-06-22 02:11:50,521,521 multiprocessing INFO STARTING NEW RUN ==========
SpawnPoolWorker-12| 2026-06-22 02:11:50,521,521 multiprocessing INFO STARTING NEW RUN ==========
SpawnPoolWorker-23| 2026-06-22 02:11:50,521,521 multiprocessing INFO SEE LOG AT : ./logs/all_Lyapunov_test_dso-fn_d_all_b_01_log.txt
SpawnPoolWorker-12| 2026-06-22 02:11:50,521,521 multiprocessing INFO SEE LOG AT : ./logs/all_Lyapunov_test_dso-fn_d_all_b_01_log.txt
SpawnPoolWorker-23| 2026-06-22 02:11:50,521,521 multiprocessing INFO See log at : ./logs/all_Lyapunov_test_dso-fn_d_all_b_01_log.txt
SpawnPoolWorker-12| 2026-06-22 02:11:50,521,521 multiprocessing INFO See log at : ./logs/all_Lyapunov_test_dso-fn_d_all_b_01_log.txt
SpawnPoolWorker-12| 2026-06-22 02:11:50,589,589 multiprocessing INFO child process calling self.run()
SpawnPoolWorker-23| 2026-06-22 02:11:50,590,590 multiprocessing INFO child process calling self.run()
SpawnPoolWorker-22| 2026-06-22 02:11:50,750,750 multiprocessing INFO STARTING NEW RUN ==========
SpawnPoolWorker-22| 2026-06-22 02:11:50,750,750 multiprocessing INFO SEE LOG AT : ./logs/all_Lyapunov_test_dso-fn_d_all_b_01_log.txt
SpawnPoolWorker-22| 2026-06-22 02:11:50,750,750 multiprocessing INFO See log at : ./logs/all_Lyapunov_test_dso-fn_d_all_b_01_log.txt
SpawnPoolWorker-22| 2026-06-22 02:11:50,767,767 multiprocessing INFO child process calling self.run()
SpawnPoolWorker-11| 2026-06-22 02:11:50,777,777 multiprocessing INFO STARTING NEW RUN ==========
SpawnPoolWorker-11| 2026-06-22 02:11:50,777,777 multiprocessing INFO SEE LOG AT : ./logs/all_Lyapunov_test_dso-fn_d_all_b_01_log.txt
SpawnPoolWorker-11| 2026-06-22 02:11:50,777,777 multiprocessing INFO See log at : ./logs/all_Lyapunov_test_dso-fn_d_all_b_01_log.txt
SpawnPoolWorker-11| 2026-06-22 02:11:50,778,778 multiprocessing INFO child process calling self.run()
SpawnPoolWorker-15| 2026-06-22 02:11:50,835,835 multiprocessing INFO STARTING NEW RUN ==========
SpawnPoolWorker-15| 2026-06-22 02:11:50,836,836 multiprocessing INFO SEE LOG AT : ./logs/all_Lyapunov_test_dso-fn_d_all_b_01_log.txt
SpawnPoolWorker-15| 2026-06-22 02:11:50,836,836 multiprocessing INFO See log at : ./logs/all_Lyapunov_test_dso-fn_d_all_b_01_log.txt
SpawnPoolWorker-15| 2026-06-22 02:11:50,837,837 multiprocessing INFO child process calling self.run()
SpawnPoolWorker-17| 2026-06-22 02:11:51,352,352 multiprocessing INFO STARTING NEW RUN ==========
SpawnPoolWorker-17| 2026-06-22 02:11:51,352,352 multiprocessing INFO SEE LOG AT : ./logs/all_Lyapunov_test_dso-fn_d_all_b_01_log.txt
SpawnPoolWorker-17| 2026-06-22 02:11:51,352,352 multiprocessing INFO See log at : ./logs/all_Lyapunov_test_dso-fn_d_all_b_01_log.txt
SpawnPoolWorker-17| 2026-06-22 02:11:51,358,358 multiprocessing INFO child process calling self.run()
SpawnPoolWorker-13| 2026-06-22 02:11:51,668,668 multiprocessing INFO STARTING NEW RUN ==========
SpawnPoolWorker-13| 2026-06-22 02:11:51,668,668 multiprocessing INFO SEE LOG AT : ./logs/all_Lyapunov_test_dso-fn_d_all_b_01_log.txt
SpawnPoolWorker-13| 2026-06-22 02:11:51,668,668 multiprocessing INFO See log at : ./logs/all_Lyapunov_test_dso-fn_d_all_b_01_log.txt
SpawnPoolWorker-13| 2026-06-22 02:11:51,670,670 multiprocessing INFO child process calling self.run()
SpawnPoolWorker-28| 2026-06-22 02:11:51,837,837 multiprocessing INFO STARTING NEW RUN ==========
SpawnPoolWorker-28| 2026-06-22 02:11:51,837,837 multiprocessing INFO SEE LOG AT : ./logs/all_Lyapunov_test_dso-fn_d_all_b_01_log.txt
SpawnPoolWorker-28| 2026-06-22 02:11:51,837,837 multiprocessing INFO See log at : ./logs/all_Lyapunov_test_dso-fn_d_all_b_01_log.txt
SpawnPoolWorker-28| 2026-06-22 02:11:51,839,839 multiprocessing INFO child process calling self.run()
SpawnPoolWorker-25| 2026-06-22 02:11:51,968,968 multiprocessing INFO STARTING NEW RUN ==========
SpawnPoolWorker-25| 2026-06-22 02:11:51,968,968 multiprocessing INFO SEE LOG AT : ./logs/all_Lyapunov_test_dso-fn_d_all_b_01_log.txt
SpawnPoolWorker-25| 2026-06-22 02:11:51,968,968 multiprocessing INFO See log at : ./logs/all_Lyapunov_test_dso-fn_d_all_b_01_log.txt
SpawnPoolWorker-25| 2026-06-22 02:11:51,969,969 multiprocessing INFO child process calling self.run()
SpawnPoolWorker-20| 2026-06-22 02:11:52,395,395 multiprocessing INFO STARTING NEW RUN ==========
SpawnPoolWorker-20| 2026-06-22 02:11:52,395,395 multiprocessing INFO SEE LOG AT : ./logs/all_Lyapunov_test_dso-fn_d_all_b_01_log.txt
SpawnPoolWorker-20| 2026-06-22 02:11:52,395,395 multiprocessing INFO See log at : ./logs/all_Lyapunov_test_dso-fn_d_all_b_01_log.txt
SpawnPoolWorker-20| 2026-06-22 02:11:52,397,397 multiprocessing INFO child process calling self.run()
SpawnPoolWorker-35| 2026-06-22 02:11:52,950,950 multiprocessing INFO STARTING NEW RUN ==========
SpawnPoolWorker-35| 2026-06-22 02:11:52,950,950 multiprocessing INFO SEE LOG AT : ./logs/all_Lyapunov_test_dso-fn_d_all_b_01_log.txt
SpawnPoolWorker-35| 2026-06-22 02:11:52,950,950 multiprocessing INFO See log at : ./logs/all_Lyapunov_test_dso-fn_d_all_b_01_log.txt
SpawnPoolWorker-35| 2026-06-22 02:11:52,966,966 multiprocessing INFO child process calling self.run()
SpawnPoolWorker-26| 2026-06-22 02:11:53,018,18 multiprocessing INFO STARTING NEW RUN ==========
SpawnPoolWorker-26| 2026-06-22 02:11:53,018,18 multiprocessing INFO SEE LOG AT : ./logs/all_Lyapunov_test_dso-fn_d_all_b_01_log.txt
SpawnPoolWorker-26| 2026-06-22 02:11:53,018,18 multiprocessing INFO See log at : ./logs/all_Lyapunov_test_dso-fn_d_all_b_01_log.txt
SpawnPoolWorker-26| 2026-06-22 02:11:53,032,32 multiprocessing INFO child process calling self.run()
SpawnPoolWorker-29| 2026-06-22 02:11:53,152,152 multiprocessing INFO STARTING NEW RUN ==========
SpawnPoolWorker-29| 2026-06-22 02:11:53,152,152 multiprocessing INFO SEE LOG AT : ./logs/all_Lyapunov_test_dso-fn_d_all_b_01_log.txt
SpawnPoolWorker-29| 2026-06-22 02:11:53,152,152 multiprocessing INFO See log at : ./logs/all_Lyapunov_test_dso-fn_d_all_b_01_log.txt
SpawnPoolWorker-29| 2026-06-22 02:11:53,174,174 multiprocessing INFO child process calling self.run()
SpawnPoolWorker-31| 2026-06-22 02:11:53,243,243 multiprocessing INFO STARTING NEW RUN ==========
SpawnPoolWorker-31| 2026-06-22 02:11:53,243,243 multiprocessing INFO SEE LOG AT : ./logs/all_Lyapunov_test_dso-fn_d_all_b_01_log.txt
SpawnPoolWorker-31| 2026-06-22 02:11:53,243,243 multiprocessing INFO See log at : ./logs/all_Lyapunov_test_dso-fn_d_all_b_01_log.txt
SpawnPoolWorker-31| 2026-06-22 02:11:53,264,264 multiprocessing INFO child process calling self.run()
SpawnPoolWorker-24| 2026-06-22 02:11:53,270,270 multiprocessing INFO STARTING NEW RUN ==========
SpawnPoolWorker-24| 2026-06-22 02:11:53,270,270 multiprocessing INFO SEE LOG AT : ./logs/all_Lyapunov_test_dso-fn_d_all_b_01_log.txt
SpawnPoolWorker-24| 2026-06-22 02:11:53,270,270 multiprocessing INFO See log at : ./logs/all_Lyapunov_test_dso-fn_d_all_b_01_log.txt
SpawnPoolWorker-24| 2026-06-22 02:11:53,286,286 multiprocessing INFO child process calling self.run()
SpawnPoolWorker-15| 2026-06-22 02:11:53,676,676 multiprocessing INFO process shutting down
SpawnPoolWorker-16| 2026-06-22 02:11:53,676,676 multiprocessing INFO process shutting down
SpawnPoolWorker-16| 2026-06-22 02:11:53,676,676 multiprocessing INFO process exiting with exitcode 0
SpawnPoolWorker-15| 2026-06-22 02:11:53,676,676 multiprocessing INFO process exiting with exitcode 0
SpawnPoolWorker-35| 2026-06-22 02:11:53,677,677 multiprocessing INFO process shutting down
SpawnPoolWorker-29| 2026-06-22 02:11:53,677,677 multiprocessing INFO process shutting down
SpawnPoolWorker-26| 2026-06-22 02:11:53,677,677 multiprocessing INFO process shutting down
SpawnPoolWorker-31| 2026-06-22 02:11:53,677,677 multiprocessing INFO process shutting down
SpawnPoolWorker-19| 2026-06-22 02:11:53,677,677 multiprocessing INFO process shutting down
SpawnPoolWorker-14| 2026-06-22 02:11:53,677,677 multiprocessing INFO process shutting down
SpawnPoolWorker-21| 2026-06-22 02:11:53,677,677 multiprocessing INFO process shutting down
SpawnPoolWorker-13| 2026-06-22 02:11:53,678,678 multiprocessing INFO process shutting down
SpawnPoolWorker-12| 2026-06-22 02:11:53,678,678 multiprocessing INFO process shutting down
SpawnPoolWorker-28| 2026-06-22 02:11:53,678,678 multiprocessing INFO process shutting down
SpawnPoolWorker-22| 2026-06-22 02:11:53,678,678 multiprocessing INFO process shutting down
SpawnPoolWorker-35| 2026-06-22 02:11:53,679,679 multiprocessing INFO process exiting with exitcode 0
SpawnPoolWorker-23| 2026-06-22 02:11:53,679,679 multiprocessing INFO process shutting down
SpawnPoolWorker-17| 2026-06-22 02:11:53,679,679 multiprocessing INFO process shutting down
SpawnPoolWorker-29| 2026-06-22 02:11:53,683,683 multiprocessing INFO process exiting with exitcode 0
SpawnPoolWorker-26| 2026-06-22 02:11:53,687,687 multiprocessing INFO process exiting with exitcode 0
SpawnPoolWorker-11| 2026-06-22 02:11:53,680,680 multiprocessing INFO process shutting down
SpawnPoolWorker-25| 2026-06-22 02:11:53,687,687 multiprocessing INFO process shutting down
29
(15000, 2)
(15000,)
(15000, 2)
(15000,)

=======================Successfully Added (0,) Counter Examples=======================

Number of valid equations: 50. Program should stopped
sin(x1*x2**2 - x1*(-x1 + x2**2))
[sin(x1*x2**2 - x1*(-x1 + x2**2)), sin(x1**2) - cos(x1**3*x2), x1**2 - cos(x1**4*x2), 4*x1**2 + x2**2 - cos(x2)**2, 4*x1**2 + x2**2 - cos(2*x1), 4*x1**2 + x2**2 - cos(x1 + x2), 4*x1**2 + x2**2 - cos(x1 + x2), 4*x1**2 + x2**2 - cos(x2), x1**2 + x2**2 - cos(3*x1), x1**2 + x2**2 - cos(3*x1), 4*x1**2 + x2**2 - cos(x1), 4*x1**2 + x2**2 - cos(x2**2), 4*x1**2 + x2**2 - cos(x1**2), 4*x1**2 + x2**2 - cos(x1**2), 4*x1**2 + x2**2 - cos(x1*x2), 4*x1**2 + x2**2 - cos(x2**4), 4*x1**2 + x2**2, 4*x1**2 + x2**2 - 1, x1**2 + x2**2 - cos(2*x1 + x2), x1**2 + x2**2 - cos(2*x1 + x2), x1**2 + x2**2 - cos(2*x1 + x2), x1**2 + x2**2 - cos(2*x1 + x2), x1**2 + (x1 - x2)**2 - cos(2*x1), x1**2 + (-x1 + x2)**2 - cos(2*x1), x1**2 + (-x1 + x2)**2 - cos(x1 + x2), x1**2 + (x1 + x2)**2 - cos(2*x1), x1**2 + (x1 + x2)**2 - cos(2*x1), 5*x1**2 - cos(x1 + x2), 3*x1**2 + x2**2, 3*x1**2 + sin(x2**2), x1**2 + x2**2 - cos(2*x1), x1**2 + x2**2 - cos(2*x1), x1**2 + sin(x2**2) - cos(2*x1), x1**2 + sin(x2**2) - cos(2*x1), x2**2 + sin(x1)**2 - cos(2*x1), x2**2 + sin(x1)**2 - cos(2*x1), x1**2 + sin(x2)**2 - cos(2*x1), x1**4 + x2**2 - cos(2*x1), x1**4 + x2**2 - cos(2*x1), x1**2 - x1*(-x1 + x2**2) + x2**2, x1**2 + x2**2 - cos(x1)**2, x1**2 - x1*(-x1 + sin(x2)) + x2**2, x1**2 - x1*x2 + (x1 + x2)**2, x1**2 + (x1 + x2)**2 - sin(x1*x2), x1**2 - x1*(-x1 + x2) + x2**2, x1**2 - x1*(-x1 + x2) + x2**2, x1**2 + x2**2 - (-x1 + x2)*sin(x1), x1**2 + (-x1 + x2)**2 - cos(x1), x1**2 - x1*(x2 - sin(x1)) + x2**2, x1**2 + x1*sin(x1 - x2) + x2**2]
MainProcess| 2026-06-22 03:59:00,005,5 multiprocessing INFO Number of valid equations: 50. Program should stopped
Number of valid equations: 50. Program should stopped
MainProcess| 2026-06-22 03:59:00,005,5 multiprocessing INFO sin(x1*x2**2 - x1*(-x1 + x2**2))
sin(x1*x2**2 - x1*(-x1 + x2**2))
MainProcess| 2026-06-22 03:59:00,006,6 multiprocessing INFO [sin(x1*x2**2 - x1*(-x1 + x2**2)), sin(x1**2) - cos(x1**3*x2), x1**2 - cos(x1**4*x2), 4*x1**2 + x2**2 - cos(x2)**2, 4*x1**2 + x2**2 - cos(2*x1), 4*x1**2 + x2**2 - cos(x1 + x2), 4*x1**2 + x2**2 - cos(x1 + x2), 4*x1**2 + x2**2 - cos(x2), x1**2 + x2**2 - cos(3*x1), x1**2 + x2**2 - cos(3*x1), 4*x1**2 + x2**2 - cos(x1), 4*x1**2 + x2**2 - cos(x2**2), 4*x1**2 + x2**2 - cos(x1**2), 4*x1**2 + x2**2 - cos(x1**2), 4*x1**2 + x2**2 - cos(x1*x2), 4*x1**2 + x2**2 - cos(x2**4), 4*x1**2 + x2**2, 4*x1**2 + x2**2 - 1, x1**2 + x2**2 - cos(2*x1 + x2), x1**2 + x2**2 - cos(2*x1 + x2), x1**2 + x2**2 - cos(2*x1 + x2), x1**2 + x2**2 - cos(2*x1 + x2), x1**2 + (x1 - x2)**2 - cos(2*x1), x1**2 + (-x1 + x2)**2 - cos(2*x1), x1**2 + (-x1 + x2)**2 - cos(x1 + x2), x1**2 + (x1 + x2)**2 - cos(2*x1), x1**2 + (x1 + x2)**2 - cos(2*x1), 5*x1**2 - cos(x1 + x2), 3*x1**2 + x2**2, 3*x1**2 + sin(x2**2), x1**2 + x2**2 - cos(2*x1), x1**2 + x2**2 - cos(2*x1), x1**2 + sin(x2**2) - cos(2*x1), x1**2 + sin(x2**2) - cos(2*x1), x2**2 + sin(x1)**2 - cos(2*x1), x2**2 + sin(x1)**2 - cos(2*x1), x1**2 + sin(x2)**2 - cos(2*x1), x1**4 + x2**2 - cos(2*x1), x1**4 + x2**2 - cos(2*x1), x1**2 - x1*(-x1 + x2**2) + x2**2, x1**2 + x2**2 - cos(x1)**2, x1**2 - x1*(-x1 + sin(x2)) + x2**2, x1**2 - x1*x2 + (x1 + x2)**2, x1**2 + (x1 + x2)**2 - sin(x1*x2), x1**2 - x1*(-x1 + x2) + x2**2, x1**2 - x1*(-x1 + x2) + x2**2, x1**2 + x2**2 - (-x1 + x2)*sin(x1), x1**2 + (-x1 + x2)**2 - cos(x1), x1**2 - x1*(x2 - sin(x1)) + x2**2, x1**2 + x1*sin(x1 - x2) + x2**2]
[sin(x1*x2**2 - x1*(-x1 + x2**2)), sin(x1**2) - cos(x1**3*x2), x1**2 - cos(x1**4*x2), 4*x1**2 + x2**2 - cos(x2)**2, 4*x1**2 + x2**2 - cos(2*x1), 4*x1**2 + x2**2 - cos(x1 + x2), 4*x1**2 + x2**2 - cos(x1 + x2), 4*x1**2 + x2**2 - cos(x2), x1**2 + x2**2 - cos(3*x1), x1**2 + x2**2 - cos(3*x1), 4*x1**2 + x2**2 - cos(x1), 4*x1**2 + x2**2 - cos(x2**2), 4*x1**2 + x2**2 - cos(x1**2), 4*x1**2 + x2**2 - cos(x1**2), 4*x1**2 + x2**2 - cos(x1*x2), 4*x1**2 + x2**2 - cos(x2**4), 4*x1**2 + x2**2, 4*x1**2 + x2**2 - 1, x1**2 + x2**2 - cos(2*x1 + x2), x1**2 + x2**2 - cos(2*x1 + x2), x1**2 + x2**2 - cos(2*x1 + x2), x1**2 + x2**2 - cos(2*x1 + x2), x1**2 + (x1 - x2)**2 - cos(2*x1), x1**2 + (-x1 + x2)**2 - cos(2*x1), x1**2 + (-x1 + x2)**2 - cos(x1 + x2), x1**2 + (x1 + x2)**2 - cos(2*x1), x1**2 + (x1 + x2)**2 - cos(2*x1), 5*x1**2 - cos(x1 + x2), 3*x1**2 + x2**2, 3*x1**2 + sin(x2**2), x1**2 + x2**2 - cos(2*x1), x1**2 + x2**2 - cos(2*x1), x1**2 + sin(x2**2) - cos(2*x1), x1**2 + sin(x2**2) - cos(2*x1), x2**2 + sin(x1)**2 - cos(2*x1), x2**2 + sin(x1)**2 - cos(2*x1), x1**2 + sin(x2)**2 - cos(2*x1), x1**4 + x2**2 - cos(2*x1), x1**4 + x2**2 - cos(2*x1), x1**2 - x1*(-x1 + x2**2) + x2**2, x1**2 + x2**2 - cos(x1)**2, x1**2 - x1*(-x1 + sin(x2)) + x2**2, x1**2 - x1*x2 + (x1 + x2)**2, x1**2 + (x1 + x2)**2 - sin(x1*x2), x1**2 - x1*(-x1 + x2) + x2**2, x1**2 - x1*(-x1 + x2) + x2**2, x1**2 + x2**2 - (-x1 + x2)*sin(x1), x1**2 + (-x1 + x2)**2 - cos(x1), x1**2 - x1*(x2 - sin(x1)) + x2**2, x1**2 + x1*sin(x1 - x2) + x2**2]
(55, 43)
/users/9/chen8596/miniconda3/envs/alfd/lib/python3.9/site-packages/torch/nn/functional.py:4999: UserWarning: Support for mismatched key_padding_mask and attn_mask is deprecated. Use same type for both instead.
  warnings.warn(
Traceback (most recent call last):
  File "/users/9/chen8596/LyaDis/repro/runs/poly2d/Lyapunov_test_dso.py", line 519, in <module>
    main(dataset)
  File "/users/9/chen8596/LyaDis/repro/runs/poly2d/Lyapunov_test_dso.py", line 162, in main
    result = perform_run(task_input)
  File "/users/9/chen8596/LyaDis/repro/runs/poly2d/Lyapunov_test_dso.py", line 109, in perform_run
    result = top_main(
  File "/users/9/chen8596/LyaDis/repro/runs/poly2d/Lyapunov_test_dso.py", line 347, in top_main
    optomize_at_test(
  File "/users/9/chen8596/LyaDis/repro/runs/poly2d/utils/train.py", line 711, in optomize_at_test
    loss.backward()
  File "/users/9/chen8596/miniconda3/envs/alfd/lib/python3.9/site-packages/torch/_tensor.py", line 487, in backward
    torch.autograd.backward(
  File "/users/9/chen8596/miniconda3/envs/alfd/lib/python3.9/site-packages/torch/autograd/__init__.py", line 200, in backward
    Variable._execution_engine.run_backward(  # Calls into the C++ engine to run the backward pass
RuntimeError: CUDA error: an illegal instruction was encountered
CUDA kernel errors might be asynchronously reported at some other API call, so the stacktrace below might be incorrect.
For debugging consider passing CUDA_LAUNCH_BLOCKING=1.
Compile with `TORCH_USE_CUDA_DSA` to enable device-side assertions.

MainProcess| 2026-06-22 03:59:00,277,277 multiprocessing INFO process shutting down
